// Validating benchmarks:
// ***** BenchmarkRunner: Start   *****
// ***** Found 2 benchmark(s) in total *****
// ***** Building 1 exe(s) in Parallel: Start   *****
// start dotnet  restore /p:UseSharedCompilation=false /p:BuildInParallel=false /m:1 /p:Deterministic=true /p:Optimize=true /p:IntermediateOutputPath="E:\dev\Herald.OSS\benchmarking\comparisons\net10\herald\bin\Release\net10.0\124f6ff3-78a5-4557-ba84-794e8d460886\obj\Release\net10.0/" /p:OutDir="E:\dev\Herald.OSS\benchmarking\comparisons\net10\herald\bin\Release\net10.0\124f6ff3-78a5-4557-ba84-794e8d460886\bin\Release\net10.0/" /p:OutputPath="E:\dev\Herald.OSS\benchmarking\comparisons\net10\herald\bin\Release\net10.0\124f6ff3-78a5-4557-ba84-794e8d460886\bin\Release\net10.0/" in E:\dev\Herald.OSS\benchmarking\comparisons\net10\herald\bin\Release\net10.0\124f6ff3-78a5-4557-ba84-794e8d460886
// command took 1.57 sec and exited with 0
// start dotnet  build -c Release --no-restore /p:UseSharedCompilation=false /p:BuildInParallel=false /m:1 /p:Deterministic=true /p:Optimize=true /p:IntermediateOutputPath="E:\dev\Herald.OSS\benchmarking\comparisons\net10\herald\bin\Release\net10.0\124f6ff3-78a5-4557-ba84-794e8d460886\obj\Release\net10.0/" /p:OutDir="E:\dev\Herald.OSS\benchmarking\comparisons\net10\herald\bin\Release\net10.0\124f6ff3-78a5-4557-ba84-794e8d460886\bin\Release\net10.0/" /p:OutputPath="E:\dev\Herald.OSS\benchmarking\comparisons\net10\herald\bin\Release\net10.0\124f6ff3-78a5-4557-ba84-794e8d460886\bin\Release\net10.0/" --output "E:\dev\Herald.OSS\benchmarking\comparisons\net10\herald\bin\Release\net10.0\124f6ff3-78a5-4557-ba84-794e8d460886\bin\Release\net10.0/" in E:\dev\Herald.OSS\benchmarking\comparisons\net10\herald\bin\Release\net10.0\124f6ff3-78a5-4557-ba84-794e8d460886
// command took 13.89 sec and exited with 0
// ***** Done, took 00:00:17 (17.54 sec)   *****
// Found 2 benchmarks:
//   HotReloadCutoverBenchmarks.Reload_Alone: DefaultJob
//   HotReloadCutoverBenchmarks.Reload_With_Interleaved_Emits: DefaultJob

Setup power plan (GUID: 8c5e7fda-e8bf-4a96-9a85-a6e23a8c635c FriendlyName: High performance)
// **************************
// Benchmark: HotReloadCutoverBenchmarks.Reload_Alone: DefaultJob
// *** Execute ***
// Launch: 1 / 1
// Execute: dotnet 124f6ff3-78a5-4557-ba84-794e8d460886.dll --anonymousPipes 936 928 --benchmarkName MMP.Herald.OSS.Benchmarks.Comparisons.HeraldRow.HotReloadCutoverBenchmarks.Reload_Alone --job Default --benchmarkId 0 in E:\dev\Herald.OSS\benchmarking\comparisons\net10\herald\bin\Release\net10.0\124f6ff3-78a5-4557-ba84-794e8d460886\bin\Release\net10.0
// BeforeAnythingElse

// Benchmark Process Environment Information:
// BenchmarkDotNet v0.14.0
// Runtime=.NET 10.0.8 (10.0.826.23019), X64 RyuJIT AVX2
// GC=Concurrent Server
// HardwareIntrinsics=AVX2,AES,BMI1,BMI2,FMA,LZCNT,PCLMUL,POPCNT,AvxVnni,SERIALIZE VectorSize=256
// Job: DefaultJob

OverheadJitting  1: 1 op, 209500.00 ns, 209.5000 us/op
WorkloadJitting  1: 1 op, 9844500.00 ns, 9.8445 ms/op

OverheadJitting  2: 16 op, 176600.00 ns, 11.0375 us/op
WorkloadJitting  2: 16 op, 5077000.00 ns, 317.3125 us/op

WorkloadPilot    1: 16 op, 2753700.00 ns, 172.1063 us/op
WorkloadPilot    2: 32 op, 5051800.00 ns, 157.8688 us/op
WorkloadPilot    3: 64 op, 11126500.00 ns, 173.8516 us/op
WorkloadPilot    4: 128 op, 22494500.00 ns, 175.7383 us/op
WorkloadPilot    5: 256 op, 42177300.00 ns, 164.7551 us/op
WorkloadPilot    6: 512 op, 84277900.00 ns, 164.6053 us/op
WorkloadPilot    7: 1024 op, 186038100.00 ns, 181.6778 us/op
WorkloadPilot    8: 2048 op, 257404700.00 ns, 125.6859 us/op
WorkloadPilot    9: 4096 op, 417970600.00 ns, 102.0436 us/op
WorkloadPilot   10: 8192 op, 328153700.00 ns, 40.0578 us/op
WorkloadPilot   11: 16384 op, 539935700.00 ns, 32.9551 us/op

OverheadWarmup   1: 16384 op, 47200.00 ns, 2.8809 ns/op
OverheadWarmup   2: 16384 op, 45200.00 ns, 2.7588 ns/op
OverheadWarmup   3: 16384 op, 44800.00 ns, 2.7344 ns/op
OverheadWarmup   4: 16384 op, 41400.00 ns, 2.5269 ns/op
OverheadWarmup   5: 16384 op, 47100.00 ns, 2.8748 ns/op
OverheadWarmup   6: 16384 op, 52600.00 ns, 3.2104 ns/op
OverheadWarmup   7: 16384 op, 45500.00 ns, 2.7771 ns/op
OverheadWarmup   8: 16384 op, 49100.00 ns, 2.9968 ns/op
OverheadWarmup   9: 16384 op, 46800.00 ns, 2.8564 ns/op

OverheadActual   1: 16384 op, 45800.00 ns, 2.7954 ns/op
OverheadActual   2: 16384 op, 42000.00 ns, 2.5635 ns/op
OverheadActual   3: 16384 op, 49800.00 ns, 3.0396 ns/op
OverheadActual   4: 16384 op, 54800.00 ns, 3.3447 ns/op
OverheadActual   5: 16384 op, 45800.00 ns, 2.7954 ns/op
OverheadActual   6: 16384 op, 43500.00 ns, 2.6550 ns/op
OverheadActual   7: 16384 op, 44300.00 ns, 2.7039 ns/op
OverheadActual   8: 16384 op, 43400.00 ns, 2.6489 ns/op
OverheadActual   9: 16384 op, 42300.00 ns, 2.5818 ns/op
OverheadActual  10: 16384 op, 43600.00 ns, 2.6611 ns/op
OverheadActual  11: 16384 op, 45500.00 ns, 2.7771 ns/op
OverheadActual  12: 16384 op, 46300.00 ns, 2.8259 ns/op
OverheadActual  13: 16384 op, 45300.00 ns, 2.7649 ns/op
OverheadActual  14: 16384 op, 45400.00 ns, 2.7710 ns/op
OverheadActual  15: 16384 op, 45000.00 ns, 2.7466 ns/op

WorkloadWarmup   1: 16384 op, 542425400.00 ns, 33.1070 us/op
WorkloadWarmup   2: 16384 op, 530880000.00 ns, 32.4023 us/op
WorkloadWarmup   3: 16384 op, 556021700.00 ns, 33.9369 us/op
WorkloadWarmup   4: 16384 op, 535912500.00 ns, 32.7095 us/op
WorkloadWarmup   5: 16384 op, 530173700.00 ns, 32.3592 us/op
WorkloadWarmup   6: 16384 op, 522378700.00 ns, 31.8835 us/op
WorkloadWarmup   7: 16384 op, 528386600.00 ns, 32.2502 us/op
WorkloadWarmup   8: 16384 op, 541236700.00 ns, 33.0345 us/op
WorkloadWarmup   9: 16384 op, 542391700.00 ns, 33.1050 us/op
WorkloadWarmup  10: 16384 op, 532234700.00 ns, 32.4850 us/op

// BeforeActualRun
WorkloadActual   1: 16384 op, 521992000.00 ns, 31.8599 us/op
WorkloadActual   2: 16384 op, 522814700.00 ns, 31.9101 us/op
WorkloadActual   3: 16384 op, 532219000.00 ns, 32.4841 us/op
WorkloadActual   4: 16384 op, 539006500.00 ns, 32.8983 us/op
WorkloadActual   5: 16384 op, 551672600.00 ns, 33.6714 us/op
WorkloadActual   6: 16384 op, 523958200.00 ns, 31.9799 us/op
WorkloadActual   7: 16384 op, 523577600.00 ns, 31.9566 us/op
WorkloadActual   8: 16384 op, 526503000.00 ns, 32.1352 us/op
WorkloadActual   9: 16384 op, 526509200.00 ns, 32.1356 us/op
WorkloadActual  10: 16384 op, 525781100.00 ns, 32.0911 us/op
WorkloadActual  11: 16384 op, 530974000.00 ns, 32.4081 us/op
WorkloadActual  12: 16384 op, 527008400.00 ns, 32.1660 us/op
WorkloadActual  13: 16384 op, 531219200.00 ns, 32.4230 us/op
WorkloadActual  14: 16384 op, 517368200.00 ns, 31.5776 us/op
WorkloadActual  15: 16384 op, 522064400.00 ns, 31.8643 us/op

// AfterActualRun
WorkloadResult   1: 16384 op, 521946700.00 ns, 31.8571 us/op
WorkloadResult   2: 16384 op, 522769400.00 ns, 31.9073 us/op
WorkloadResult   3: 16384 op, 532173700.00 ns, 32.4813 us/op
WorkloadResult   4: 16384 op, 538961200.00 ns, 32.8956 us/op
WorkloadResult   5: 16384 op, 523912900.00 ns, 31.9771 us/op
WorkloadResult   6: 16384 op, 523532300.00 ns, 31.9539 us/op
WorkloadResult   7: 16384 op, 526457700.00 ns, 32.1324 us/op
WorkloadResult   8: 16384 op, 526463900.00 ns, 32.1328 us/op
WorkloadResult   9: 16384 op, 525735800.00 ns, 32.0884 us/op
WorkloadResult  10: 16384 op, 530928700.00 ns, 32.4053 us/op
WorkloadResult  11: 16384 op, 526963100.00 ns, 32.1633 us/op
WorkloadResult  12: 16384 op, 531173900.00 ns, 32.4203 us/op
WorkloadResult  13: 16384 op, 517322900.00 ns, 31.5749 us/op
WorkloadResult  14: 16384 op, 522019100.00 ns, 31.8615 us/op
// GC:  15 0 0 903087152 16384
// Threading:  0 0 16384

[HotReloadCutover] Counter sink received 0 events total.
// AfterAll
// Benchmark Process 76824 has exited with code 0.

Mean = 32.132 μs, StdErr = 0.089 μs (0.28%), N = 14, StdDev = 0.332 μs
Min = 31.575 μs, Q1 = 31.919 μs, Median = 32.110 μs, Q3 = 32.345 μs, Max = 32.896 μs
IQR = 0.426 μs, LowerFence = 31.280 μs, UpperFence = 32.984 μs
ConfidenceInterval = [31.758 μs; 32.507 μs] (CI 99.9%), Margin = 0.374 μs (1.16% of Mean)
Skewness = 0.58, Kurtosis = 2.82, MValue = 2

// ** Remained 1 (50.0%) benchmark(s) to run. Estimated finish 2026-05-14 19:37 (0h 0m from now) **
Setup power plan (GUID: 8c5e7fda-e8bf-4a96-9a85-a6e23a8c635c FriendlyName: High performance)
// **************************
// Benchmark: HotReloadCutoverBenchmarks.Reload_With_Interleaved_Emits: DefaultJob
// *** Execute ***
// Launch: 1 / 1
// Execute: dotnet 124f6ff3-78a5-4557-ba84-794e8d460886.dll --anonymousPipes 35424 35428 --benchmarkName MMP.Herald.OSS.Benchmarks.Comparisons.HeraldRow.HotReloadCutoverBenchmarks.Reload_With_Interleaved_Emits --job Default --benchmarkId 1 in E:\dev\Herald.OSS\benchmarking\comparisons\net10\herald\bin\Release\net10.0\124f6ff3-78a5-4557-ba84-794e8d460886\bin\Release\net10.0
// BeforeAnythingElse

// Benchmark Process Environment Information:
// BenchmarkDotNet v0.14.0
// Runtime=.NET 10.0.8 (10.0.826.23019), X64 RyuJIT AVX2
// GC=Concurrent Server
// HardwareIntrinsics=AVX2,AES,BMI1,BMI2,FMA,LZCNT,PCLMUL,POPCNT,AvxVnni,SERIALIZE VectorSize=256
// Job: DefaultJob

OverheadJitting  1: 1 op, 202700.00 ns, 202.7000 us/op
WorkloadJitting  1: 1 op, 19064800.00 ns, 19.0648 ms/op

OverheadJitting  2: 16 op, 253700.00 ns, 15.8563 us/op
WorkloadJitting  2: 16 op, 5988300.00 ns, 374.2688 us/op

WorkloadPilot    1: 16 op, 3196100.00 ns, 199.7563 us/op
WorkloadPilot    2: 32 op, 6870400.00 ns, 214.7000 us/op
WorkloadPilot    3: 64 op, 11162000.00 ns, 174.4063 us/op
WorkloadPilot    4: 128 op, 22107500.00 ns, 172.7148 us/op
WorkloadPilot    5: 256 op, 44412300.00 ns, 173.4855 us/op
WorkloadPilot    6: 512 op, 95913300.00 ns, 187.3307 us/op
WorkloadPilot    7: 1024 op, 196294100.00 ns, 191.6935 us/op
WorkloadPilot    8: 2048 op, 268178500.00 ns, 130.9465 us/op
WorkloadPilot    9: 4096 op, 499613000.00 ns, 121.9758 us/op
WorkloadPilot   10: 8192 op, 461118000.00 ns, 56.2888 us/op
WorkloadPilot   11: 16384 op, 617401400.00 ns, 37.6832 us/op

OverheadWarmup   1: 16384 op, 65700.00 ns, 4.0100 ns/op
OverheadWarmup   2: 16384 op, 41800.00 ns, 2.5513 ns/op
OverheadWarmup   3: 16384 op, 42300.00 ns, 2.5818 ns/op
OverheadWarmup   4: 16384 op, 47000.00 ns, 2.8687 ns/op
OverheadWarmup   5: 16384 op, 44500.00 ns, 2.7161 ns/op
OverheadWarmup   6: 16384 op, 42400.00 ns, 2.5879 ns/op
OverheadWarmup   7: 16384 op, 41800.00 ns, 2.5513 ns/op
OverheadWarmup   8: 16384 op, 41700.00 ns, 2.5452 ns/op
OverheadWarmup   9: 16384 op, 46100.00 ns, 2.8137 ns/op
OverheadWarmup  10: 16384 op, 44400.00 ns, 2.7100 ns/op

OverheadActual   1: 16384 op, 70100.00 ns, 4.2786 ns/op
OverheadActual   2: 16384 op, 49600.00 ns, 3.0273 ns/op
OverheadActual   3: 16384 op, 42500.00 ns, 2.5940 ns/op
OverheadActual   4: 16384 op, 51000.00 ns, 3.1128 ns/op
OverheadActual   5: 16384 op, 43700.00 ns, 2.6672 ns/op
OverheadActual   6: 16384 op, 38100.00 ns, 2.3254 ns/op
OverheadActual   7: 16384 op, 41800.00 ns, 2.5513 ns/op
OverheadActual   8: 16384 op, 43500.00 ns, 2.6550 ns/op
OverheadActual   9: 16384 op, 42000.00 ns, 2.5635 ns/op
OverheadActual  10: 16384 op, 43300.00 ns, 2.6428 ns/op
OverheadActual  11: 16384 op, 45700.00 ns, 2.7893 ns/op
OverheadActual  12: 16384 op, 40000.00 ns, 2.4414 ns/op
OverheadActual  13: 16384 op, 46800.00 ns, 2.8564 ns/op
OverheadActual  14: 16384 op, 44200.00 ns, 2.6978 ns/op
OverheadActual  15: 16384 op, 45700.00 ns, 2.7893 ns/op
OverheadActual  16: 16384 op, 41300.00 ns, 2.5208 ns/op
OverheadActual  17: 16384 op, 43100.00 ns, 2.6306 ns/op
OverheadActual  18: 16384 op, 41800.00 ns, 2.5513 ns/op
OverheadActual  19: 16384 op, 45000.00 ns, 2.7466 ns/op
OverheadActual  20: 16384 op, 43500.00 ns, 2.6550 ns/op

WorkloadWarmup   1: 16384 op, 607610400.00 ns, 37.0856 us/op
WorkloadWarmup   2: 16384 op, 591224200.00 ns, 36.0855 us/op
WorkloadWarmup   3: 16384 op, 589125800.00 ns, 35.9574 us/op
WorkloadWarmup   4: 16384 op, 596969000.00 ns, 36.4361 us/op
WorkloadWarmup   5: 16384 op, 586186800.00 ns, 35.7780 us/op
WorkloadWarmup   6: 16384 op, 594727500.00 ns, 36.2993 us/op
WorkloadWarmup   7: 16384 op, 585867500.00 ns, 35.7585 us/op

// BeforeActualRun
WorkloadActual   1: 16384 op, 589888800.00 ns, 36.0040 us/op
WorkloadActual   2: 16384 op, 594461600.00 ns, 36.2831 us/op
WorkloadActual   3: 16384 op, 584468900.00 ns, 35.6732 us/op
WorkloadActual   4: 16384 op, 596006000.00 ns, 36.3773 us/op
WorkloadActual   5: 16384 op, 591772000.00 ns, 36.1189 us/op
WorkloadActual   6: 16384 op, 595761900.00 ns, 36.3624 us/op
WorkloadActual   7: 16384 op, 592580700.00 ns, 36.1683 us/op
WorkloadActual   8: 16384 op, 597946100.00 ns, 36.4957 us/op
WorkloadActual   9: 16384 op, 598627100.00 ns, 36.5373 us/op
WorkloadActual  10: 16384 op, 601171700.00 ns, 36.6926 us/op
WorkloadActual  11: 16384 op, 590290700.00 ns, 36.0285 us/op
WorkloadActual  12: 16384 op, 587611100.00 ns, 35.8649 us/op
WorkloadActual  13: 16384 op, 598520600.00 ns, 36.5308 us/op
WorkloadActual  14: 16384 op, 598855800.00 ns, 36.5513 us/op
WorkloadActual  15: 16384 op, 587138800.00 ns, 35.8361 us/op

// AfterActualRun
WorkloadResult   1: 16384 op, 589845300.00 ns, 36.0013 us/op
WorkloadResult   2: 16384 op, 594418100.00 ns, 36.2804 us/op
WorkloadResult   3: 16384 op, 584425400.00 ns, 35.6705 us/op
WorkloadResult   4: 16384 op, 595962500.00 ns, 36.3747 us/op
WorkloadResult   5: 16384 op, 591728500.00 ns, 36.1162 us/op
WorkloadResult   6: 16384 op, 595718400.00 ns, 36.3598 us/op
WorkloadResult   7: 16384 op, 592537200.00 ns, 36.1656 us/op
WorkloadResult   8: 16384 op, 597902600.00 ns, 36.4931 us/op
WorkloadResult   9: 16384 op, 598583600.00 ns, 36.5346 us/op
WorkloadResult  10: 16384 op, 601128200.00 ns, 36.6900 us/op
WorkloadResult  11: 16384 op, 590247200.00 ns, 36.0258 us/op
WorkloadResult  12: 16384 op, 587567600.00 ns, 35.8623 us/op
WorkloadResult  13: 16384 op, 598477100.00 ns, 36.5281 us/op
WorkloadResult  14: 16384 op, 598812300.00 ns, 36.5486 us/op
WorkloadResult  15: 16384 op, 587095300.00 ns, 35.8335 us/op
// GC:  17 0 0 993264400 16384
// Threading:  0 0 16384

[HotReloadCutover] Counter sink received 3276808 events total.
// AfterAll
// Benchmark Process 82740 has exited with code 0.

Mean = 36.232 μs, StdErr = 0.079 μs (0.22%), N = 15, StdDev = 0.307 μs
Min = 35.670 μs, Q1 = 36.014 μs, Median = 36.280 μs, Q3 = 36.511 μs, Max = 36.690 μs
IQR = 0.497 μs, LowerFence = 35.268 μs, UpperFence = 37.256 μs
ConfidenceInterval = [35.904 μs; 36.561 μs] (CI 99.9%), Margin = 0.328 μs (0.91% of Mean)
Skewness = -0.25, Kurtosis = 1.68, MValue = 2

// ** Remained 0 (0.0%) benchmark(s) to run. Estimated finish 2026-05-14 19:37 (0h 0m from now) **
Successfully reverted power plan (GUID: 8c5e7fda-e8bf-4a96-9a85-a6e23a8c635c FriendlyName: High performance)
// ***** BenchmarkRunner: Finish  *****

// * Export *
  benchmarking\comparisons\net10\herald\results\results\MMP.Herald.OSS.Benchmarks.Comparisons.HeraldRow.HotReloadCutoverBenchmarks-report.csv
  benchmarking\comparisons\net10\herald\results\results\MMP.Herald.OSS.Benchmarks.Comparisons.HeraldRow.HotReloadCutoverBenchmarks-report-github.md
  benchmarking\comparisons\net10\herald\results\results\MMP.Herald.OSS.Benchmarks.Comparisons.HeraldRow.HotReloadCutoverBenchmarks-report.html

// * Detailed results *
HotReloadCutoverBenchmarks.Reload_Alone: DefaultJob
Runtime = .NET 10.0.8 (10.0.826.23019), X64 RyuJIT AVX2; GC = Concurrent Server
Mean = 32.132 μs, StdErr = 0.089 μs (0.28%), N = 14, StdDev = 0.332 μs
Min = 31.575 μs, Q1 = 31.919 μs, Median = 32.110 μs, Q3 = 32.345 μs, Max = 32.896 μs
IQR = 0.426 μs, LowerFence = 31.280 μs, UpperFence = 32.984 μs
ConfidenceInterval = [31.758 μs; 32.507 μs] (CI 99.9%), Margin = 0.374 μs (1.16% of Mean)
Skewness = 0.58, Kurtosis = 2.82, MValue = 2
-------------------- Histogram --------------------
[31.394 μs ; 32.330 μs) | @@@@@@@@@@
[32.330 μs ; 33.076 μs) | @@@@
---------------------------------------------------

HotReloadCutoverBenchmarks.Reload_With_Interleaved_Emits: DefaultJob
Runtime = .NET 10.0.8 (10.0.826.23019), X64 RyuJIT AVX2; GC = Concurrent Server
Mean = 36.232 μs, StdErr = 0.079 μs (0.22%), N = 15, StdDev = 0.307 μs
Min = 35.670 μs, Q1 = 36.014 μs, Median = 36.280 μs, Q3 = 36.511 μs, Max = 36.690 μs
IQR = 0.497 μs, LowerFence = 35.268 μs, UpperFence = 37.256 μs
ConfidenceInterval = [35.904 μs; 36.561 μs] (CI 99.9%), Margin = 0.328 μs (0.91% of Mean)
Skewness = -0.25, Kurtosis = 1.68, MValue = 2
-------------------- Histogram --------------------
[35.507 μs ; 36.779 μs) | @@@@@@@@@@@@@@@
---------------------------------------------------

// * Summary *

BenchmarkDotNet v0.14.0, Windows 11 (10.0.26200.8246)
12th Gen Intel Core i9-12900K, 1 CPU, 24 logical and 16 physical cores
.NET SDK 10.0.204
  [Host]     : .NET 10.0.8 (10.0.826.23019), X64 RyuJIT AVX2
  DefaultJob : .NET 10.0.8 (10.0.826.23019), X64 RyuJIT AVX2


| Method                        | Mean     | Error    | StdDev   | Ratio | Gen0   | Allocated | Alloc Ratio |
|------------------------------ |---------:|---------:|---------:|------:|-------:|----------:|------------:|
| Reload_Alone                  | 32.13 μs | 0.374 μs | 0.332 μs |  1.00 | 0.9155 |  53.83 KB |        1.00 |
| Reload_With_Interleaved_Emits | 36.23 μs | 0.328 μs | 0.307 μs |  1.13 | 1.0376 |   59.2 KB |        1.10 |

// * Hints *
Outliers
  HotReloadCutoverBenchmarks.Reload_Alone: Default -> 1 outlier  was  removed (33.67 μs)

// * Legends *
  Mean        : Arithmetic mean of all measurements
  Error       : Half of 99.9% confidence interval
  StdDev      : Standard deviation of all measurements
  Ratio       : Mean of the ratio distribution ([Current]/[Baseline])
  Gen0        : GC Generation 0 collects per 1000 operations
  Allocated   : Allocated memory per single operation (managed only, inclusive, 1KB = 1024B)
  Alloc Ratio : Allocated memory ratio distribution ([Current]/[Baseline])
  1 μs        : 1 Microsecond (0.000001 sec)

// * Diagnostic Output - MemoryDiagnoser *


// ***** BenchmarkRunner: End *****
Run time: 00:00:33 (33.75 sec), executed benchmarks: 2

Global total time: 00:00:51 (51.54 sec), executed benchmarks: 2
// * Artifacts cleanup *
Artifacts cleanup is finished
