// Validating benchmarks:
// ***** BenchmarkRunner: Start   *****
// ***** Found 2 benchmark(s) in total *****
// ***** Building 1 exe(s) in Parallel: Start   *****
// start dotnet  restore /p:UseSharedCompilation=false /p:BuildInParallel=false /m:1 /p:Deterministic=true /p:Optimize=true /p:IntermediateOutputPath="E:\dev\Herald.OSS\benchmarking\comparisons\net10\herald\bin\Release\net10.0\5c8639fb-ddbf-4ed7-aeaa-79af489d6f55\obj\Release\net10.0/" /p:OutDir="E:\dev\Herald.OSS\benchmarking\comparisons\net10\herald\bin\Release\net10.0\5c8639fb-ddbf-4ed7-aeaa-79af489d6f55\bin\Release\net10.0/" /p:OutputPath="E:\dev\Herald.OSS\benchmarking\comparisons\net10\herald\bin\Release\net10.0\5c8639fb-ddbf-4ed7-aeaa-79af489d6f55\bin\Release\net10.0/" in E:\dev\Herald.OSS\benchmarking\comparisons\net10\herald\bin\Release\net10.0\5c8639fb-ddbf-4ed7-aeaa-79af489d6f55
// command took 1.49 sec and exited with 0
// start dotnet  build -c Release --no-restore /p:UseSharedCompilation=false /p:BuildInParallel=false /m:1 /p:Deterministic=true /p:Optimize=true /p:IntermediateOutputPath="E:\dev\Herald.OSS\benchmarking\comparisons\net10\herald\bin\Release\net10.0\5c8639fb-ddbf-4ed7-aeaa-79af489d6f55\obj\Release\net10.0/" /p:OutDir="E:\dev\Herald.OSS\benchmarking\comparisons\net10\herald\bin\Release\net10.0\5c8639fb-ddbf-4ed7-aeaa-79af489d6f55\bin\Release\net10.0/" /p:OutputPath="E:\dev\Herald.OSS\benchmarking\comparisons\net10\herald\bin\Release\net10.0\5c8639fb-ddbf-4ed7-aeaa-79af489d6f55\bin\Release\net10.0/" --output "E:\dev\Herald.OSS\benchmarking\comparisons\net10\herald\bin\Release\net10.0\5c8639fb-ddbf-4ed7-aeaa-79af489d6f55\bin\Release\net10.0/" in E:\dev\Herald.OSS\benchmarking\comparisons\net10\herald\bin\Release\net10.0\5c8639fb-ddbf-4ed7-aeaa-79af489d6f55
// command took 11.53 sec and exited with 0
// ***** Done, took 00:00:22 (22.95 sec)   *****
// Found 2 benchmarks:
//   SinkIsolationBenchmarks.FiveHealthy_AllSinksLand: DefaultJob
//   SinkIsolationBenchmarks.FourHealthyOneThrowing_HealthySinksStillLand: DefaultJob

Setup power plan (GUID: 8c5e7fda-e8bf-4a96-9a85-a6e23a8c635c FriendlyName: High performance)
// **************************
// Benchmark: SinkIsolationBenchmarks.FiveHealthy_AllSinksLand: DefaultJob
// *** Execute ***
// Launch: 1 / 1
// Execute: dotnet 5c8639fb-ddbf-4ed7-aeaa-79af489d6f55.dll --anonymousPipes 39856 39860 --benchmarkName MMP.Herald.OSS.Benchmarks.Comparisons.HeraldRow.SinkIsolationBenchmarks.FiveHealthy_AllSinksLand --job Default --benchmarkId 0 in E:\dev\Herald.OSS\benchmarking\comparisons\net10\herald\bin\Release\net10.0\5c8639fb-ddbf-4ed7-aeaa-79af489d6f55\bin\Release\net10.0
// BeforeAnythingElse

// Benchmark Process Environment Information:
// BenchmarkDotNet v0.14.0
// Runtime=.NET 10.0.8 (10.0.826.23019), X64 RyuJIT AVX2
// GC=Concurrent Server
// HardwareIntrinsics=AVX2,AES,BMI1,BMI2,FMA,LZCNT,PCLMUL,POPCNT,AvxVnni,SERIALIZE VectorSize=256
// Job: DefaultJob

OverheadJitting  1: 1 op, 188100.00 ns, 188.1000 us/op
WorkloadJitting  1: 1 op, 10486700.00 ns, 10.4867 ms/op

OverheadJitting  2: 16 op, 287400.00 ns, 17.9625 us/op
WorkloadJitting  2: 16 op, 620200.00 ns, 38.7625 us/op

WorkloadPilot    1: 16 op, 63700.00 ns, 3.9813 us/op
WorkloadPilot    2: 32 op, 78500.00 ns, 2.4531 us/op
WorkloadPilot    3: 64 op, 112200.00 ns, 1.7531 us/op
WorkloadPilot    4: 128 op, 229500.00 ns, 1.7930 us/op
WorkloadPilot    5: 256 op, 442800.00 ns, 1.7297 us/op
WorkloadPilot    6: 512 op, 789200.00 ns, 1.5414 us/op
WorkloadPilot    7: 1024 op, 1858900.00 ns, 1.8153 us/op
WorkloadPilot    8: 2048 op, 3126000.00 ns, 1.5264 us/op
WorkloadPilot    9: 4096 op, 6382200.00 ns, 1.5582 us/op
WorkloadPilot   10: 8192 op, 14225200.00 ns, 1.7365 us/op
WorkloadPilot   11: 16384 op, 27564500.00 ns, 1.6824 us/op
WorkloadPilot   12: 32768 op, 52116800.00 ns, 1.5905 us/op
WorkloadPilot   13: 65536 op, 110908500.00 ns, 1.6923 us/op
WorkloadPilot   14: 131072 op, 90916000.00 ns, 693.6340 ns/op
WorkloadPilot   15: 262144 op, 105368500.00 ns, 401.9489 ns/op
WorkloadPilot   16: 524288 op, 201124900.00 ns, 383.6153 ns/op
WorkloadPilot   17: 1048576 op, 458595300.00 ns, 437.3506 ns/op
WorkloadPilot   18: 2097152 op, 822651700.00 ns, 392.2709 ns/op

OverheadWarmup   1: 2097152 op, 4347000.00 ns, 2.0728 ns/op
OverheadWarmup   2: 2097152 op, 4258300.00 ns, 2.0305 ns/op
OverheadWarmup   3: 2097152 op, 4127400.00 ns, 1.9681 ns/op
OverheadWarmup   4: 2097152 op, 4084200.00 ns, 1.9475 ns/op
OverheadWarmup   5: 2097152 op, 4110200.00 ns, 1.9599 ns/op
OverheadWarmup   6: 2097152 op, 4079100.00 ns, 1.9451 ns/op
OverheadWarmup   7: 2097152 op, 4064100.00 ns, 1.9379 ns/op
OverheadWarmup   8: 2097152 op, 4079000.00 ns, 1.9450 ns/op
OverheadWarmup   9: 2097152 op, 4207400.00 ns, 2.0062 ns/op
OverheadWarmup  10: 2097152 op, 4275900.00 ns, 2.0389 ns/op

OverheadActual   1: 2097152 op, 4088200.00 ns, 1.9494 ns/op
OverheadActual   2: 2097152 op, 4108200.00 ns, 1.9589 ns/op
OverheadActual   3: 2097152 op, 4146900.00 ns, 1.9774 ns/op
OverheadActual   4: 2097152 op, 4062400.00 ns, 1.9371 ns/op
OverheadActual   5: 2097152 op, 4057500.00 ns, 1.9348 ns/op
OverheadActual   6: 2097152 op, 4208500.00 ns, 2.0068 ns/op
OverheadActual   7: 2097152 op, 4193100.00 ns, 1.9994 ns/op
OverheadActual   8: 2097152 op, 4076100.00 ns, 1.9436 ns/op
OverheadActual   9: 2097152 op, 4079200.00 ns, 1.9451 ns/op
OverheadActual  10: 2097152 op, 4079700.00 ns, 1.9454 ns/op
OverheadActual  11: 2097152 op, 4097800.00 ns, 1.9540 ns/op
OverheadActual  12: 2097152 op, 4069400.00 ns, 1.9404 ns/op
OverheadActual  13: 2097152 op, 4058200.00 ns, 1.9351 ns/op
OverheadActual  14: 2097152 op, 4079000.00 ns, 1.9450 ns/op
OverheadActual  15: 2097152 op, 4133800.00 ns, 1.9711 ns/op

WorkloadWarmup   1: 2097152 op, 816610300.00 ns, 389.3901 ns/op
WorkloadWarmup   2: 2097152 op, 876724100.00 ns, 418.0546 ns/op
WorkloadWarmup   3: 2097152 op, 860790900.00 ns, 410.4571 ns/op
WorkloadWarmup   4: 2097152 op, 811936500.00 ns, 387.1615 ns/op
WorkloadWarmup   5: 2097152 op, 896961400.00 ns, 427.7045 ns/op
WorkloadWarmup   6: 2097152 op, 887453800.00 ns, 423.1709 ns/op

// BeforeActualRun
WorkloadActual   1: 2097152 op, 815254800.00 ns, 388.7438 ns/op
WorkloadActual   2: 2097152 op, 815195700.00 ns, 388.7156 ns/op
WorkloadActual   3: 2097152 op, 874161300.00 ns, 416.8326 ns/op
WorkloadActual   4: 2097152 op, 829166200.00 ns, 395.3773 ns/op
WorkloadActual   5: 2097152 op, 806352700.00 ns, 384.4989 ns/op
WorkloadActual   6: 2097152 op, 864809900.00 ns, 412.3735 ns/op
WorkloadActual   7: 2097152 op, 834122100.00 ns, 397.7404 ns/op
WorkloadActual   8: 2097152 op, 817002800.00 ns, 389.5773 ns/op
WorkloadActual   9: 2097152 op, 858790400.00 ns, 409.5032 ns/op
WorkloadActual  10: 2097152 op, 851764800.00 ns, 406.1531 ns/op
WorkloadActual  11: 2097152 op, 803130900.00 ns, 382.9627 ns/op
WorkloadActual  12: 2097152 op, 833445200.00 ns, 397.4176 ns/op
WorkloadActual  13: 2097152 op, 825336000.00 ns, 393.5509 ns/op
WorkloadActual  14: 2097152 op, 815749400.00 ns, 388.9796 ns/op
WorkloadActual  15: 2097152 op, 825704100.00 ns, 393.7264 ns/op
WorkloadActual  16: 2097152 op, 847619500.00 ns, 404.1765 ns/op
WorkloadActual  17: 2097152 op, 813716400.00 ns, 388.0102 ns/op
WorkloadActual  18: 2097152 op, 846062100.00 ns, 403.4338 ns/op
WorkloadActual  19: 2097152 op, 855652500.00 ns, 408.0069 ns/op
WorkloadActual  20: 2097152 op, 809262500.00 ns, 385.8864 ns/op
WorkloadActual  21: 2097152 op, 878844700.00 ns, 419.0658 ns/op
WorkloadActual  22: 2097152 op, 882877900.00 ns, 420.9890 ns/op
WorkloadActual  23: 2097152 op, 808739700.00 ns, 385.6371 ns/op
WorkloadActual  24: 2097152 op, 891951200.00 ns, 425.3155 ns/op
WorkloadActual  25: 2097152 op, 864035400.00 ns, 412.0042 ns/op
WorkloadActual  26: 2097152 op, 806310400.00 ns, 384.4788 ns/op
WorkloadActual  27: 2097152 op, 851592100.00 ns, 406.0708 ns/op
WorkloadActual  28: 2097152 op, 862949100.00 ns, 411.4862 ns/op
WorkloadActual  29: 2097152 op, 808905100.00 ns, 385.7160 ns/op
WorkloadActual  30: 2097152 op, 850359800.00 ns, 405.4832 ns/op
WorkloadActual  31: 2097152 op, 844755200.00 ns, 402.8107 ns/op
WorkloadActual  32: 2097152 op, 806807300.00 ns, 384.7157 ns/op
WorkloadActual  33: 2097152 op, 829408800.00 ns, 395.4929 ns/op

// AfterActualRun
WorkloadResult   1: 2097152 op, 811175100.00 ns, 386.7984 ns/op
WorkloadResult   2: 2097152 op, 811116000.00 ns, 386.7702 ns/op
WorkloadResult   3: 2097152 op, 870081600.00 ns, 414.8872 ns/op
WorkloadResult   4: 2097152 op, 825086500.00 ns, 393.4319 ns/op
WorkloadResult   5: 2097152 op, 802273000.00 ns, 382.5536 ns/op
WorkloadResult   6: 2097152 op, 860730200.00 ns, 410.4281 ns/op
WorkloadResult   7: 2097152 op, 830042400.00 ns, 395.7951 ns/op
WorkloadResult   8: 2097152 op, 812923100.00 ns, 387.6319 ns/op
WorkloadResult   9: 2097152 op, 854710700.00 ns, 407.5578 ns/op
WorkloadResult  10: 2097152 op, 847685100.00 ns, 404.2078 ns/op
WorkloadResult  11: 2097152 op, 799051200.00 ns, 381.0173 ns/op
WorkloadResult  12: 2097152 op, 829365500.00 ns, 395.4723 ns/op
WorkloadResult  13: 2097152 op, 821256300.00 ns, 391.6055 ns/op
WorkloadResult  14: 2097152 op, 811669700.00 ns, 387.0343 ns/op
WorkloadResult  15: 2097152 op, 821624400.00 ns, 391.7810 ns/op
WorkloadResult  16: 2097152 op, 843539800.00 ns, 402.2311 ns/op
WorkloadResult  17: 2097152 op, 809636700.00 ns, 386.0649 ns/op
WorkloadResult  18: 2097152 op, 841982400.00 ns, 401.4885 ns/op
WorkloadResult  19: 2097152 op, 851572800.00 ns, 406.0616 ns/op
WorkloadResult  20: 2097152 op, 805182800.00 ns, 383.9411 ns/op
WorkloadResult  21: 2097152 op, 874765000.00 ns, 417.1205 ns/op
WorkloadResult  22: 2097152 op, 878798200.00 ns, 419.0436 ns/op
WorkloadResult  23: 2097152 op, 804660000.00 ns, 383.6918 ns/op
WorkloadResult  24: 2097152 op, 887871500.00 ns, 423.3701 ns/op
WorkloadResult  25: 2097152 op, 859955700.00 ns, 410.0588 ns/op
WorkloadResult  26: 2097152 op, 802230700.00 ns, 382.5334 ns/op
WorkloadResult  27: 2097152 op, 847512400.00 ns, 404.1254 ns/op
WorkloadResult  28: 2097152 op, 858869400.00 ns, 409.5408 ns/op
WorkloadResult  29: 2097152 op, 804825400.00 ns, 383.7707 ns/op
WorkloadResult  30: 2097152 op, 846280100.00 ns, 403.5378 ns/op
WorkloadResult  31: 2097152 op, 840675500.00 ns, 400.8653 ns/op
WorkloadResult  32: 2097152 op, 802727600.00 ns, 382.7703 ns/op
WorkloadResult  33: 2097152 op, 825329100.00 ns, 393.5476 ns/op
// GC:  24 0 0 1392508992 2097152
// Threading:  0 0 2097152

// AfterAll
// Benchmark Process 75564 has exited with code 0.

Mean = 397.295 ns, StdErr = 2.135 ns (0.54%), N = 33, StdDev = 12.262 ns
Min = 381.017 ns, Q1 = 386.770 ns, Median = 395.472 ns, Q3 = 406.062 ns, Max = 423.370 ns
IQR = 19.291 ns, LowerFence = 357.833 ns, UpperFence = 434.999 ns
ConfidenceInterval = [389.564 ns; 405.026 ns] (CI 99.9%), Margin = 7.731 ns (1.95% of Mean)
Skewness = 0.38, Kurtosis = 1.89, MValue = 3

// ** Remained 1 (50.0%) benchmark(s) to run. Estimated finish 2026-05-14 18:00 (0h 0m from now) **
Setup power plan (GUID: 8c5e7fda-e8bf-4a96-9a85-a6e23a8c635c FriendlyName: High performance)
// **************************
// Benchmark: SinkIsolationBenchmarks.FourHealthyOneThrowing_HealthySinksStillLand: DefaultJob
// *** Execute ***
// Launch: 1 / 1
// Execute: dotnet 5c8639fb-ddbf-4ed7-aeaa-79af489d6f55.dll --anonymousPipes 10680 24868 --benchmarkName MMP.Herald.OSS.Benchmarks.Comparisons.HeraldRow.SinkIsolationBenchmarks.FourHealthyOneThrowing_HealthySinksStillLand --job Default --benchmarkId 1 in E:\dev\Herald.OSS\benchmarking\comparisons\net10\herald\bin\Release\net10.0\5c8639fb-ddbf-4ed7-aeaa-79af489d6f55\bin\Release\net10.0
// BeforeAnythingElse

// Benchmark Process Environment Information:
// BenchmarkDotNet v0.14.0
// Runtime=.NET 10.0.8 (10.0.826.23019), X64 RyuJIT AVX2
// GC=Concurrent Server
// HardwareIntrinsics=AVX2,AES,BMI1,BMI2,FMA,LZCNT,PCLMUL,POPCNT,AvxVnni,SERIALIZE VectorSize=256
// Job: DefaultJob

OverheadJitting  1: 1 op, 272800.00 ns, 272.8000 us/op
WorkloadJitting  1: 1 op, 9249500.00 ns, 9.2495 ms/op

OverheadJitting  2: 16 op, 209000.00 ns, 13.0625 us/op
WorkloadJitting  2: 16 op, 687000.00 ns, 42.9375 us/op

WorkloadPilot    1: 16 op, 128500.00 ns, 8.0313 us/op
WorkloadPilot    2: 32 op, 179100.00 ns, 5.5969 us/op
WorkloadPilot    3: 64 op, 311200.00 ns, 4.8625 us/op
WorkloadPilot    4: 128 op, 625900.00 ns, 4.8898 us/op
WorkloadPilot    5: 256 op, 1116400.00 ns, 4.3609 us/op
WorkloadPilot    6: 512 op, 2285200.00 ns, 4.4633 us/op
WorkloadPilot    7: 1024 op, 4176300.00 ns, 4.0784 us/op
WorkloadPilot    8: 2048 op, 8040700.00 ns, 3.9261 us/op
WorkloadPilot    9: 4096 op, 15836700.00 ns, 3.8664 us/op
WorkloadPilot   10: 8192 op, 33647100.00 ns, 4.1073 us/op
WorkloadPilot   11: 16384 op, 64505800.00 ns, 3.9371 us/op
WorkloadPilot   12: 32768 op, 131890300.00 ns, 4.0250 us/op
WorkloadPilot   13: 65536 op, 175516600.00 ns, 2.6782 us/op
WorkloadPilot   14: 131072 op, 315281200.00 ns, 2.4054 us/op
WorkloadPilot   15: 262144 op, 648136500.00 ns, 2.4724 us/op

OverheadWarmup   1: 262144 op, 523800.00 ns, 1.9981 ns/op
OverheadWarmup   2: 262144 op, 524600.00 ns, 2.0012 ns/op
OverheadWarmup   3: 262144 op, 529000.00 ns, 2.0180 ns/op
OverheadWarmup   4: 262144 op, 529300.00 ns, 2.0191 ns/op
OverheadWarmup   5: 262144 op, 649600.00 ns, 2.4780 ns/op
OverheadWarmup   6: 262144 op, 524000.00 ns, 1.9989 ns/op
OverheadWarmup   7: 262144 op, 521100.00 ns, 1.9878 ns/op
OverheadWarmup   8: 262144 op, 784000.00 ns, 2.9907 ns/op
OverheadWarmup   9: 262144 op, 632100.00 ns, 2.4113 ns/op

OverheadActual   1: 262144 op, 527700.00 ns, 2.0130 ns/op
OverheadActual   2: 262144 op, 523000.00 ns, 1.9951 ns/op
OverheadActual   3: 262144 op, 517900.00 ns, 1.9756 ns/op
OverheadActual   4: 262144 op, 769600.00 ns, 2.9358 ns/op
OverheadActual   5: 262144 op, 528800.00 ns, 2.0172 ns/op
OverheadActual   6: 262144 op, 528000.00 ns, 2.0142 ns/op
OverheadActual   7: 262144 op, 522600.00 ns, 1.9936 ns/op
OverheadActual   8: 262144 op, 783500.00 ns, 2.9888 ns/op
OverheadActual   9: 262144 op, 942400.00 ns, 3.5950 ns/op
OverheadActual  10: 262144 op, 528400.00 ns, 2.0157 ns/op
OverheadActual  11: 262144 op, 528500.00 ns, 2.0161 ns/op
OverheadActual  12: 262144 op, 895700.00 ns, 3.4168 ns/op
OverheadActual  13: 262144 op, 897900.00 ns, 3.4252 ns/op
OverheadActual  14: 262144 op, 533800.00 ns, 2.0363 ns/op
OverheadActual  15: 262144 op, 528200.00 ns, 2.0149 ns/op
OverheadActual  16: 262144 op, 522300.00 ns, 1.9924 ns/op
OverheadActual  17: 262144 op, 523300.00 ns, 1.9962 ns/op
OverheadActual  18: 262144 op, 521600.00 ns, 1.9897 ns/op
OverheadActual  19: 262144 op, 522200.00 ns, 1.9920 ns/op
OverheadActual  20: 262144 op, 523300.00 ns, 1.9962 ns/op

WorkloadWarmup   1: 262144 op, 640581800.00 ns, 2.4436 us/op
WorkloadWarmup   2: 262144 op, 634413600.00 ns, 2.4201 us/op
WorkloadWarmup   3: 262144 op, 683739800.00 ns, 2.6083 us/op
WorkloadWarmup   4: 262144 op, 623231400.00 ns, 2.3774 us/op
WorkloadWarmup   5: 262144 op, 630137100.00 ns, 2.4038 us/op
WorkloadWarmup   6: 262144 op, 624441200.00 ns, 2.3821 us/op

// BeforeActualRun
WorkloadActual   1: 262144 op, 627506900.00 ns, 2.3937 us/op
WorkloadActual   2: 262144 op, 628780600.00 ns, 2.3986 us/op
WorkloadActual   3: 262144 op, 634190000.00 ns, 2.4192 us/op
WorkloadActual   4: 262144 op, 626223800.00 ns, 2.3889 us/op
WorkloadActual   5: 262144 op, 625929700.00 ns, 2.3877 us/op
WorkloadActual   6: 262144 op, 631901900.00 ns, 2.4105 us/op
WorkloadActual   7: 262144 op, 640323600.00 ns, 2.4426 us/op
WorkloadActual   8: 262144 op, 629523000.00 ns, 2.4014 us/op
WorkloadActual   9: 262144 op, 679551900.00 ns, 2.5923 us/op
WorkloadActual  10: 262144 op, 638356300.00 ns, 2.4351 us/op
WorkloadActual  11: 262144 op, 632554400.00 ns, 2.4130 us/op
WorkloadActual  12: 262144 op, 629249300.00 ns, 2.4004 us/op
WorkloadActual  13: 262144 op, 631304200.00 ns, 2.4082 us/op
WorkloadActual  14: 262144 op, 633138900.00 ns, 2.4152 us/op
WorkloadActual  15: 262144 op, 628712800.00 ns, 2.3983 us/op

// AfterActualRun
WorkloadResult   1: 262144 op, 626978800.00 ns, 2.3917 us/op
WorkloadResult   2: 262144 op, 628252500.00 ns, 2.3966 us/op
WorkloadResult   3: 262144 op, 633661900.00 ns, 2.4172 us/op
WorkloadResult   4: 262144 op, 625695700.00 ns, 2.3868 us/op
WorkloadResult   5: 262144 op, 625401600.00 ns, 2.3857 us/op
WorkloadResult   6: 262144 op, 631373800.00 ns, 2.4085 us/op
WorkloadResult   7: 262144 op, 639795500.00 ns, 2.4406 us/op
WorkloadResult   8: 262144 op, 628994900.00 ns, 2.3994 us/op
WorkloadResult   9: 262144 op, 637828200.00 ns, 2.4331 us/op
WorkloadResult  10: 262144 op, 632026300.00 ns, 2.4110 us/op
WorkloadResult  11: 262144 op, 628721200.00 ns, 2.3984 us/op
WorkloadResult  12: 262144 op, 630776100.00 ns, 2.4062 us/op
WorkloadResult  13: 262144 op, 632610800.00 ns, 2.4132 us/op
WorkloadResult  14: 262144 op, 628184700.00 ns, 2.3963 us/op
// GC:  5 0 0 320867248 262144
// Threading:  0 0 262144
// Exceptions:  1

// AfterAll
// Benchmark Process 69548 has exited with code 0.

Mean = 2.406 μs, StdErr = 0.004 μs (0.18%), N = 14, StdDev = 0.016 μs
Min = 2.386 μs, Q1 = 2.396 μs, Median = 2.403 μs, Q3 = 2.413 μs, Max = 2.441 μs
IQR = 0.016 μs, LowerFence = 2.372 μs, UpperFence = 2.437 μs
ConfidenceInterval = [2.388 μs; 2.424 μs] (CI 99.9%), Margin = 0.018 μs (0.76% of Mean)
Skewness = 0.71, Kurtosis = 2.44, MValue = 2

// ** Remained 0 (0.0%) benchmark(s) to run. Estimated finish 2026-05-14 18:00 (0h 0m from now) **
Successfully reverted power plan (GUID: 8c5e7fda-e8bf-4a96-9a85-a6e23a8c635c FriendlyName: High performance)
// ***** BenchmarkRunner: Finish  *****

// * Export *
  benchmarking\comparisons\net10\herald\results\results\MMP.Herald.OSS.Benchmarks.Comparisons.HeraldRow.SinkIsolationBenchmarks-report.csv
  benchmarking\comparisons\net10\herald\results\results\MMP.Herald.OSS.Benchmarks.Comparisons.HeraldRow.SinkIsolationBenchmarks-report-github.md
  benchmarking\comparisons\net10\herald\results\results\MMP.Herald.OSS.Benchmarks.Comparisons.HeraldRow.SinkIsolationBenchmarks-report.html

// * Detailed results *
SinkIsolationBenchmarks.FiveHealthy_AllSinksLand: DefaultJob
Runtime = .NET 10.0.8 (10.0.826.23019), X64 RyuJIT AVX2; GC = Concurrent Server
Mean = 397.295 ns, StdErr = 2.135 ns (0.54%), N = 33, StdDev = 12.262 ns
Min = 381.017 ns, Q1 = 386.770 ns, Median = 395.472 ns, Q3 = 406.062 ns, Max = 423.370 ns
IQR = 19.291 ns, LowerFence = 357.833 ns, UpperFence = 434.999 ns
ConfidenceInterval = [389.564 ns; 405.026 ns] (CI 99.9%), Margin = 7.731 ns (1.95% of Mean)
Skewness = 0.38, Kurtosis = 1.89, MValue = 3
-------------------- Histogram --------------------
[376.000 ns ; 392.175 ns) | @@@@@@@@@@@@@@
[392.175 ns ; 400.629 ns) | @@@@
[400.629 ns ; 410.664 ns) | @@@@@@@@@@@
[410.664 ns ; 424.146 ns) | @@@@
---------------------------------------------------

SinkIsolationBenchmarks.FourHealthyOneThrowing_HealthySinksStillLand: DefaultJob
Runtime = .NET 10.0.8 (10.0.826.23019), X64 RyuJIT AVX2; GC = Concurrent Server
Mean = 2.406 μs, StdErr = 0.004 μs (0.18%), N = 14, StdDev = 0.016 μs
Min = 2.386 μs, Q1 = 2.396 μs, Median = 2.403 μs, Q3 = 2.413 μs, Max = 2.441 μs
IQR = 0.016 μs, LowerFence = 2.372 μs, UpperFence = 2.437 μs
ConfidenceInterval = [2.388 μs; 2.424 μs] (CI 99.9%), Margin = 0.018 μs (0.76% of Mean)
Skewness = 0.71, Kurtosis = 2.44, MValue = 2
-------------------- Histogram --------------------
[2.381 μs ; 2.449 μs) | @@@@@@@@@@@@@@
---------------------------------------------------

// * Summary *

BenchmarkDotNet v0.14.0, Windows 11 (10.0.26200.8246)
12th Gen Intel Core i9-12900K, 1 CPU, 24 logical and 16 physical cores
.NET SDK 10.0.204
  [Host]     : .NET 10.0.8 (10.0.826.23019), X64 RyuJIT AVX2
  DefaultJob : .NET 10.0.8 (10.0.826.23019), X64 RyuJIT AVX2


| Method                                       | Mean       | Error    | StdDev   | Ratio | RatioSD | Gen0   | Allocated | Alloc Ratio |
|--------------------------------------------- |-----------:|---------:|---------:|------:|--------:|-------:|----------:|------------:|
| FiveHealthy_AllSinksLand                     |   397.3 ns |  7.73 ns | 12.26 ns |  1.00 |    0.04 | 0.0114 |     664 B |        1.00 |
| FourHealthyOneThrowing_HealthySinksStillLand | 2,406.1 ns | 18.27 ns | 16.19 ns |  6.06 |    0.19 | 0.0191 |    1224 B |        1.84 |

// * Warnings *
MultimodalDistribution
  SinkIsolationBenchmarks.FiveHealthy_AllSinksLand: Default -> It seems that the distribution can have several modes (mValue = 3)

// * Hints *
Outliers
  SinkIsolationBenchmarks.FourHealthyOneThrowing_HealthySinksStillLand: Default -> 1 outlier  was  removed (2.59 μs)

// * Legends *
  Mean        : Arithmetic mean of all measurements
  Error       : Half of 99.9% confidence interval
  StdDev      : Standard deviation of all measurements
  Ratio       : Mean of the ratio distribution ([Current]/[Baseline])
  RatioSD     : Standard deviation of the ratio distribution ([Current]/[Baseline])
  Gen0        : GC Generation 0 collects per 1000 operations
  Allocated   : Allocated memory per single operation (managed only, inclusive, 1KB = 1024B)
  Alloc Ratio : Allocated memory ratio distribution ([Current]/[Baseline])
  1 ns        : 1 Nanosecond (0.000000001 sec)

// * Diagnostic Output - MemoryDiagnoser *


// ***** BenchmarkRunner: End *****
Run time: 00:00:52 (52.85 sec), executed benchmarks: 2

Global total time: 00:01:16 (76.12 sec), executed benchmarks: 2
// * Artifacts cleanup *
Artifacts cleanup is finished
