// Validating benchmarks:
// ***** BenchmarkRunner: Start   *****
// ***** Found 1 benchmark(s) in total *****
// ***** Building 1 exe(s) in Parallel: Start   *****
// start dotnet  restore /p:UseSharedCompilation=false /p:BuildInParallel=false /m:1 /p:Deterministic=true /p:Optimize=true /p:IntermediateOutputPath="E:\dev\Herald.OSS\benchmarking\comparisons\net10\herald\bin\Release\net10.0\8027bd18-84a6-4406-a251-3d636226de32\obj\Release\net10.0/" /p:OutDir="E:\dev\Herald.OSS\benchmarking\comparisons\net10\herald\bin\Release\net10.0\8027bd18-84a6-4406-a251-3d636226de32\bin\Release\net10.0/" /p:OutputPath="E:\dev\Herald.OSS\benchmarking\comparisons\net10\herald\bin\Release\net10.0\8027bd18-84a6-4406-a251-3d636226de32\bin\Release\net10.0/" in E:\dev\Herald.OSS\benchmarking\comparisons\net10\herald\bin\Release\net10.0\8027bd18-84a6-4406-a251-3d636226de32
// command took 1.73 sec and exited with 0
// start dotnet  build -c Release --no-restore /p:UseSharedCompilation=false /p:BuildInParallel=false /m:1 /p:Deterministic=true /p:Optimize=true /p:IntermediateOutputPath="E:\dev\Herald.OSS\benchmarking\comparisons\net10\herald\bin\Release\net10.0\8027bd18-84a6-4406-a251-3d636226de32\obj\Release\net10.0/" /p:OutDir="E:\dev\Herald.OSS\benchmarking\comparisons\net10\herald\bin\Release\net10.0\8027bd18-84a6-4406-a251-3d636226de32\bin\Release\net10.0/" /p:OutputPath="E:\dev\Herald.OSS\benchmarking\comparisons\net10\herald\bin\Release\net10.0\8027bd18-84a6-4406-a251-3d636226de32\bin\Release\net10.0/" --output "E:\dev\Herald.OSS\benchmarking\comparisons\net10\herald\bin\Release\net10.0\8027bd18-84a6-4406-a251-3d636226de32\bin\Release\net10.0/" in E:\dev\Herald.OSS\benchmarking\comparisons\net10\herald\bin\Release\net10.0\8027bd18-84a6-4406-a251-3d636226de32
// command took 12.75 sec and exited with 0
// ***** Done, took 00:00:16 (16.1 sec)   *****
// Found 1 benchmarks:
//   HotReloadBenchmarks.Herald_HotReload_FastPath_LevelOnly: DefaultJob

Setup power plan (GUID: 8c5e7fda-e8bf-4a96-9a85-a6e23a8c635c FriendlyName: High performance)
// **************************
// Benchmark: HotReloadBenchmarks.Herald_HotReload_FastPath_LevelOnly: DefaultJob
// *** Execute ***
// Launch: 1 / 1
// Execute: dotnet 8027bd18-84a6-4406-a251-3d636226de32.dll --anonymousPipes 17816 9488 --benchmarkName MMP.Herald.OSS.Benchmarks.Comparisons.HeraldRow.HotReloadBenchmarks.Herald_HotReload_FastPath_LevelOnly --job Default --benchmarkId 0 in E:\dev\Herald.OSS\benchmarking\comparisons\net10\herald\bin\Release\net10.0\8027bd18-84a6-4406-a251-3d636226de32\bin\Release\net10.0
// BeforeAnythingElse

// Benchmark Process Environment Information:
// BenchmarkDotNet v0.14.0
// Runtime=.NET 10.0.7 (10.0.726.21808), X64 RyuJIT AVX2
// GC=Concurrent Server
// HardwareIntrinsics=AVX2,AES,BMI1,BMI2,FMA,LZCNT,PCLMUL,POPCNT,AvxVnni,SERIALIZE VectorSize=256
// Job: DefaultJob

OverheadJitting  1: 1 op, 320800.00 ns, 320.8000 us/op

System.Reflection.TargetInvocationException: Exception has been thrown by the target of an invocation.
 ---> System.NullReferenceException: Object reference not set to an instance of an object.
   at MMP.Herald.OSS.Benchmarks.Comparisons.HeraldRow.HotReloadBenchmarks.Herald_HotReload_FastPath_LevelOnly() in E:\dev\Herald.OSS\benchmarking\comparisons\net10\herald\HotReloadBenchmarks.cs:line 104
   at BenchmarkDotNet.Autogenerated.Runnable_0.WorkloadActionNoUnroll(Int64 invokeCount) in E:\dev\Herald.OSS\benchmarking\comparisons\net10\herald\bin\Release\net10.0\8027bd18-84a6-4406-a251-3d636226de32\8027bd18-84a6-4406-a251-3d636226de32.notcs:line 311
   at BenchmarkDotNet.Engines.Engine.Measure(Action`1 action, Int64 invokeCount)
   at BenchmarkDotNet.Engines.Engine.RunIteration(IterationData data)
   at BenchmarkDotNet.Engines.EngineFactory.Jit(Engine engine, Int32 jitIndex, Int32 invokeCount, Int32 unrollFactor)
   at BenchmarkDotNet.Engines.EngineFactory.CreateReadyToRun(EngineParameters engineParameters)
   at BenchmarkDotNet.Autogenerated.Runnable_0.Run(IHost host, String benchmarkName) in E:\dev\Herald.OSS\benchmarking\comparisons\net10\herald\bin\Release\net10.0\8027bd18-84a6-4406-a251-3d636226de32\8027bd18-84a6-4406-a251-3d636226de32.notcs:line 176
   at System.Reflection.MethodBaseInvoker.InterpretedInvoke_Method(Object obj, IntPtr* args)
   at System.Reflection.MethodBaseInvoker.InvokeDirectByRefWithFewArgs(Object obj, Span`1 copyOfArgs, BindingFlags invokeAttr)
   --- End of inner exception stack trace ---
   at System.Reflection.MethodBaseInvoker.InvokeDirectByRefWithFewArgs(Object obj, Span`1 copyOfArgs, BindingFlags invokeAttr)
   at System.Reflection.MethodBaseInvoker.InvokeWithFewArgs(Object obj, BindingFlags invokeAttr, Binder binder, Object[] parameters, CultureInfo culture)
   at System.Reflection.RuntimeMethodInfo.Invoke(Object obj, BindingFlags invokeAttr, Binder binder, Object[] parameters, CultureInfo culture)
   at System.Reflection.MethodBase.Invoke(Object obj, Object[] parameters)
   at BenchmarkDotNet.Autogenerated.UniqueProgramName.AfterAssemblyLoadingAttached(String[] args) in E:\dev\Herald.OSS\benchmarking\comparisons\net10\herald\bin\Release\net10.0\8027bd18-84a6-4406-a251-3d636226de32\8027bd18-84a6-4406-a251-3d636226de32.notcs:line 57
// AfterAll
No Workload Results were obtained from the run.
// Benchmark Process 2960 has exited with code -1.

// ** Remained 0 (0.0%) benchmark(s) to run. Estimated finish 2026-05-14 14:00 (0h 0m from now) **
Successfully reverted power plan (GUID: 8c5e7fda-e8bf-4a96-9a85-a6e23a8c635c FriendlyName: High performance)
// ***** BenchmarkRunner: Finish  *****

// * Export *
  benchmarking\comparisons\net10\herald\results\results\MMP.Herald.OSS.Benchmarks.Comparisons.HeraldRow.HotReloadBenchmarks-report.csv
  benchmarking\comparisons\net10\herald\results\results\MMP.Herald.OSS.Benchmarks.Comparisons.HeraldRow.HotReloadBenchmarks-report-github.md
  benchmarking\comparisons\net10\herald\results\results\MMP.Herald.OSS.Benchmarks.Comparisons.HeraldRow.HotReloadBenchmarks-report.html

// * Detailed results *
HotReloadBenchmarks.Herald_HotReload_FastPath_LevelOnly: DefaultJob
Runtime = .NET 10.0.7 (10.0.726.21808), X64 RyuJIT AVX2; GC = Concurrent Server
There are not any results runs

// * Summary *

BenchmarkDotNet v0.14.0, Windows 11 (10.0.26200.8246)
12th Gen Intel Core i9-12900K, 1 CPU, 24 logical and 16 physical cores
.NET SDK 10.0.203
  [Host]     : .NET 10.0.7 (10.0.726.21808), X64 RyuJIT AVX2
  DefaultJob : .NET 10.0.7 (10.0.726.21808), X64 RyuJIT AVX2


| Method                              | Mean | Error |
|------------------------------------ |-----:|------:|
| Herald_HotReload_FastPath_LevelOnly |   NA |    NA |

Benchmarks with issues:
  HotReloadBenchmarks.Herald_HotReload_FastPath_LevelOnly: DefaultJob

// * Warnings *
Environment
  Summary -> Detected error exit code from one of the benchmarks. It might be caused by following antivirus software:
        - Windows Defender (windowsdefender://)
        - Kaspersky Total Security (C:\Program Files (x86)\Kaspersky Lab\Kaspersky Total Security 21.3\wmiav.exe)
        - Bitdefender Antivirus (C:\Program Files\Bitdefender\Bitdefender Security\wscfix.exe)
Use InProcessEmitToolchain or InProcessNoEmitToolchain to avoid new process creation.


// * Legends *
  Mean  : Arithmetic mean of all measurements
  Error : Half of 99.9% confidence interval
  1 ns  : 1 Nanosecond (0.000000001 sec)

// * Diagnostic Output - MemoryDiagnoser *


// ***** BenchmarkRunner: End *****
Run time: 00:00:00 (0.64 sec), executed benchmarks: 1

Global total time: 00:00:16 (16.98 sec), executed benchmarks: 1
// * Artifacts cleanup *
Artifacts cleanup is finished
