// Validating benchmarks:
// ***** BenchmarkRunner: Start   *****
// ***** Found 3 benchmark(s) in total *****
// ***** Building 1 exe(s) in Parallel: Start   *****
// start dotnet  restore /p:UseSharedCompilation=false /p:BuildInParallel=false /m:1 /p:Deterministic=true /p:Optimize=true /p:IntermediateOutputPath="E:\dev\Herald.OSS\benchmarking\comparisons\net10\herald\bin\Release\net10.0\52a96698-d770-4d51-a345-fc1343ec1251\obj\Release\net10.0/" /p:OutDir="E:\dev\Herald.OSS\benchmarking\comparisons\net10\herald\bin\Release\net10.0\52a96698-d770-4d51-a345-fc1343ec1251\bin\Release\net10.0/" /p:OutputPath="E:\dev\Herald.OSS\benchmarking\comparisons\net10\herald\bin\Release\net10.0\52a96698-d770-4d51-a345-fc1343ec1251\bin\Release\net10.0/" in E:\dev\Herald.OSS\benchmarking\comparisons\net10\herald\bin\Release\net10.0\52a96698-d770-4d51-a345-fc1343ec1251
// command took 1.52 sec and exited with 0
// start dotnet  build -c Release --no-restore /p:UseSharedCompilation=false /p:BuildInParallel=false /m:1 /p:Deterministic=true /p:Optimize=true /p:IntermediateOutputPath="E:\dev\Herald.OSS\benchmarking\comparisons\net10\herald\bin\Release\net10.0\52a96698-d770-4d51-a345-fc1343ec1251\obj\Release\net10.0/" /p:OutDir="E:\dev\Herald.OSS\benchmarking\comparisons\net10\herald\bin\Release\net10.0\52a96698-d770-4d51-a345-fc1343ec1251\bin\Release\net10.0/" /p:OutputPath="E:\dev\Herald.OSS\benchmarking\comparisons\net10\herald\bin\Release\net10.0\52a96698-d770-4d51-a345-fc1343ec1251\bin\Release\net10.0/" --output "E:\dev\Herald.OSS\benchmarking\comparisons\net10\herald\bin\Release\net10.0\52a96698-d770-4d51-a345-fc1343ec1251\bin\Release\net10.0/" in E:\dev\Herald.OSS\benchmarking\comparisons\net10\herald\bin\Release\net10.0\52a96698-d770-4d51-a345-fc1343ec1251
// command took 12.04 sec and exited with 0
// ***** Done, took 00:00:15 (15.13 sec)   *****
// Found 3 benchmarks:
//   SourceGenBenchmarks.Herald_HeraldLog: DefaultJob
//   SourceGenBenchmarks.ZLogger_ZLoggerMessage: DefaultJob
//   SourceGenBenchmarks.Mel_LoggerMessage: DefaultJob

Setup power plan (GUID: 8c5e7fda-e8bf-4a96-9a85-a6e23a8c635c FriendlyName: High performance)
// **************************
// Benchmark: SourceGenBenchmarks.Herald_HeraldLog: DefaultJob
// *** Execute ***
// Launch: 1 / 1
// Execute: dotnet 52a96698-d770-4d51-a345-fc1343ec1251.dll --anonymousPipes 28320 52788 --benchmarkName MMP.Herald.OSS.Benchmarks.Comparisons.HeraldRow.SourceGenBenchmarks.Herald_HeraldLog --job Default --benchmarkId 0 in E:\dev\Herald.OSS\benchmarking\comparisons\net10\herald\bin\Release\net10.0\52a96698-d770-4d51-a345-fc1343ec1251\bin\Release\net10.0
// BeforeAnythingElse

// Benchmark Process Environment Information:
// BenchmarkDotNet v0.14.0
// Runtime=.NET 10.0.8 (10.0.826.23019), X64 RyuJIT AVX2
// GC=Concurrent Server
// HardwareIntrinsics=AVX2,AES,BMI1,BMI2,FMA,LZCNT,PCLMUL,POPCNT,AvxVnni,SERIALIZE VectorSize=256
// Job: DefaultJob

OverheadJitting  1: 1 op, 189900.00 ns, 189.9000 us/op
WorkloadJitting  1: 1 op, 4061600.00 ns, 4.0616 ms/op

OverheadJitting  2: 16 op, 163200.00 ns, 10.2000 us/op
WorkloadJitting  2: 16 op, 198300.00 ns, 12.3938 us/op

WorkloadPilot    1: 16 op, 10000.00 ns, 625.0000 ns/op
WorkloadPilot    2: 32 op, 11700.00 ns, 365.6250 ns/op
WorkloadPilot    3: 64 op, 21700.00 ns, 339.0625 ns/op
WorkloadPilot    4: 128 op, 30400.00 ns, 237.5000 ns/op
WorkloadPilot    5: 256 op, 49400.00 ns, 192.9688 ns/op
WorkloadPilot    6: 512 op, 85000.00 ns, 166.0156 ns/op
WorkloadPilot    7: 1024 op, 162400.00 ns, 158.5938 ns/op
WorkloadPilot    8: 2048 op, 292600.00 ns, 142.8711 ns/op
WorkloadPilot    9: 4096 op, 572400.00 ns, 139.7461 ns/op
WorkloadPilot   10: 8192 op, 1242200.00 ns, 151.6357 ns/op
WorkloadPilot   11: 16384 op, 2251200.00 ns, 137.4023 ns/op
WorkloadPilot   12: 32768 op, 4238600.00 ns, 129.3518 ns/op
WorkloadPilot   13: 65536 op, 8680600.00 ns, 132.4554 ns/op
WorkloadPilot   14: 131072 op, 16813300.00 ns, 128.2753 ns/op
WorkloadPilot   15: 262144 op, 37185200.00 ns, 141.8503 ns/op
WorkloadPilot   16: 524288 op, 66491900.00 ns, 126.8232 ns/op
WorkloadPilot   17: 1048576 op, 58531500.00 ns, 55.8200 ns/op
WorkloadPilot   18: 2097152 op, 85039300.00 ns, 40.5499 ns/op
WorkloadPilot   19: 4194304 op, 155727700.00 ns, 37.1284 ns/op
WorkloadPilot   20: 8388608 op, 307806700.00 ns, 36.6934 ns/op
WorkloadPilot   21: 16777216 op, 741317800.00 ns, 44.1860 ns/op

OverheadWarmup   1: 16777216 op, 32150300.00 ns, 1.9163 ns/op
OverheadWarmup   2: 16777216 op, 32216900.00 ns, 1.9203 ns/op
OverheadWarmup   3: 16777216 op, 32137300.00 ns, 1.9155 ns/op
OverheadWarmup   4: 16777216 op, 33467400.00 ns, 1.9948 ns/op
OverheadWarmup   5: 16777216 op, 32165800.00 ns, 1.9172 ns/op

OverheadActual   1: 16777216 op, 32326800.00 ns, 1.9268 ns/op
OverheadActual   2: 16777216 op, 32055200.00 ns, 1.9106 ns/op
OverheadActual   3: 16777216 op, 32793400.00 ns, 1.9546 ns/op
OverheadActual   4: 16777216 op, 32161200.00 ns, 1.9170 ns/op
OverheadActual   5: 16777216 op, 32151900.00 ns, 1.9164 ns/op
OverheadActual   6: 16777216 op, 32375000.00 ns, 1.9297 ns/op
OverheadActual   7: 16777216 op, 32650500.00 ns, 1.9461 ns/op
OverheadActual   8: 16777216 op, 32807400.00 ns, 1.9555 ns/op
OverheadActual   9: 16777216 op, 32821900.00 ns, 1.9563 ns/op
OverheadActual  10: 16777216 op, 25470500.00 ns, 1.5182 ns/op
OverheadActual  11: 16777216 op, 25257700.00 ns, 1.5055 ns/op
OverheadActual  12: 16777216 op, 25231400.00 ns, 1.5039 ns/op
OverheadActual  13: 16777216 op, 25415700.00 ns, 1.5149 ns/op
OverheadActual  14: 16777216 op, 25368100.00 ns, 1.5121 ns/op
OverheadActual  15: 16777216 op, 25368000.00 ns, 1.5121 ns/op
OverheadActual  16: 16777216 op, 25204800.00 ns, 1.5023 ns/op
OverheadActual  17: 16777216 op, 25214300.00 ns, 1.5029 ns/op
OverheadActual  18: 16777216 op, 25185500.00 ns, 1.5012 ns/op
OverheadActual  19: 16777216 op, 25154600.00 ns, 1.4993 ns/op
OverheadActual  20: 16777216 op, 25466600.00 ns, 1.5179 ns/op

WorkloadWarmup   1: 16777216 op, 627991800.00 ns, 37.4312 ns/op
WorkloadWarmup   2: 16777216 op, 731692300.00 ns, 43.6123 ns/op
WorkloadWarmup   3: 16777216 op, 639335100.00 ns, 38.1073 ns/op
WorkloadWarmup   4: 16777216 op, 653010900.00 ns, 38.9225 ns/op
WorkloadWarmup   5: 16777216 op, 620760000.00 ns, 37.0002 ns/op
WorkloadWarmup   6: 16777216 op, 790544500.00 ns, 47.1201 ns/op

// BeforeActualRun
WorkloadActual   1: 16777216 op, 694475300.00 ns, 41.3940 ns/op
WorkloadActual   2: 16777216 op, 633915100.00 ns, 37.7843 ns/op
WorkloadActual   3: 16777216 op, 662435700.00 ns, 39.4842 ns/op
WorkloadActual   4: 16777216 op, 621769400.00 ns, 37.0603 ns/op
WorkloadActual   5: 16777216 op, 728224300.00 ns, 43.4056 ns/op
WorkloadActual   6: 16777216 op, 626970700.00 ns, 37.3704 ns/op
WorkloadActual   7: 16777216 op, 842154900.00 ns, 50.1963 ns/op
WorkloadActual   8: 16777216 op, 626576800.00 ns, 37.3469 ns/op
WorkloadActual   9: 16777216 op, 709191000.00 ns, 42.2711 ns/op
WorkloadActual  10: 16777216 op, 625574800.00 ns, 37.2872 ns/op
WorkloadActual  11: 16777216 op, 836857500.00 ns, 49.8806 ns/op
WorkloadActual  12: 16777216 op, 737125900.00 ns, 43.9361 ns/op
WorkloadActual  13: 16777216 op, 669262900.00 ns, 39.8912 ns/op
WorkloadActual  14: 16777216 op, 694131900.00 ns, 41.3735 ns/op
WorkloadActual  15: 16777216 op, 621089800.00 ns, 37.0198 ns/op
WorkloadActual  16: 16777216 op, 716074400.00 ns, 42.6814 ns/op
WorkloadActual  17: 16777216 op, 620293700.00 ns, 36.9724 ns/op
WorkloadActual  18: 16777216 op, 706901300.00 ns, 42.1346 ns/op
WorkloadActual  19: 16777216 op, 630548600.00 ns, 37.5836 ns/op
WorkloadActual  20: 16777216 op, 710860100.00 ns, 42.3706 ns/op
WorkloadActual  21: 16777216 op, 679935300.00 ns, 40.5273 ns/op
WorkloadActual  22: 16777216 op, 626860400.00 ns, 37.3638 ns/op
WorkloadActual  23: 16777216 op, 690152300.00 ns, 41.1363 ns/op
WorkloadActual  24: 16777216 op, 635105100.00 ns, 37.8552 ns/op
WorkloadActual  25: 16777216 op, 709670800.00 ns, 42.2997 ns/op
WorkloadActual  26: 16777216 op, 625381700.00 ns, 37.2757 ns/op
WorkloadActual  27: 16777216 op, 679603600.00 ns, 40.5075 ns/op
WorkloadActual  28: 16777216 op, 624341500.00 ns, 37.2137 ns/op
WorkloadActual  29: 16777216 op, 755510800.00 ns, 45.0320 ns/op
WorkloadActual  30: 16777216 op, 626046200.00 ns, 37.3153 ns/op
WorkloadActual  31: 16777216 op, 735376100.00 ns, 43.8318 ns/op
WorkloadActual  32: 16777216 op, 620038700.00 ns, 36.9572 ns/op
WorkloadActual  33: 16777216 op, 663514000.00 ns, 39.5485 ns/op
WorkloadActual  34: 16777216 op, 624289300.00 ns, 37.2105 ns/op
WorkloadActual  35: 16777216 op, 625701500.00 ns, 37.2947 ns/op
WorkloadActual  36: 16777216 op, 726596100.00 ns, 43.3085 ns/op
WorkloadActual  37: 16777216 op, 627697300.00 ns, 37.4137 ns/op
WorkloadActual  38: 16777216 op, 658384400.00 ns, 39.2428 ns/op
WorkloadActual  39: 16777216 op, 611865100.00 ns, 36.4700 ns/op
WorkloadActual  40: 16777216 op, 716652800.00 ns, 42.7158 ns/op
WorkloadActual  41: 16777216 op, 616831200.00 ns, 36.7660 ns/op
WorkloadActual  42: 16777216 op, 748750900.00 ns, 44.6290 ns/op
WorkloadActual  43: 16777216 op, 622843100.00 ns, 37.1243 ns/op
WorkloadActual  44: 16777216 op, 741654600.00 ns, 44.2061 ns/op
WorkloadActual  45: 16777216 op, 606971600.00 ns, 36.1783 ns/op
WorkloadActual  46: 16777216 op, 742417700.00 ns, 44.2515 ns/op
WorkloadActual  47: 16777216 op, 723130900.00 ns, 43.1020 ns/op
WorkloadActual  48: 16777216 op, 612789800.00 ns, 36.5251 ns/op
WorkloadActual  49: 16777216 op, 717472800.00 ns, 42.7647 ns/op
WorkloadActual  50: 16777216 op, 619726400.00 ns, 36.9386 ns/op
WorkloadActual  51: 16777216 op, 686599800.00 ns, 40.9245 ns/op
WorkloadActual  52: 16777216 op, 617597000.00 ns, 36.8116 ns/op
WorkloadActual  53: 16777216 op, 678313600.00 ns, 40.4306 ns/op
WorkloadActual  54: 16777216 op, 616254300.00 ns, 36.7316 ns/op
WorkloadActual  55: 16777216 op, 688025000.00 ns, 41.0095 ns/op
WorkloadActual  56: 16777216 op, 626773000.00 ns, 37.3586 ns/op
WorkloadActual  57: 16777216 op, 689538400.00 ns, 41.0997 ns/op
WorkloadActual  58: 16777216 op, 616416300.00 ns, 36.7413 ns/op
WorkloadActual  59: 16777216 op, 715300900.00 ns, 42.6353 ns/op
WorkloadActual  60: 16777216 op, 611891800.00 ns, 36.4716 ns/op
WorkloadActual  61: 16777216 op, 677506500.00 ns, 40.3825 ns/op
WorkloadActual  62: 16777216 op, 610390400.00 ns, 36.3821 ns/op
WorkloadActual  63: 16777216 op, 696279000.00 ns, 41.5015 ns/op
WorkloadActual  64: 16777216 op, 611453900.00 ns, 36.4455 ns/op
WorkloadActual  65: 16777216 op, 753731400.00 ns, 44.9259 ns/op
WorkloadActual  66: 16777216 op, 664411000.00 ns, 39.6020 ns/op
WorkloadActual  67: 16777216 op, 619775600.00 ns, 36.9415 ns/op
WorkloadActual  68: 16777216 op, 780680100.00 ns, 46.5322 ns/op
WorkloadActual  69: 16777216 op, 624015600.00 ns, 37.1942 ns/op
WorkloadActual  70: 16777216 op, 749102900.00 ns, 44.6500 ns/op
WorkloadActual  71: 16777216 op, 612724900.00 ns, 36.5213 ns/op
WorkloadActual  72: 16777216 op, 736647800.00 ns, 43.9076 ns/op
WorkloadActual  73: 16777216 op, 620577400.00 ns, 36.9893 ns/op
WorkloadActual  74: 16777216 op, 702015400.00 ns, 41.8434 ns/op
WorkloadActual  75: 16777216 op, 618729600.00 ns, 36.8792 ns/op
WorkloadActual  76: 16777216 op, 716612000.00 ns, 42.7134 ns/op
WorkloadActual  77: 16777216 op, 773792400.00 ns, 46.1216 ns/op
WorkloadActual  78: 16777216 op, 617389100.00 ns, 36.7993 ns/op
WorkloadActual  79: 16777216 op, 849731200.00 ns, 50.6479 ns/op
WorkloadActual  80: 16777216 op, 610073100.00 ns, 36.3632 ns/op
WorkloadActual  81: 16777216 op, 837655900.00 ns, 49.9282 ns/op
WorkloadActual  82: 16777216 op, 611812000.00 ns, 36.4668 ns/op
WorkloadActual  83: 16777216 op, 752690900.00 ns, 44.8639 ns/op
WorkloadActual  84: 16777216 op, 717894100.00 ns, 42.7898 ns/op
WorkloadActual  85: 16777216 op, 623039400.00 ns, 37.1360 ns/op
WorkloadActual  86: 16777216 op, 694640900.00 ns, 41.4038 ns/op
WorkloadActual  87: 16777216 op, 618355000.00 ns, 36.8568 ns/op
WorkloadActual  88: 16777216 op, 774699200.00 ns, 46.1757 ns/op
WorkloadActual  89: 16777216 op, 613778100.00 ns, 36.5840 ns/op
WorkloadActual  90: 16777216 op, 792128900.00 ns, 47.2146 ns/op
WorkloadActual  91: 16777216 op, 637567700.00 ns, 38.0020 ns/op
WorkloadActual  92: 16777216 op, 724750500.00 ns, 43.1985 ns/op
WorkloadActual  93: 16777216 op, 768984000.00 ns, 45.8350 ns/op
WorkloadActual  94: 16777216 op, 616577100.00 ns, 36.7509 ns/op
WorkloadActual  95: 16777216 op, 779344000.00 ns, 46.4525 ns/op
WorkloadActual  96: 16777216 op, 621439800.00 ns, 37.0407 ns/op
WorkloadActual  97: 16777216 op, 720569800.00 ns, 42.9493 ns/op
WorkloadActual  98: 16777216 op, 623436300.00 ns, 37.1597 ns/op
WorkloadActual  99: 16777216 op, 710984000.00 ns, 42.3779 ns/op
WorkloadActual  100: 16777216 op, 617359900.00 ns, 36.7975 ns/op

// AfterActualRun
WorkloadResult   1: 16777216 op, 669006750.00 ns, 39.8759 ns/op
WorkloadResult   2: 16777216 op, 608446550.00 ns, 36.2662 ns/op
WorkloadResult   3: 16777216 op, 636967150.00 ns, 37.9662 ns/op
WorkloadResult   4: 16777216 op, 596300850.00 ns, 35.5423 ns/op
WorkloadResult   5: 16777216 op, 702755750.00 ns, 41.8875 ns/op
WorkloadResult   6: 16777216 op, 601502150.00 ns, 35.8523 ns/op
WorkloadResult   7: 16777216 op, 816686350.00 ns, 48.6783 ns/op
WorkloadResult   8: 16777216 op, 601108250.00 ns, 35.8288 ns/op
WorkloadResult   9: 16777216 op, 683722450.00 ns, 40.7530 ns/op
WorkloadResult  10: 16777216 op, 600106250.00 ns, 35.7691 ns/op
WorkloadResult  11: 16777216 op, 811388950.00 ns, 48.3626 ns/op
WorkloadResult  12: 16777216 op, 711657350.00 ns, 42.4181 ns/op
WorkloadResult  13: 16777216 op, 643794350.00 ns, 38.3731 ns/op
WorkloadResult  14: 16777216 op, 668663350.00 ns, 39.8554 ns/op
WorkloadResult  15: 16777216 op, 595621250.00 ns, 35.5018 ns/op
WorkloadResult  16: 16777216 op, 690605850.00 ns, 41.1633 ns/op
WorkloadResult  17: 16777216 op, 594825150.00 ns, 35.4543 ns/op
WorkloadResult  18: 16777216 op, 681432750.00 ns, 40.6166 ns/op
WorkloadResult  19: 16777216 op, 605080050.00 ns, 36.0656 ns/op
WorkloadResult  20: 16777216 op, 685391550.00 ns, 40.8525 ns/op
WorkloadResult  21: 16777216 op, 654466750.00 ns, 39.0093 ns/op
WorkloadResult  22: 16777216 op, 601391850.00 ns, 35.8457 ns/op
WorkloadResult  23: 16777216 op, 664683750.00 ns, 39.6182 ns/op
WorkloadResult  24: 16777216 op, 609636550.00 ns, 36.3372 ns/op
WorkloadResult  25: 16777216 op, 684202250.00 ns, 40.7816 ns/op
WorkloadResult  26: 16777216 op, 599913150.00 ns, 35.7576 ns/op
WorkloadResult  27: 16777216 op, 654135050.00 ns, 38.9895 ns/op
WorkloadResult  28: 16777216 op, 598872950.00 ns, 35.6956 ns/op
WorkloadResult  29: 16777216 op, 730042250.00 ns, 43.5139 ns/op
WorkloadResult  30: 16777216 op, 600577650.00 ns, 35.7972 ns/op
WorkloadResult  31: 16777216 op, 709907550.00 ns, 42.3138 ns/op
WorkloadResult  32: 16777216 op, 594570150.00 ns, 35.4391 ns/op
WorkloadResult  33: 16777216 op, 638045450.00 ns, 38.0305 ns/op
WorkloadResult  34: 16777216 op, 598820750.00 ns, 35.6925 ns/op
WorkloadResult  35: 16777216 op, 600232950.00 ns, 35.7767 ns/op
WorkloadResult  36: 16777216 op, 701127550.00 ns, 41.7905 ns/op
WorkloadResult  37: 16777216 op, 602228750.00 ns, 35.8956 ns/op
WorkloadResult  38: 16777216 op, 632915850.00 ns, 37.7247 ns/op
WorkloadResult  39: 16777216 op, 586396550.00 ns, 34.9520 ns/op
WorkloadResult  40: 16777216 op, 691184250.00 ns, 41.1978 ns/op
WorkloadResult  41: 16777216 op, 591362650.00 ns, 35.2480 ns/op
WorkloadResult  42: 16777216 op, 723282350.00 ns, 43.1110 ns/op
WorkloadResult  43: 16777216 op, 597374550.00 ns, 35.6063 ns/op
WorkloadResult  44: 16777216 op, 716186050.00 ns, 42.6880 ns/op
WorkloadResult  45: 16777216 op, 581503050.00 ns, 34.6603 ns/op
WorkloadResult  46: 16777216 op, 716949150.00 ns, 42.7335 ns/op
WorkloadResult  47: 16777216 op, 697662350.00 ns, 41.5839 ns/op
WorkloadResult  48: 16777216 op, 587321250.00 ns, 35.0071 ns/op
WorkloadResult  49: 16777216 op, 692004250.00 ns, 41.2467 ns/op
WorkloadResult  50: 16777216 op, 594257850.00 ns, 35.4205 ns/op
WorkloadResult  51: 16777216 op, 661131250.00 ns, 39.4065 ns/op
WorkloadResult  52: 16777216 op, 592128450.00 ns, 35.2936 ns/op
WorkloadResult  53: 16777216 op, 652845050.00 ns, 38.9126 ns/op
WorkloadResult  54: 16777216 op, 590785750.00 ns, 35.2136 ns/op
WorkloadResult  55: 16777216 op, 662556450.00 ns, 39.4914 ns/op
WorkloadResult  56: 16777216 op, 601304450.00 ns, 35.8405 ns/op
WorkloadResult  57: 16777216 op, 664069850.00 ns, 39.5816 ns/op
WorkloadResult  58: 16777216 op, 590947750.00 ns, 35.2232 ns/op
WorkloadResult  59: 16777216 op, 689832350.00 ns, 41.1172 ns/op
WorkloadResult  60: 16777216 op, 586423250.00 ns, 34.9535 ns/op
WorkloadResult  61: 16777216 op, 652037950.00 ns, 38.8645 ns/op
WorkloadResult  62: 16777216 op, 584921850.00 ns, 34.8641 ns/op
WorkloadResult  63: 16777216 op, 670810450.00 ns, 39.9834 ns/op
WorkloadResult  64: 16777216 op, 585985350.00 ns, 34.9274 ns/op
WorkloadResult  65: 16777216 op, 728262850.00 ns, 43.4078 ns/op
WorkloadResult  66: 16777216 op, 638942450.00 ns, 38.0839 ns/op
WorkloadResult  67: 16777216 op, 594307050.00 ns, 35.4235 ns/op
WorkloadResult  68: 16777216 op, 755211550.00 ns, 45.0141 ns/op
WorkloadResult  69: 16777216 op, 598547050.00 ns, 35.6762 ns/op
WorkloadResult  70: 16777216 op, 723634350.00 ns, 43.1320 ns/op
WorkloadResult  71: 16777216 op, 587256350.00 ns, 35.0032 ns/op
WorkloadResult  72: 16777216 op, 711179250.00 ns, 42.3896 ns/op
WorkloadResult  73: 16777216 op, 595108850.00 ns, 35.4713 ns/op
WorkloadResult  74: 16777216 op, 676546850.00 ns, 40.3253 ns/op
WorkloadResult  75: 16777216 op, 593261050.00 ns, 35.3611 ns/op
WorkloadResult  76: 16777216 op, 691143450.00 ns, 41.1954 ns/op
WorkloadResult  77: 16777216 op, 748323850.00 ns, 44.6036 ns/op
WorkloadResult  78: 16777216 op, 591920550.00 ns, 35.2812 ns/op
WorkloadResult  79: 16777216 op, 824262650.00 ns, 49.1299 ns/op
WorkloadResult  80: 16777216 op, 584604550.00 ns, 34.8451 ns/op
WorkloadResult  81: 16777216 op, 812187350.00 ns, 48.4101 ns/op
WorkloadResult  82: 16777216 op, 586343450.00 ns, 34.9488 ns/op
WorkloadResult  83: 16777216 op, 727222350.00 ns, 43.3458 ns/op
WorkloadResult  84: 16777216 op, 692425550.00 ns, 41.2718 ns/op
WorkloadResult  85: 16777216 op, 597570850.00 ns, 35.6180 ns/op
WorkloadResult  86: 16777216 op, 669172350.00 ns, 39.8858 ns/op
WorkloadResult  87: 16777216 op, 592886450.00 ns, 35.3388 ns/op
WorkloadResult  88: 16777216 op, 749230650.00 ns, 44.6576 ns/op
WorkloadResult  89: 16777216 op, 588309550.00 ns, 35.0660 ns/op
WorkloadResult  90: 16777216 op, 766660350.00 ns, 45.6965 ns/op
WorkloadResult  91: 16777216 op, 612099150.00 ns, 36.4840 ns/op
WorkloadResult  92: 16777216 op, 699281950.00 ns, 41.6805 ns/op
WorkloadResult  93: 16777216 op, 743515450.00 ns, 44.3170 ns/op
WorkloadResult  94: 16777216 op, 591108550.00 ns, 35.2328 ns/op
WorkloadResult  95: 16777216 op, 753875450.00 ns, 44.9345 ns/op
WorkloadResult  96: 16777216 op, 595971250.00 ns, 35.5227 ns/op
WorkloadResult  97: 16777216 op, 695101250.00 ns, 41.4313 ns/op
WorkloadResult  98: 16777216 op, 597967750.00 ns, 35.6417 ns/op
WorkloadResult  99: 16777216 op, 685515450.00 ns, 40.8599 ns/op
WorkloadResult  100: 16777216 op, 591891350.00 ns, 35.2795 ns/op
// GC:  14 0 0 805306432 16777216
// Threading:  0 0 16777216

// AfterAll
// Benchmark Process 13344 has exited with code 0.

Mean = 38.882 ns, StdErr = 0.377 ns (0.97%), N = 100, StdDev = 3.765 ns
Min = 34.660 ns, Q1 = 35.517 ns, Median = 38.229 ns, Q3 = 41.312 ns, Max = 49.130 ns
IQR = 5.794 ns, LowerFence = 26.826 ns, UpperFence = 50.003 ns
ConfidenceInterval = [37.605 ns; 40.159 ns] (CI 99.9%), Margin = 1.277 ns (3.28% of Mean)
Skewness = 0.76, Kurtosis = 2.72, MValue = 2.7

// ** Remained 2 (66.7%) benchmark(s) to run. Estimated finish 2026-05-14 19:06 (0h 2m from now) **
Setup power plan (GUID: 8c5e7fda-e8bf-4a96-9a85-a6e23a8c635c FriendlyName: High performance)
// **************************
// Benchmark: SourceGenBenchmarks.ZLogger_ZLoggerMessage: DefaultJob
// *** Execute ***
// Launch: 1 / 1
// Execute: dotnet 52a96698-d770-4d51-a345-fc1343ec1251.dll --anonymousPipes 24204 53052 --benchmarkName MMP.Herald.OSS.Benchmarks.Comparisons.HeraldRow.SourceGenBenchmarks.ZLogger_ZLoggerMessage --job Default --benchmarkId 1 in E:\dev\Herald.OSS\benchmarking\comparisons\net10\herald\bin\Release\net10.0\52a96698-d770-4d51-a345-fc1343ec1251\bin\Release\net10.0
// BeforeAnythingElse

// Benchmark Process Environment Information:
// BenchmarkDotNet v0.14.0
// Runtime=.NET 10.0.8 (10.0.826.23019), X64 RyuJIT AVX2
// GC=Concurrent Server
// HardwareIntrinsics=AVX2,AES,BMI1,BMI2,FMA,LZCNT,PCLMUL,POPCNT,AvxVnni,SERIALIZE VectorSize=256
// Job: DefaultJob

OverheadJitting  1: 1 op, 181700.00 ns, 181.7000 us/op
WorkloadJitting  1: 1 op, 2375300.00 ns, 2.3753 ms/op

OverheadJitting  2: 16 op, 156300.00 ns, 9.7688 us/op
WorkloadJitting  2: 16 op, 207500.00 ns, 12.9688 us/op

WorkloadPilot    1: 16 op, 24400.00 ns, 1.5250 us/op
WorkloadPilot    2: 32 op, 28200.00 ns, 881.2500 ns/op
WorkloadPilot    3: 64 op, 46500.00 ns, 726.5625 ns/op
WorkloadPilot    4: 128 op, 57100.00 ns, 446.0938 ns/op
WorkloadPilot    5: 256 op, 98700.00 ns, 385.5469 ns/op
WorkloadPilot    6: 512 op, 200900.00 ns, 392.3828 ns/op
WorkloadPilot    7: 1024 op, 378100.00 ns, 369.2383 ns/op
WorkloadPilot    8: 2048 op, 755500.00 ns, 368.8965 ns/op
WorkloadPilot    9: 4096 op, 1493500.00 ns, 364.6240 ns/op
WorkloadPilot   10: 8192 op, 2918100.00 ns, 356.2134 ns/op
WorkloadPilot   11: 16384 op, 6120800.00 ns, 373.5840 ns/op
WorkloadPilot   12: 32768 op, 11300300.00 ns, 344.8578 ns/op
WorkloadPilot   13: 65536 op, 22356000.00 ns, 341.1255 ns/op
WorkloadPilot   14: 131072 op, 42780000.00 ns, 326.3855 ns/op
WorkloadPilot   15: 262144 op, 103847300.00 ns, 396.1460 ns/op
WorkloadPilot   16: 524288 op, 184609500.00 ns, 352.1147 ns/op
WorkloadPilot   17: 1048576 op, 167150400.00 ns, 159.4070 ns/op
WorkloadPilot   18: 2097152 op, 329067100.00 ns, 156.9114 ns/op
WorkloadPilot   19: 4194304 op, 644116700.00 ns, 153.5694 ns/op

OverheadWarmup   1: 4194304 op, 7973900.00 ns, 1.9011 ns/op
OverheadWarmup   2: 4194304 op, 8056000.00 ns, 1.9207 ns/op
OverheadWarmup   3: 4194304 op, 7993900.00 ns, 1.9059 ns/op
OverheadWarmup   4: 4194304 op, 6470100.00 ns, 1.5426 ns/op
OverheadWarmup   5: 4194304 op, 6360100.00 ns, 1.5164 ns/op
OverheadWarmup   6: 4194304 op, 6296700.00 ns, 1.5013 ns/op
OverheadWarmup   7: 4194304 op, 6286200.00 ns, 1.4987 ns/op
OverheadWarmup   8: 4194304 op, 6341800.00 ns, 1.5120 ns/op
OverheadWarmup   9: 4194304 op, 6324200.00 ns, 1.5078 ns/op

OverheadActual   1: 4194304 op, 6291200.00 ns, 1.4999 ns/op
OverheadActual   2: 4194304 op, 6357700.00 ns, 1.5158 ns/op
OverheadActual   3: 4194304 op, 6277200.00 ns, 1.4966 ns/op
OverheadActual   4: 4194304 op, 6517500.00 ns, 1.5539 ns/op
OverheadActual   5: 4194304 op, 6338500.00 ns, 1.5112 ns/op
OverheadActual   6: 4194304 op, 6256200.00 ns, 1.4916 ns/op
OverheadActual   7: 4194304 op, 6466000.00 ns, 1.5416 ns/op
OverheadActual   8: 4194304 op, 6321400.00 ns, 1.5071 ns/op
OverheadActual   9: 4194304 op, 6255800.00 ns, 1.4915 ns/op
OverheadActual  10: 4194304 op, 6244000.00 ns, 1.4887 ns/op
OverheadActual  11: 4194304 op, 6252200.00 ns, 1.4906 ns/op
OverheadActual  12: 4194304 op, 6275700.00 ns, 1.4962 ns/op
OverheadActual  13: 4194304 op, 6240700.00 ns, 1.4879 ns/op
OverheadActual  14: 4194304 op, 6272200.00 ns, 1.4954 ns/op
OverheadActual  15: 4194304 op, 6266200.00 ns, 1.4940 ns/op

WorkloadWarmup   1: 4194304 op, 643184300.00 ns, 153.3471 ns/op
WorkloadWarmup   2: 4194304 op, 640505200.00 ns, 152.7083 ns/op
WorkloadWarmup   3: 4194304 op, 646521100.00 ns, 154.1426 ns/op
WorkloadWarmup   4: 4194304 op, 648307800.00 ns, 154.5686 ns/op
WorkloadWarmup   5: 4194304 op, 670621700.00 ns, 159.8887 ns/op
WorkloadWarmup   6: 4194304 op, 617393800.00 ns, 147.1982 ns/op
WorkloadWarmup   7: 4194304 op, 646474400.00 ns, 154.1315 ns/op
WorkloadWarmup   8: 4194304 op, 629849800.00 ns, 150.1679 ns/op

// BeforeActualRun
WorkloadActual   1: 4194304 op, 625130400.00 ns, 149.0427 ns/op
WorkloadActual   2: 4194304 op, 669108100.00 ns, 159.5278 ns/op
WorkloadActual   3: 4194304 op, 643361900.00 ns, 153.3894 ns/op
WorkloadActual   4: 4194304 op, 618615600.00 ns, 147.4895 ns/op
WorkloadActual   5: 4194304 op, 663595200.00 ns, 158.2134 ns/op
WorkloadActual   6: 4194304 op, 630105400.00 ns, 150.2288 ns/op
WorkloadActual   7: 4194304 op, 657634300.00 ns, 156.7922 ns/op
WorkloadActual   8: 4194304 op, 690205400.00 ns, 164.5578 ns/op
WorkloadActual   9: 4194304 op, 645726300.00 ns, 153.9531 ns/op
WorkloadActual  10: 4194304 op, 663492500.00 ns, 158.1889 ns/op
WorkloadActual  11: 4194304 op, 619948200.00 ns, 147.8072 ns/op
WorkloadActual  12: 4194304 op, 670233600.00 ns, 159.7961 ns/op
WorkloadActual  13: 4194304 op, 674149300.00 ns, 160.7297 ns/op
WorkloadActual  14: 4194304 op, 634299400.00 ns, 151.2288 ns/op
WorkloadActual  15: 4194304 op, 697282100.00 ns, 166.2450 ns/op
WorkloadActual  16: 4194304 op, 653677700.00 ns, 155.8489 ns/op
WorkloadActual  17: 4194304 op, 640222500.00 ns, 152.6409 ns/op
WorkloadActual  18: 4194304 op, 645905500.00 ns, 153.9959 ns/op
WorkloadActual  19: 4194304 op, 665432800.00 ns, 158.6515 ns/op
WorkloadActual  20: 4194304 op, 655619700.00 ns, 156.3119 ns/op
WorkloadActual  21: 4194304 op, 654895300.00 ns, 156.1392 ns/op
WorkloadActual  22: 4194304 op, 604948000.00 ns, 144.2308 ns/op
WorkloadActual  23: 4194304 op, 641601900.00 ns, 152.9698 ns/op
WorkloadActual  24: 4194304 op, 620721100.00 ns, 147.9914 ns/op
WorkloadActual  25: 4194304 op, 646720600.00 ns, 154.1902 ns/op
WorkloadActual  26: 4194304 op, 650670200.00 ns, 155.1319 ns/op
WorkloadActual  27: 4194304 op, 667191800.00 ns, 159.0709 ns/op
WorkloadActual  28: 4194304 op, 636116100.00 ns, 151.6619 ns/op
WorkloadActual  29: 4194304 op, 667708800.00 ns, 159.1942 ns/op
WorkloadActual  30: 4194304 op, 667138300.00 ns, 159.0582 ns/op
WorkloadActual  31: 4194304 op, 667239300.00 ns, 159.0822 ns/op
WorkloadActual  32: 4194304 op, 631002400.00 ns, 150.4427 ns/op
WorkloadActual  33: 4194304 op, 675228200.00 ns, 160.9869 ns/op
WorkloadActual  34: 4194304 op, 639069800.00 ns, 152.3661 ns/op
WorkloadActual  35: 4194304 op, 662977700.00 ns, 158.0662 ns/op

// AfterActualRun
WorkloadResult   1: 4194304 op, 618854700.00 ns, 147.5465 ns/op
WorkloadResult   2: 4194304 op, 662832400.00 ns, 158.0316 ns/op
WorkloadResult   3: 4194304 op, 637086200.00 ns, 151.8932 ns/op
WorkloadResult   4: 4194304 op, 612339900.00 ns, 145.9932 ns/op
WorkloadResult   5: 4194304 op, 657319500.00 ns, 156.7172 ns/op
WorkloadResult   6: 4194304 op, 623829700.00 ns, 148.7326 ns/op
WorkloadResult   7: 4194304 op, 651358600.00 ns, 155.2960 ns/op
WorkloadResult   8: 4194304 op, 683929700.00 ns, 163.0615 ns/op
WorkloadResult   9: 4194304 op, 639450600.00 ns, 152.4569 ns/op
WorkloadResult  10: 4194304 op, 657216800.00 ns, 156.6927 ns/op
WorkloadResult  11: 4194304 op, 613672500.00 ns, 146.3109 ns/op
WorkloadResult  12: 4194304 op, 663957900.00 ns, 158.2999 ns/op
WorkloadResult  13: 4194304 op, 667873600.00 ns, 159.2335 ns/op
WorkloadResult  14: 4194304 op, 628023700.00 ns, 149.7325 ns/op
WorkloadResult  15: 4194304 op, 691006400.00 ns, 164.7488 ns/op
WorkloadResult  16: 4194304 op, 647402000.00 ns, 154.3527 ns/op
WorkloadResult  17: 4194304 op, 633946800.00 ns, 151.1447 ns/op
WorkloadResult  18: 4194304 op, 639629800.00 ns, 152.4996 ns/op
WorkloadResult  19: 4194304 op, 659157100.00 ns, 157.1553 ns/op
WorkloadResult  20: 4194304 op, 649344000.00 ns, 154.8157 ns/op
WorkloadResult  21: 4194304 op, 648619600.00 ns, 154.6430 ns/op
WorkloadResult  22: 4194304 op, 598672300.00 ns, 142.7346 ns/op
WorkloadResult  23: 4194304 op, 635326200.00 ns, 151.4736 ns/op
WorkloadResult  24: 4194304 op, 614445400.00 ns, 146.4952 ns/op
WorkloadResult  25: 4194304 op, 640444900.00 ns, 152.6940 ns/op
WorkloadResult  26: 4194304 op, 644394500.00 ns, 153.6356 ns/op
WorkloadResult  27: 4194304 op, 660916100.00 ns, 157.5747 ns/op
WorkloadResult  28: 4194304 op, 629840400.00 ns, 150.1657 ns/op
WorkloadResult  29: 4194304 op, 661433100.00 ns, 157.6979 ns/op
WorkloadResult  30: 4194304 op, 660862600.00 ns, 157.5619 ns/op
WorkloadResult  31: 4194304 op, 660963600.00 ns, 157.5860 ns/op
WorkloadResult  32: 4194304 op, 624726700.00 ns, 148.9465 ns/op
WorkloadResult  33: 4194304 op, 668952500.00 ns, 159.4907 ns/op
WorkloadResult  34: 4194304 op, 632794100.00 ns, 150.8699 ns/op
WorkloadResult  35: 4194304 op, 656702000.00 ns, 156.5700 ns/op
// GC:  0 0 0 43176256 4194304
// Threading:  0 0 4194304

// AfterAll
// Benchmark Process 68536 has exited with code 0.

Mean = 153.796 ns, StdErr = 0.842 ns (0.55%), N = 35, StdDev = 4.983 ns
Min = 142.735 ns, Q1 = 150.518 ns, Median = 154.353 ns, Q3 = 157.568 ns, Max = 164.749 ns
IQR = 7.051 ns, LowerFence = 139.942 ns, UpperFence = 168.144 ns
ConfidenceInterval = [150.763 ns; 156.828 ns] (CI 99.9%), Margin = 3.033 ns (1.97% of Mean)
Skewness = -0.08, Kurtosis = 2.49, MValue = 2

// ** Remained 1 (33.3%) benchmark(s) to run. Estimated finish 2026-05-14 19:06 (0h 1m from now) **
Setup power plan (GUID: 8c5e7fda-e8bf-4a96-9a85-a6e23a8c635c FriendlyName: High performance)
// **************************
// Benchmark: SourceGenBenchmarks.Mel_LoggerMessage: DefaultJob
// *** Execute ***
// Launch: 1 / 1
// Execute: dotnet 52a96698-d770-4d51-a345-fc1343ec1251.dll --anonymousPipes 11396 42572 --benchmarkName MMP.Herald.OSS.Benchmarks.Comparisons.HeraldRow.SourceGenBenchmarks.Mel_LoggerMessage --job Default --benchmarkId 2 in E:\dev\Herald.OSS\benchmarking\comparisons\net10\herald\bin\Release\net10.0\52a96698-d770-4d51-a345-fc1343ec1251\bin\Release\net10.0
// BeforeAnythingElse

// Benchmark Process Environment Information:
// BenchmarkDotNet v0.14.0
// Runtime=.NET 10.0.8 (10.0.826.23019), X64 RyuJIT AVX2
// GC=Concurrent Server
// HardwareIntrinsics=AVX2,AES,BMI1,BMI2,FMA,LZCNT,PCLMUL,POPCNT,AvxVnni,SERIALIZE VectorSize=256
// Job: DefaultJob

OverheadJitting  1: 1 op, 189300.00 ns, 189.3000 us/op
WorkloadJitting  1: 1 op, 5458500.00 ns, 5.4585 ms/op

OverheadJitting  2: 16 op, 179400.00 ns, 11.2125 us/op
WorkloadJitting  2: 16 op, 213600.00 ns, 13.3500 us/op

WorkloadPilot    1: 16 op, 19700.00 ns, 1.2313 us/op
WorkloadPilot    2: 32 op, 35900.00 ns, 1.1219 us/op
WorkloadPilot    3: 64 op, 54000.00 ns, 843.7500 ns/op
WorkloadPilot    4: 128 op, 68600.00 ns, 535.9375 ns/op
WorkloadPilot    5: 256 op, 167800.00 ns, 655.4688 ns/op
WorkloadPilot    6: 512 op, 266700.00 ns, 520.8984 ns/op
WorkloadPilot    7: 1024 op, 527600.00 ns, 515.2344 ns/op
WorkloadPilot    8: 2048 op, 1242000.00 ns, 606.4453 ns/op
WorkloadPilot    9: 4096 op, 2002500.00 ns, 488.8916 ns/op
WorkloadPilot   10: 8192 op, 4315800.00 ns, 526.8311 ns/op
WorkloadPilot   11: 16384 op, 8355300.00 ns, 509.9670 ns/op
WorkloadPilot   12: 32768 op, 16079900.00 ns, 490.7196 ns/op
WorkloadPilot   13: 65536 op, 30105000.00 ns, 459.3658 ns/op
WorkloadPilot   14: 131072 op, 57714400.00 ns, 440.3259 ns/op
WorkloadPilot   15: 262144 op, 111316400.00 ns, 424.6384 ns/op
WorkloadPilot   16: 524288 op, 90671000.00 ns, 172.9412 ns/op
WorkloadPilot   17: 1048576 op, 178783900.00 ns, 170.5016 ns/op
WorkloadPilot   18: 2097152 op, 480429400.00 ns, 229.0866 ns/op
WorkloadPilot   19: 4194304 op, 696110300.00 ns, 165.9656 ns/op

OverheadWarmup   1: 4194304 op, 8093000.00 ns, 1.9295 ns/op
OverheadWarmup   2: 4194304 op, 8132600.00 ns, 1.9390 ns/op
OverheadWarmup   3: 4194304 op, 8099500.00 ns, 1.9311 ns/op
OverheadWarmup   4: 4194304 op, 8096700.00 ns, 1.9304 ns/op
OverheadWarmup   5: 4194304 op, 8136800.00 ns, 1.9400 ns/op
OverheadWarmup   6: 4194304 op, 8103800.00 ns, 1.9321 ns/op

OverheadActual   1: 4194304 op, 8162600.00 ns, 1.9461 ns/op
OverheadActual   2: 4194304 op, 8087000.00 ns, 1.9281 ns/op
OverheadActual   3: 4194304 op, 8051300.00 ns, 1.9196 ns/op
OverheadActual   4: 4194304 op, 8045100.00 ns, 1.9181 ns/op
OverheadActual   5: 4194304 op, 8147400.00 ns, 1.9425 ns/op
OverheadActual   6: 4194304 op, 9790600.00 ns, 2.3343 ns/op
OverheadActual   7: 4194304 op, 8116500.00 ns, 1.9351 ns/op
OverheadActual   8: 4194304 op, 8089300.00 ns, 1.9286 ns/op
OverheadActual   9: 4194304 op, 8092100.00 ns, 1.9293 ns/op
OverheadActual  10: 4194304 op, 8082300.00 ns, 1.9270 ns/op
OverheadActual  11: 4194304 op, 8056700.00 ns, 1.9209 ns/op
OverheadActual  12: 4194304 op, 8106300.00 ns, 1.9327 ns/op
OverheadActual  13: 4194304 op, 8140400.00 ns, 1.9408 ns/op
OverheadActual  14: 4194304 op, 8099300.00 ns, 1.9310 ns/op
OverheadActual  15: 4194304 op, 8068100.00 ns, 1.9236 ns/op

WorkloadWarmup   1: 4194304 op, 837090700.00 ns, 199.5780 ns/op
WorkloadWarmup   2: 4194304 op, 1087078200.00 ns, 259.1796 ns/op
WorkloadWarmup   3: 4194304 op, 854974200.00 ns, 203.8417 ns/op
WorkloadWarmup   4: 4194304 op, 741297500.00 ns, 176.7391 ns/op
WorkloadWarmup   5: 4194304 op, 799813500.00 ns, 190.6904 ns/op
WorkloadWarmup   6: 4194304 op, 823664100.00 ns, 196.3768 ns/op
WorkloadWarmup   7: 4194304 op, 686738900.00 ns, 163.7313 ns/op

// BeforeActualRun
WorkloadActual   1: 4194304 op, 762891900.00 ns, 181.8876 ns/op
WorkloadActual   2: 4194304 op, 721624100.00 ns, 172.0486 ns/op
WorkloadActual   3: 4194304 op, 902969800.00 ns, 215.2848 ns/op
WorkloadActual   4: 4194304 op, 843300000.00 ns, 201.0584 ns/op
WorkloadActual   5: 4194304 op, 773945500.00 ns, 184.5230 ns/op
WorkloadActual   6: 4194304 op, 828669500.00 ns, 197.5702 ns/op
WorkloadActual   7: 4194304 op, 985947600.00 ns, 235.0682 ns/op
WorkloadActual   8: 4194304 op, 747549200.00 ns, 178.2296 ns/op
WorkloadActual   9: 4194304 op, 806306700.00 ns, 192.2385 ns/op
WorkloadActual  10: 4194304 op, 835858700.00 ns, 199.2842 ns/op
WorkloadActual  11: 4194304 op, 725758200.00 ns, 173.0342 ns/op
WorkloadActual  12: 4194304 op, 847438100.00 ns, 202.0450 ns/op
WorkloadActual  13: 4194304 op, 810148100.00 ns, 193.1544 ns/op
WorkloadActual  14: 4194304 op, 783546000.00 ns, 186.8119 ns/op
WorkloadActual  15: 4194304 op, 875065300.00 ns, 208.6318 ns/op
WorkloadActual  16: 4194304 op, 858839600.00 ns, 204.7633 ns/op
WorkloadActual  17: 4194304 op, 685887900.00 ns, 163.5284 ns/op
WorkloadActual  18: 4194304 op, 873114700.00 ns, 208.1668 ns/op
WorkloadActual  19: 4194304 op, 697328500.00 ns, 166.2561 ns/op
WorkloadActual  20: 4194304 op, 656516800.00 ns, 156.5258 ns/op
WorkloadActual  21: 4194304 op, 889389500.00 ns, 212.0470 ns/op
WorkloadActual  22: 4194304 op, 718958800.00 ns, 171.4131 ns/op
WorkloadActual  23: 4194304 op, 859710600.00 ns, 204.9710 ns/op
WorkloadActual  24: 4194304 op, 885581900.00 ns, 211.1392 ns/op
WorkloadActual  25: 4194304 op, 698746000.00 ns, 166.5940 ns/op
WorkloadActual  26: 4194304 op, 890977500.00 ns, 212.4256 ns/op
WorkloadActual  27: 4194304 op, 930466600.00 ns, 221.8405 ns/op
WorkloadActual  28: 4194304 op, 721665300.00 ns, 172.0584 ns/op
WorkloadActual  29: 4194304 op, 838525100.00 ns, 199.9200 ns/op
WorkloadActual  30: 4194304 op, 913663300.00 ns, 217.8343 ns/op
WorkloadActual  31: 4194304 op, 743610900.00 ns, 177.2907 ns/op
WorkloadActual  32: 4194304 op, 884572000.00 ns, 210.8984 ns/op
WorkloadActual  33: 4194304 op, 909650400.00 ns, 216.8776 ns/op
WorkloadActual  34: 4194304 op, 708362500.00 ns, 168.8868 ns/op
WorkloadActual  35: 4194304 op, 839626000.00 ns, 200.1824 ns/op
WorkloadActual  36: 4194304 op, 953364800.00 ns, 227.2999 ns/op
WorkloadActual  37: 4194304 op, 691383000.00 ns, 164.8386 ns/op
WorkloadActual  38: 4194304 op, 796170500.00 ns, 189.8218 ns/op
WorkloadActual  39: 4194304 op, 782105600.00 ns, 186.4685 ns/op
WorkloadActual  40: 4194304 op, 731062200.00 ns, 174.2988 ns/op
WorkloadActual  41: 4194304 op, 781659300.00 ns, 186.3621 ns/op
WorkloadActual  42: 4194304 op, 675022900.00 ns, 160.9380 ns/op
WorkloadActual  43: 4194304 op, 824813900.00 ns, 196.6510 ns/op
WorkloadActual  44: 4194304 op, 739560600.00 ns, 176.3250 ns/op
WorkloadActual  45: 4194304 op, 678302700.00 ns, 161.7200 ns/op
WorkloadActual  46: 4194304 op, 865568600.00 ns, 206.3676 ns/op
WorkloadActual  47: 4194304 op, 713317500.00 ns, 170.0681 ns/op
WorkloadActual  48: 4194304 op, 892654100.00 ns, 212.8253 ns/op
WorkloadActual  49: 4194304 op, 873350600.00 ns, 208.2230 ns/op
WorkloadActual  50: 4194304 op, 684943200.00 ns, 163.3032 ns/op
WorkloadActual  51: 4194304 op, 797136700.00 ns, 190.0522 ns/op
WorkloadActual  52: 4194304 op, 874996700.00 ns, 208.6155 ns/op
WorkloadActual  53: 4194304 op, 707025600.00 ns, 168.5680 ns/op
WorkloadActual  54: 4194304 op, 772774800.00 ns, 184.2439 ns/op
WorkloadActual  55: 4194304 op, 902309300.00 ns, 215.1273 ns/op
WorkloadActual  56: 4194304 op, 709833400.00 ns, 169.2375 ns/op
WorkloadActual  57: 4194304 op, 915514100.00 ns, 218.2756 ns/op
WorkloadActual  58: 4194304 op, 936526300.00 ns, 223.2853 ns/op
WorkloadActual  59: 4194304 op, 733196300.00 ns, 174.8076 ns/op
WorkloadActual  60: 4194304 op, 819769700.00 ns, 195.4483 ns/op
WorkloadActual  61: 4194304 op, 820097300.00 ns, 195.5264 ns/op
WorkloadActual  62: 4194304 op, 730728300.00 ns, 174.2192 ns/op
WorkloadActual  63: 4194304 op, 757001100.00 ns, 180.4831 ns/op
WorkloadActual  64: 4194304 op, 737819700.00 ns, 175.9099 ns/op
WorkloadActual  65: 4194304 op, 878496900.00 ns, 209.4500 ns/op
WorkloadActual  66: 4194304 op, 842008400.00 ns, 200.7504 ns/op
WorkloadActual  67: 4194304 op, 691734400.00 ns, 164.9223 ns/op
WorkloadActual  68: 4194304 op, 876829900.00 ns, 209.0525 ns/op
WorkloadActual  69: 4194304 op, 866689300.00 ns, 206.6348 ns/op
WorkloadActual  70: 4194304 op, 720601900.00 ns, 171.8049 ns/op
WorkloadActual  71: 4194304 op, 785277400.00 ns, 187.2247 ns/op
WorkloadActual  72: 4194304 op, 717492500.00 ns, 171.0635 ns/op
WorkloadActual  73: 4194304 op, 768292300.00 ns, 183.1752 ns/op
WorkloadActual  74: 4194304 op, 865496400.00 ns, 206.3504 ns/op
WorkloadActual  75: 4194304 op, 718356600.00 ns, 171.2696 ns/op
WorkloadActual  76: 4194304 op, 1009864600.00 ns, 240.7705 ns/op
WorkloadActual  77: 4194304 op, 928743500.00 ns, 221.4297 ns/op
WorkloadActual  78: 4194304 op, 994794600.00 ns, 237.1775 ns/op
WorkloadActual  79: 4194304 op, 701817200.00 ns, 167.3263 ns/op
WorkloadActual  80: 4194304 op, 815164600.00 ns, 194.3504 ns/op
WorkloadActual  81: 4194304 op, 826294500.00 ns, 197.0040 ns/op
WorkloadActual  82: 4194304 op, 784578900.00 ns, 187.0582 ns/op
WorkloadActual  83: 4194304 op, 942663200.00 ns, 224.7484 ns/op
WorkloadActual  84: 4194304 op, 858196300.00 ns, 204.6099 ns/op
WorkloadActual  85: 4194304 op, 704027100.00 ns, 167.8531 ns/op
WorkloadActual  86: 4194304 op, 860148500.00 ns, 205.0754 ns/op
WorkloadActual  87: 4194304 op, 1061142500.00 ns, 252.9961 ns/op
WorkloadActual  88: 4194304 op, 849431100.00 ns, 202.5202 ns/op
WorkloadActual  89: 4194304 op, 666474200.00 ns, 158.8998 ns/op
WorkloadActual  90: 4194304 op, 980413800.00 ns, 233.7489 ns/op
WorkloadActual  91: 4194304 op, 731675300.00 ns, 174.4450 ns/op
WorkloadActual  92: 4194304 op, 759391100.00 ns, 181.0529 ns/op
WorkloadActual  93: 4194304 op, 905076500.00 ns, 215.7871 ns/op
WorkloadActual  94: 4194304 op, 711275700.00 ns, 169.5813 ns/op
WorkloadActual  95: 4194304 op, 951739300.00 ns, 226.9123 ns/op
WorkloadActual  96: 4194304 op, 770252800.00 ns, 183.6426 ns/op
WorkloadActual  97: 4194304 op, 685279400.00 ns, 163.3833 ns/op
WorkloadActual  98: 4194304 op, 813848800.00 ns, 194.0367 ns/op
WorkloadActual  99: 4194304 op, 809589500.00 ns, 193.0212 ns/op
WorkloadActual  100: 4194304 op, 795781100.00 ns, 189.7290 ns/op

// AfterActualRun
WorkloadResult   1: 4194304 op, 754799800.00 ns, 179.9583 ns/op
WorkloadResult   2: 4194304 op, 713532000.00 ns, 170.1193 ns/op
WorkloadResult   3: 4194304 op, 894877700.00 ns, 213.3555 ns/op
WorkloadResult   4: 4194304 op, 835207900.00 ns, 199.1291 ns/op
WorkloadResult   5: 4194304 op, 765853400.00 ns, 182.5937 ns/op
WorkloadResult   6: 4194304 op, 820577400.00 ns, 195.6409 ns/op
WorkloadResult   7: 4194304 op, 977855500.00 ns, 233.1389 ns/op
WorkloadResult   8: 4194304 op, 739457100.00 ns, 176.3003 ns/op
WorkloadResult   9: 4194304 op, 798214600.00 ns, 190.3092 ns/op
WorkloadResult  10: 4194304 op, 827766600.00 ns, 197.3549 ns/op
WorkloadResult  11: 4194304 op, 717666100.00 ns, 171.1049 ns/op
WorkloadResult  12: 4194304 op, 839346000.00 ns, 200.1157 ns/op
WorkloadResult  13: 4194304 op, 802056000.00 ns, 191.2251 ns/op
WorkloadResult  14: 4194304 op, 775453900.00 ns, 184.8826 ns/op
WorkloadResult  15: 4194304 op, 866973200.00 ns, 206.7025 ns/op
WorkloadResult  16: 4194304 op, 850747500.00 ns, 202.8340 ns/op
WorkloadResult  17: 4194304 op, 677795800.00 ns, 161.5991 ns/op
WorkloadResult  18: 4194304 op, 865022600.00 ns, 206.2375 ns/op
WorkloadResult  19: 4194304 op, 689236400.00 ns, 164.3268 ns/op
WorkloadResult  20: 4194304 op, 648424700.00 ns, 154.5965 ns/op
WorkloadResult  21: 4194304 op, 881297400.00 ns, 210.1177 ns/op
WorkloadResult  22: 4194304 op, 710866700.00 ns, 169.4838 ns/op
WorkloadResult  23: 4194304 op, 851618500.00 ns, 203.0417 ns/op
WorkloadResult  24: 4194304 op, 877489800.00 ns, 209.2099 ns/op
WorkloadResult  25: 4194304 op, 690653900.00 ns, 164.6647 ns/op
WorkloadResult  26: 4194304 op, 882885400.00 ns, 210.4963 ns/op
WorkloadResult  27: 4194304 op, 922374500.00 ns, 219.9112 ns/op
WorkloadResult  28: 4194304 op, 713573200.00 ns, 170.1291 ns/op
WorkloadResult  29: 4194304 op, 830433000.00 ns, 197.9907 ns/op
WorkloadResult  30: 4194304 op, 905571200.00 ns, 215.9050 ns/op
WorkloadResult  31: 4194304 op, 735518800.00 ns, 175.3613 ns/op
WorkloadResult  32: 4194304 op, 876479900.00 ns, 208.9691 ns/op
WorkloadResult  33: 4194304 op, 901558300.00 ns, 214.9482 ns/op
WorkloadResult  34: 4194304 op, 700270400.00 ns, 166.9575 ns/op
WorkloadResult  35: 4194304 op, 831533900.00 ns, 198.2531 ns/op
WorkloadResult  36: 4194304 op, 945272700.00 ns, 225.3706 ns/op
WorkloadResult  37: 4194304 op, 683290900.00 ns, 162.9092 ns/op
WorkloadResult  38: 4194304 op, 788078400.00 ns, 187.8925 ns/op
WorkloadResult  39: 4194304 op, 774013500.00 ns, 184.5392 ns/op
WorkloadResult  40: 4194304 op, 722970100.00 ns, 172.3695 ns/op
WorkloadResult  41: 4194304 op, 773567200.00 ns, 184.4328 ns/op
WorkloadResult  42: 4194304 op, 666930800.00 ns, 159.0087 ns/op
WorkloadResult  43: 4194304 op, 816721800.00 ns, 194.7217 ns/op
WorkloadResult  44: 4194304 op, 731468500.00 ns, 174.3957 ns/op
WorkloadResult  45: 4194304 op, 670210600.00 ns, 159.7907 ns/op
WorkloadResult  46: 4194304 op, 857476500.00 ns, 204.4383 ns/op
WorkloadResult  47: 4194304 op, 705225400.00 ns, 168.1388 ns/op
WorkloadResult  48: 4194304 op, 884562000.00 ns, 210.8960 ns/op
WorkloadResult  49: 4194304 op, 865258500.00 ns, 206.2937 ns/op
WorkloadResult  50: 4194304 op, 676851100.00 ns, 161.3739 ns/op
WorkloadResult  51: 4194304 op, 789044600.00 ns, 188.1229 ns/op
WorkloadResult  52: 4194304 op, 866904600.00 ns, 206.6862 ns/op
WorkloadResult  53: 4194304 op, 698933500.00 ns, 166.6387 ns/op
WorkloadResult  54: 4194304 op, 764682700.00 ns, 182.3146 ns/op
WorkloadResult  55: 4194304 op, 894217200.00 ns, 213.1980 ns/op
WorkloadResult  56: 4194304 op, 701741300.00 ns, 167.3082 ns/op
WorkloadResult  57: 4194304 op, 907422000.00 ns, 216.3463 ns/op
WorkloadResult  58: 4194304 op, 928434200.00 ns, 221.3560 ns/op
WorkloadResult  59: 4194304 op, 725104200.00 ns, 172.8783 ns/op
WorkloadResult  60: 4194304 op, 811677600.00 ns, 193.5190 ns/op
WorkloadResult  61: 4194304 op, 812005200.00 ns, 193.5971 ns/op
WorkloadResult  62: 4194304 op, 722636200.00 ns, 172.2899 ns/op
WorkloadResult  63: 4194304 op, 748909000.00 ns, 178.5538 ns/op
WorkloadResult  64: 4194304 op, 729727600.00 ns, 173.9806 ns/op
WorkloadResult  65: 4194304 op, 870404800.00 ns, 207.5207 ns/op
WorkloadResult  66: 4194304 op, 833916300.00 ns, 198.8211 ns/op
WorkloadResult  67: 4194304 op, 683642300.00 ns, 162.9930 ns/op
WorkloadResult  68: 4194304 op, 868737800.00 ns, 207.1232 ns/op
WorkloadResult  69: 4194304 op, 858597200.00 ns, 204.7055 ns/op
WorkloadResult  70: 4194304 op, 712509800.00 ns, 169.8756 ns/op
WorkloadResult  71: 4194304 op, 777185300.00 ns, 185.2954 ns/op
WorkloadResult  72: 4194304 op, 709400400.00 ns, 169.1342 ns/op
WorkloadResult  73: 4194304 op, 760200200.00 ns, 181.2459 ns/op
WorkloadResult  74: 4194304 op, 857404300.00 ns, 204.4211 ns/op
WorkloadResult  75: 4194304 op, 710264500.00 ns, 169.3403 ns/op
WorkloadResult  76: 4194304 op, 1001772500.00 ns, 238.8412 ns/op
WorkloadResult  77: 4194304 op, 920651400.00 ns, 219.5004 ns/op
WorkloadResult  78: 4194304 op, 986702500.00 ns, 235.2482 ns/op
WorkloadResult  79: 4194304 op, 693725100.00 ns, 165.3970 ns/op
WorkloadResult  80: 4194304 op, 807072500.00 ns, 192.4211 ns/op
WorkloadResult  81: 4194304 op, 818202400.00 ns, 195.0747 ns/op
WorkloadResult  82: 4194304 op, 776486800.00 ns, 185.1289 ns/op
WorkloadResult  83: 4194304 op, 934571100.00 ns, 222.8191 ns/op
WorkloadResult  84: 4194304 op, 850104200.00 ns, 202.6806 ns/op
WorkloadResult  85: 4194304 op, 695935000.00 ns, 165.9238 ns/op
WorkloadResult  86: 4194304 op, 852056400.00 ns, 203.1461 ns/op
WorkloadResult  87: 4194304 op, 1053050400.00 ns, 251.0668 ns/op
WorkloadResult  88: 4194304 op, 841339000.00 ns, 200.5908 ns/op
WorkloadResult  89: 4194304 op, 658382100.00 ns, 156.9705 ns/op
WorkloadResult  90: 4194304 op, 972321700.00 ns, 231.8196 ns/op
WorkloadResult  91: 4194304 op, 723583200.00 ns, 172.5157 ns/op
WorkloadResult  92: 4194304 op, 751299000.00 ns, 179.1236 ns/op
WorkloadResult  93: 4194304 op, 896984400.00 ns, 213.8577 ns/op
WorkloadResult  94: 4194304 op, 703183600.00 ns, 167.6520 ns/op
WorkloadResult  95: 4194304 op, 943647200.00 ns, 224.9830 ns/op
WorkloadResult  96: 4194304 op, 762160700.00 ns, 181.7133 ns/op
WorkloadResult  97: 4194304 op, 677187300.00 ns, 161.4540 ns/op
WorkloadResult  98: 4194304 op, 805756700.00 ns, 192.1074 ns/op
WorkloadResult  99: 4194304 op, 801497400.00 ns, 191.0919 ns/op
WorkloadResult  100: 4194304 op, 787689000.00 ns, 187.7997 ns/op
// GC:  17 0 0 973078592 4194304
// Threading:  0 0 4194304

// AfterAll
// Benchmark Process 42508 has exited with code 0.

Mean = 191.197 ns, StdErr = 2.158 ns (1.13%), N = 100, StdDev = 21.584 ns
Min = 154.596 ns, Q1 = 171.994 ns, Median = 191.158 ns, Q3 = 206.690 ns, Max = 251.067 ns
IQR = 34.697 ns, LowerFence = 119.949 ns, UpperFence = 258.735 ns
ConfidenceInterval = [183.877 ns; 198.517 ns] (CI 99.9%), Margin = 7.320 ns (3.83% of Mean)
Skewness = 0.34, Kurtosis = 2.35, MValue = 2.88

// ** Remained 0 (0.0%) benchmark(s) to run. Estimated finish 2026-05-14 19:07 (0h 0m from now) **
Successfully reverted power plan (GUID: 8c5e7fda-e8bf-4a96-9a85-a6e23a8c635c FriendlyName: High performance)
// ***** BenchmarkRunner: Finish  *****

// * Export *
  benchmarking\comparisons\net10\herald\results\results\MMP.Herald.OSS.Benchmarks.Comparisons.HeraldRow.SourceGenBenchmarks-report.csv
  benchmarking\comparisons\net10\herald\results\results\MMP.Herald.OSS.Benchmarks.Comparisons.HeraldRow.SourceGenBenchmarks-report-github.md
  benchmarking\comparisons\net10\herald\results\results\MMP.Herald.OSS.Benchmarks.Comparisons.HeraldRow.SourceGenBenchmarks-report.html

// * Detailed results *
SourceGenBenchmarks.Herald_HeraldLog: DefaultJob
Runtime = .NET 10.0.8 (10.0.826.23019), X64 RyuJIT AVX2; GC = Concurrent Server
Mean = 38.882 ns, StdErr = 0.377 ns (0.97%), N = 100, StdDev = 3.765 ns
Min = 34.660 ns, Q1 = 35.517 ns, Median = 38.229 ns, Q3 = 41.312 ns, Max = 49.130 ns
IQR = 5.794 ns, LowerFence = 26.826 ns, UpperFence = 50.003 ns
ConfidenceInterval = [37.605 ns; 40.159 ns] (CI 99.9%), Margin = 1.277 ns (3.28% of Mean)
Skewness = 0.76, Kurtosis = 2.72, MValue = 2.7
-------------------- Histogram --------------------
[34.507 ns ; 36.637 ns) | @@@@@@@@@@@@@@@@@@@@@@@@@@@@@@@@@@@@@@@@@@@@@@
[36.637 ns ; 39.354 ns) | @@@@@@@@@
[39.354 ns ; 41.484 ns) | @@@@@@@@@@@@@@@@@@@@@
[41.484 ns ; 43.614 ns) | @@@@@@@@@@@@@@
[43.614 ns ; 46.072 ns) | @@@@@@
[46.072 ns ; 47.681 ns) | 
[47.681 ns ; 50.195 ns) | @@@@
---------------------------------------------------

SourceGenBenchmarks.ZLogger_ZLoggerMessage: DefaultJob
Runtime = .NET 10.0.8 (10.0.826.23019), X64 RyuJIT AVX2; GC = Concurrent Server
Mean = 153.796 ns, StdErr = 0.842 ns (0.55%), N = 35, StdDev = 4.983 ns
Min = 142.735 ns, Q1 = 150.518 ns, Median = 154.353 ns, Q3 = 157.568 ns, Max = 164.749 ns
IQR = 7.051 ns, LowerFence = 139.942 ns, UpperFence = 168.144 ns
ConfidenceInterval = [150.763 ns; 156.828 ns] (CI 99.9%), Margin = 3.033 ns (1.97% of Mean)
Skewness = -0.08, Kurtosis = 2.49, MValue = 2
-------------------- Histogram --------------------
[140.735 ns ; 144.770 ns) | @
[144.770 ns ; 148.714 ns) | @@@@
[148.714 ns ; 152.713 ns) | @@@@@@@@@@@
[152.713 ns ; 158.326 ns) | @@@@@@@@@@@@@@@
[158.326 ns ; 163.147 ns) | @@@
[163.147 ns ; 166.748 ns) | @
---------------------------------------------------

SourceGenBenchmarks.Mel_LoggerMessage: DefaultJob
Runtime = .NET 10.0.8 (10.0.826.23019), X64 RyuJIT AVX2; GC = Concurrent Server
Mean = 191.197 ns, StdErr = 2.158 ns (1.13%), N = 100, StdDev = 21.584 ns
Min = 154.596 ns, Q1 = 171.994 ns, Median = 191.158 ns, Q3 = 206.690 ns, Max = 251.067 ns
IQR = 34.697 ns, LowerFence = 119.949 ns, UpperFence = 258.735 ns
ConfidenceInterval = [183.877 ns; 198.517 ns] (CI 99.9%), Margin = 7.320 ns (3.83% of Mean)
Skewness = 0.34, Kurtosis = 2.35, MValue = 2.88
-------------------- Histogram --------------------
[148.493 ns ; 161.023 ns) | @@@@
[161.023 ns ; 173.229 ns) | @@@@@@@@@@@@@@@@@@@@@@@@@
[173.229 ns ; 183.934 ns) | @@@@@@@@@@@
[183.934 ns ; 197.179 ns) | @@@@@@@@@@@@@@@@@@
[197.179 ns ; 209.386 ns) | @@@@@@@@@@@@@@@@@@@@@@
[209.386 ns ; 221.840 ns) | @@@@@@@@@@@@
[221.840 ns ; 236.219 ns) | @@@@@@
[236.219 ns ; 244.944 ns) | @
[244.944 ns ; 257.170 ns) | @
---------------------------------------------------

// * Summary *

BenchmarkDotNet v0.14.0, Windows 11 (10.0.26200.8246)
12th Gen Intel Core i9-12900K, 1 CPU, 24 logical and 16 physical cores
.NET SDK 10.0.204
  [Host]     : .NET 10.0.8 (10.0.826.23019), X64 RyuJIT AVX2
  DefaultJob : .NET 10.0.8 (10.0.826.23019), X64 RyuJIT AVX2


| Method                 | Mean      | Error    | StdDev    | Ratio | RatioSD | Gen0   | Allocated | Alloc Ratio |
|----------------------- |----------:|---------:|----------:|------:|--------:|-------:|----------:|------------:|
| Herald_HeraldLog       |  38.88 ns | 1.277 ns |  3.765 ns |  1.01 |    0.13 | 0.0008 |      48 B |        1.00 |
| ZLogger_ZLoggerMessage | 153.80 ns | 3.033 ns |  4.983 ns |  3.99 |    0.38 |      - |      10 B |        0.21 |
| Mel_LoggerMessage      | 191.20 ns | 7.320 ns | 21.584 ns |  4.96 |    0.72 | 0.0041 |     232 B |        4.83 |

// * Warnings *
MultimodalDistribution
  SourceGenBenchmarks.Mel_LoggerMessage: Default -> It seems that the distribution can have several modes (mValue = 2.88)

// * Legends *
  Mean        : Arithmetic mean of all measurements
  Error       : Half of 99.9% confidence interval
  StdDev      : Standard deviation of all measurements
  Ratio       : Mean of the ratio distribution ([Current]/[Baseline])
  RatioSD     : Standard deviation of the ratio distribution ([Current]/[Baseline])
  Gen0        : GC Generation 0 collects per 1000 operations
  Allocated   : Allocated memory per single operation (managed only, inclusive, 1KB = 1024B)
  Alloc Ratio : Allocated memory ratio distribution ([Current]/[Baseline])
  1 ns        : 1 Nanosecond (0.000000001 sec)

// * Diagnostic Output - MemoryDiagnoser *


// ***** BenchmarkRunner: End *****
Run time: 00:04:12 (252.07 sec), executed benchmarks: 3

Global total time: 00:04:27 (267.7 sec), executed benchmarks: 3
// * Artifacts cleanup *
Artifacts cleanup is finished
