// Validating benchmarks:
// ***** BenchmarkRunner: Start   *****
// ***** Found 3 benchmark(s) in total *****
// ***** Building 1 exe(s) in Parallel: Start   *****
// start dotnet  restore /p:UseSharedCompilation=false /p:BuildInParallel=false /m:1 /p:Deterministic=true /p:Optimize=true /p:IntermediateOutputPath="E:\dev\Herald.OSS\benchmarking\comparisons\net10\herald\bin\Release\net10.0\0e833d5e-d58e-4d90-98dc-defc394f18ba\obj\Release\net10.0/" /p:OutDir="E:\dev\Herald.OSS\benchmarking\comparisons\net10\herald\bin\Release\net10.0\0e833d5e-d58e-4d90-98dc-defc394f18ba\bin\Release\net10.0/" /p:OutputPath="E:\dev\Herald.OSS\benchmarking\comparisons\net10\herald\bin\Release\net10.0\0e833d5e-d58e-4d90-98dc-defc394f18ba\bin\Release\net10.0/" in E:\dev\Herald.OSS\benchmarking\comparisons\net10\herald\bin\Release\net10.0\0e833d5e-d58e-4d90-98dc-defc394f18ba
// command took 1.53 sec and exited with 0
// start dotnet  build -c Release --no-restore /p:UseSharedCompilation=false /p:BuildInParallel=false /m:1 /p:Deterministic=true /p:Optimize=true /p:IntermediateOutputPath="E:\dev\Herald.OSS\benchmarking\comparisons\net10\herald\bin\Release\net10.0\0e833d5e-d58e-4d90-98dc-defc394f18ba\obj\Release\net10.0/" /p:OutDir="E:\dev\Herald.OSS\benchmarking\comparisons\net10\herald\bin\Release\net10.0\0e833d5e-d58e-4d90-98dc-defc394f18ba\bin\Release\net10.0/" /p:OutputPath="E:\dev\Herald.OSS\benchmarking\comparisons\net10\herald\bin\Release\net10.0\0e833d5e-d58e-4d90-98dc-defc394f18ba\bin\Release\net10.0/" --output "E:\dev\Herald.OSS\benchmarking\comparisons\net10\herald\bin\Release\net10.0\0e833d5e-d58e-4d90-98dc-defc394f18ba\bin\Release\net10.0/" in E:\dev\Herald.OSS\benchmarking\comparisons\net10\herald\bin\Release\net10.0\0e833d5e-d58e-4d90-98dc-defc394f18ba
// command took 11.45 sec and exited with 0
// ***** Done, took 00:00:14 (14.6 sec)   *****
// Found 3 benchmarks:
//   MelAdapterBenchmarks.Herald_Native_FourProps: DefaultJob
//   MelAdapterBenchmarks.Herald_Via_Mel_Adapter_FourProps: DefaultJob
//   MelAdapterBenchmarks.Mel_Native_Active_Null_FourProps: DefaultJob

Setup power plan (GUID: 8c5e7fda-e8bf-4a96-9a85-a6e23a8c635c FriendlyName: High performance)
// **************************
// Benchmark: MelAdapterBenchmarks.Herald_Native_FourProps: DefaultJob
// *** Execute ***
// Launch: 1 / 1
// Execute: dotnet 0e833d5e-d58e-4d90-98dc-defc394f18ba.dll --anonymousPipes 48008 2568 --benchmarkName MMP.Herald.OSS.Benchmarks.Comparisons.HeraldRow.MelAdapterBenchmarks.Herald_Native_FourProps --job Default --benchmarkId 0 in E:\dev\Herald.OSS\benchmarking\comparisons\net10\herald\bin\Release\net10.0\0e833d5e-d58e-4d90-98dc-defc394f18ba\bin\Release\net10.0
// BeforeAnythingElse

// Benchmark Process Environment Information:
// BenchmarkDotNet v0.14.0
// Runtime=.NET 10.0.8 (10.0.826.23019), X64 RyuJIT AVX2
// GC=Concurrent Server
// HardwareIntrinsics=AVX2,AES,BMI1,BMI2,FMA,LZCNT,PCLMUL,POPCNT,AvxVnni,SERIALIZE VectorSize=256
// Job: DefaultJob

OverheadJitting  1: 1 op, 205600.00 ns, 205.6000 us/op
WorkloadJitting  1: 1 op, 1931000.00 ns, 1.9310 ms/op

OverheadJitting  2: 16 op, 200200.00 ns, 12.5125 us/op
WorkloadJitting  2: 16 op, 206500.00 ns, 12.9063 us/op

WorkloadPilot    1: 16 op, 14600.00 ns, 912.5000 ns/op
WorkloadPilot    2: 32 op, 15800.00 ns, 493.7500 ns/op
WorkloadPilot    3: 64 op, 16100.00 ns, 251.5625 ns/op
WorkloadPilot    4: 128 op, 33700.00 ns, 263.2813 ns/op
WorkloadPilot    5: 256 op, 50800.00 ns, 198.4375 ns/op
WorkloadPilot    6: 512 op, 78600.00 ns, 153.5156 ns/op
WorkloadPilot    7: 1024 op, 130700.00 ns, 127.6367 ns/op
WorkloadPilot    8: 2048 op, 271500.00 ns, 132.5684 ns/op
WorkloadPilot    9: 4096 op, 556300.00 ns, 135.8154 ns/op
WorkloadPilot   10: 8192 op, 1070400.00 ns, 130.6641 ns/op
WorkloadPilot   11: 16384 op, 2194400.00 ns, 133.9355 ns/op
WorkloadPilot   12: 32768 op, 4132400.00 ns, 126.1108 ns/op
WorkloadPilot   13: 65536 op, 8176800.00 ns, 124.7681 ns/op
WorkloadPilot   14: 131072 op, 15742300.00 ns, 120.1042 ns/op
WorkloadPilot   15: 262144 op, 31905700.00 ns, 121.7106 ns/op
WorkloadPilot   16: 524288 op, 62836400.00 ns, 119.8509 ns/op
WorkloadPilot   17: 1048576 op, 54246500.00 ns, 51.7335 ns/op
WorkloadPilot   18: 2097152 op, 80091700.00 ns, 38.1907 ns/op
WorkloadPilot   19: 4194304 op, 147314700.00 ns, 35.1226 ns/op
WorkloadPilot   20: 8388608 op, 307390200.00 ns, 36.6438 ns/op
WorkloadPilot   21: 16777216 op, 575302800.00 ns, 34.2907 ns/op

OverheadWarmup   1: 16777216 op, 35572400.00 ns, 2.1203 ns/op
OverheadWarmup   2: 16777216 op, 35895300.00 ns, 2.1395 ns/op
OverheadWarmup   3: 16777216 op, 36060600.00 ns, 2.1494 ns/op
OverheadWarmup   4: 16777216 op, 35516000.00 ns, 2.1169 ns/op
OverheadWarmup   5: 16777216 op, 35978200.00 ns, 2.1445 ns/op
OverheadWarmup   6: 16777216 op, 35560300.00 ns, 2.1196 ns/op

OverheadActual   1: 16777216 op, 36096300.00 ns, 2.1515 ns/op
OverheadActual   2: 16777216 op, 36277000.00 ns, 2.1623 ns/op
OverheadActual   3: 16777216 op, 35599500.00 ns, 2.1219 ns/op
OverheadActual   4: 16777216 op, 36480700.00 ns, 2.1744 ns/op
OverheadActual   5: 16777216 op, 37118300.00 ns, 2.2124 ns/op
OverheadActual   6: 16777216 op, 35673800.00 ns, 2.1263 ns/op
OverheadActual   7: 16777216 op, 35814100.00 ns, 2.1347 ns/op
OverheadActual   8: 16777216 op, 35869100.00 ns, 2.1380 ns/op
OverheadActual   9: 16777216 op, 32507400.00 ns, 1.9376 ns/op
OverheadActual  10: 16777216 op, 25227400.00 ns, 1.5037 ns/op
OverheadActual  11: 16777216 op, 25501900.00 ns, 1.5200 ns/op
OverheadActual  12: 16777216 op, 25646800.00 ns, 1.5287 ns/op
OverheadActual  13: 16777216 op, 25729200.00 ns, 1.5336 ns/op
OverheadActual  14: 16777216 op, 25181200.00 ns, 1.5009 ns/op
OverheadActual  15: 16777216 op, 25391300.00 ns, 1.5134 ns/op
OverheadActual  16: 16777216 op, 25181000.00 ns, 1.5009 ns/op
OverheadActual  17: 16777216 op, 25383900.00 ns, 1.5130 ns/op
OverheadActual  18: 16777216 op, 25169300.00 ns, 1.5002 ns/op
OverheadActual  19: 16777216 op, 25450900.00 ns, 1.5170 ns/op
OverheadActual  20: 16777216 op, 25172100.00 ns, 1.5004 ns/op

WorkloadWarmup   1: 16777216 op, 600884000.00 ns, 35.8155 ns/op
WorkloadWarmup   2: 16777216 op, 637347600.00 ns, 37.9889 ns/op
WorkloadWarmup   3: 16777216 op, 580144300.00 ns, 34.5793 ns/op
WorkloadWarmup   4: 16777216 op, 615787000.00 ns, 36.7038 ns/op
WorkloadWarmup   5: 16777216 op, 583406200.00 ns, 34.7737 ns/op
WorkloadWarmup   6: 16777216 op, 623688500.00 ns, 37.1747 ns/op

// BeforeActualRun
WorkloadActual   1: 16777216 op, 577519300.00 ns, 34.4228 ns/op
WorkloadActual   2: 16777216 op, 642203700.00 ns, 38.2783 ns/op
WorkloadActual   3: 16777216 op, 567945700.00 ns, 33.8522 ns/op
WorkloadActual   4: 16777216 op, 625433800.00 ns, 37.2788 ns/op
WorkloadActual   5: 16777216 op, 576297500.00 ns, 34.3500 ns/op
WorkloadActual   6: 16777216 op, 639079400.00 ns, 38.0921 ns/op
WorkloadActual   7: 16777216 op, 575562100.00 ns, 34.3062 ns/op
WorkloadActual   8: 16777216 op, 632927700.00 ns, 37.7254 ns/op
WorkloadActual   9: 16777216 op, 572086200.00 ns, 34.0990 ns/op
WorkloadActual  10: 16777216 op, 657373800.00 ns, 39.1825 ns/op
WorkloadActual  11: 16777216 op, 577939100.00 ns, 34.4479 ns/op
WorkloadActual  12: 16777216 op, 641582700.00 ns, 38.2413 ns/op
WorkloadActual  13: 16777216 op, 573832800.00 ns, 34.2031 ns/op
WorkloadActual  14: 16777216 op, 621297600.00 ns, 37.0322 ns/op
WorkloadActual  15: 16777216 op, 575576300.00 ns, 34.3070 ns/op
WorkloadActual  16: 16777216 op, 584111200.00 ns, 34.8157 ns/op
WorkloadActual  17: 16777216 op, 574644700.00 ns, 34.2515 ns/op
WorkloadActual  18: 16777216 op, 625260800.00 ns, 37.2684 ns/op
WorkloadActual  19: 16777216 op, 584132300.00 ns, 34.8170 ns/op
WorkloadActual  20: 16777216 op, 627423900.00 ns, 37.3974 ns/op
WorkloadActual  21: 16777216 op, 566538300.00 ns, 33.7683 ns/op
WorkloadActual  22: 16777216 op, 569642100.00 ns, 33.9533 ns/op
WorkloadActual  23: 16777216 op, 579322500.00 ns, 34.5303 ns/op
WorkloadActual  24: 16777216 op, 583058800.00 ns, 34.7530 ns/op
WorkloadActual  25: 16777216 op, 615892200.00 ns, 36.7100 ns/op
WorkloadActual  26: 16777216 op, 571373800.00 ns, 34.0565 ns/op
WorkloadActual  27: 16777216 op, 591985200.00 ns, 35.2851 ns/op
WorkloadActual  28: 16777216 op, 574589100.00 ns, 34.2482 ns/op
WorkloadActual  29: 16777216 op, 601926700.00 ns, 35.8776 ns/op
WorkloadActual  30: 16777216 op, 571128000.00 ns, 34.0419 ns/op
WorkloadActual  31: 16777216 op, 586650700.00 ns, 34.9671 ns/op
WorkloadActual  32: 16777216 op, 569474200.00 ns, 33.9433 ns/op
WorkloadActual  33: 16777216 op, 628307900.00 ns, 37.4501 ns/op
WorkloadActual  34: 16777216 op, 580605900.00 ns, 34.6068 ns/op
WorkloadActual  35: 16777216 op, 625512300.00 ns, 37.2834 ns/op
WorkloadActual  36: 16777216 op, 569102500.00 ns, 33.9212 ns/op
WorkloadActual  37: 16777216 op, 606859000.00 ns, 36.1716 ns/op
WorkloadActual  38: 16777216 op, 570782900.00 ns, 34.0213 ns/op
WorkloadActual  39: 16777216 op, 644687900.00 ns, 38.4264 ns/op
WorkloadActual  40: 16777216 op, 569481800.00 ns, 33.9438 ns/op
WorkloadActual  41: 16777216 op, 571189300.00 ns, 34.0455 ns/op
WorkloadActual  42: 16777216 op, 628409200.00 ns, 37.4561 ns/op
WorkloadActual  43: 16777216 op, 571299300.00 ns, 34.0521 ns/op
WorkloadActual  44: 16777216 op, 620713700.00 ns, 36.9974 ns/op
WorkloadActual  45: 16777216 op, 580778600.00 ns, 34.6171 ns/op
WorkloadActual  46: 16777216 op, 627255100.00 ns, 37.3873 ns/op
WorkloadActual  47: 16777216 op, 573003100.00 ns, 34.1536 ns/op
WorkloadActual  48: 16777216 op, 609468900.00 ns, 36.3272 ns/op
WorkloadActual  49: 16777216 op, 568378900.00 ns, 33.8780 ns/op
WorkloadActual  50: 16777216 op, 591667200.00 ns, 35.2661 ns/op
WorkloadActual  51: 16777216 op, 572222300.00 ns, 34.1071 ns/op
WorkloadActual  52: 16777216 op, 591363300.00 ns, 35.2480 ns/op
WorkloadActual  53: 16777216 op, 569218000.00 ns, 33.9280 ns/op
WorkloadActual  54: 16777216 op, 616550700.00 ns, 36.7493 ns/op
WorkloadActual  55: 16777216 op, 577019900.00 ns, 34.3931 ns/op
WorkloadActual  56: 16777216 op, 588088200.00 ns, 35.0528 ns/op
WorkloadActual  57: 16777216 op, 576523600.00 ns, 34.3635 ns/op
WorkloadActual  58: 16777216 op, 632224800.00 ns, 37.6835 ns/op
WorkloadActual  59: 16777216 op, 578962800.00 ns, 34.5089 ns/op

// AfterActualRun
WorkloadResult   1: 16777216 op, 551831300.00 ns, 32.8917 ns/op
WorkloadResult   2: 16777216 op, 616515700.00 ns, 36.7472 ns/op
WorkloadResult   3: 16777216 op, 542257700.00 ns, 32.3211 ns/op
WorkloadResult   4: 16777216 op, 599745800.00 ns, 35.7476 ns/op
WorkloadResult   5: 16777216 op, 550609500.00 ns, 32.8189 ns/op
WorkloadResult   6: 16777216 op, 613391400.00 ns, 36.5610 ns/op
WorkloadResult   7: 16777216 op, 549874100.00 ns, 32.7751 ns/op
WorkloadResult   8: 16777216 op, 607239700.00 ns, 36.1943 ns/op
WorkloadResult   9: 16777216 op, 546398200.00 ns, 32.5679 ns/op
WorkloadResult  10: 16777216 op, 631685800.00 ns, 37.6514 ns/op
WorkloadResult  11: 16777216 op, 552251100.00 ns, 32.9167 ns/op
WorkloadResult  12: 16777216 op, 615894700.00 ns, 36.7102 ns/op
WorkloadResult  13: 16777216 op, 548144800.00 ns, 32.6720 ns/op
WorkloadResult  14: 16777216 op, 595609600.00 ns, 35.5011 ns/op
WorkloadResult  15: 16777216 op, 549888300.00 ns, 32.7759 ns/op
WorkloadResult  16: 16777216 op, 558423200.00 ns, 33.2846 ns/op
WorkloadResult  17: 16777216 op, 548956700.00 ns, 32.7204 ns/op
WorkloadResult  18: 16777216 op, 599572800.00 ns, 35.7373 ns/op
WorkloadResult  19: 16777216 op, 558444300.00 ns, 33.2859 ns/op
WorkloadResult  20: 16777216 op, 601735900.00 ns, 35.8663 ns/op
WorkloadResult  21: 16777216 op, 540850300.00 ns, 32.2372 ns/op
WorkloadResult  22: 16777216 op, 543954100.00 ns, 32.4222 ns/op
WorkloadResult  23: 16777216 op, 553634500.00 ns, 32.9992 ns/op
WorkloadResult  24: 16777216 op, 557370800.00 ns, 33.2219 ns/op
WorkloadResult  25: 16777216 op, 590204200.00 ns, 35.1789 ns/op
WorkloadResult  26: 16777216 op, 545685800.00 ns, 32.5254 ns/op
WorkloadResult  27: 16777216 op, 566297200.00 ns, 33.7539 ns/op
WorkloadResult  28: 16777216 op, 548901100.00 ns, 32.7171 ns/op
WorkloadResult  29: 16777216 op, 576238700.00 ns, 34.3465 ns/op
WorkloadResult  30: 16777216 op, 545440000.00 ns, 32.5108 ns/op
WorkloadResult  31: 16777216 op, 560962700.00 ns, 33.4360 ns/op
WorkloadResult  32: 16777216 op, 543786200.00 ns, 32.4122 ns/op
WorkloadResult  33: 16777216 op, 602619900.00 ns, 35.9189 ns/op
WorkloadResult  34: 16777216 op, 554917900.00 ns, 33.0757 ns/op
WorkloadResult  35: 16777216 op, 599824300.00 ns, 35.7523 ns/op
WorkloadResult  36: 16777216 op, 543414500.00 ns, 32.3900 ns/op
WorkloadResult  37: 16777216 op, 581171000.00 ns, 34.6405 ns/op
WorkloadResult  38: 16777216 op, 545094900.00 ns, 32.4902 ns/op
WorkloadResult  39: 16777216 op, 618999900.00 ns, 36.8953 ns/op
WorkloadResult  40: 16777216 op, 543793800.00 ns, 32.4126 ns/op
WorkloadResult  41: 16777216 op, 545501300.00 ns, 32.5144 ns/op
WorkloadResult  42: 16777216 op, 602721200.00 ns, 35.9250 ns/op
WorkloadResult  43: 16777216 op, 545611300.00 ns, 32.5210 ns/op
WorkloadResult  44: 16777216 op, 595025700.00 ns, 35.4663 ns/op
WorkloadResult  45: 16777216 op, 555090600.00 ns, 33.0860 ns/op
WorkloadResult  46: 16777216 op, 601567100.00 ns, 35.8562 ns/op
WorkloadResult  47: 16777216 op, 547315100.00 ns, 32.6225 ns/op
WorkloadResult  48: 16777216 op, 583780900.00 ns, 34.7961 ns/op
WorkloadResult  49: 16777216 op, 542690900.00 ns, 32.3469 ns/op
WorkloadResult  50: 16777216 op, 565979200.00 ns, 33.7350 ns/op
WorkloadResult  51: 16777216 op, 546534300.00 ns, 32.5760 ns/op
WorkloadResult  52: 16777216 op, 565675300.00 ns, 33.7169 ns/op
WorkloadResult  53: 16777216 op, 543530000.00 ns, 32.3969 ns/op
WorkloadResult  54: 16777216 op, 590862700.00 ns, 35.2182 ns/op
WorkloadResult  55: 16777216 op, 551331900.00 ns, 32.8619 ns/op
WorkloadResult  56: 16777216 op, 562400200.00 ns, 33.5217 ns/op
WorkloadResult  57: 16777216 op, 550835600.00 ns, 32.8324 ns/op
WorkloadResult  58: 16777216 op, 606536800.00 ns, 36.1524 ns/op
WorkloadResult  59: 16777216 op, 553274800.00 ns, 32.9777 ns/op
// GC:  14 0 0 805306432 16777216
// Threading:  0 0 16777216

// AfterAll
// Benchmark Process 52804 has exited with code 0.

Mean = 33.902 ns, StdErr = 0.204 ns (0.60%), N = 59, StdDev = 1.570 ns
Min = 32.237 ns, Q1 = 32.599 ns, Median = 33.086 ns, Q3 = 35.484 ns, Max = 37.651 ns
IQR = 2.884 ns, LowerFence = 28.273 ns, UpperFence = 39.810 ns
ConfidenceInterval = [33.193 ns; 34.610 ns] (CI 99.9%), Margin = 0.709 ns (2.09% of Mean)
Skewness = 0.72, Kurtosis = 2, MValue = 2.67

// ** Remained 2 (66.7%) benchmark(s) to run. Estimated finish 2026-05-14 18:02 (0h 1m from now) **
Setup power plan (GUID: 8c5e7fda-e8bf-4a96-9a85-a6e23a8c635c FriendlyName: High performance)
// **************************
// Benchmark: MelAdapterBenchmarks.Herald_Via_Mel_Adapter_FourProps: DefaultJob
// *** Execute ***
// Launch: 1 / 1
// Execute: dotnet 0e833d5e-d58e-4d90-98dc-defc394f18ba.dll --anonymousPipes 2920 15224 --benchmarkName MMP.Herald.OSS.Benchmarks.Comparisons.HeraldRow.MelAdapterBenchmarks.Herald_Via_Mel_Adapter_FourProps --job Default --benchmarkId 1 in E:\dev\Herald.OSS\benchmarking\comparisons\net10\herald\bin\Release\net10.0\0e833d5e-d58e-4d90-98dc-defc394f18ba\bin\Release\net10.0
// BeforeAnythingElse

// Benchmark Process Environment Information:
// BenchmarkDotNet v0.14.0
// Runtime=.NET 10.0.8 (10.0.826.23019), X64 RyuJIT AVX2
// GC=Concurrent Server
// HardwareIntrinsics=AVX2,AES,BMI1,BMI2,FMA,LZCNT,PCLMUL,POPCNT,AvxVnni,SERIALIZE VectorSize=256
// Job: DefaultJob

OverheadJitting  1: 1 op, 185800.00 ns, 185.8000 us/op
WorkloadJitting  1: 1 op, 6556700.00 ns, 6.5567 ms/op

OverheadJitting  2: 16 op, 161000.00 ns, 10.0625 us/op
WorkloadJitting  2: 16 op, 229900.00 ns, 14.3688 us/op

WorkloadPilot    1: 16 op, 32600.00 ns, 2.0375 us/op
WorkloadPilot    2: 32 op, 55600.00 ns, 1.7375 us/op
WorkloadPilot    3: 64 op, 93500.00 ns, 1.4609 us/op
WorkloadPilot    4: 128 op, 191800.00 ns, 1.4984 us/op
WorkloadPilot    5: 256 op, 308100.00 ns, 1.2035 us/op
WorkloadPilot    6: 512 op, 557300.00 ns, 1.0885 us/op
WorkloadPilot    7: 1024 op, 1085900.00 ns, 1.0604 us/op
WorkloadPilot    8: 2048 op, 2242600.00 ns, 1.0950 us/op
WorkloadPilot    9: 4096 op, 4399900.00 ns, 1.0742 us/op
WorkloadPilot   10: 8192 op, 9066400.00 ns, 1.1067 us/op
WorkloadPilot   11: 16384 op, 17531000.00 ns, 1.0700 us/op
WorkloadPilot   12: 32768 op, 33624500.00 ns, 1.0261 us/op
WorkloadPilot   13: 65536 op, 63222500.00 ns, 964.6988 ns/op
WorkloadPilot   14: 131072 op, 102668200.00 ns, 783.2962 ns/op
WorkloadPilot   15: 262144 op, 74104400.00 ns, 282.6859 ns/op
WorkloadPilot   16: 524288 op, 156118500.00 ns, 297.7724 ns/op
WorkloadPilot   17: 1048576 op, 346396300.00 ns, 330.3493 ns/op
WorkloadPilot   18: 2097152 op, 592478900.00 ns, 282.5160 ns/op

OverheadWarmup   1: 2097152 op, 4424800.00 ns, 2.1099 ns/op
OverheadWarmup   2: 2097152 op, 4504000.00 ns, 2.1477 ns/op
OverheadWarmup   3: 2097152 op, 4852800.00 ns, 2.3140 ns/op
OverheadWarmup   4: 2097152 op, 4467800.00 ns, 2.1304 ns/op
OverheadWarmup   5: 2097152 op, 4472300.00 ns, 2.1326 ns/op
OverheadWarmup   6: 2097152 op, 4493800.00 ns, 2.1428 ns/op
OverheadWarmup   7: 2097152 op, 4800500.00 ns, 2.2891 ns/op
OverheadWarmup   8: 2097152 op, 4930700.00 ns, 2.3511 ns/op
OverheadWarmup   9: 2097152 op, 4431400.00 ns, 2.1131 ns/op

OverheadActual   1: 2097152 op, 4484800.00 ns, 2.1385 ns/op
OverheadActual   2: 2097152 op, 4452000.00 ns, 2.1229 ns/op
OverheadActual   3: 2097152 op, 4531600.00 ns, 2.1608 ns/op
OverheadActual   4: 2097152 op, 4426900.00 ns, 2.1109 ns/op
OverheadActual   5: 2097152 op, 4573000.00 ns, 2.1806 ns/op
OverheadActual   6: 2097152 op, 5138900.00 ns, 2.4504 ns/op
OverheadActual   7: 2097152 op, 4649600.00 ns, 2.2171 ns/op
OverheadActual   8: 2097152 op, 4992100.00 ns, 2.3804 ns/op
OverheadActual   9: 2097152 op, 4858800.00 ns, 2.3169 ns/op
OverheadActual  10: 2097152 op, 4477900.00 ns, 2.1352 ns/op
OverheadActual  11: 2097152 op, 5065500.00 ns, 2.4154 ns/op
OverheadActual  12: 2097152 op, 5031600.00 ns, 2.3993 ns/op
OverheadActual  13: 2097152 op, 4650300.00 ns, 2.2174 ns/op
OverheadActual  14: 2097152 op, 4632800.00 ns, 2.2091 ns/op
OverheadActual  15: 2097152 op, 4656900.00 ns, 2.2206 ns/op
OverheadActual  16: 2097152 op, 4867100.00 ns, 2.3208 ns/op
OverheadActual  17: 2097152 op, 5370100.00 ns, 2.5607 ns/op
OverheadActual  18: 2097152 op, 4499900.00 ns, 2.1457 ns/op
OverheadActual  19: 2097152 op, 4689400.00 ns, 2.2361 ns/op
OverheadActual  20: 2097152 op, 4474100.00 ns, 2.1334 ns/op

WorkloadWarmup   1: 2097152 op, 625932100.00 ns, 298.4677 ns/op
WorkloadWarmup   2: 2097152 op, 599375000.00 ns, 285.8043 ns/op
WorkloadWarmup   3: 2097152 op, 625011000.00 ns, 298.0285 ns/op
WorkloadWarmup   4: 2097152 op, 600390400.00 ns, 286.2885 ns/op
WorkloadWarmup   5: 2097152 op, 640010500.00 ns, 305.1808 ns/op
WorkloadWarmup   6: 2097152 op, 602530500.00 ns, 287.3089 ns/op

// BeforeActualRun
WorkloadActual   1: 2097152 op, 642765600.00 ns, 306.4945 ns/op
WorkloadActual   2: 2097152 op, 603417300.00 ns, 287.7318 ns/op
WorkloadActual   3: 2097152 op, 641764100.00 ns, 306.0170 ns/op
WorkloadActual   4: 2097152 op, 599358400.00 ns, 285.7964 ns/op
WorkloadActual   5: 2097152 op, 655855300.00 ns, 312.7362 ns/op
WorkloadActual   6: 2097152 op, 596956600.00 ns, 284.6511 ns/op
WorkloadActual   7: 2097152 op, 656117600.00 ns, 312.8613 ns/op
WorkloadActual   8: 2097152 op, 598069400.00 ns, 285.1817 ns/op
WorkloadActual   9: 2097152 op, 687668900.00 ns, 327.9061 ns/op
WorkloadActual  10: 2097152 op, 600174400.00 ns, 286.1855 ns/op
WorkloadActual  11: 2097152 op, 656946400.00 ns, 313.2565 ns/op
WorkloadActual  12: 2097152 op, 617616600.00 ns, 294.5025 ns/op
WorkloadActual  13: 2097152 op, 661861900.00 ns, 315.6003 ns/op
WorkloadActual  14: 2097152 op, 598358500.00 ns, 285.3196 ns/op
WorkloadActual  15: 2097152 op, 642610900.00 ns, 306.4208 ns/op
WorkloadActual  16: 2097152 op, 601238300.00 ns, 286.6928 ns/op
WorkloadActual  17: 2097152 op, 620413700.00 ns, 295.8363 ns/op
WorkloadActual  18: 2097152 op, 604458700.00 ns, 288.2284 ns/op
WorkloadActual  19: 2097152 op, 621080100.00 ns, 296.1541 ns/op
WorkloadActual  20: 2097152 op, 606213400.00 ns, 289.0651 ns/op
WorkloadActual  21: 2097152 op, 630552800.00 ns, 300.6710 ns/op
WorkloadActual  22: 2097152 op, 603163300.00 ns, 287.6107 ns/op
WorkloadActual  23: 2097152 op, 632710300.00 ns, 301.6998 ns/op
WorkloadActual  24: 2097152 op, 595660100.00 ns, 284.0329 ns/op
WorkloadActual  25: 2097152 op, 632966800.00 ns, 301.8221 ns/op
WorkloadActual  26: 2097152 op, 594893700.00 ns, 283.6674 ns/op
WorkloadActual  27: 2097152 op, 608312900.00 ns, 290.0662 ns/op
WorkloadActual  28: 2097152 op, 595620100.00 ns, 284.0138 ns/op
WorkloadActual  29: 2097152 op, 635218400.00 ns, 302.8957 ns/op
WorkloadActual  30: 2097152 op, 602739600.00 ns, 287.4086 ns/op
WorkloadActual  31: 2097152 op, 615808200.00 ns, 293.6402 ns/op
WorkloadActual  32: 2097152 op, 596862100.00 ns, 284.6060 ns/op
WorkloadActual  33: 2097152 op, 625199600.00 ns, 298.1184 ns/op
WorkloadActual  34: 2097152 op, 593421500.00 ns, 282.9654 ns/op
WorkloadActual  35: 2097152 op, 627781000.00 ns, 299.3493 ns/op
WorkloadActual  36: 2097152 op, 603784400.00 ns, 287.9068 ns/op
WorkloadActual  37: 2097152 op, 668035500.00 ns, 318.5441 ns/op
WorkloadActual  38: 2097152 op, 596094300.00 ns, 284.2399 ns/op
WorkloadActual  39: 2097152 op, 632715700.00 ns, 301.7024 ns/op
WorkloadActual  40: 2097152 op, 604667900.00 ns, 288.3281 ns/op
WorkloadActual  41: 2097152 op, 646372300.00 ns, 308.2143 ns/op
WorkloadActual  42: 2097152 op, 595365500.00 ns, 283.8924 ns/op
WorkloadActual  43: 2097152 op, 647135600.00 ns, 308.5783 ns/op
WorkloadActual  44: 2097152 op, 598053400.00 ns, 285.1741 ns/op
WorkloadActual  45: 2097152 op, 664944000.00 ns, 317.0700 ns/op
WorkloadActual  46: 2097152 op, 598596900.00 ns, 285.4332 ns/op
WorkloadActual  47: 2097152 op, 637507000.00 ns, 303.9870 ns/op
WorkloadActual  48: 2097152 op, 595778600.00 ns, 284.0894 ns/op
WorkloadActual  49: 2097152 op, 645559700.00 ns, 307.8269 ns/op
WorkloadActual  50: 2097152 op, 596657000.00 ns, 284.5082 ns/op

// AfterActualRun
WorkloadResult   1: 2097152 op, 638115650.00 ns, 304.2773 ns/op
WorkloadResult   2: 2097152 op, 598767350.00 ns, 285.5145 ns/op
WorkloadResult   3: 2097152 op, 637114150.00 ns, 303.7997 ns/op
WorkloadResult   4: 2097152 op, 594708450.00 ns, 283.5791 ns/op
WorkloadResult   5: 2097152 op, 651205350.00 ns, 310.5189 ns/op
WorkloadResult   6: 2097152 op, 592306650.00 ns, 282.4338 ns/op
WorkloadResult   7: 2097152 op, 651467650.00 ns, 310.6440 ns/op
WorkloadResult   8: 2097152 op, 593419450.00 ns, 282.9644 ns/op
WorkloadResult   9: 2097152 op, 683018950.00 ns, 325.6888 ns/op
WorkloadResult  10: 2097152 op, 595524450.00 ns, 283.9682 ns/op
WorkloadResult  11: 2097152 op, 652296450.00 ns, 311.0392 ns/op
WorkloadResult  12: 2097152 op, 612966650.00 ns, 292.2853 ns/op
WorkloadResult  13: 2097152 op, 657211950.00 ns, 313.3831 ns/op
WorkloadResult  14: 2097152 op, 593708550.00 ns, 283.1023 ns/op
WorkloadResult  15: 2097152 op, 637960950.00 ns, 304.2035 ns/op
WorkloadResult  16: 2097152 op, 596588350.00 ns, 284.4755 ns/op
WorkloadResult  17: 2097152 op, 615763750.00 ns, 293.6190 ns/op
WorkloadResult  18: 2097152 op, 599808750.00 ns, 286.0111 ns/op
WorkloadResult  19: 2097152 op, 616430150.00 ns, 293.9368 ns/op
WorkloadResult  20: 2097152 op, 601563450.00 ns, 286.8478 ns/op
WorkloadResult  21: 2097152 op, 625902850.00 ns, 298.4537 ns/op
WorkloadResult  22: 2097152 op, 598513350.00 ns, 285.3934 ns/op
WorkloadResult  23: 2097152 op, 628060350.00 ns, 299.4825 ns/op
WorkloadResult  24: 2097152 op, 591010150.00 ns, 281.8156 ns/op
WorkloadResult  25: 2097152 op, 628316850.00 ns, 299.6048 ns/op
WorkloadResult  26: 2097152 op, 590243750.00 ns, 281.4502 ns/op
WorkloadResult  27: 2097152 op, 603662950.00 ns, 287.8489 ns/op
WorkloadResult  28: 2097152 op, 590970150.00 ns, 281.7965 ns/op
WorkloadResult  29: 2097152 op, 630568450.00 ns, 300.6785 ns/op
WorkloadResult  30: 2097152 op, 598089650.00 ns, 285.1914 ns/op
WorkloadResult  31: 2097152 op, 611158250.00 ns, 291.4230 ns/op
WorkloadResult  32: 2097152 op, 592212150.00 ns, 282.3888 ns/op
WorkloadResult  33: 2097152 op, 620549650.00 ns, 295.9011 ns/op
WorkloadResult  34: 2097152 op, 588771550.00 ns, 280.7482 ns/op
WorkloadResult  35: 2097152 op, 623131050.00 ns, 297.1320 ns/op
WorkloadResult  36: 2097152 op, 599134450.00 ns, 285.6896 ns/op
WorkloadResult  37: 2097152 op, 663385550.00 ns, 316.3269 ns/op
WorkloadResult  38: 2097152 op, 591444350.00 ns, 282.0226 ns/op
WorkloadResult  39: 2097152 op, 628065750.00 ns, 299.4851 ns/op
WorkloadResult  40: 2097152 op, 600017950.00 ns, 286.1109 ns/op
WorkloadResult  41: 2097152 op, 641722350.00 ns, 305.9971 ns/op
WorkloadResult  42: 2097152 op, 590715550.00 ns, 281.6751 ns/op
WorkloadResult  43: 2097152 op, 642485650.00 ns, 306.3610 ns/op
WorkloadResult  44: 2097152 op, 593403450.00 ns, 282.9568 ns/op
WorkloadResult  45: 2097152 op, 660294050.00 ns, 314.8527 ns/op
WorkloadResult  46: 2097152 op, 593946950.00 ns, 283.2160 ns/op
WorkloadResult  47: 2097152 op, 632857050.00 ns, 301.7698 ns/op
WorkloadResult  48: 2097152 op, 591128650.00 ns, 281.8721 ns/op
WorkloadResult  49: 2097152 op, 640909750.00 ns, 305.6096 ns/op
WorkloadResult  50: 2097152 op, 592007050.00 ns, 282.2910 ns/op
// GC:  19 0 0 1107296320 2097152
// Threading:  0 0 2097152

// AfterAll
// Benchmark Process 69804 has exited with code 0.

Mean = 293.757 ns, StdErr = 1.677 ns (0.57%), N = 50, StdDev = 11.860 ns
Min = 280.748 ns, Q1 = 283.131 ns, Median = 289.636 ns, Q3 = 303.292 ns, Max = 325.689 ns
IQR = 20.161 ns, LowerFence = 252.888 ns, UpperFence = 333.534 ns
ConfidenceInterval = [287.886 ns; 299.628 ns] (CI 99.9%), Margin = 5.871 ns (2.00% of Mean)
Skewness = 0.69, Kurtosis = 2.34, MValue = 2.48

// ** Remained 1 (33.3%) benchmark(s) to run. Estimated finish 2026-05-14 18:02 (0h 0m from now) **
Setup power plan (GUID: 8c5e7fda-e8bf-4a96-9a85-a6e23a8c635c FriendlyName: High performance)
// **************************
// Benchmark: MelAdapterBenchmarks.Mel_Native_Active_Null_FourProps: DefaultJob
// *** Execute ***
// Launch: 1 / 1
// Execute: dotnet 0e833d5e-d58e-4d90-98dc-defc394f18ba.dll --anonymousPipes 38792 2688 --benchmarkName MMP.Herald.OSS.Benchmarks.Comparisons.HeraldRow.MelAdapterBenchmarks.Mel_Native_Active_Null_FourProps --job Default --benchmarkId 2 in E:\dev\Herald.OSS\benchmarking\comparisons\net10\herald\bin\Release\net10.0\0e833d5e-d58e-4d90-98dc-defc394f18ba\bin\Release\net10.0
// BeforeAnythingElse

// Benchmark Process Environment Information:
// BenchmarkDotNet v0.14.0
// Runtime=.NET 10.0.8 (10.0.826.23019), X64 RyuJIT AVX2
// GC=Concurrent Server
// HardwareIntrinsics=AVX2,AES,BMI1,BMI2,FMA,LZCNT,PCLMUL,POPCNT,AvxVnni,SERIALIZE VectorSize=256
// Job: DefaultJob

OverheadJitting  1: 1 op, 193000.00 ns, 193.0000 us/op
WorkloadJitting  1: 1 op, 4837000.00 ns, 4.8370 ms/op

OverheadJitting  2: 16 op, 180300.00 ns, 11.2688 us/op
WorkloadJitting  2: 16 op, 259700.00 ns, 16.2313 us/op

WorkloadPilot    1: 16 op, 25200.00 ns, 1.5750 us/op
WorkloadPilot    2: 32 op, 31500.00 ns, 984.3750 ns/op
WorkloadPilot    3: 64 op, 56600.00 ns, 884.3750 ns/op
WorkloadPilot    4: 128 op, 66600.00 ns, 520.3125 ns/op
WorkloadPilot    5: 256 op, 140100.00 ns, 547.2656 ns/op
WorkloadPilot    6: 512 op, 203100.00 ns, 396.6797 ns/op
WorkloadPilot    7: 1024 op, 433800.00 ns, 423.6328 ns/op
WorkloadPilot    8: 2048 op, 894500.00 ns, 436.7676 ns/op
WorkloadPilot    9: 4096 op, 1569600.00 ns, 383.2031 ns/op
WorkloadPilot   10: 8192 op, 3442400.00 ns, 420.2148 ns/op
WorkloadPilot   11: 16384 op, 6442200.00 ns, 393.2007 ns/op
WorkloadPilot   12: 32768 op, 12054400.00 ns, 367.8711 ns/op
WorkloadPilot   13: 65536 op, 22998800.00 ns, 350.9338 ns/op
WorkloadPilot   14: 131072 op, 46473700.00 ns, 354.5662 ns/op
WorkloadPilot   15: 262144 op, 109519900.00 ns, 417.7853 ns/op
WorkloadPilot   16: 524288 op, 117780200.00 ns, 224.6479 ns/op
WorkloadPilot   17: 1048576 op, 165191700.00 ns, 157.5391 ns/op
WorkloadPilot   18: 2097152 op, 359217200.00 ns, 171.2881 ns/op
WorkloadPilot   19: 4194304 op, 646498000.00 ns, 154.1371 ns/op

OverheadWarmup   1: 4194304 op, 8895200.00 ns, 2.1208 ns/op
OverheadWarmup   2: 4194304 op, 8905400.00 ns, 2.1232 ns/op
OverheadWarmup   3: 4194304 op, 8870700.00 ns, 2.1149 ns/op
OverheadWarmup   4: 4194304 op, 8868100.00 ns, 2.1143 ns/op
OverheadWarmup   5: 4194304 op, 8916100.00 ns, 2.1258 ns/op
OverheadWarmup   6: 4194304 op, 8910400.00 ns, 2.1244 ns/op

OverheadActual   1: 4194304 op, 8881800.00 ns, 2.1176 ns/op
OverheadActual   2: 4194304 op, 8859200.00 ns, 2.1122 ns/op
OverheadActual   3: 4194304 op, 8892900.00 ns, 2.1202 ns/op
OverheadActual   4: 4194304 op, 8902900.00 ns, 2.1226 ns/op
OverheadActual   5: 4194304 op, 8953200.00 ns, 2.1346 ns/op
OverheadActual   6: 4194304 op, 8915800.00 ns, 2.1257 ns/op
OverheadActual   7: 4194304 op, 8928100.00 ns, 2.1286 ns/op
OverheadActual   8: 4194304 op, 8908600.00 ns, 2.1240 ns/op
OverheadActual   9: 4194304 op, 8936700.00 ns, 2.1307 ns/op
OverheadActual  10: 4194304 op, 8960300.00 ns, 2.1363 ns/op
OverheadActual  11: 4194304 op, 8915600.00 ns, 2.1256 ns/op
OverheadActual  12: 4194304 op, 8906700.00 ns, 2.1235 ns/op
OverheadActual  13: 4194304 op, 8934200.00 ns, 2.1301 ns/op
OverheadActual  14: 4194304 op, 8872100.00 ns, 2.1153 ns/op
OverheadActual  15: 4194304 op, 8900900.00 ns, 2.1221 ns/op

WorkloadWarmup   1: 4194304 op, 669950400.00 ns, 159.7286 ns/op
WorkloadWarmup   2: 4194304 op, 701805300.00 ns, 167.3234 ns/op
WorkloadWarmup   3: 4194304 op, 646022300.00 ns, 154.0237 ns/op
WorkloadWarmup   4: 4194304 op, 660839300.00 ns, 157.5564 ns/op
WorkloadWarmup   5: 4194304 op, 652969300.00 ns, 155.6800 ns/op
WorkloadWarmup   6: 4194304 op, 682068900.00 ns, 162.6179 ns/op

// BeforeActualRun
WorkloadActual   1: 4194304 op, 640651000.00 ns, 152.7431 ns/op
WorkloadActual   2: 4194304 op, 697665700.00 ns, 166.3365 ns/op
WorkloadActual   3: 4194304 op, 646322300.00 ns, 154.0952 ns/op
WorkloadActual   4: 4194304 op, 657077600.00 ns, 156.6595 ns/op
WorkloadActual   5: 4194304 op, 646526800.00 ns, 154.1440 ns/op
WorkloadActual   6: 4194304 op, 690527000.00 ns, 164.6345 ns/op
WorkloadActual   7: 4194304 op, 647768100.00 ns, 154.4399 ns/op
WorkloadActual   8: 4194304 op, 693922900.00 ns, 165.4441 ns/op
WorkloadActual   9: 4194304 op, 637855200.00 ns, 152.0765 ns/op
WorkloadActual  10: 4194304 op, 693294500.00 ns, 165.2943 ns/op
WorkloadActual  11: 4194304 op, 704925400.00 ns, 168.0673 ns/op
WorkloadActual  12: 4194304 op, 644580300.00 ns, 153.6799 ns/op
WorkloadActual  13: 4194304 op, 675434200.00 ns, 161.0361 ns/op
WorkloadActual  14: 4194304 op, 643803200.00 ns, 153.4946 ns/op
WorkloadActual  15: 4194304 op, 683460600.00 ns, 162.9497 ns/op
WorkloadActual  16: 4194304 op, 646176300.00 ns, 154.0604 ns/op
WorkloadActual  17: 4194304 op, 728186100.00 ns, 173.6131 ns/op
WorkloadActual  18: 4194304 op, 642040600.00 ns, 153.0744 ns/op
WorkloadActual  19: 4194304 op, 684853900.00 ns, 163.2819 ns/op
WorkloadActual  20: 4194304 op, 639669400.00 ns, 152.5091 ns/op
WorkloadActual  21: 4194304 op, 685734700.00 ns, 163.4919 ns/op
WorkloadActual  22: 4194304 op, 642629800.00 ns, 153.2149 ns/op
WorkloadActual  23: 4194304 op, 648923800.00 ns, 154.7155 ns/op
WorkloadActual  24: 4194304 op, 679939600.00 ns, 162.1102 ns/op
WorkloadActual  25: 4194304 op, 647741700.00 ns, 154.4337 ns/op
WorkloadActual  26: 4194304 op, 674509000.00 ns, 160.8155 ns/op
WorkloadActual  27: 4194304 op, 647702100.00 ns, 154.4242 ns/op
WorkloadActual  28: 4194304 op, 675996600.00 ns, 161.1701 ns/op
WorkloadActual  29: 4194304 op, 656632000.00 ns, 156.5533 ns/op
WorkloadActual  30: 4194304 op, 694799900.00 ns, 165.6532 ns/op
WorkloadActual  31: 4194304 op, 664760400.00 ns, 158.4912 ns/op
WorkloadActual  32: 4194304 op, 684502300.00 ns, 163.1981 ns/op
WorkloadActual  33: 4194304 op, 643301000.00 ns, 153.3749 ns/op
WorkloadActual  34: 4194304 op, 696089700.00 ns, 165.9607 ns/op
WorkloadActual  35: 4194304 op, 645932100.00 ns, 154.0022 ns/op
WorkloadActual  36: 4194304 op, 694779500.00 ns, 165.6483 ns/op
WorkloadActual  37: 4194304 op, 688134400.00 ns, 164.0640 ns/op
WorkloadActual  38: 4194304 op, 646728500.00 ns, 154.1921 ns/op
WorkloadActual  39: 4194304 op, 693225300.00 ns, 165.2778 ns/op
WorkloadActual  40: 4194304 op, 642295000.00 ns, 153.1351 ns/op
WorkloadActual  41: 4194304 op, 682159400.00 ns, 162.6395 ns/op

// AfterActualRun
WorkloadResult   1: 4194304 op, 631742400.00 ns, 150.6191 ns/op
WorkloadResult   2: 4194304 op, 688757100.00 ns, 164.2125 ns/op
WorkloadResult   3: 4194304 op, 637413700.00 ns, 151.9713 ns/op
WorkloadResult   4: 4194304 op, 648169000.00 ns, 154.5355 ns/op
WorkloadResult   5: 4194304 op, 637618200.00 ns, 152.0200 ns/op
WorkloadResult   6: 4194304 op, 681618400.00 ns, 162.5105 ns/op
WorkloadResult   7: 4194304 op, 638859500.00 ns, 152.3160 ns/op
WorkloadResult   8: 4194304 op, 685014300.00 ns, 163.3201 ns/op
WorkloadResult   9: 4194304 op, 628946600.00 ns, 149.9526 ns/op
WorkloadResult  10: 4194304 op, 684385900.00 ns, 163.1703 ns/op
WorkloadResult  11: 4194304 op, 696016800.00 ns, 165.9433 ns/op
WorkloadResult  12: 4194304 op, 635671700.00 ns, 151.5559 ns/op
WorkloadResult  13: 4194304 op, 666525600.00 ns, 158.9121 ns/op
WorkloadResult  14: 4194304 op, 634894600.00 ns, 151.3707 ns/op
WorkloadResult  15: 4194304 op, 674552000.00 ns, 160.8257 ns/op
WorkloadResult  16: 4194304 op, 637267700.00 ns, 151.9365 ns/op
WorkloadResult  17: 4194304 op, 719277500.00 ns, 171.4891 ns/op
WorkloadResult  18: 4194304 op, 633132000.00 ns, 150.9504 ns/op
WorkloadResult  19: 4194304 op, 675945300.00 ns, 161.1579 ns/op
WorkloadResult  20: 4194304 op, 630760800.00 ns, 150.3851 ns/op
WorkloadResult  21: 4194304 op, 676826100.00 ns, 161.3679 ns/op
WorkloadResult  22: 4194304 op, 633721200.00 ns, 151.0909 ns/op
WorkloadResult  23: 4194304 op, 640015200.00 ns, 152.5915 ns/op
WorkloadResult  24: 4194304 op, 671031000.00 ns, 159.9863 ns/op
WorkloadResult  25: 4194304 op, 638833100.00 ns, 152.3097 ns/op
WorkloadResult  26: 4194304 op, 665600400.00 ns, 158.6915 ns/op
WorkloadResult  27: 4194304 op, 638793500.00 ns, 152.3002 ns/op
WorkloadResult  28: 4194304 op, 667088000.00 ns, 159.0462 ns/op
WorkloadResult  29: 4194304 op, 647723400.00 ns, 154.4293 ns/op
WorkloadResult  30: 4194304 op, 685891300.00 ns, 163.5292 ns/op
WorkloadResult  31: 4194304 op, 655851800.00 ns, 156.3673 ns/op
WorkloadResult  32: 4194304 op, 675593700.00 ns, 161.0741 ns/op
WorkloadResult  33: 4194304 op, 634392400.00 ns, 151.2509 ns/op
WorkloadResult  34: 4194304 op, 687181100.00 ns, 163.8367 ns/op
WorkloadResult  35: 4194304 op, 637023500.00 ns, 151.8782 ns/op
WorkloadResult  36: 4194304 op, 685870900.00 ns, 163.5244 ns/op
WorkloadResult  37: 4194304 op, 679225800.00 ns, 161.9401 ns/op
WorkloadResult  38: 4194304 op, 637819900.00 ns, 152.0681 ns/op
WorkloadResult  39: 4194304 op, 684316700.00 ns, 163.1538 ns/op
WorkloadResult  40: 4194304 op, 633386400.00 ns, 151.0111 ns/op
WorkloadResult  41: 4194304 op, 673250800.00 ns, 160.5155 ns/op
// GC:  15 0 0 872415680 4194304
// Threading:  0 0 4194304

// AfterAll
// Benchmark Process 67400 has exited with code 0.

Mean = 157.100 ns, StdErr = 0.892 ns (0.57%), N = 41, StdDev = 5.711 ns
Min = 149.953 ns, Q1 = 151.936 ns, Median = 156.367 ns, Q3 = 161.940 ns, Max = 171.489 ns
IQR = 10.004 ns, LowerFence = 136.931 ns, UpperFence = 176.945 ns
ConfidenceInterval = [153.934 ns; 160.267 ns] (CI 99.9%), Margin = 3.167 ns (2.02% of Mean)
Skewness = 0.37, Kurtosis = 1.91, MValue = 3.1

// ** Remained 0 (0.0%) benchmark(s) to run. Estimated finish 2026-05-14 18:02 (0h 0m from now) **
Successfully reverted power plan (GUID: 8c5e7fda-e8bf-4a96-9a85-a6e23a8c635c FriendlyName: High performance)
// ***** BenchmarkRunner: Finish  *****

// * Export *
  benchmarking\comparisons\net10\herald\results\results\MMP.Herald.OSS.Benchmarks.Comparisons.HeraldRow.MelAdapterBenchmarks-report.csv
  benchmarking\comparisons\net10\herald\results\results\MMP.Herald.OSS.Benchmarks.Comparisons.HeraldRow.MelAdapterBenchmarks-report-github.md
  benchmarking\comparisons\net10\herald\results\results\MMP.Herald.OSS.Benchmarks.Comparisons.HeraldRow.MelAdapterBenchmarks-report.html

// * Detailed results *
MelAdapterBenchmarks.Herald_Native_FourProps: DefaultJob
Runtime = .NET 10.0.8 (10.0.826.23019), X64 RyuJIT AVX2; GC = Concurrent Server
Mean = 33.902 ns, StdErr = 0.204 ns (0.60%), N = 59, StdDev = 1.570 ns
Min = 32.237 ns, Q1 = 32.599 ns, Median = 33.086 ns, Q3 = 35.484 ns, Max = 37.651 ns
IQR = 2.884 ns, LowerFence = 28.273 ns, UpperFence = 39.810 ns
ConfidenceInterval = [33.193 ns; 34.610 ns] (CI 99.9%), Margin = 0.709 ns (2.09% of Mean)
Skewness = 0.72, Kurtosis = 2, MValue = 2.67
-------------------- Histogram --------------------
[32.232 ns ; 33.291 ns) | @@@@@@@@@@@@@@@@@@@@@@@@@@@@@@@@@
[33.291 ns ; 34.421 ns) | @@@@@@
[34.421 ns ; 35.157 ns) | @@
[35.157 ns ; 36.216 ns) | @@@@@@@@@@@@@
[36.216 ns ; 37.257 ns) | @@@@
[37.257 ns ; 38.181 ns) | @
---------------------------------------------------

MelAdapterBenchmarks.Herald_Via_Mel_Adapter_FourProps: DefaultJob
Runtime = .NET 10.0.8 (10.0.826.23019), X64 RyuJIT AVX2; GC = Concurrent Server
Mean = 293.757 ns, StdErr = 1.677 ns (0.57%), N = 50, StdDev = 11.860 ns
Min = 280.748 ns, Q1 = 283.131 ns, Median = 289.636 ns, Q3 = 303.292 ns, Max = 325.689 ns
IQR = 20.161 ns, LowerFence = 252.888 ns, UpperFence = 333.534 ns
ConfidenceInterval = [287.886 ns; 299.628 ns] (CI 99.9%), Margin = 5.871 ns (2.00% of Mean)
Skewness = 0.69, Kurtosis = 2.34, MValue = 2.48
-------------------- Histogram --------------------
[280.073 ns ; 288.524 ns) | @@@@@@@@@@@@@@@@@@@@@@@@@
[288.524 ns ; 298.182 ns) | @@@@@@
[298.182 ns ; 309.197 ns) | @@@@@@@@@@@@
[309.197 ns ; 321.463 ns) | @@@@@@
[321.463 ns ; 329.914 ns) | @
---------------------------------------------------

MelAdapterBenchmarks.Mel_Native_Active_Null_FourProps: DefaultJob
Runtime = .NET 10.0.8 (10.0.826.23019), X64 RyuJIT AVX2; GC = Concurrent Server
Mean = 157.100 ns, StdErr = 0.892 ns (0.57%), N = 41, StdDev = 5.711 ns
Min = 149.953 ns, Q1 = 151.936 ns, Median = 156.367 ns, Q3 = 161.940 ns, Max = 171.489 ns
IQR = 10.004 ns, LowerFence = 136.931 ns, UpperFence = 176.945 ns
ConfidenceInterval = [153.934 ns; 160.267 ns] (CI 99.9%), Margin = 3.167 ns (2.02% of Mean)
Skewness = 0.37, Kurtosis = 1.91, MValue = 3.1
-------------------- Histogram --------------------
[147.779 ns ; 154.634 ns) | @@@@@@@@@@@@@@@@@@@@
[154.634 ns ; 159.926 ns) | @@@@
[159.926 ns ; 164.273 ns) | @@@@@@@@@@@@@@@
[164.273 ns ; 169.315 ns) | @
[169.315 ns ; 173.663 ns) | @
---------------------------------------------------

// * Summary *

BenchmarkDotNet v0.14.0, Windows 11 (10.0.26200.8246)
12th Gen Intel Core i9-12900K, 1 CPU, 24 logical and 16 physical cores
.NET SDK 10.0.204
  [Host]     : .NET 10.0.8 (10.0.826.23019), X64 RyuJIT AVX2
  DefaultJob : .NET 10.0.8 (10.0.826.23019), X64 RyuJIT AVX2


| Method                           | Mean      | Error    | StdDev    | Median    | Ratio | RatioSD | Gen0   | Allocated | Alloc Ratio |
|--------------------------------- |----------:|---------:|----------:|----------:|------:|--------:|-------:|----------:|------------:|
| Herald_Native_FourProps          |  33.90 ns | 0.709 ns |  1.570 ns |  33.09 ns |  1.00 |    0.06 | 0.0008 |      48 B |        1.00 |
| Herald_Via_Mel_Adapter_FourProps | 293.76 ns | 5.871 ns | 11.860 ns | 289.64 ns |  8.68 |    0.52 | 0.0091 |     528 B |       11.00 |
| Mel_Native_Active_Null_FourProps | 157.10 ns | 3.167 ns |  5.711 ns | 156.37 ns |  4.64 |    0.27 | 0.0036 |     208 B |        4.33 |

// * Warnings *
MultimodalDistribution
  MelAdapterBenchmarks.Mel_Native_Active_Null_FourProps: Default -> It seems that the distribution can have several modes (mValue = 3.1)

// * Legends *
  Mean        : Arithmetic mean of all measurements
  Error       : Half of 99.9% confidence interval
  StdDev      : Standard deviation of all measurements
  Median      : Value separating the higher half of all measurements (50th percentile)
  Ratio       : Mean of the ratio distribution ([Current]/[Baseline])
  RatioSD     : Standard deviation of the ratio distribution ([Current]/[Baseline])
  Gen0        : GC Generation 0 collects per 1000 operations
  Allocated   : Allocated memory per single operation (managed only, inclusive, 1KB = 1024B)
  Alloc Ratio : Allocated memory ratio distribution ([Current]/[Baseline])
  1 ns        : 1 Nanosecond (0.000000001 sec)

// * Diagnostic Output - MemoryDiagnoser *


// ***** BenchmarkRunner: End *****
Run time: 00:01:54 (114.96 sec), executed benchmarks: 3

Global total time: 00:02:09 (129.9 sec), executed benchmarks: 3
// * Artifacts cleanup *
Artifacts cleanup is finished
