// Validating benchmarks:
// ***** BenchmarkRunner: Start   *****
// ***** Found 3 benchmark(s) in total *****
// ***** Building 1 exe(s) in Parallel: Start   *****
// start dotnet  restore /p:UseSharedCompilation=false /p:BuildInParallel=false /m:1 /p:Deterministic=true /p:Optimize=true /p:IntermediateOutputPath="E:\dev\Herald.OSS\benchmarking\comparisons\net10\herald\bin\Release\net10.0\0703520d-f525-4e28-b2eb-270c50dc3ab2\obj\Release\net10.0/" /p:OutDir="E:\dev\Herald.OSS\benchmarking\comparisons\net10\herald\bin\Release\net10.0\0703520d-f525-4e28-b2eb-270c50dc3ab2\bin\Release\net10.0/" /p:OutputPath="E:\dev\Herald.OSS\benchmarking\comparisons\net10\herald\bin\Release\net10.0\0703520d-f525-4e28-b2eb-270c50dc3ab2\bin\Release\net10.0/" in E:\dev\Herald.OSS\benchmarking\comparisons\net10\herald\bin\Release\net10.0\0703520d-f525-4e28-b2eb-270c50dc3ab2
// command took 1.8 sec and exited with 0
// start dotnet  build -c Release --no-restore /p:UseSharedCompilation=false /p:BuildInParallel=false /m:1 /p:Deterministic=true /p:Optimize=true /p:IntermediateOutputPath="E:\dev\Herald.OSS\benchmarking\comparisons\net10\herald\bin\Release\net10.0\0703520d-f525-4e28-b2eb-270c50dc3ab2\obj\Release\net10.0/" /p:OutDir="E:\dev\Herald.OSS\benchmarking\comparisons\net10\herald\bin\Release\net10.0\0703520d-f525-4e28-b2eb-270c50dc3ab2\bin\Release\net10.0/" /p:OutputPath="E:\dev\Herald.OSS\benchmarking\comparisons\net10\herald\bin\Release\net10.0\0703520d-f525-4e28-b2eb-270c50dc3ab2\bin\Release\net10.0/" --output "E:\dev\Herald.OSS\benchmarking\comparisons\net10\herald\bin\Release\net10.0\0703520d-f525-4e28-b2eb-270c50dc3ab2\bin\Release\net10.0/" in E:\dev\Herald.OSS\benchmarking\comparisons\net10\herald\bin\Release\net10.0\0703520d-f525-4e28-b2eb-270c50dc3ab2
// command took 17.77 sec and exited with 0
// ***** Done, took 00:00:21 (21.24 sec)   *****
// Found 3 benchmarks:
//   MelAdapterBenchmarks.Herald_Native_FourProps: DefaultJob
//   MelAdapterBenchmarks.Herald_Via_Mel_Adapter_FourProps: DefaultJob
//   MelAdapterBenchmarks.Mel_Native_Active_Null_FourProps: DefaultJob

Setup power plan (GUID: 8c5e7fda-e8bf-4a96-9a85-a6e23a8c635c FriendlyName: High performance)
// **************************
// Benchmark: MelAdapterBenchmarks.Herald_Native_FourProps: DefaultJob
// *** Execute ***
// Launch: 1 / 1
// Execute: dotnet 0703520d-f525-4e28-b2eb-270c50dc3ab2.dll --anonymousPipes 36224 23444 --benchmarkName MMP.Herald.OSS.Benchmarks.Comparisons.HeraldRow.MelAdapterBenchmarks.Herald_Native_FourProps --job Default --benchmarkId 0 in E:\dev\Herald.OSS\benchmarking\comparisons\net10\herald\bin\Release\net10.0\0703520d-f525-4e28-b2eb-270c50dc3ab2\bin\Release\net10.0
// BeforeAnythingElse

// Benchmark Process Environment Information:
// BenchmarkDotNet v0.14.0
// Runtime=.NET 10.0.8 (10.0.826.23019), X64 RyuJIT AVX2
// GC=Concurrent Server
// HardwareIntrinsics=AVX2,AES,BMI1,BMI2,FMA,LZCNT,PCLMUL,POPCNT,AvxVnni,SERIALIZE VectorSize=256
// Job: DefaultJob

OverheadJitting  1: 1 op, 194800.00 ns, 194.8000 us/op
WorkloadJitting  1: 1 op, 1926200.00 ns, 1.9262 ms/op

OverheadJitting  2: 16 op, 161900.00 ns, 10.1188 us/op
WorkloadJitting  2: 16 op, 166400.00 ns, 10.4000 us/op

WorkloadPilot    1: 16 op, 5300.00 ns, 331.2500 ns/op
WorkloadPilot    2: 32 op, 7300.00 ns, 228.1250 ns/op
WorkloadPilot    3: 64 op, 16000.00 ns, 250.0000 ns/op
WorkloadPilot    4: 128 op, 19800.00 ns, 154.6875 ns/op
WorkloadPilot    5: 256 op, 34400.00 ns, 134.3750 ns/op
WorkloadPilot    6: 512 op, 69200.00 ns, 135.1563 ns/op
WorkloadPilot    7: 1024 op, 131400.00 ns, 128.3203 ns/op
WorkloadPilot    8: 2048 op, 256800.00 ns, 125.3906 ns/op
WorkloadPilot    9: 4096 op, 503800.00 ns, 122.9980 ns/op
WorkloadPilot   10: 8192 op, 1096300.00 ns, 133.8257 ns/op
WorkloadPilot   11: 16384 op, 2021700.00 ns, 123.3948 ns/op
WorkloadPilot   12: 32768 op, 3966100.00 ns, 121.0358 ns/op
WorkloadPilot   13: 65536 op, 7785600.00 ns, 118.7988 ns/op
WorkloadPilot   14: 131072 op, 15711700.00 ns, 119.8708 ns/op
WorkloadPilot   15: 262144 op, 32547500.00 ns, 124.1589 ns/op
WorkloadPilot   16: 524288 op, 62933200.00 ns, 120.0356 ns/op
WorkloadPilot   17: 1048576 op, 56878000.00 ns, 54.2431 ns/op
WorkloadPilot   18: 2097152 op, 59092700.00 ns, 28.1776 ns/op
WorkloadPilot   19: 4194304 op, 119499400.00 ns, 28.4909 ns/op
WorkloadPilot   20: 8388608 op, 236649400.00 ns, 28.2108 ns/op
WorkloadPilot   21: 16777216 op, 481514300.00 ns, 28.7005 ns/op
WorkloadPilot   22: 33554432 op, 947685900.00 ns, 28.2432 ns/op

OverheadWarmup   1: 33554432 op, 70613600.00 ns, 2.1044 ns/op
OverheadWarmup   2: 33554432 op, 70594700.00 ns, 2.1039 ns/op
OverheadWarmup   3: 33554432 op, 70480200.00 ns, 2.1005 ns/op
OverheadWarmup   4: 33554432 op, 50706600.00 ns, 1.5112 ns/op
OverheadWarmup   5: 33554432 op, 51213300.00 ns, 1.5263 ns/op
OverheadWarmup   6: 33554432 op, 49809800.00 ns, 1.4844 ns/op
OverheadWarmup   7: 33554432 op, 49841300.00 ns, 1.4854 ns/op
OverheadWarmup   8: 33554432 op, 49779700.00 ns, 1.4836 ns/op

OverheadActual   1: 33554432 op, 49928800.00 ns, 1.4880 ns/op
OverheadActual   2: 33554432 op, 49921800.00 ns, 1.4878 ns/op
OverheadActual   3: 33554432 op, 49947800.00 ns, 1.4886 ns/op
OverheadActual   4: 33554432 op, 49891700.00 ns, 1.4869 ns/op
OverheadActual   5: 33554432 op, 49848700.00 ns, 1.4856 ns/op
OverheadActual   6: 33554432 op, 49955800.00 ns, 1.4888 ns/op
OverheadActual   7: 33554432 op, 50012100.00 ns, 1.4905 ns/op
OverheadActual   8: 33554432 op, 50140500.00 ns, 1.4943 ns/op
OverheadActual   9: 33554432 op, 49989500.00 ns, 1.4898 ns/op
OverheadActual  10: 33554432 op, 49887600.00 ns, 1.4868 ns/op
OverheadActual  11: 33554432 op, 49989300.00 ns, 1.4898 ns/op
OverheadActual  12: 33554432 op, 50159300.00 ns, 1.4949 ns/op
OverheadActual  13: 33554432 op, 50081300.00 ns, 1.4925 ns/op
OverheadActual  14: 33554432 op, 50079100.00 ns, 1.4925 ns/op
OverheadActual  15: 33554432 op, 50978700.00 ns, 1.5193 ns/op

WorkloadWarmup   1: 33554432 op, 969023100.00 ns, 28.8791 ns/op
WorkloadWarmup   2: 33554432 op, 961309800.00 ns, 28.6493 ns/op
WorkloadWarmup   3: 33554432 op, 969498500.00 ns, 28.8933 ns/op
WorkloadWarmup   4: 33554432 op, 972690700.00 ns, 28.9884 ns/op
WorkloadWarmup   5: 33554432 op, 985002900.00 ns, 29.3554 ns/op
WorkloadWarmup   6: 33554432 op, 985615100.00 ns, 29.3736 ns/op
WorkloadWarmup   7: 33554432 op, 981418300.00 ns, 29.2485 ns/op
WorkloadWarmup   8: 33554432 op, 999261500.00 ns, 29.7803 ns/op
WorkloadWarmup   9: 33554432 op, 1001001100.00 ns, 29.8322 ns/op
WorkloadWarmup  10: 33554432 op, 981252400.00 ns, 29.2436 ns/op

// BeforeActualRun
WorkloadActual   1: 33554432 op, 974743500.00 ns, 29.0496 ns/op
WorkloadActual   2: 33554432 op, 967139000.00 ns, 28.8230 ns/op
WorkloadActual   3: 33554432 op, 966141100.00 ns, 28.7932 ns/op
WorkloadActual   4: 33554432 op, 989133200.00 ns, 29.4785 ns/op
WorkloadActual   5: 33554432 op, 983570400.00 ns, 29.3127 ns/op
WorkloadActual   6: 33554432 op, 986973200.00 ns, 29.4141 ns/op
WorkloadActual   7: 33554432 op, 1027970500.00 ns, 30.6359 ns/op
WorkloadActual   8: 33554432 op, 976285000.00 ns, 29.0956 ns/op
WorkloadActual   9: 33554432 op, 963481800.00 ns, 28.7140 ns/op
WorkloadActual  10: 33554432 op, 976941200.00 ns, 29.1151 ns/op
WorkloadActual  11: 33554432 op, 986578900.00 ns, 29.4023 ns/op
WorkloadActual  12: 33554432 op, 963541900.00 ns, 28.7158 ns/op
WorkloadActual  13: 33554432 op, 971586300.00 ns, 28.9555 ns/op
WorkloadActual  14: 33554432 op, 961784700.00 ns, 28.6634 ns/op
WorkloadActual  15: 33554432 op, 965038300.00 ns, 28.7604 ns/op

// AfterActualRun
WorkloadResult   1: 33554432 op, 924754200.00 ns, 27.5598 ns/op
WorkloadResult   2: 33554432 op, 917149700.00 ns, 27.3332 ns/op
WorkloadResult   3: 33554432 op, 916151800.00 ns, 27.3035 ns/op
WorkloadResult   4: 33554432 op, 939143900.00 ns, 27.9887 ns/op
WorkloadResult   5: 33554432 op, 933581100.00 ns, 27.8229 ns/op
WorkloadResult   6: 33554432 op, 936983900.00 ns, 27.9243 ns/op
WorkloadResult   7: 33554432 op, 926295700.00 ns, 27.6058 ns/op
WorkloadResult   8: 33554432 op, 913492500.00 ns, 27.2242 ns/op
WorkloadResult   9: 33554432 op, 926951900.00 ns, 27.6253 ns/op
WorkloadResult  10: 33554432 op, 936589600.00 ns, 27.9125 ns/op
WorkloadResult  11: 33554432 op, 913552600.00 ns, 27.2260 ns/op
WorkloadResult  12: 33554432 op, 921597000.00 ns, 27.4657 ns/op
WorkloadResult  13: 33554432 op, 911795400.00 ns, 27.1736 ns/op
WorkloadResult  14: 33554432 op, 915049000.00 ns, 27.2706 ns/op
// GC:  0 0 0 1440 33554432
// Threading:  0 0 33554432

// AfterAll
// Benchmark Process 52708 has exited with code 0.

Mean = 27.531 ns, StdErr = 0.077 ns (0.28%), N = 14, StdDev = 0.289 ns
Min = 27.174 ns, Q1 = 27.279 ns, Median = 27.513 ns, Q3 = 27.773 ns, Max = 27.989 ns
IQR = 0.495 ns, LowerFence = 26.537 ns, UpperFence = 28.516 ns
ConfidenceInterval = [27.205 ns; 27.858 ns] (CI 99.9%), Margin = 0.326 ns (1.19% of Mean)
Skewness = 0.29, Kurtosis = 1.42, MValue = 2

// ** Remained 2 (66.7%) benchmark(s) to run. Estimated finish 2026-05-14 19:13 (0h 0m from now) **
Setup power plan (GUID: 8c5e7fda-e8bf-4a96-9a85-a6e23a8c635c FriendlyName: High performance)
// **************************
// Benchmark: MelAdapterBenchmarks.Herald_Via_Mel_Adapter_FourProps: DefaultJob
// *** Execute ***
// Launch: 1 / 1
// Execute: dotnet 0703520d-f525-4e28-b2eb-270c50dc3ab2.dll --anonymousPipes 3516 36932 --benchmarkName MMP.Herald.OSS.Benchmarks.Comparisons.HeraldRow.MelAdapterBenchmarks.Herald_Via_Mel_Adapter_FourProps --job Default --benchmarkId 1 in E:\dev\Herald.OSS\benchmarking\comparisons\net10\herald\bin\Release\net10.0\0703520d-f525-4e28-b2eb-270c50dc3ab2\bin\Release\net10.0
// BeforeAnythingElse

// Benchmark Process Environment Information:
// BenchmarkDotNet v0.14.0
// Runtime=.NET 10.0.8 (10.0.826.23019), X64 RyuJIT AVX2
// GC=Concurrent Server
// HardwareIntrinsics=AVX2,AES,BMI1,BMI2,FMA,LZCNT,PCLMUL,POPCNT,AvxVnni,SERIALIZE VectorSize=256
// Job: DefaultJob

OverheadJitting  1: 1 op, 210400.00 ns, 210.4000 us/op
WorkloadJitting  1: 1 op, 6471600.00 ns, 6.4716 ms/op

OverheadJitting  2: 16 op, 205700.00 ns, 12.8563 us/op
WorkloadJitting  2: 16 op, 277000.00 ns, 17.3125 us/op

WorkloadPilot    1: 16 op, 39800.00 ns, 2.4875 us/op
WorkloadPilot    2: 32 op, 52800.00 ns, 1.6500 us/op
WorkloadPilot    3: 64 op, 57100.00 ns, 892.1875 ns/op
WorkloadPilot    4: 128 op, 96800.00 ns, 756.2500 ns/op
WorkloadPilot    5: 256 op, 252300.00 ns, 985.5469 ns/op
WorkloadPilot    6: 512 op, 316500.00 ns, 618.1641 ns/op
WorkloadPilot    7: 1024 op, 647700.00 ns, 632.5195 ns/op
WorkloadPilot    8: 2048 op, 1465300.00 ns, 715.4785 ns/op
WorkloadPilot    9: 4096 op, 2710900.00 ns, 661.8408 ns/op
WorkloadPilot   10: 8192 op, 5410900.00 ns, 660.5103 ns/op
WorkloadPilot   11: 16384 op, 9803100.00 ns, 598.3337 ns/op
WorkloadPilot   12: 32768 op, 19691300.00 ns, 600.9308 ns/op
WorkloadPilot   13: 65536 op, 37425900.00 ns, 571.0739 ns/op
WorkloadPilot   14: 131072 op, 75524800.00 ns, 576.2085 ns/op
WorkloadPilot   15: 262144 op, 139846900.00 ns, 533.4736 ns/op
WorkloadPilot   16: 524288 op, 74279100.00 ns, 141.6761 ns/op
WorkloadPilot   17: 1048576 op, 139221600.00 ns, 132.7721 ns/op
WorkloadPilot   18: 2097152 op, 455503900.00 ns, 217.2012 ns/op
WorkloadPilot   19: 4194304 op, 577370300.00 ns, 137.6558 ns/op

OverheadWarmup   1: 4194304 op, 9390400.00 ns, 2.2388 ns/op
OverheadWarmup   2: 4194304 op, 9161500.00 ns, 2.1843 ns/op
OverheadWarmup   3: 4194304 op, 8946000.00 ns, 2.1329 ns/op
OverheadWarmup   4: 4194304 op, 8942600.00 ns, 2.1321 ns/op
OverheadWarmup   5: 4194304 op, 8927200.00 ns, 2.1284 ns/op
OverheadWarmup   6: 4194304 op, 8887900.00 ns, 2.1190 ns/op
OverheadWarmup   7: 4194304 op, 8904100.00 ns, 2.1229 ns/op
OverheadWarmup   8: 4194304 op, 9088800.00 ns, 2.1669 ns/op
OverheadWarmup   9: 4194304 op, 9117500.00 ns, 2.1738 ns/op
OverheadWarmup  10: 4194304 op, 8933800.00 ns, 2.1300 ns/op

OverheadActual   1: 4194304 op, 8895600.00 ns, 2.1209 ns/op
OverheadActual   2: 4194304 op, 8943900.00 ns, 2.1324 ns/op
OverheadActual   3: 4194304 op, 8998000.00 ns, 2.1453 ns/op
OverheadActual   4: 4194304 op, 8953900.00 ns, 2.1348 ns/op
OverheadActual   5: 4194304 op, 8899500.00 ns, 2.1218 ns/op
OverheadActual   6: 4194304 op, 8892200.00 ns, 2.1201 ns/op
OverheadActual   7: 4194304 op, 9144000.00 ns, 2.1801 ns/op
OverheadActual   8: 4194304 op, 8919400.00 ns, 2.1266 ns/op
OverheadActual   9: 4194304 op, 8889300.00 ns, 2.1194 ns/op
OverheadActual  10: 4194304 op, 9014100.00 ns, 2.1491 ns/op
OverheadActual  11: 4194304 op, 9605800.00 ns, 2.2902 ns/op
OverheadActual  12: 4194304 op, 9595700.00 ns, 2.2878 ns/op
OverheadActual  13: 4194304 op, 7422500.00 ns, 1.7697 ns/op
OverheadActual  14: 4194304 op, 6334500.00 ns, 1.5103 ns/op
OverheadActual  15: 4194304 op, 6342900.00 ns, 1.5123 ns/op
OverheadActual  16: 4194304 op, 6586600.00 ns, 1.5704 ns/op
OverheadActual  17: 4194304 op, 6365900.00 ns, 1.5177 ns/op
OverheadActual  18: 4194304 op, 6323500.00 ns, 1.5076 ns/op
OverheadActual  19: 4194304 op, 6321200.00 ns, 1.5071 ns/op
OverheadActual  20: 4194304 op, 6411500.00 ns, 1.5286 ns/op

WorkloadWarmup   1: 4194304 op, 567596400.00 ns, 135.3255 ns/op
WorkloadWarmup   2: 4194304 op, 616753400.00 ns, 147.0455 ns/op
WorkloadWarmup   3: 4194304 op, 552443700.00 ns, 131.7128 ns/op
WorkloadWarmup   4: 4194304 op, 747452300.00 ns, 178.2065 ns/op
WorkloadWarmup   5: 4194304 op, 550461100.00 ns, 131.2402 ns/op
WorkloadWarmup   6: 4194304 op, 665296100.00 ns, 158.6190 ns/op

// BeforeActualRun
WorkloadActual   1: 4194304 op, 547364700.00 ns, 130.5019 ns/op
WorkloadActual   2: 4194304 op, 646230600.00 ns, 154.0734 ns/op
WorkloadActual   3: 4194304 op, 564371900.00 ns, 134.5567 ns/op
WorkloadActual   4: 4194304 op, 665128500.00 ns, 158.5790 ns/op
WorkloadActual   5: 4194304 op, 547523500.00 ns, 130.5398 ns/op
WorkloadActual   6: 4194304 op, 689642900.00 ns, 164.4237 ns/op
WorkloadActual   7: 4194304 op, 546435700.00 ns, 130.2804 ns/op
WorkloadActual   8: 4194304 op, 555121600.00 ns, 132.3513 ns/op
WorkloadActual   9: 4194304 op, 551370100.00 ns, 131.4569 ns/op
WorkloadActual  10: 4194304 op, 546812800.00 ns, 130.3703 ns/op
WorkloadActual  11: 4194304 op, 625806500.00 ns, 149.2039 ns/op
WorkloadActual  12: 4194304 op, 555723400.00 ns, 132.4948 ns/op
WorkloadActual  13: 4194304 op, 716350600.00 ns, 170.7913 ns/op
WorkloadActual  14: 4194304 op, 559803200.00 ns, 133.4675 ns/op
WorkloadActual  15: 4194304 op, 784222500.00 ns, 186.9732 ns/op
WorkloadActual  16: 4194304 op, 774680700.00 ns, 184.6983 ns/op
WorkloadActual  17: 4194304 op, 557883900.00 ns, 133.0099 ns/op
WorkloadActual  18: 4194304 op, 840319000.00 ns, 200.3477 ns/op
WorkloadActual  19: 4194304 op, 554968900.00 ns, 132.3149 ns/op
WorkloadActual  20: 4194304 op, 776702000.00 ns, 185.1802 ns/op
WorkloadActual  21: 4194304 op, 558244800.00 ns, 133.0959 ns/op
WorkloadActual  22: 4194304 op, 758974200.00 ns, 180.9536 ns/op
WorkloadActual  23: 4194304 op, 571083300.00 ns, 136.1569 ns/op
WorkloadActual  24: 4194304 op, 766150000.00 ns, 182.6644 ns/op
WorkloadActual  25: 4194304 op, 703860700.00 ns, 167.8135 ns/op
WorkloadActual  26: 4194304 op, 569846500.00 ns, 135.8620 ns/op
WorkloadActual  27: 4194304 op, 781222300.00 ns, 186.2579 ns/op
WorkloadActual  28: 4194304 op, 571995700.00 ns, 136.3744 ns/op
WorkloadActual  29: 4194304 op, 672543000.00 ns, 160.3467 ns/op
WorkloadActual  30: 4194304 op, 555146400.00 ns, 132.3572 ns/op
WorkloadActual  31: 4194304 op, 708220500.00 ns, 168.8529 ns/op
WorkloadActual  32: 4194304 op, 550429600.00 ns, 131.2326 ns/op
WorkloadActual  33: 4194304 op, 665636600.00 ns, 158.7001 ns/op
WorkloadActual  34: 4194304 op, 559263700.00 ns, 133.3389 ns/op
WorkloadActual  35: 4194304 op, 674488200.00 ns, 160.8105 ns/op
WorkloadActual  36: 4194304 op, 557180100.00 ns, 132.8421 ns/op
WorkloadActual  37: 4194304 op, 698130800.00 ns, 166.4474 ns/op
WorkloadActual  38: 4194304 op, 563101800.00 ns, 134.2539 ns/op
WorkloadActual  39: 4194304 op, 718610200.00 ns, 171.3300 ns/op
WorkloadActual  40: 4194304 op, 561809100.00 ns, 133.9457 ns/op
WorkloadActual  41: 4194304 op, 759223400.00 ns, 181.0130 ns/op
WorkloadActual  42: 4194304 op, 555358900.00 ns, 132.4079 ns/op
WorkloadActual  43: 4194304 op, 697384200.00 ns, 166.2694 ns/op
WorkloadActual  44: 4194304 op, 557518700.00 ns, 132.9228 ns/op
WorkloadActual  45: 4194304 op, 708807000.00 ns, 168.9928 ns/op
WorkloadActual  46: 4194304 op, 561438600.00 ns, 133.8574 ns/op
WorkloadActual  47: 4194304 op, 722297700.00 ns, 172.2092 ns/op
WorkloadActual  48: 4194304 op, 562806500.00 ns, 134.1835 ns/op
WorkloadActual  49: 4194304 op, 769569200.00 ns, 183.4796 ns/op
WorkloadActual  50: 4194304 op, 573146500.00 ns, 136.6488 ns/op
WorkloadActual  51: 4194304 op, 774943600.00 ns, 184.7610 ns/op
WorkloadActual  52: 4194304 op, 555970500.00 ns, 132.5537 ns/op
WorkloadActual  53: 4194304 op, 548526500.00 ns, 130.7789 ns/op
WorkloadActual  54: 4194304 op, 728915300.00 ns, 173.7870 ns/op
WorkloadActual  55: 4194304 op, 554001800.00 ns, 132.0843 ns/op
WorkloadActual  56: 4194304 op, 739004300.00 ns, 176.1924 ns/op
WorkloadActual  57: 4194304 op, 549719300.00 ns, 131.0633 ns/op
WorkloadActual  58: 4194304 op, 753034900.00 ns, 179.5375 ns/op
WorkloadActual  59: 4194304 op, 552982900.00 ns, 131.8414 ns/op
WorkloadActual  60: 4194304 op, 692169700.00 ns, 165.0261 ns/op
WorkloadActual  61: 4194304 op, 557471500.00 ns, 132.9116 ns/op
WorkloadActual  62: 4194304 op, 707561300.00 ns, 168.6958 ns/op
WorkloadActual  63: 4194304 op, 554274900.00 ns, 132.1494 ns/op
WorkloadActual  64: 4194304 op, 714334800.00 ns, 170.3107 ns/op
WorkloadActual  65: 4194304 op, 556983200.00 ns, 132.7951 ns/op
WorkloadActual  66: 4194304 op, 686463100.00 ns, 163.6656 ns/op
WorkloadActual  67: 4194304 op, 553551700.00 ns, 131.9770 ns/op
WorkloadActual  68: 4194304 op, 688730200.00 ns, 164.2061 ns/op
WorkloadActual  69: 4194304 op, 556161400.00 ns, 132.5992 ns/op
WorkloadActual  70: 4194304 op, 684831700.00 ns, 163.2766 ns/op
WorkloadActual  71: 4194304 op, 551832400.00 ns, 131.5671 ns/op
WorkloadActual  72: 4194304 op, 746437100.00 ns, 177.9645 ns/op
WorkloadActual  73: 4194304 op, 559962400.00 ns, 133.5054 ns/op
WorkloadActual  74: 4194304 op, 713767400.00 ns, 170.1754 ns/op
WorkloadActual  75: 4194304 op, 548555200.00 ns, 130.7858 ns/op
WorkloadActual  76: 4194304 op, 740167900.00 ns, 176.4698 ns/op
WorkloadActual  77: 4194304 op, 546521700.00 ns, 130.3009 ns/op
WorkloadActual  78: 4194304 op, 697988900.00 ns, 166.4135 ns/op
WorkloadActual  79: 4194304 op, 547904200.00 ns, 130.6305 ns/op
WorkloadActual  80: 4194304 op, 732088000.00 ns, 174.5434 ns/op
WorkloadActual  81: 4194304 op, 554821400.00 ns, 132.2797 ns/op
WorkloadActual  82: 4194304 op, 764507000.00 ns, 182.2727 ns/op
WorkloadActual  83: 4194304 op, 741336700.00 ns, 176.7484 ns/op
WorkloadActual  84: 4194304 op, 552488000.00 ns, 131.7234 ns/op
WorkloadActual  85: 4194304 op, 732345200.00 ns, 174.6047 ns/op
WorkloadActual  86: 4194304 op, 549575700.00 ns, 131.0291 ns/op
WorkloadActual  87: 4194304 op, 736922700.00 ns, 175.6961 ns/op
WorkloadActual  88: 4194304 op, 551248200.00 ns, 131.4278 ns/op
WorkloadActual  89: 4194304 op, 742236000.00 ns, 176.9629 ns/op
WorkloadActual  90: 4194304 op, 546299500.00 ns, 130.2480 ns/op
WorkloadActual  91: 4194304 op, 709937000.00 ns, 169.2622 ns/op
WorkloadActual  92: 4194304 op, 544127100.00 ns, 129.7300 ns/op
WorkloadActual  93: 4194304 op, 693572500.00 ns, 165.3606 ns/op
WorkloadActual  94: 4194304 op, 552097400.00 ns, 131.6303 ns/op
WorkloadActual  95: 4194304 op, 776674300.00 ns, 185.1736 ns/op
WorkloadActual  96: 4194304 op, 547930500.00 ns, 130.6368 ns/op
WorkloadActual  97: 4194304 op, 560109700.00 ns, 133.5406 ns/op
WorkloadActual  98: 4194304 op, 552585200.00 ns, 131.7466 ns/op
WorkloadActual  99: 4194304 op, 547900000.00 ns, 130.6295 ns/op
WorkloadActual  100: 4194304 op, 555326500.00 ns, 132.4002 ns/op

// AfterActualRun
WorkloadResult   1: 4194304 op, 538470800.00 ns, 128.3814 ns/op
WorkloadResult   2: 4194304 op, 637336700.00 ns, 151.9529 ns/op
WorkloadResult   3: 4194304 op, 555478000.00 ns, 132.4363 ns/op
WorkloadResult   4: 4194304 op, 656234600.00 ns, 156.4585 ns/op
WorkloadResult   5: 4194304 op, 538629600.00 ns, 128.4193 ns/op
WorkloadResult   6: 4194304 op, 680749000.00 ns, 162.3032 ns/op
WorkloadResult   7: 4194304 op, 537541800.00 ns, 128.1600 ns/op
WorkloadResult   8: 4194304 op, 546227700.00 ns, 130.2308 ns/op
WorkloadResult   9: 4194304 op, 542476200.00 ns, 129.3364 ns/op
WorkloadResult  10: 4194304 op, 537918900.00 ns, 128.2499 ns/op
WorkloadResult  11: 4194304 op, 616912600.00 ns, 147.0834 ns/op
WorkloadResult  12: 4194304 op, 546829500.00 ns, 130.3743 ns/op
WorkloadResult  13: 4194304 op, 707456700.00 ns, 168.6708 ns/op
WorkloadResult  14: 4194304 op, 550909300.00 ns, 131.3470 ns/op
WorkloadResult  15: 4194304 op, 775328600.00 ns, 184.8527 ns/op
WorkloadResult  16: 4194304 op, 765786800.00 ns, 182.5778 ns/op
WorkloadResult  17: 4194304 op, 548990000.00 ns, 130.8894 ns/op
WorkloadResult  18: 4194304 op, 831425100.00 ns, 198.2272 ns/op
WorkloadResult  19: 4194304 op, 546075000.00 ns, 130.1944 ns/op
WorkloadResult  20: 4194304 op, 767808100.00 ns, 183.0597 ns/op
WorkloadResult  21: 4194304 op, 549350900.00 ns, 130.9755 ns/op
WorkloadResult  22: 4194304 op, 750080300.00 ns, 178.8331 ns/op
WorkloadResult  23: 4194304 op, 562189400.00 ns, 134.0364 ns/op
WorkloadResult  24: 4194304 op, 757256100.00 ns, 180.5439 ns/op
WorkloadResult  25: 4194304 op, 694966800.00 ns, 165.6930 ns/op
WorkloadResult  26: 4194304 op, 560952600.00 ns, 133.7415 ns/op
WorkloadResult  27: 4194304 op, 772328400.00 ns, 184.1374 ns/op
WorkloadResult  28: 4194304 op, 563101800.00 ns, 134.2539 ns/op
WorkloadResult  29: 4194304 op, 663649100.00 ns, 158.2263 ns/op
WorkloadResult  30: 4194304 op, 546252500.00 ns, 130.2367 ns/op
WorkloadResult  31: 4194304 op, 699326600.00 ns, 166.7325 ns/op
WorkloadResult  32: 4194304 op, 541535700.00 ns, 129.1122 ns/op
WorkloadResult  33: 4194304 op, 656742700.00 ns, 156.5797 ns/op
WorkloadResult  34: 4194304 op, 550369800.00 ns, 131.2184 ns/op
WorkloadResult  35: 4194304 op, 665594300.00 ns, 158.6900 ns/op
WorkloadResult  36: 4194304 op, 548286200.00 ns, 130.7216 ns/op
WorkloadResult  37: 4194304 op, 689236900.00 ns, 164.3269 ns/op
WorkloadResult  38: 4194304 op, 554207900.00 ns, 132.1335 ns/op
WorkloadResult  39: 4194304 op, 709716300.00 ns, 169.2096 ns/op
WorkloadResult  40: 4194304 op, 552915200.00 ns, 131.8253 ns/op
WorkloadResult  41: 4194304 op, 750329500.00 ns, 178.8925 ns/op
WorkloadResult  42: 4194304 op, 546465000.00 ns, 130.2874 ns/op
WorkloadResult  43: 4194304 op, 688490300.00 ns, 164.1489 ns/op
WorkloadResult  44: 4194304 op, 548624800.00 ns, 130.8023 ns/op
WorkloadResult  45: 4194304 op, 699913100.00 ns, 166.8723 ns/op
WorkloadResult  46: 4194304 op, 552544700.00 ns, 131.7369 ns/op
WorkloadResult  47: 4194304 op, 713403800.00 ns, 170.0887 ns/op
WorkloadResult  48: 4194304 op, 553912600.00 ns, 132.0631 ns/op
WorkloadResult  49: 4194304 op, 760675300.00 ns, 181.3591 ns/op
WorkloadResult  50: 4194304 op, 564252600.00 ns, 134.5283 ns/op
WorkloadResult  51: 4194304 op, 766049700.00 ns, 182.6405 ns/op
WorkloadResult  52: 4194304 op, 547076600.00 ns, 130.4332 ns/op
WorkloadResult  53: 4194304 op, 539632600.00 ns, 128.6584 ns/op
WorkloadResult  54: 4194304 op, 720021400.00 ns, 171.6665 ns/op
WorkloadResult  55: 4194304 op, 545107900.00 ns, 129.9639 ns/op
WorkloadResult  56: 4194304 op, 730110400.00 ns, 174.0719 ns/op
WorkloadResult  57: 4194304 op, 540825400.00 ns, 128.9428 ns/op
WorkloadResult  58: 4194304 op, 744141000.00 ns, 177.4170 ns/op
WorkloadResult  59: 4194304 op, 544089000.00 ns, 129.7209 ns/op
WorkloadResult  60: 4194304 op, 683275800.00 ns, 162.9056 ns/op
WorkloadResult  61: 4194304 op, 548577600.00 ns, 130.7911 ns/op
WorkloadResult  62: 4194304 op, 698667400.00 ns, 166.5753 ns/op
WorkloadResult  63: 4194304 op, 545381000.00 ns, 130.0290 ns/op
WorkloadResult  64: 4194304 op, 705440900.00 ns, 168.1902 ns/op
WorkloadResult  65: 4194304 op, 548089300.00 ns, 130.6747 ns/op
WorkloadResult  66: 4194304 op, 677569200.00 ns, 161.5451 ns/op
WorkloadResult  67: 4194304 op, 544657800.00 ns, 129.8565 ns/op
WorkloadResult  68: 4194304 op, 679836300.00 ns, 162.0856 ns/op
WorkloadResult  69: 4194304 op, 547267500.00 ns, 130.4787 ns/op
WorkloadResult  70: 4194304 op, 675937800.00 ns, 161.1561 ns/op
WorkloadResult  71: 4194304 op, 542938500.00 ns, 129.4466 ns/op
WorkloadResult  72: 4194304 op, 737543200.00 ns, 175.8440 ns/op
WorkloadResult  73: 4194304 op, 551068500.00 ns, 131.3850 ns/op
WorkloadResult  74: 4194304 op, 704873500.00 ns, 168.0549 ns/op
WorkloadResult  75: 4194304 op, 539661300.00 ns, 128.6653 ns/op
WorkloadResult  76: 4194304 op, 731274000.00 ns, 174.3493 ns/op
WorkloadResult  77: 4194304 op, 537627800.00 ns, 128.1805 ns/op
WorkloadResult  78: 4194304 op, 689095000.00 ns, 164.2931 ns/op
WorkloadResult  79: 4194304 op, 539010300.00 ns, 128.5101 ns/op
WorkloadResult  80: 4194304 op, 723194100.00 ns, 172.4229 ns/op
WorkloadResult  81: 4194304 op, 545927500.00 ns, 130.1593 ns/op
WorkloadResult  82: 4194304 op, 755613100.00 ns, 180.1522 ns/op
WorkloadResult  83: 4194304 op, 732442800.00 ns, 174.6280 ns/op
WorkloadResult  84: 4194304 op, 543594100.00 ns, 129.6029 ns/op
WorkloadResult  85: 4194304 op, 723451300.00 ns, 172.4842 ns/op
WorkloadResult  86: 4194304 op, 540681800.00 ns, 128.9086 ns/op
WorkloadResult  87: 4194304 op, 728028800.00 ns, 173.5756 ns/op
WorkloadResult  88: 4194304 op, 542354300.00 ns, 129.3073 ns/op
WorkloadResult  89: 4194304 op, 733342100.00 ns, 174.8424 ns/op
WorkloadResult  90: 4194304 op, 537405600.00 ns, 128.1275 ns/op
WorkloadResult  91: 4194304 op, 701043100.00 ns, 167.1417 ns/op
WorkloadResult  92: 4194304 op, 535233200.00 ns, 127.6095 ns/op
WorkloadResult  93: 4194304 op, 684678600.00 ns, 163.2401 ns/op
WorkloadResult  94: 4194304 op, 543203500.00 ns, 129.5098 ns/op
WorkloadResult  95: 4194304 op, 767780400.00 ns, 183.0531 ns/op
WorkloadResult  96: 4194304 op, 539036600.00 ns, 128.5163 ns/op
WorkloadResult  97: 4194304 op, 551215800.00 ns, 131.4201 ns/op
WorkloadResult  98: 4194304 op, 543691300.00 ns, 129.6261 ns/op
WorkloadResult  99: 4194304 op, 539006100.00 ns, 128.5091 ns/op
WorkloadResult  100: 4194304 op, 546432600.00 ns, 130.2797 ns/op
// GC:  12 0 0 704643424 4194304
// Threading:  0 0 4194304

// AfterAll
// Benchmark Process 76656 has exited with code 0.

Mean = 149.149 ns, StdErr = 2.132 ns (1.43%), N = 100, StdDev = 21.323 ns
Min = 127.610 ns, Q1 = 130.127 ns, Median = 133.889 ns, Q3 = 168.310 ns, Max = 198.227 ns
IQR = 38.184 ns, LowerFence = 72.851 ns, UpperFence = 225.586 ns
ConfidenceInterval = [141.917 ns; 156.380 ns] (CI 99.9%), Margin = 7.232 ns (4.85% of Mean)
Skewness = 0.4, Kurtosis = 1.51, MValue = 3.3

// ** Remained 1 (33.3%) benchmark(s) to run. Estimated finish 2026-05-14 19:14 (0h 0m from now) **
Setup power plan (GUID: 8c5e7fda-e8bf-4a96-9a85-a6e23a8c635c FriendlyName: High performance)
// **************************
// Benchmark: MelAdapterBenchmarks.Mel_Native_Active_Null_FourProps: DefaultJob
// *** Execute ***
// Launch: 1 / 1
// Execute: dotnet 0703520d-f525-4e28-b2eb-270c50dc3ab2.dll --anonymousPipes 11720 11620 --benchmarkName MMP.Herald.OSS.Benchmarks.Comparisons.HeraldRow.MelAdapterBenchmarks.Mel_Native_Active_Null_FourProps --job Default --benchmarkId 2 in E:\dev\Herald.OSS\benchmarking\comparisons\net10\herald\bin\Release\net10.0\0703520d-f525-4e28-b2eb-270c50dc3ab2\bin\Release\net10.0
// BeforeAnythingElse

// Benchmark Process Environment Information:
// BenchmarkDotNet v0.14.0
// Runtime=.NET 10.0.8 (10.0.826.23019), X64 RyuJIT AVX2
// GC=Concurrent Server
// HardwareIntrinsics=AVX2,AES,BMI1,BMI2,FMA,LZCNT,PCLMUL,POPCNT,AvxVnni,SERIALIZE VectorSize=256
// Job: DefaultJob

OverheadJitting  1: 1 op, 181200.00 ns, 181.2000 us/op
WorkloadJitting  1: 1 op, 4521200.00 ns, 4.5212 ms/op

OverheadJitting  2: 16 op, 146900.00 ns, 9.1813 us/op
WorkloadJitting  2: 16 op, 278400.00 ns, 17.4000 us/op

WorkloadPilot    1: 16 op, 21300.00 ns, 1.3313 us/op
WorkloadPilot    2: 32 op, 53700.00 ns, 1.6781 us/op
WorkloadPilot    3: 64 op, 57600.00 ns, 900.0000 ns/op
WorkloadPilot    4: 128 op, 69600.00 ns, 543.7500 ns/op
WorkloadPilot    5: 256 op, 133600.00 ns, 521.8750 ns/op
WorkloadPilot    6: 512 op, 214500.00 ns, 418.9453 ns/op
WorkloadPilot    7: 1024 op, 421200.00 ns, 411.3281 ns/op
WorkloadPilot    8: 2048 op, 1123100.00 ns, 548.3887 ns/op
WorkloadPilot    9: 4096 op, 1470900.00 ns, 359.1064 ns/op
WorkloadPilot   10: 8192 op, 3061200.00 ns, 373.6816 ns/op
WorkloadPilot   11: 16384 op, 5756400.00 ns, 351.3428 ns/op
WorkloadPilot   12: 32768 op, 11405700.00 ns, 348.0743 ns/op
WorkloadPilot   13: 65536 op, 24429600.00 ns, 372.7661 ns/op
WorkloadPilot   14: 131072 op, 46170700.00 ns, 352.2545 ns/op
WorkloadPilot   15: 262144 op, 107824000.00 ns, 411.3159 ns/op
WorkloadPilot   16: 524288 op, 86618900.00 ns, 165.2124 ns/op
WorkloadPilot   17: 1048576 op, 163921100.00 ns, 156.3273 ns/op
WorkloadPilot   18: 2097152 op, 332716900.00 ns, 158.6518 ns/op
WorkloadPilot   19: 4194304 op, 652620200.00 ns, 155.5968 ns/op

OverheadWarmup   1: 4194304 op, 8950900.00 ns, 2.1341 ns/op
OverheadWarmup   2: 4194304 op, 8962300.00 ns, 2.1368 ns/op
OverheadWarmup   3: 4194304 op, 8913000.00 ns, 2.1250 ns/op
OverheadWarmup   4: 4194304 op, 8927700.00 ns, 2.1285 ns/op
OverheadWarmup   5: 4194304 op, 8944600.00 ns, 2.1326 ns/op
OverheadWarmup   6: 4194304 op, 8989000.00 ns, 2.1431 ns/op
OverheadWarmup   7: 4194304 op, 8953100.00 ns, 2.1346 ns/op

OverheadActual   1: 4194304 op, 8968800.00 ns, 2.1383 ns/op
OverheadActual   2: 4194304 op, 8892100.00 ns, 2.1200 ns/op
OverheadActual   3: 4194304 op, 8908200.00 ns, 2.1239 ns/op
OverheadActual   4: 4194304 op, 8897800.00 ns, 2.1214 ns/op
OverheadActual   5: 4194304 op, 9002200.00 ns, 2.1463 ns/op
OverheadActual   6: 4194304 op, 8915500.00 ns, 2.1256 ns/op
OverheadActual   7: 4194304 op, 8890700.00 ns, 2.1197 ns/op
OverheadActual   8: 4194304 op, 8931400.00 ns, 2.1294 ns/op
OverheadActual   9: 4194304 op, 8910100.00 ns, 2.1243 ns/op
OverheadActual  10: 4194304 op, 8952600.00 ns, 2.1345 ns/op
OverheadActual  11: 4194304 op, 8921200.00 ns, 2.1270 ns/op
OverheadActual  12: 4194304 op, 8913300.00 ns, 2.1251 ns/op
OverheadActual  13: 4194304 op, 8884700.00 ns, 2.1183 ns/op
OverheadActual  14: 4194304 op, 8888800.00 ns, 2.1193 ns/op
OverheadActual  15: 4194304 op, 8892800.00 ns, 2.1202 ns/op

WorkloadWarmup   1: 4194304 op, 657544900.00 ns, 156.7709 ns/op
WorkloadWarmup   2: 4194304 op, 654537000.00 ns, 156.0538 ns/op
WorkloadWarmup   3: 4194304 op, 648329600.00 ns, 154.5738 ns/op
WorkloadWarmup   4: 4194304 op, 651972100.00 ns, 155.4423 ns/op
WorkloadWarmup   5: 4194304 op, 645956800.00 ns, 154.0081 ns/op
WorkloadWarmup   6: 4194304 op, 656048700.00 ns, 156.4142 ns/op
WorkloadWarmup   7: 4194304 op, 649619000.00 ns, 154.8812 ns/op

// BeforeActualRun
WorkloadActual   1: 4194304 op, 650255700.00 ns, 155.0330 ns/op
WorkloadActual   2: 4194304 op, 655356900.00 ns, 156.2493 ns/op
WorkloadActual   3: 4194304 op, 644076300.00 ns, 153.5598 ns/op
WorkloadActual   4: 4194304 op, 644054400.00 ns, 153.5545 ns/op
WorkloadActual   5: 4194304 op, 642290300.00 ns, 153.1339 ns/op
WorkloadActual   6: 4194304 op, 654683700.00 ns, 156.0888 ns/op
WorkloadActual   7: 4194304 op, 648298800.00 ns, 154.5665 ns/op
WorkloadActual   8: 4194304 op, 646738900.00 ns, 154.1946 ns/op
WorkloadActual   9: 4194304 op, 650547100.00 ns, 155.1025 ns/op
WorkloadActual  10: 4194304 op, 651324600.00 ns, 155.2879 ns/op
WorkloadActual  11: 4194304 op, 647272300.00 ns, 154.3217 ns/op
WorkloadActual  12: 4194304 op, 648628700.00 ns, 154.6451 ns/op
WorkloadActual  13: 4194304 op, 643183400.00 ns, 153.3469 ns/op
WorkloadActual  14: 4194304 op, 647797900.00 ns, 154.4471 ns/op
WorkloadActual  15: 4194304 op, 647806400.00 ns, 154.4491 ns/op

// AfterActualRun
WorkloadResult   1: 4194304 op, 641345600.00 ns, 152.9087 ns/op
WorkloadResult   2: 4194304 op, 646446800.00 ns, 154.1249 ns/op
WorkloadResult   3: 4194304 op, 635166200.00 ns, 151.4354 ns/op
WorkloadResult   4: 4194304 op, 635144300.00 ns, 151.4302 ns/op
WorkloadResult   5: 4194304 op, 633380200.00 ns, 151.0096 ns/op
WorkloadResult   6: 4194304 op, 645773600.00 ns, 153.9644 ns/op
WorkloadResult   7: 4194304 op, 639388700.00 ns, 152.4421 ns/op
WorkloadResult   8: 4194304 op, 637828800.00 ns, 152.0702 ns/op
WorkloadResult   9: 4194304 op, 641637000.00 ns, 152.9782 ns/op
WorkloadResult  10: 4194304 op, 642414500.00 ns, 153.1636 ns/op
WorkloadResult  11: 4194304 op, 638362200.00 ns, 152.1974 ns/op
WorkloadResult  12: 4194304 op, 639718600.00 ns, 152.5208 ns/op
WorkloadResult  13: 4194304 op, 634273300.00 ns, 151.2225 ns/op
WorkloadResult  14: 4194304 op, 638887800.00 ns, 152.3227 ns/op
WorkloadResult  15: 4194304 op, 638896300.00 ns, 152.3247 ns/op
// GC:  15 0 0 872415296 4194304
// Threading:  0 0 4194304

// AfterAll
// Benchmark Process 1740 has exited with code 0.

Mean = 152.408 ns, StdErr = 0.239 ns (0.16%), N = 15, StdDev = 0.925 ns
Min = 151.010 ns, Q1 = 151.753 ns, Median = 152.325 ns, Q3 = 152.943 ns, Max = 154.125 ns
IQR = 1.191 ns, LowerFence = 149.967 ns, UpperFence = 154.729 ns
ConfidenceInterval = [151.419 ns; 153.396 ns] (CI 99.9%), Margin = 0.988 ns (0.65% of Mean)
Skewness = 0.28, Kurtosis = 2.07, MValue = 2

// ** Remained 0 (0.0%) benchmark(s) to run. Estimated finish 2026-05-14 19:13 (0h 0m from now) **
Successfully reverted power plan (GUID: 8c5e7fda-e8bf-4a96-9a85-a6e23a8c635c FriendlyName: High performance)
// ***** BenchmarkRunner: Finish  *****

// * Export *
  benchmarking\comparisons\net10\herald\results\results\MMP.Herald.OSS.Benchmarks.Comparisons.HeraldRow.MelAdapterBenchmarks-report.csv
  benchmarking\comparisons\net10\herald\results\results\MMP.Herald.OSS.Benchmarks.Comparisons.HeraldRow.MelAdapterBenchmarks-report-github.md
  benchmarking\comparisons\net10\herald\results\results\MMP.Herald.OSS.Benchmarks.Comparisons.HeraldRow.MelAdapterBenchmarks-report.html

// * Detailed results *
MelAdapterBenchmarks.Herald_Native_FourProps: DefaultJob
Runtime = .NET 10.0.8 (10.0.826.23019), X64 RyuJIT AVX2; GC = Concurrent Server
Mean = 27.531 ns, StdErr = 0.077 ns (0.28%), N = 14, StdDev = 0.289 ns
Min = 27.174 ns, Q1 = 27.279 ns, Median = 27.513 ns, Q3 = 27.773 ns, Max = 27.989 ns
IQR = 0.495 ns, LowerFence = 26.537 ns, UpperFence = 28.516 ns
ConfidenceInterval = [27.205 ns; 27.858 ns] (CI 99.9%), Margin = 0.326 ns (1.19% of Mean)
Skewness = 0.29, Kurtosis = 1.42, MValue = 2
-------------------- Histogram --------------------
[27.016 ns ; 28.146 ns) | @@@@@@@@@@@@@@
---------------------------------------------------

MelAdapterBenchmarks.Herald_Via_Mel_Adapter_FourProps: DefaultJob
Runtime = .NET 10.0.8 (10.0.826.23019), X64 RyuJIT AVX2; GC = Concurrent Server
Mean = 149.149 ns, StdErr = 2.132 ns (1.43%), N = 100, StdDev = 21.323 ns
Min = 127.610 ns, Q1 = 130.127 ns, Median = 133.889 ns, Q3 = 168.310 ns, Max = 198.227 ns
IQR = 38.184 ns, LowerFence = 72.851 ns, UpperFence = 225.586 ns
ConfidenceInterval = [141.917 ns; 156.380 ns] (CI 99.9%), Margin = 7.232 ns (4.85% of Mean)
Skewness = 0.4, Kurtosis = 1.51, MValue = 3.3
-------------------- Histogram --------------------
[125.039 ns ; 137.098 ns) | @@@@@@@@@@@@@@@@@@@@@@@@@@@@@@@@@@@@@@@@@@@@@@@@@@@@@
[137.098 ns ; 151.099 ns) | @
[151.099 ns ; 162.845 ns) | @@@@@@@@@
[162.845 ns ; 174.904 ns) | @@@@@@@@@@@@@@@@@@@@@@@
[174.904 ns ; 186.378 ns) | @@@@@@@@@@@@@
[186.378 ns ; 192.198 ns) | 
[192.198 ns ; 204.257 ns) | @
---------------------------------------------------

MelAdapterBenchmarks.Mel_Native_Active_Null_FourProps: DefaultJob
Runtime = .NET 10.0.8 (10.0.826.23019), X64 RyuJIT AVX2; GC = Concurrent Server
Mean = 152.408 ns, StdErr = 0.239 ns (0.16%), N = 15, StdDev = 0.925 ns
Min = 151.010 ns, Q1 = 151.753 ns, Median = 152.325 ns, Q3 = 152.943 ns, Max = 154.125 ns
IQR = 1.191 ns, LowerFence = 149.967 ns, UpperFence = 154.729 ns
ConfidenceInterval = [151.419 ns; 153.396 ns] (CI 99.9%), Margin = 0.988 ns (0.65% of Mean)
Skewness = 0.28, Kurtosis = 2.07, MValue = 2
-------------------- Histogram --------------------
[150.999 ns ; 154.617 ns) | @@@@@@@@@@@@@@@
---------------------------------------------------

// * Summary *

BenchmarkDotNet v0.14.0, Windows 11 (10.0.26200.8246)
12th Gen Intel Core i9-12900K, 1 CPU, 24 logical and 16 physical cores
.NET SDK 10.0.204
  [Host]     : .NET 10.0.8 (10.0.826.23019), X64 RyuJIT AVX2
  DefaultJob : .NET 10.0.8 (10.0.826.23019), X64 RyuJIT AVX2


| Method                           | Mean      | Error    | StdDev    | Median    | Ratio | RatioSD | Gen0   | Allocated | Alloc Ratio |
|--------------------------------- |----------:|---------:|----------:|----------:|------:|--------:|-------:|----------:|------------:|
| Herald_Native_FourProps          |  27.53 ns | 0.326 ns |  0.289 ns |  27.51 ns |  1.00 |    0.01 |      - |         - |          NA |
| Herald_Via_Mel_Adapter_FourProps | 149.15 ns | 7.232 ns | 21.323 ns | 133.89 ns |  5.42 |    0.77 | 0.0029 |     168 B |          NA |
| Mel_Native_Active_Null_FourProps | 152.41 ns | 0.988 ns |  0.925 ns | 152.32 ns |  5.54 |    0.06 | 0.0036 |     208 B |          NA |

// * Warnings *
MultimodalDistribution
  MelAdapterBenchmarks.Herald_Via_Mel_Adapter_FourProps: Default -> It seems that the distribution is bimodal (mValue = 3.3)

// * Hints *
Outliers
  MelAdapterBenchmarks.Herald_Native_FourProps: Default -> 1 outlier  was  removed (30.64 ns)

// * Legends *
  Mean        : Arithmetic mean of all measurements
  Error       : Half of 99.9% confidence interval
  StdDev      : Standard deviation of all measurements
  Median      : Value separating the higher half of all measurements (50th percentile)
  Ratio       : Mean of the ratio distribution ([Current]/[Baseline])
  RatioSD     : Standard deviation of the ratio distribution ([Current]/[Baseline])
  Gen0        : GC Generation 0 collects per 1000 operations
  Allocated   : Allocated memory per single operation (managed only, inclusive, 1KB = 1024B)
  Alloc Ratio : Allocated memory ratio distribution ([Current]/[Baseline])
  1 ns        : 1 Nanosecond (0.000000001 sec)

// * Diagnostic Output - MemoryDiagnoser *


// ***** BenchmarkRunner: End *****
Run time: 00:01:58 (118.92 sec), executed benchmarks: 3

Global total time: 00:02:20 (140.44 sec), executed benchmarks: 3
// * Artifacts cleanup *
Artifacts cleanup is finished
