// Validating benchmarks:
// ***** BenchmarkRunner: Start   *****
// ***** Found 7 benchmark(s) in total *****
// ***** Building 1 exe(s) in Parallel: Start   *****
// start dotnet  restore /p:UseSharedCompilation=false /p:BuildInParallel=false /m:1 /p:Deterministic=true /p:Optimize=true /p:IntermediateOutputPath="E:\dev\Herald.OSS\benchmarking\comparisons\net10\log4net\bin\Release\net10.0\d4112c9d-b349-4748-8a54-2b17aac2f51b\obj\Release\net10.0/" /p:OutDir="E:\dev\Herald.OSS\benchmarking\comparisons\net10\log4net\bin\Release\net10.0\d4112c9d-b349-4748-8a54-2b17aac2f51b\bin\Release\net10.0/" /p:OutputPath="E:\dev\Herald.OSS\benchmarking\comparisons\net10\log4net\bin\Release\net10.0\d4112c9d-b349-4748-8a54-2b17aac2f51b\bin\Release\net10.0/" in E:\dev\Herald.OSS\benchmarking\comparisons\net10\log4net\bin\Release\net10.0\d4112c9d-b349-4748-8a54-2b17aac2f51b
// command took 4.36 sec and exited with 0
// start dotnet  build -c Release --no-restore /p:UseSharedCompilation=false /p:BuildInParallel=false /m:1 /p:Deterministic=true /p:Optimize=true /p:IntermediateOutputPath="E:\dev\Herald.OSS\benchmarking\comparisons\net10\log4net\bin\Release\net10.0\d4112c9d-b349-4748-8a54-2b17aac2f51b\obj\Release\net10.0/" /p:OutDir="E:\dev\Herald.OSS\benchmarking\comparisons\net10\log4net\bin\Release\net10.0\d4112c9d-b349-4748-8a54-2b17aac2f51b\bin\Release\net10.0/" /p:OutputPath="E:\dev\Herald.OSS\benchmarking\comparisons\net10\log4net\bin\Release\net10.0\d4112c9d-b349-4748-8a54-2b17aac2f51b\bin\Release\net10.0/" --output "E:\dev\Herald.OSS\benchmarking\comparisons\net10\log4net\bin\Release\net10.0\d4112c9d-b349-4748-8a54-2b17aac2f51b\bin\Release\net10.0/" in E:\dev\Herald.OSS\benchmarking\comparisons\net10\log4net\bin\Release\net10.0\d4112c9d-b349-4748-8a54-2b17aac2f51b
// command took 13.89 sec and exited with 0
// ***** Done, took 00:00:29 (29 sec)   *****
// Found 7 benchmarks:
//   AcceptCallBenchmarks.Log4Net_ZeroProps: Job-PEQZIJ(MaxIterationCount=16, MaxWarmupIterationCount=8)
//   AcceptCallBenchmarks.Log4Net_OneProp: Job-PEQZIJ(MaxIterationCount=16, MaxWarmupIterationCount=8)
//   AcceptCallBenchmarks.Log4Net_TwoProps: Job-PEQZIJ(MaxIterationCount=16, MaxWarmupIterationCount=8)
//   AcceptCallBenchmarks.Log4Net_FourProps: Job-PEQZIJ(MaxIterationCount=16, MaxWarmupIterationCount=8)
//   AcceptCallBenchmarks.Log4Net_EightProps: Job-PEQZIJ(MaxIterationCount=16, MaxWarmupIterationCount=8)
//   AcceptCallBenchmarks.Log4Net_TwelveProps: Job-PEQZIJ(MaxIterationCount=16, MaxWarmupIterationCount=8)
//   AcceptCallBenchmarks.Log4Net_SixteenProps: Job-PEQZIJ(MaxIterationCount=16, MaxWarmupIterationCount=8)

Setup power plan (GUID: 8c5e7fda-e8bf-4a96-9a85-a6e23a8c635c FriendlyName: High performance)
// **************************
// Benchmark: AcceptCallBenchmarks.Log4Net_ZeroProps: Job-PEQZIJ(MaxIterationCount=16, MaxWarmupIterationCount=8)
// *** Execute ***
// Launch: 1 / 1
// Execute: dotnet d4112c9d-b349-4748-8a54-2b17aac2f51b.dll --anonymousPipes 9392 39044 --benchmarkName MMP.Herald.OSS.Benchmarks.Comparisons.Log4NetRow.AcceptCallBenchmarks.Log4Net_ZeroProps --job "MaxIterationCount=16, MaxWarmupIterationCount=8" --benchmarkId 0 in E:\dev\Herald.OSS\benchmarking\comparisons\net10\log4net\bin\Release\net10.0\d4112c9d-b349-4748-8a54-2b17aac2f51b\bin\Release\net10.0
// BeforeAnythingElse

// Benchmark Process Environment Information:
// BenchmarkDotNet v0.14.0
// Runtime=.NET 10.0.8 (10.0.826.23019), X64 RyuJIT AVX2
// GC=Concurrent Server
// HardwareIntrinsics=AVX2,AES,BMI1,BMI2,FMA,LZCNT,PCLMUL,POPCNT,AvxVnni,SERIALIZE VectorSize=256
// Job: Job-LQZLNP(MaxIterationCount=16, MaxWarmupIterationCount=8)

OverheadJitting  1: 1 op, 345200.00 ns, 345.2000 us/op
WorkloadJitting  1: 1 op, 3378200.00 ns, 3.3782 ms/op

OverheadJitting  2: 16 op, 329900.00 ns, 20.6188 us/op
WorkloadJitting  2: 16 op, 474800.00 ns, 29.6750 us/op

WorkloadPilot    1: 16 op, 22200.00 ns, 1.3875 us/op
WorkloadPilot    2: 32 op, 30600.00 ns, 956.2500 ns/op
WorkloadPilot    3: 64 op, 33700.00 ns, 526.5625 ns/op
WorkloadPilot    4: 128 op, 65000.00 ns, 507.8125 ns/op
WorkloadPilot    5: 256 op, 112900.00 ns, 441.0156 ns/op
WorkloadPilot    6: 512 op, 228200.00 ns, 445.7031 ns/op
WorkloadPilot    7: 1024 op, 401200.00 ns, 391.7969 ns/op
WorkloadPilot    8: 2048 op, 693800.00 ns, 338.7695 ns/op
WorkloadPilot    9: 4096 op, 1399900.00 ns, 341.7725 ns/op
WorkloadPilot   10: 8192 op, 3708900.00 ns, 452.7466 ns/op
WorkloadPilot   11: 16384 op, 6645800.00 ns, 405.6274 ns/op
WorkloadPilot   12: 32768 op, 18950300.00 ns, 578.3173 ns/op
WorkloadPilot   13: 65536 op, 23406100.00 ns, 357.1487 ns/op
WorkloadPilot   14: 131072 op, 62850200.00 ns, 479.5090 ns/op
WorkloadPilot   15: 262144 op, 190152600.00 ns, 725.3746 ns/op
WorkloadPilot   16: 524288 op, 164920300.00 ns, 314.5605 ns/op
WorkloadPilot   17: 1048576 op, 271345800.00 ns, 258.7755 ns/op
WorkloadPilot   18: 2097152 op, 507438100.00 ns, 241.9653 ns/op

OverheadWarmup   1: 2097152 op, 6664000.00 ns, 3.1776 ns/op
OverheadWarmup   2: 2097152 op, 6858400.00 ns, 3.2703 ns/op
OverheadWarmup   3: 2097152 op, 6744400.00 ns, 3.2160 ns/op
OverheadWarmup   4: 2097152 op, 6034500.00 ns, 2.8775 ns/op
OverheadWarmup   5: 2097152 op, 7406200.00 ns, 3.5316 ns/op
OverheadWarmup   6: 2097152 op, 6851700.00 ns, 3.2671 ns/op

OverheadActual   1: 2097152 op, 6614000.00 ns, 3.1538 ns/op
OverheadActual   2: 2097152 op, 5691300.00 ns, 2.7138 ns/op
OverheadActual   3: 2097152 op, 7094700.00 ns, 3.3830 ns/op
OverheadActual   4: 2097152 op, 7486800.00 ns, 3.5700 ns/op
OverheadActual   5: 2097152 op, 7236200.00 ns, 3.4505 ns/op
OverheadActual   6: 2097152 op, 5817600.00 ns, 2.7740 ns/op
OverheadActual   7: 2097152 op, 7385200.00 ns, 3.5215 ns/op
OverheadActual   8: 2097152 op, 6788500.00 ns, 3.2370 ns/op
OverheadActual   9: 2097152 op, 5922800.00 ns, 2.8242 ns/op
OverheadActual  10: 2097152 op, 6023100.00 ns, 2.8720 ns/op
OverheadActual  11: 2097152 op, 6919600.00 ns, 3.2995 ns/op
OverheadActual  12: 2097152 op, 6938800.00 ns, 3.3087 ns/op
OverheadActual  13: 2097152 op, 7103400.00 ns, 3.3872 ns/op
OverheadActual  14: 2097152 op, 6917200.00 ns, 3.2984 ns/op
OverheadActual  15: 2097152 op, 6606900.00 ns, 3.1504 ns/op
OverheadActual  16: 2097152 op, 6019800.00 ns, 2.8705 ns/op

WorkloadWarmup   1: 2097152 op, 556918400.00 ns, 265.5594 ns/op
WorkloadWarmup   2: 2097152 op, 451267200.00 ns, 215.1810 ns/op
WorkloadWarmup   3: 2097152 op, 559483900.00 ns, 266.7827 ns/op
WorkloadWarmup   4: 2097152 op, 480803800.00 ns, 229.2651 ns/op
WorkloadWarmup   5: 2097152 op, 542697800.00 ns, 258.7785 ns/op
WorkloadWarmup   6: 2097152 op, 412824400.00 ns, 196.8500 ns/op

// BeforeActualRun
WorkloadActual   1: 2097152 op, 467325900.00 ns, 222.8384 ns/op
WorkloadActual   2: 2097152 op, 476969200.00 ns, 227.4366 ns/op
WorkloadActual   3: 2097152 op, 520854700.00 ns, 248.3629 ns/op
WorkloadActual   4: 2097152 op, 447797800.00 ns, 213.5266 ns/op
WorkloadActual   5: 2097152 op, 528858100.00 ns, 252.1792 ns/op
WorkloadActual   6: 2097152 op, 385265500.00 ns, 183.7089 ns/op
WorkloadActual   7: 2097152 op, 564208800.00 ns, 269.0357 ns/op
WorkloadActual   8: 2097152 op, 390845500.00 ns, 186.3697 ns/op
WorkloadActual   9: 2097152 op, 385172500.00 ns, 183.6646 ns/op
WorkloadActual  10: 2097152 op, 472328900.00 ns, 225.2240 ns/op
WorkloadActual  11: 2097152 op, 409995900.00 ns, 195.5013 ns/op
WorkloadActual  12: 2097152 op, 452336300.00 ns, 215.6908 ns/op
WorkloadActual  13: 2097152 op, 443700400.00 ns, 211.5728 ns/op
WorkloadActual  14: 2097152 op, 457500100.00 ns, 218.1530 ns/op
WorkloadActual  15: 2097152 op, 439550000.00 ns, 209.5938 ns/op
WorkloadActual  16: 2097152 op, 634074300.00 ns, 302.3502 ns/op

// AfterActualRun
WorkloadResult   1: 2097152 op, 460473050.00 ns, 219.5707 ns/op
WorkloadResult   2: 2097152 op, 470116350.00 ns, 224.1689 ns/op
WorkloadResult   3: 2097152 op, 514001850.00 ns, 245.0952 ns/op
WorkloadResult   4: 2097152 op, 440944950.00 ns, 210.2589 ns/op
WorkloadResult   5: 2097152 op, 522005250.00 ns, 248.9115 ns/op
WorkloadResult   6: 2097152 op, 378412650.00 ns, 180.4412 ns/op
WorkloadResult   7: 2097152 op, 557355950.00 ns, 265.7680 ns/op
WorkloadResult   8: 2097152 op, 383992650.00 ns, 183.1020 ns/op
WorkloadResult   9: 2097152 op, 378319650.00 ns, 180.3969 ns/op
WorkloadResult  10: 2097152 op, 465476050.00 ns, 221.9563 ns/op
WorkloadResult  11: 2097152 op, 403143050.00 ns, 192.2336 ns/op
WorkloadResult  12: 2097152 op, 445483450.00 ns, 212.4231 ns/op
WorkloadResult  13: 2097152 op, 436847550.00 ns, 208.3051 ns/op
WorkloadResult  14: 2097152 op, 450647250.00 ns, 214.8854 ns/op
WorkloadResult  15: 2097152 op, 432697150.00 ns, 206.3261 ns/op
// GC:  6 0 0 352321600 2097152
// Threading:  0 0 2097152

// AfterAll
// Benchmark Process 90312 has exited with code 0.

Mean = 214.256 ns, StdErr = 6.494 ns (3.03%), N = 15, StdDev = 25.149 ns
Min = 180.397 ns, Q1 = 199.280 ns, Median = 212.423 ns, Q3 = 223.063 ns, Max = 265.768 ns
IQR = 23.783 ns, LowerFence = 163.606 ns, UpperFence = 258.737 ns
ConfidenceInterval = [187.370 ns; 241.142 ns] (CI 99.9%), Margin = 26.886 ns (12.55% of Mean)
Skewness = 0.38, Kurtosis = 2.2, MValue = 2.5

// ** Remained 6 (85.7%) benchmark(s) to run. Estimated finish 2026-06-02 19:57 (0h 1m from now) **
Setup power plan (GUID: 8c5e7fda-e8bf-4a96-9a85-a6e23a8c635c FriendlyName: High performance)
// **************************
// Benchmark: AcceptCallBenchmarks.Log4Net_OneProp: Job-PEQZIJ(MaxIterationCount=16, MaxWarmupIterationCount=8)
// *** Execute ***
// Launch: 1 / 1
// Execute: dotnet d4112c9d-b349-4748-8a54-2b17aac2f51b.dll --anonymousPipes 16996 38696 --benchmarkName MMP.Herald.OSS.Benchmarks.Comparisons.Log4NetRow.AcceptCallBenchmarks.Log4Net_OneProp --job "MaxIterationCount=16, MaxWarmupIterationCount=8" --benchmarkId 1 in E:\dev\Herald.OSS\benchmarking\comparisons\net10\log4net\bin\Release\net10.0\d4112c9d-b349-4748-8a54-2b17aac2f51b\bin\Release\net10.0
// BeforeAnythingElse

// Benchmark Process Environment Information:
// BenchmarkDotNet v0.14.0
// Runtime=.NET 10.0.8 (10.0.826.23019), X64 RyuJIT AVX2
// GC=Concurrent Server
// HardwareIntrinsics=AVX2,AES,BMI1,BMI2,FMA,LZCNT,PCLMUL,POPCNT,AvxVnni,SERIALIZE VectorSize=256
// Job: Job-MGTYML(MaxIterationCount=16, MaxWarmupIterationCount=8)

OverheadJitting  1: 1 op, 277700.00 ns, 277.7000 us/op
WorkloadJitting  1: 1 op, 3387300.00 ns, 3.3873 ms/op

OverheadJitting  2: 16 op, 245000.00 ns, 15.3125 us/op
WorkloadJitting  2: 16 op, 310600.00 ns, 19.4125 us/op

WorkloadPilot    1: 16 op, 32500.00 ns, 2.0313 us/op
WorkloadPilot    2: 32 op, 30500.00 ns, 953.1250 ns/op
WorkloadPilot    3: 64 op, 43600.00 ns, 681.2500 ns/op
WorkloadPilot    4: 128 op, 74500.00 ns, 582.0313 ns/op
WorkloadPilot    5: 256 op, 141900.00 ns, 554.2969 ns/op
WorkloadPilot    6: 512 op, 241500.00 ns, 471.6797 ns/op
WorkloadPilot    7: 1024 op, 529900.00 ns, 517.4805 ns/op
WorkloadPilot    8: 2048 op, 936000.00 ns, 457.0313 ns/op
WorkloadPilot    9: 4096 op, 1782200.00 ns, 435.1074 ns/op
WorkloadPilot   10: 8192 op, 4287500.00 ns, 523.3765 ns/op
WorkloadPilot   11: 16384 op, 7445200.00 ns, 454.4189 ns/op
WorkloadPilot   12: 32768 op, 61666400.00 ns, 1.8819 us/op
WorkloadPilot   13: 65536 op, 27268700.00 ns, 416.0873 ns/op
WorkloadPilot   14: 131072 op, 50950400.00 ns, 388.7207 ns/op
WorkloadPilot   15: 262144 op, 133051000.00 ns, 507.5493 ns/op
WorkloadPilot   16: 524288 op, 160645100.00 ns, 306.4062 ns/op
WorkloadPilot   17: 1048576 op, 375179500.00 ns, 357.7991 ns/op
WorkloadPilot   18: 2097152 op, 516570100.00 ns, 246.3198 ns/op

OverheadWarmup   1: 2097152 op, 8976700.00 ns, 4.2804 ns/op
OverheadWarmup   2: 2097152 op, 4825300.00 ns, 2.3009 ns/op
OverheadWarmup   3: 2097152 op, 4765200.00 ns, 2.2722 ns/op
OverheadWarmup   4: 2097152 op, 4878200.00 ns, 2.3261 ns/op
OverheadWarmup   5: 2097152 op, 4836200.00 ns, 2.3061 ns/op
OverheadWarmup   6: 2097152 op, 4766800.00 ns, 2.2730 ns/op
OverheadWarmup   7: 2097152 op, 4886500.00 ns, 2.3301 ns/op
OverheadWarmup   8: 2097152 op, 4728000.00 ns, 2.2545 ns/op

OverheadActual   1: 2097152 op, 4955900.00 ns, 2.3632 ns/op
OverheadActual   2: 2097152 op, 4772400.00 ns, 2.2757 ns/op
OverheadActual   3: 2097152 op, 4767100.00 ns, 2.2731 ns/op
OverheadActual   4: 2097152 op, 4776800.00 ns, 2.2778 ns/op
OverheadActual   5: 2097152 op, 37643200.00 ns, 17.9497 ns/op
OverheadActual   6: 2097152 op, 5328000.00 ns, 2.5406 ns/op
OverheadActual   7: 2097152 op, 5324100.00 ns, 2.5387 ns/op
OverheadActual   8: 2097152 op, 4765500.00 ns, 2.2724 ns/op
OverheadActual   9: 2097152 op, 4861900.00 ns, 2.3183 ns/op
OverheadActual  10: 2097152 op, 5244900.00 ns, 2.5010 ns/op
OverheadActual  11: 2097152 op, 4764800.00 ns, 2.2720 ns/op
OverheadActual  12: 2097152 op, 4944700.00 ns, 2.3578 ns/op
OverheadActual  13: 2097152 op, 3597500.00 ns, 1.7154 ns/op
OverheadActual  14: 2097152 op, 3364100.00 ns, 1.6041 ns/op
OverheadActual  15: 2097152 op, 3324300.00 ns, 1.5851 ns/op
OverheadActual  16: 2097152 op, 3627700.00 ns, 1.7298 ns/op

WorkloadWarmup   1: 2097152 op, 507827500.00 ns, 242.1510 ns/op
WorkloadWarmup   2: 2097152 op, 558110000.00 ns, 266.1276 ns/op
WorkloadWarmup   3: 2097152 op, 502923200.00 ns, 239.8125 ns/op
WorkloadWarmup   4: 2097152 op, 645726200.00 ns, 307.9062 ns/op
WorkloadWarmup   5: 2097152 op, 637223600.00 ns, 303.8519 ns/op
WorkloadWarmup   6: 2097152 op, 527105500.00 ns, 251.3435 ns/op

// BeforeActualRun
WorkloadActual   1: 2097152 op, 533545000.00 ns, 254.4141 ns/op
WorkloadActual   2: 2097152 op, 482699800.00 ns, 230.1692 ns/op
WorkloadActual   3: 2097152 op, 584031800.00 ns, 278.4881 ns/op
WorkloadActual   4: 2097152 op, 524845300.00 ns, 250.2657 ns/op
WorkloadActual   5: 2097152 op, 610728600.00 ns, 291.2181 ns/op
WorkloadActual   6: 2097152 op, 488630100.00 ns, 232.9970 ns/op
WorkloadActual   7: 2097152 op, 540774000.00 ns, 257.8611 ns/op
WorkloadActual   8: 2097152 op, 469640700.00 ns, 223.9421 ns/op
WorkloadActual   9: 2097152 op, 472291500.00 ns, 225.2061 ns/op
WorkloadActual  10: 2097152 op, 535724000.00 ns, 255.4531 ns/op
WorkloadActual  11: 2097152 op, 474770800.00 ns, 226.3884 ns/op
WorkloadActual  12: 2097152 op, 572620700.00 ns, 273.0468 ns/op
WorkloadActual  13: 2097152 op, 466900800.00 ns, 222.6357 ns/op
WorkloadActual  14: 2097152 op, 574936200.00 ns, 274.1509 ns/op
WorkloadActual  15: 2097152 op, 526298100.00 ns, 250.9585 ns/op
WorkloadActual  16: 2097152 op, 524961700.00 ns, 250.3212 ns/op

// AfterActualRun
WorkloadResult   1: 2097152 op, 528770400.00 ns, 252.1374 ns/op
WorkloadResult   2: 2097152 op, 477925200.00 ns, 227.8925 ns/op
WorkloadResult   3: 2097152 op, 579257200.00 ns, 276.2114 ns/op
WorkloadResult   4: 2097152 op, 520070700.00 ns, 247.9890 ns/op
WorkloadResult   5: 2097152 op, 605954000.00 ns, 288.9414 ns/op
WorkloadResult   6: 2097152 op, 483855500.00 ns, 230.7203 ns/op
WorkloadResult   7: 2097152 op, 535999400.00 ns, 255.5844 ns/op
WorkloadResult   8: 2097152 op, 464866100.00 ns, 221.6654 ns/op
WorkloadResult   9: 2097152 op, 467516900.00 ns, 222.9294 ns/op
WorkloadResult  10: 2097152 op, 530949400.00 ns, 253.1764 ns/op
WorkloadResult  11: 2097152 op, 469996200.00 ns, 224.1117 ns/op
WorkloadResult  12: 2097152 op, 567846100.00 ns, 270.7701 ns/op
WorkloadResult  13: 2097152 op, 462126200.00 ns, 220.3589 ns/op
WorkloadResult  14: 2097152 op, 570161600.00 ns, 271.8742 ns/op
WorkloadResult  15: 2097152 op, 521523500.00 ns, 248.6818 ns/op
WorkloadResult  16: 2097152 op, 520187100.00 ns, 248.0445 ns/op
// GC:  14 0 0 553648192 2097152
// Threading:  0 0 2097152

// AfterAll
// Benchmark Process 82316 has exited with code 0.

Mean = 247.568 ns, StdErr = 5.408 ns (2.18%), N = 16, StdDev = 21.632 ns
Min = 220.359 ns, Q1 = 226.947 ns, Median = 248.363 ns, Q3 = 259.381 ns, Max = 288.941 ns
IQR = 32.434 ns, LowerFence = 178.297 ns, UpperFence = 308.031 ns
ConfidenceInterval = [225.543 ns; 269.593 ns] (CI 99.9%), Margin = 22.025 ns (8.90% of Mean)
Skewness = 0.27, Kurtosis = 1.75, MValue = 2

// ** Remained 5 (71.4%) benchmark(s) to run. Estimated finish 2026-06-02 19:57 (0h 1m from now) **
Setup power plan (GUID: 8c5e7fda-e8bf-4a96-9a85-a6e23a8c635c FriendlyName: High performance)
// **************************
// Benchmark: AcceptCallBenchmarks.Log4Net_TwoProps: Job-PEQZIJ(MaxIterationCount=16, MaxWarmupIterationCount=8)
// *** Execute ***
// Launch: 1 / 1
// Execute: dotnet d4112c9d-b349-4748-8a54-2b17aac2f51b.dll --anonymousPipes 42828 23716 --benchmarkName MMP.Herald.OSS.Benchmarks.Comparisons.Log4NetRow.AcceptCallBenchmarks.Log4Net_TwoProps --job "MaxIterationCount=16, MaxWarmupIterationCount=8" --benchmarkId 2 in E:\dev\Herald.OSS\benchmarking\comparisons\net10\log4net\bin\Release\net10.0\d4112c9d-b349-4748-8a54-2b17aac2f51b\bin\Release\net10.0
// BeforeAnythingElse

// Benchmark Process Environment Information:
// BenchmarkDotNet v0.14.0
// Runtime=.NET 10.0.8 (10.0.826.23019), X64 RyuJIT AVX2
// GC=Concurrent Server
// HardwareIntrinsics=AVX2,AES,BMI1,BMI2,FMA,LZCNT,PCLMUL,POPCNT,AvxVnni,SERIALIZE VectorSize=256
// Job: Job-OUPFYB(MaxIterationCount=16, MaxWarmupIterationCount=8)

OverheadJitting  1: 1 op, 363700.00 ns, 363.7000 us/op
WorkloadJitting  1: 1 op, 3399000.00 ns, 3.3990 ms/op

OverheadJitting  2: 16 op, 299900.00 ns, 18.7438 us/op
WorkloadJitting  2: 16 op, 408900.00 ns, 25.5563 us/op

WorkloadPilot    1: 16 op, 29600.00 ns, 1.8500 us/op
WorkloadPilot    2: 32 op, 35200.00 ns, 1.1000 us/op
WorkloadPilot    3: 64 op, 45500.00 ns, 710.9375 ns/op
WorkloadPilot    4: 128 op, 80400.00 ns, 628.1250 ns/op
WorkloadPilot    5: 256 op, 142200.00 ns, 555.4688 ns/op
WorkloadPilot    6: 512 op, 266500.00 ns, 520.5078 ns/op
WorkloadPilot    7: 1024 op, 429800.00 ns, 419.7266 ns/op
WorkloadPilot    8: 2048 op, 917700.00 ns, 448.0957 ns/op
WorkloadPilot    9: 4096 op, 1872300.00 ns, 457.1045 ns/op
WorkloadPilot   10: 8192 op, 4381100.00 ns, 534.8022 ns/op
WorkloadPilot   11: 16384 op, 7695700.00 ns, 469.7083 ns/op
WorkloadPilot   12: 32768 op, 18767600.00 ns, 572.7417 ns/op
WorkloadPilot   13: 65536 op, 29757400.00 ns, 454.0619 ns/op
WorkloadPilot   14: 131072 op, 55258500.00 ns, 421.5889 ns/op
WorkloadPilot   15: 262144 op, 139222000.00 ns, 531.0898 ns/op
WorkloadPilot   16: 524288 op, 151577600.00 ns, 289.1113 ns/op
WorkloadPilot   17: 1048576 op, 254882700.00 ns, 243.0751 ns/op
WorkloadPilot   18: 2097152 op, 552993100.00 ns, 263.6877 ns/op

OverheadWarmup   1: 2097152 op, 4948700.00 ns, 2.3597 ns/op
OverheadWarmup   2: 2097152 op, 5086800.00 ns, 2.4256 ns/op
OverheadWarmup   3: 2097152 op, 5000600.00 ns, 2.3845 ns/op
OverheadWarmup   4: 2097152 op, 4891100.00 ns, 2.3323 ns/op
OverheadWarmup   5: 2097152 op, 5131900.00 ns, 2.4471 ns/op
OverheadWarmup   6: 2097152 op, 5496600.00 ns, 2.6210 ns/op
OverheadWarmup   7: 2097152 op, 4857800.00 ns, 2.3164 ns/op

OverheadActual   1: 2097152 op, 4840600.00 ns, 2.3082 ns/op
OverheadActual   2: 2097152 op, 5009500.00 ns, 2.3887 ns/op
OverheadActual   3: 2097152 op, 4992100.00 ns, 2.3804 ns/op
OverheadActual   4: 2097152 op, 5185800.00 ns, 2.4728 ns/op
OverheadActual   5: 2097152 op, 4834700.00 ns, 2.3054 ns/op
OverheadActual   6: 2097152 op, 4806100.00 ns, 2.2917 ns/op
OverheadActual   7: 2097152 op, 4832400.00 ns, 2.3043 ns/op
OverheadActual   8: 2097152 op, 4782300.00 ns, 2.2804 ns/op
OverheadActual   9: 2097152 op, 4784500.00 ns, 2.2814 ns/op
OverheadActual  10: 2097152 op, 5928300.00 ns, 2.8268 ns/op
OverheadActual  11: 2097152 op, 4877600.00 ns, 2.3258 ns/op
OverheadActual  12: 2097152 op, 5913900.00 ns, 2.8200 ns/op
OverheadActual  13: 2097152 op, 4972800.00 ns, 2.3712 ns/op
OverheadActual  14: 2097152 op, 5243800.00 ns, 2.5004 ns/op
OverheadActual  15: 2097152 op, 4804700.00 ns, 2.2911 ns/op

WorkloadWarmup   1: 2097152 op, 538871700.00 ns, 256.9541 ns/op
WorkloadWarmup   2: 2097152 op, 588016600.00 ns, 280.3882 ns/op
WorkloadWarmup   3: 2097152 op, 507039900.00 ns, 241.7755 ns/op
WorkloadWarmup   4: 2097152 op, 567739300.00 ns, 270.7192 ns/op
WorkloadWarmup   5: 2097152 op, 499365100.00 ns, 238.1158 ns/op
WorkloadWarmup   6: 2097152 op, 473287500.00 ns, 225.6811 ns/op

// BeforeActualRun
WorkloadActual   1: 2097152 op, 540127100.00 ns, 257.5527 ns/op
WorkloadActual   2: 2097152 op, 486690800.00 ns, 232.0723 ns/op
WorkloadActual   3: 2097152 op, 559765200.00 ns, 266.9168 ns/op
WorkloadActual   4: 2097152 op, 435666600.00 ns, 207.7420 ns/op
WorkloadActual   5: 2097152 op, 765738200.00 ns, 365.1324 ns/op
WorkloadActual   6: 2097152 op, 536860300.00 ns, 255.9949 ns/op
WorkloadActual   7: 2097152 op, 535675500.00 ns, 255.4300 ns/op
WorkloadActual   8: 2097152 op, 641041800.00 ns, 305.6726 ns/op
WorkloadActual   9: 2097152 op, 679899300.00 ns, 324.2013 ns/op
WorkloadActual  10: 2097152 op, 489860700.00 ns, 233.5838 ns/op
WorkloadActual  11: 2097152 op, 734181800.00 ns, 350.0852 ns/op
WorkloadActual  12: 2097152 op, 523357000.00 ns, 249.5561 ns/op
WorkloadActual  13: 2097152 op, 553174400.00 ns, 263.7741 ns/op
WorkloadActual  14: 2097152 op, 449955800.00 ns, 214.5556 ns/op
WorkloadActual  15: 2097152 op, 445048400.00 ns, 212.2156 ns/op
WorkloadActual  16: 2097152 op, 597507800.00 ns, 284.9139 ns/op

// AfterActualRun
WorkloadResult   1: 2097152 op, 535249500.00 ns, 255.2269 ns/op
WorkloadResult   2: 2097152 op, 481813200.00 ns, 229.7464 ns/op
WorkloadResult   3: 2097152 op, 554887600.00 ns, 264.5910 ns/op
WorkloadResult   4: 2097152 op, 430789000.00 ns, 205.4162 ns/op
WorkloadResult   5: 2097152 op, 760860600.00 ns, 362.8066 ns/op
WorkloadResult   6: 2097152 op, 531982700.00 ns, 253.6691 ns/op
WorkloadResult   7: 2097152 op, 530797900.00 ns, 253.1042 ns/op
WorkloadResult   8: 2097152 op, 636164200.00 ns, 303.3467 ns/op
WorkloadResult   9: 2097152 op, 675021700.00 ns, 321.8754 ns/op
WorkloadResult  10: 2097152 op, 484983100.00 ns, 231.2580 ns/op
WorkloadResult  11: 2097152 op, 729304200.00 ns, 347.7593 ns/op
WorkloadResult  12: 2097152 op, 518479400.00 ns, 247.2302 ns/op
WorkloadResult  13: 2097152 op, 548296800.00 ns, 261.4483 ns/op
WorkloadResult  14: 2097152 op, 445078200.00 ns, 212.2298 ns/op
WorkloadResult  15: 2097152 op, 440170800.00 ns, 209.8898 ns/op
WorkloadResult  16: 2097152 op, 592630200.00 ns, 282.5881 ns/op
// GC:  12 0 0 570425408 2097152
// Threading:  0 0 2097152

// AfterAll
// Benchmark Process 16520 has exited with code 0.

Mean = 265.137 ns, StdErr = 11.881 ns (4.48%), N = 16, StdDev = 47.523 ns
Min = 205.416 ns, Q1 = 230.880 ns, Median = 254.448 ns, Q3 = 287.778 ns, Max = 362.807 ns
IQR = 56.898 ns, LowerFence = 145.534 ns, UpperFence = 373.124 ns
ConfidenceInterval = [216.749 ns; 313.524 ns] (CI 99.9%), Margin = 48.388 ns (18.25% of Mean)
Skewness = 0.65, Kurtosis = 2.24, MValue = 2

// ** Remained 4 (57.1%) benchmark(s) to run. Estimated finish 2026-06-02 19:57 (0h 1m from now) **
Setup power plan (GUID: 8c5e7fda-e8bf-4a96-9a85-a6e23a8c635c FriendlyName: High performance)
// **************************
// Benchmark: AcceptCallBenchmarks.Log4Net_FourProps: Job-PEQZIJ(MaxIterationCount=16, MaxWarmupIterationCount=8)
// *** Execute ***
// Launch: 1 / 1
// Execute: dotnet d4112c9d-b349-4748-8a54-2b17aac2f51b.dll --anonymousPipes 83768 84064 --benchmarkName MMP.Herald.OSS.Benchmarks.Comparisons.Log4NetRow.AcceptCallBenchmarks.Log4Net_FourProps --job "MaxIterationCount=16, MaxWarmupIterationCount=8" --benchmarkId 3 in E:\dev\Herald.OSS\benchmarking\comparisons\net10\log4net\bin\Release\net10.0\d4112c9d-b349-4748-8a54-2b17aac2f51b\bin\Release\net10.0
// BeforeAnythingElse

// Benchmark Process Environment Information:
// BenchmarkDotNet v0.14.0
// Runtime=.NET 10.0.8 (10.0.826.23019), X64 RyuJIT AVX2
// GC=Concurrent Server
// HardwareIntrinsics=AVX2,AES,BMI1,BMI2,FMA,LZCNT,PCLMUL,POPCNT,AvxVnni,SERIALIZE VectorSize=256
// Job: Job-SQXSYY(MaxIterationCount=16, MaxWarmupIterationCount=8)

OverheadJitting  1: 1 op, 365300.00 ns, 365.3000 us/op
WorkloadJitting  1: 1 op, 3690900.00 ns, 3.6909 ms/op

OverheadJitting  2: 16 op, 473300.00 ns, 29.5813 us/op
WorkloadJitting  2: 16 op, 431300.00 ns, 26.9563 us/op

WorkloadPilot    1: 16 op, 30400.00 ns, 1.9000 us/op
WorkloadPilot    2: 32 op, 32400.00 ns, 1.0125 us/op
WorkloadPilot    3: 64 op, 51300.00 ns, 801.5625 ns/op
WorkloadPilot    4: 128 op, 88500.00 ns, 691.4063 ns/op
WorkloadPilot    5: 256 op, 249000.00 ns, 972.6563 ns/op
WorkloadPilot    6: 512 op, 270900.00 ns, 529.1016 ns/op
WorkloadPilot    7: 1024 op, 464800.00 ns, 453.9063 ns/op
WorkloadPilot    8: 2048 op, 1048000.00 ns, 511.7188 ns/op
WorkloadPilot    9: 4096 op, 2282000.00 ns, 557.1289 ns/op
WorkloadPilot   10: 8192 op, 5551600.00 ns, 677.6855 ns/op
WorkloadPilot   11: 16384 op, 9501500.00 ns, 579.9255 ns/op
WorkloadPilot   12: 32768 op, 112525800.00 ns, 3.4340 us/op
WorkloadPilot   13: 65536 op, 36885400.00 ns, 562.8265 ns/op
WorkloadPilot   14: 131072 op, 80683700.00 ns, 615.5678 ns/op
WorkloadPilot   15: 262144 op, 83032300.00 ns, 316.7431 ns/op
WorkloadPilot   16: 524288 op, 158200000.00 ns, 301.7426 ns/op
WorkloadPilot   17: 1048576 op, 289588400.00 ns, 276.1730 ns/op
WorkloadPilot   18: 2097152 op, 802989000.00 ns, 382.8950 ns/op

OverheadWarmup   1: 2097152 op, 5218900.00 ns, 2.4886 ns/op
OverheadWarmup   2: 2097152 op, 4937100.00 ns, 2.3542 ns/op
OverheadWarmup   3: 2097152 op, 4950400.00 ns, 2.3605 ns/op
OverheadWarmup   4: 2097152 op, 5103600.00 ns, 2.4336 ns/op
OverheadWarmup   5: 2097152 op, 5252900.00 ns, 2.5048 ns/op
OverheadWarmup   6: 2097152 op, 5212300.00 ns, 2.4854 ns/op
OverheadWarmup   7: 2097152 op, 5196000.00 ns, 2.4776 ns/op
OverheadWarmup   8: 2097152 op, 6649700.00 ns, 3.1708 ns/op
OverheadWarmup   9: 2097152 op, 5133700.00 ns, 2.4479 ns/op

OverheadActual   1: 2097152 op, 4948100.00 ns, 2.3594 ns/op
OverheadActual   2: 2097152 op, 4974600.00 ns, 2.3721 ns/op
OverheadActual   3: 2097152 op, 5146300.00 ns, 2.4539 ns/op
OverheadActual   4: 2097152 op, 5116500.00 ns, 2.4397 ns/op
OverheadActual   5: 2097152 op, 4987800.00 ns, 2.3784 ns/op
OverheadActual   6: 2097152 op, 5176900.00 ns, 2.4685 ns/op
OverheadActual   7: 2097152 op, 5028100.00 ns, 2.3976 ns/op
OverheadActual   8: 2097152 op, 5289000.00 ns, 2.5220 ns/op
OverheadActual   9: 2097152 op, 4781200.00 ns, 2.2799 ns/op
OverheadActual  10: 2097152 op, 4922600.00 ns, 2.3473 ns/op
OverheadActual  11: 2097152 op, 5077000.00 ns, 2.4209 ns/op
OverheadActual  12: 2097152 op, 4793000.00 ns, 2.2855 ns/op
OverheadActual  13: 2097152 op, 4822600.00 ns, 2.2996 ns/op
OverheadActual  14: 2097152 op, 4826400.00 ns, 2.3014 ns/op
OverheadActual  15: 2097152 op, 4827100.00 ns, 2.3017 ns/op

WorkloadWarmup   1: 2097152 op, 872549800.00 ns, 416.0642 ns/op
WorkloadWarmup   2: 2097152 op, 618950900.00 ns, 295.1388 ns/op
WorkloadWarmup   3: 2097152 op, 537934400.00 ns, 256.5071 ns/op
WorkloadWarmup   4: 2097152 op, 548377900.00 ns, 261.4870 ns/op
WorkloadWarmup   5: 2097152 op, 861957300.00 ns, 411.0133 ns/op
WorkloadWarmup   6: 2097152 op, 534529800.00 ns, 254.8837 ns/op
WorkloadWarmup   7: 2097152 op, 602079000.00 ns, 287.0936 ns/op
WorkloadWarmup   8: 2097152 op, 540638400.00 ns, 257.7965 ns/op

// BeforeActualRun
WorkloadActual   1: 2097152 op, 735072200.00 ns, 350.5097 ns/op
WorkloadActual   2: 2097152 op, 712858800.00 ns, 339.9176 ns/op
WorkloadActual   3: 2097152 op, 525165000.00 ns, 250.4182 ns/op
WorkloadActual   4: 2097152 op, 760527300.00 ns, 362.6477 ns/op
WorkloadActual   5: 2097152 op, 625048700.00 ns, 298.0464 ns/op
WorkloadActual   6: 2097152 op, 507503800.00 ns, 241.9967 ns/op
WorkloadActual   7: 2097152 op, 647891400.00 ns, 308.9387 ns/op
WorkloadActual   8: 2097152 op, 520795000.00 ns, 248.3344 ns/op
WorkloadActual   9: 2097152 op, 983733300.00 ns, 469.0806 ns/op
WorkloadActual  10: 2097152 op, 713112800.00 ns, 340.0387 ns/op
WorkloadActual  11: 2097152 op, 850709400.00 ns, 405.6499 ns/op
WorkloadActual  12: 2097152 op, 618940400.00 ns, 295.1338 ns/op
WorkloadActual  13: 2097152 op, 535130800.00 ns, 255.1702 ns/op
WorkloadActual  14: 2097152 op, 712404800.00 ns, 339.7011 ns/op
WorkloadActual  15: 2097152 op, 874488200.00 ns, 416.9885 ns/op
WorkloadActual  16: 2097152 op, 686885600.00 ns, 327.5326 ns/op

// AfterActualRun
WorkloadResult   1: 2097152 op, 730097600.00 ns, 348.1377 ns/op
WorkloadResult   2: 2097152 op, 707884200.00 ns, 337.5455 ns/op
WorkloadResult   3: 2097152 op, 520190400.00 ns, 248.0461 ns/op
WorkloadResult   4: 2097152 op, 755552700.00 ns, 360.2756 ns/op
WorkloadResult   5: 2097152 op, 620074100.00 ns, 295.6744 ns/op
WorkloadResult   6: 2097152 op, 502529200.00 ns, 239.6246 ns/op
WorkloadResult   7: 2097152 op, 642916800.00 ns, 306.5666 ns/op
WorkloadResult   8: 2097152 op, 515820400.00 ns, 245.9623 ns/op
WorkloadResult   9: 2097152 op, 708138200.00 ns, 337.6666 ns/op
WorkloadResult  10: 2097152 op, 845734800.00 ns, 403.2778 ns/op
WorkloadResult  11: 2097152 op, 613965800.00 ns, 292.7617 ns/op
WorkloadResult  12: 2097152 op, 530156200.00 ns, 252.7982 ns/op
WorkloadResult  13: 2097152 op, 707430200.00 ns, 337.3290 ns/op
WorkloadResult  14: 2097152 op, 869513600.00 ns, 414.6164 ns/op
WorkloadResult  15: 2097152 op, 681911000.00 ns, 325.1605 ns/op
// GC:  12 0 0 704643136 2097152
// Threading:  0 0 2097152

// AfterAll
// Benchmark Process 61852 has exited with code 0.

Mean = 316.363 ns, StdErr = 14.176 ns (4.48%), N = 15, StdDev = 54.902 ns
Min = 239.625 ns, Q1 = 272.780 ns, Median = 325.161 ns, Q3 = 342.902 ns, Max = 414.616 ns
IQR = 70.122 ns, LowerFence = 167.597 ns, UpperFence = 448.085 ns
ConfidenceInterval = [257.669 ns; 375.056 ns] (CI 99.9%), Margin = 58.693 ns (18.55% of Mean)
Skewness = 0.14, Kurtosis = 1.86, MValue = 2

// ** Remained 3 (42.9%) benchmark(s) to run. Estimated finish 2026-06-02 19:58 (0h 0m from now) **
Setup power plan (GUID: 8c5e7fda-e8bf-4a96-9a85-a6e23a8c635c FriendlyName: High performance)
// **************************
// Benchmark: AcceptCallBenchmarks.Log4Net_EightProps: Job-PEQZIJ(MaxIterationCount=16, MaxWarmupIterationCount=8)
// *** Execute ***
// Launch: 1 / 1
// Execute: dotnet d4112c9d-b349-4748-8a54-2b17aac2f51b.dll --anonymousPipes 11836 16312 --benchmarkName MMP.Herald.OSS.Benchmarks.Comparisons.Log4NetRow.AcceptCallBenchmarks.Log4Net_EightProps --job "MaxIterationCount=16, MaxWarmupIterationCount=8" --benchmarkId 4 in E:\dev\Herald.OSS\benchmarking\comparisons\net10\log4net\bin\Release\net10.0\d4112c9d-b349-4748-8a54-2b17aac2f51b\bin\Release\net10.0
// BeforeAnythingElse

// Benchmark Process Environment Information:
// BenchmarkDotNet v0.14.0
// Runtime=.NET 10.0.8 (10.0.826.23019), X64 RyuJIT AVX2
// GC=Concurrent Server
// HardwareIntrinsics=AVX2,AES,BMI1,BMI2,FMA,LZCNT,PCLMUL,POPCNT,AvxVnni,SERIALIZE VectorSize=256
// Job: Job-YXVMDN(MaxIterationCount=16, MaxWarmupIterationCount=8)

OverheadJitting  1: 1 op, 292100.00 ns, 292.1000 us/op
WorkloadJitting  1: 1 op, 3590300.00 ns, 3.5903 ms/op

OverheadJitting  2: 16 op, 301400.00 ns, 18.8375 us/op
WorkloadJitting  2: 16 op, 329900.00 ns, 20.6188 us/op

WorkloadPilot    1: 16 op, 40300.00 ns, 2.5188 us/op
WorkloadPilot    2: 32 op, 40800.00 ns, 1.2750 us/op
WorkloadPilot    3: 64 op, 53900.00 ns, 842.1875 ns/op
WorkloadPilot    4: 128 op, 93100.00 ns, 727.3438 ns/op
WorkloadPilot    5: 256 op, 172500.00 ns, 673.8281 ns/op
WorkloadPilot    6: 512 op, 332500.00 ns, 649.4141 ns/op
WorkloadPilot    7: 1024 op, 541100.00 ns, 528.4180 ns/op
WorkloadPilot    8: 2048 op, 1219600.00 ns, 595.5078 ns/op
WorkloadPilot    9: 4096 op, 2469800.00 ns, 602.9785 ns/op
WorkloadPilot   10: 8192 op, 5445800.00 ns, 664.7705 ns/op
WorkloadPilot   11: 16384 op, 9977200.00 ns, 608.9600 ns/op
WorkloadPilot   12: 32768 op, 33636900.00 ns, 1.0265 us/op
WorkloadPilot   13: 65536 op, 38780400.00 ns, 591.7419 ns/op
WorkloadPilot   14: 131072 op, 88957000.00 ns, 678.6880 ns/op
WorkloadPilot   15: 262144 op, 132099800.00 ns, 503.9207 ns/op
WorkloadPilot   16: 524288 op, 168817800.00 ns, 321.9944 ns/op
WorkloadPilot   17: 1048576 op, 471911700.00 ns, 450.0501 ns/op
WorkloadPilot   18: 2097152 op, 589024900.00 ns, 280.8690 ns/op

OverheadWarmup   1: 2097152 op, 5301400.00 ns, 2.5279 ns/op
OverheadWarmup   2: 2097152 op, 5477800.00 ns, 2.6120 ns/op
OverheadWarmup   3: 2097152 op, 5412800.00 ns, 2.5810 ns/op
OverheadWarmup   4: 2097152 op, 5749300.00 ns, 2.7415 ns/op
OverheadWarmup   5: 2097152 op, 7231400.00 ns, 3.4482 ns/op
OverheadWarmup   6: 2097152 op, 5713600.00 ns, 2.7245 ns/op

OverheadActual   1: 2097152 op, 5308700.00 ns, 2.5314 ns/op
OverheadActual   2: 2097152 op, 5717000.00 ns, 2.7261 ns/op
OverheadActual   3: 2097152 op, 5008600.00 ns, 2.3883 ns/op
OverheadActual   4: 2097152 op, 5794400.00 ns, 2.7630 ns/op
OverheadActual   5: 2097152 op, 5673500.00 ns, 2.7053 ns/op
OverheadActual   6: 2097152 op, 5094900.00 ns, 2.4294 ns/op
OverheadActual   7: 2097152 op, 5935900.00 ns, 2.8305 ns/op
OverheadActual   8: 2097152 op, 5410500.00 ns, 2.5799 ns/op
OverheadActual   9: 2097152 op, 5136400.00 ns, 2.4492 ns/op
OverheadActual  10: 2097152 op, 5833400.00 ns, 2.7816 ns/op
OverheadActual  11: 2097152 op, 3815200.00 ns, 1.8192 ns/op
OverheadActual  12: 2097152 op, 3525700.00 ns, 1.6812 ns/op
OverheadActual  13: 2097152 op, 3518900.00 ns, 1.6779 ns/op
OverheadActual  14: 2097152 op, 3470700.00 ns, 1.6550 ns/op
OverheadActual  15: 2097152 op, 3476600.00 ns, 1.6578 ns/op
OverheadActual  16: 2097152 op, 3442600.00 ns, 1.6416 ns/op

WorkloadWarmup   1: 2097152 op, 768306400.00 ns, 366.3570 ns/op
WorkloadWarmup   2: 2097152 op, 706572700.00 ns, 336.9201 ns/op
WorkloadWarmup   3: 2097152 op, 604789500.00 ns, 288.3861 ns/op
WorkloadWarmup   4: 2097152 op, 751067700.00 ns, 358.1370 ns/op
WorkloadWarmup   5: 2097152 op, 611376500.00 ns, 291.5270 ns/op
WorkloadWarmup   6: 2097152 op, 622086500.00 ns, 296.6340 ns/op
WorkloadWarmup   7: 2097152 op, 816878500.00 ns, 389.5180 ns/op
WorkloadWarmup   8: 2097152 op, 757938100.00 ns, 361.4130 ns/op

// BeforeActualRun
WorkloadActual   1: 2097152 op, 805010300.00 ns, 383.8588 ns/op
WorkloadActual   2: 2097152 op, 608917600.00 ns, 290.3545 ns/op
WorkloadActual   3: 2097152 op, 710876300.00 ns, 338.9722 ns/op
WorkloadActual   4: 2097152 op, 733567200.00 ns, 349.7921 ns/op
WorkloadActual   5: 2097152 op, 561394200.00 ns, 267.6936 ns/op
WorkloadActual   6: 2097152 op, 872845700.00 ns, 416.2053 ns/op
WorkloadActual   7: 2097152 op, 881163700.00 ns, 420.1716 ns/op
WorkloadActual   8: 2097152 op, 771505500.00 ns, 367.8825 ns/op
WorkloadActual   9: 2097152 op, 668892400.00 ns, 318.9528 ns/op
WorkloadActual  10: 2097152 op, 592133900.00 ns, 282.3514 ns/op
WorkloadActual  11: 2097152 op, 873289500.00 ns, 416.4169 ns/op
WorkloadActual  12: 2097152 op, 607872800.00 ns, 289.8563 ns/op
WorkloadActual  13: 2097152 op, 588365900.00 ns, 280.5547 ns/op
WorkloadActual  14: 2097152 op, 931802600.00 ns, 444.3181 ns/op
WorkloadActual  15: 2097152 op, 758838900.00 ns, 361.8426 ns/op
WorkloadActual  16: 2097152 op, 840795000.00 ns, 400.9223 ns/op

// AfterActualRun
WorkloadResult   1: 2097152 op, 799894650.00 ns, 381.4195 ns/op
WorkloadResult   2: 2097152 op, 603801950.00 ns, 287.9152 ns/op
WorkloadResult   3: 2097152 op, 705760650.00 ns, 336.5329 ns/op
WorkloadResult   4: 2097152 op, 728451550.00 ns, 347.3528 ns/op
WorkloadResult   5: 2097152 op, 556278550.00 ns, 265.2543 ns/op
WorkloadResult   6: 2097152 op, 867730050.00 ns, 413.7659 ns/op
WorkloadResult   7: 2097152 op, 876048050.00 ns, 417.7323 ns/op
WorkloadResult   8: 2097152 op, 766389850.00 ns, 365.4432 ns/op
WorkloadResult   9: 2097152 op, 663776750.00 ns, 316.5134 ns/op
WorkloadResult  10: 2097152 op, 587018250.00 ns, 279.9121 ns/op
WorkloadResult  11: 2097152 op, 868173850.00 ns, 413.9776 ns/op
WorkloadResult  12: 2097152 op, 602757150.00 ns, 287.4170 ns/op
WorkloadResult  13: 2097152 op, 583250250.00 ns, 278.1154 ns/op
WorkloadResult  14: 2097152 op, 926686950.00 ns, 441.8788 ns/op
WorkloadResult  15: 2097152 op, 753723250.00 ns, 359.4033 ns/op
WorkloadResult  16: 2097152 op, 835679350.00 ns, 398.4830 ns/op
// GC:  16 0 0 922746944 2097152
// Threading:  0 0 2097152

// AfterAll
// Benchmark Process 30168 has exited with code 0.

Mean = 349.445 ns, StdErr = 14.605 ns (4.18%), N = 16, StdDev = 58.418 ns
Min = 265.254 ns, Q1 = 287.791 ns, Median = 353.378 ns, Q3 = 402.304 ns, Max = 441.879 ns
IQR = 114.513 ns, LowerFence = 116.021 ns, UpperFence = 574.073 ns
ConfidenceInterval = [289.964 ns; 408.926 ns] (CI 99.9%), Margin = 59.481 ns (17.02% of Mean)
Skewness = -0, Kurtosis = 1.43, MValue = 3.14

// ** Remained 2 (28.6%) benchmark(s) to run. Estimated finish 2026-06-02 19:58 (0h 0m from now) **
Setup power plan (GUID: 8c5e7fda-e8bf-4a96-9a85-a6e23a8c635c FriendlyName: High performance)
// **************************
// Benchmark: AcceptCallBenchmarks.Log4Net_TwelveProps: Job-PEQZIJ(MaxIterationCount=16, MaxWarmupIterationCount=8)
// *** Execute ***
// Launch: 1 / 1
// Execute: dotnet d4112c9d-b349-4748-8a54-2b17aac2f51b.dll --anonymousPipes 26744 28340 --benchmarkName MMP.Herald.OSS.Benchmarks.Comparisons.Log4NetRow.AcceptCallBenchmarks.Log4Net_TwelveProps --job "MaxIterationCount=16, MaxWarmupIterationCount=8" --benchmarkId 5 in E:\dev\Herald.OSS\benchmarking\comparisons\net10\log4net\bin\Release\net10.0\d4112c9d-b349-4748-8a54-2b17aac2f51b\bin\Release\net10.0
// BeforeAnythingElse

// Benchmark Process Environment Information:
// BenchmarkDotNet v0.14.0
// Runtime=.NET 10.0.8 (10.0.826.23019), X64 RyuJIT AVX2
// GC=Concurrent Server
// HardwareIntrinsics=AVX2,AES,BMI1,BMI2,FMA,LZCNT,PCLMUL,POPCNT,AvxVnni,SERIALIZE VectorSize=256
// Job: Job-DIPKDV(MaxIterationCount=16, MaxWarmupIterationCount=8)

OverheadJitting  1: 1 op, 343000.00 ns, 343.0000 us/op
WorkloadJitting  1: 1 op, 3867000.00 ns, 3.8670 ms/op

OverheadJitting  2: 16 op, 292900.00 ns, 18.3063 us/op
WorkloadJitting  2: 16 op, 388500.00 ns, 24.2813 us/op

WorkloadPilot    1: 16 op, 34600.00 ns, 2.1625 us/op
WorkloadPilot    2: 32 op, 45300.00 ns, 1.4156 us/op
WorkloadPilot    3: 64 op, 58300.00 ns, 910.9375 ns/op
WorkloadPilot    4: 128 op, 109600.00 ns, 856.2500 ns/op
WorkloadPilot    5: 256 op, 181300.00 ns, 708.2031 ns/op
WorkloadPilot    6: 512 op, 305700.00 ns, 597.0703 ns/op
WorkloadPilot    7: 1024 op, 611300.00 ns, 596.9727 ns/op
WorkloadPilot    8: 2048 op, 1301400.00 ns, 635.4492 ns/op
WorkloadPilot    9: 4096 op, 2572200.00 ns, 627.9785 ns/op
WorkloadPilot   10: 8192 op, 5567600.00 ns, 679.6387 ns/op
WorkloadPilot   11: 16384 op, 9841100.00 ns, 600.6531 ns/op
WorkloadPilot   12: 32768 op, 36406800.00 ns, 1.1110 us/op
WorkloadPilot   13: 65536 op, 34512000.00 ns, 526.6113 ns/op
WorkloadPilot   14: 131072 op, 102829900.00 ns, 784.5299 ns/op
WorkloadPilot   15: 262144 op, 151654400.00 ns, 578.5156 ns/op
WorkloadPilot   16: 524288 op, 279370700.00 ns, 532.8573 ns/op
WorkloadPilot   17: 1048576 op, 399049400.00 ns, 380.5632 ns/op
WorkloadPilot   18: 2097152 op, 757897600.00 ns, 361.3937 ns/op

OverheadWarmup   1: 2097152 op, 4867500.00 ns, 2.3210 ns/op
OverheadWarmup   2: 2097152 op, 4979400.00 ns, 2.3744 ns/op
OverheadWarmup   3: 2097152 op, 5952700.00 ns, 2.8385 ns/op
OverheadWarmup   4: 2097152 op, 4916100.00 ns, 2.3442 ns/op
OverheadWarmup   5: 2097152 op, 5237400.00 ns, 2.4974 ns/op
OverheadWarmup   6: 2097152 op, 5884400.00 ns, 2.8059 ns/op
OverheadWarmup   7: 2097152 op, 4911300.00 ns, 2.3419 ns/op

OverheadActual   1: 2097152 op, 5000400.00 ns, 2.3844 ns/op
OverheadActual   2: 2097152 op, 4813600.00 ns, 2.2953 ns/op
OverheadActual   3: 2097152 op, 4782300.00 ns, 2.2804 ns/op
OverheadActual   4: 2097152 op, 4840000.00 ns, 2.3079 ns/op
OverheadActual   5: 2097152 op, 6111000.00 ns, 2.9140 ns/op
OverheadActual   6: 2097152 op, 4958400.00 ns, 2.3643 ns/op
OverheadActual   7: 2097152 op, 4933900.00 ns, 2.3527 ns/op
OverheadActual   8: 2097152 op, 4927000.00 ns, 2.3494 ns/op
OverheadActual   9: 2097152 op, 5684100.00 ns, 2.7104 ns/op
OverheadActual  10: 2097152 op, 4852700.00 ns, 2.3139 ns/op
OverheadActual  11: 2097152 op, 4844900.00 ns, 2.3102 ns/op
OverheadActual  12: 2097152 op, 5003200.00 ns, 2.3857 ns/op
OverheadActual  13: 2097152 op, 4804600.00 ns, 2.2910 ns/op
OverheadActual  14: 2097152 op, 5235000.00 ns, 2.4962 ns/op
OverheadActual  15: 2097152 op, 3563500.00 ns, 1.6992 ns/op
OverheadActual  16: 2097152 op, 3639100.00 ns, 1.7353 ns/op

WorkloadWarmup   1: 2097152 op, 908206400.00 ns, 433.0666 ns/op
WorkloadWarmup   2: 2097152 op, 798762700.00 ns, 380.8797 ns/op
WorkloadWarmup   3: 2097152 op, 817670000.00 ns, 389.8954 ns/op
WorkloadWarmup   4: 2097152 op, 663020400.00 ns, 316.1528 ns/op
WorkloadWarmup   5: 2097152 op, 748241800.00 ns, 356.7895 ns/op
WorkloadWarmup   6: 2097152 op, 785138100.00 ns, 374.3830 ns/op
WorkloadWarmup   7: 2097152 op, 690914000.00 ns, 329.4535 ns/op

// BeforeActualRun
WorkloadActual   1: 2097152 op, 632966300.00 ns, 301.8219 ns/op
WorkloadActual   2: 2097152 op, 825838200.00 ns, 393.7903 ns/op
WorkloadActual   3: 2097152 op, 771557400.00 ns, 367.9072 ns/op
WorkloadActual   4: 2097152 op, 839645300.00 ns, 400.3741 ns/op
WorkloadActual   5: 2097152 op, 626784100.00 ns, 298.8739 ns/op
WorkloadActual   6: 2097152 op, 870547500.00 ns, 415.1094 ns/op
WorkloadActual   7: 2097152 op, 856334300.00 ns, 408.3320 ns/op
WorkloadActual   8: 2097152 op, 689614600.00 ns, 328.8339 ns/op
WorkloadActual   9: 2097152 op, 927173000.00 ns, 442.1105 ns/op
WorkloadActual  10: 2097152 op, 798731500.00 ns, 380.8649 ns/op
WorkloadActual  11: 2097152 op, 648834300.00 ns, 309.3883 ns/op
WorkloadActual  12: 2097152 op, 597041300.00 ns, 284.6915 ns/op
WorkloadActual  13: 2097152 op, 861365500.00 ns, 410.7311 ns/op
WorkloadActual  14: 2097152 op, 948149300.00 ns, 452.1128 ns/op
WorkloadActual  15: 2097152 op, 860020400.00 ns, 410.0897 ns/op
WorkloadActual  16: 2097152 op, 814218200.00 ns, 388.2495 ns/op

// AfterActualRun
WorkloadResult   1: 2097152 op, 628076450.00 ns, 299.4902 ns/op
WorkloadResult   2: 2097152 op, 820948350.00 ns, 391.4587 ns/op
WorkloadResult   3: 2097152 op, 766667550.00 ns, 365.5756 ns/op
WorkloadResult   4: 2097152 op, 834755450.00 ns, 398.0424 ns/op
WorkloadResult   5: 2097152 op, 621894250.00 ns, 296.5423 ns/op
WorkloadResult   6: 2097152 op, 865657650.00 ns, 412.7777 ns/op
WorkloadResult   7: 2097152 op, 851444450.00 ns, 406.0004 ns/op
WorkloadResult   8: 2097152 op, 684724750.00 ns, 326.5022 ns/op
WorkloadResult   9: 2097152 op, 922283150.00 ns, 439.7789 ns/op
WorkloadResult  10: 2097152 op, 793841650.00 ns, 378.5332 ns/op
WorkloadResult  11: 2097152 op, 643944450.00 ns, 307.0566 ns/op
WorkloadResult  12: 2097152 op, 592151450.00 ns, 282.3598 ns/op
WorkloadResult  13: 2097152 op, 856475650.00 ns, 408.3994 ns/op
WorkloadResult  14: 2097152 op, 943259450.00 ns, 449.7812 ns/op
WorkloadResult  15: 2097152 op, 855130550.00 ns, 407.7580 ns/op
WorkloadResult  16: 2097152 op, 809328350.00 ns, 385.9178 ns/op
// GC:  20 0 0 1140850752 2097152
// Threading:  0 0 2097152

// AfterAll
// Benchmark Process 7096 has exited with code 0.

Mean = 372.248 ns, StdErr = 13.335 ns (3.58%), N = 16, StdDev = 53.338 ns
Min = 282.360 ns, Q1 = 321.641 ns, Median = 388.688 ns, Q3 = 407.918 ns, Max = 449.781 ns
IQR = 86.278 ns, LowerFence = 192.224 ns, UpperFence = 537.335 ns
ConfidenceInterval = [317.940 ns; 426.557 ns] (CI 99.9%), Margin = 54.308 ns (14.59% of Mean)
Skewness = -0.38, Kurtosis = 1.65, MValue = 3.11

// ** Remained 1 (14.3%) benchmark(s) to run. Estimated finish 2026-06-02 19:58 (0h 0m from now) **
Setup power plan (GUID: 8c5e7fda-e8bf-4a96-9a85-a6e23a8c635c FriendlyName: High performance)
// **************************
// Benchmark: AcceptCallBenchmarks.Log4Net_SixteenProps: Job-PEQZIJ(MaxIterationCount=16, MaxWarmupIterationCount=8)
// *** Execute ***
// Launch: 1 / 1
// Execute: dotnet d4112c9d-b349-4748-8a54-2b17aac2f51b.dll --anonymousPipes 30032 9508 --benchmarkName MMP.Herald.OSS.Benchmarks.Comparisons.Log4NetRow.AcceptCallBenchmarks.Log4Net_SixteenProps --job "MaxIterationCount=16, MaxWarmupIterationCount=8" --benchmarkId 6 in E:\dev\Herald.OSS\benchmarking\comparisons\net10\log4net\bin\Release\net10.0\d4112c9d-b349-4748-8a54-2b17aac2f51b\bin\Release\net10.0
// BeforeAnythingElse

// Benchmark Process Environment Information:
// BenchmarkDotNet v0.14.0
// Runtime=.NET 10.0.8 (10.0.826.23019), X64 RyuJIT AVX2
// GC=Concurrent Server
// HardwareIntrinsics=AVX2,AES,BMI1,BMI2,FMA,LZCNT,PCLMUL,POPCNT,AvxVnni,SERIALIZE VectorSize=256
// Job: Job-FSNALA(MaxIterationCount=16, MaxWarmupIterationCount=8)

OverheadJitting  1: 1 op, 391000.00 ns, 391.0000 us/op
WorkloadJitting  1: 1 op, 4641800.00 ns, 4.6418 ms/op

OverheadJitting  2: 16 op, 692200.00 ns, 43.2625 us/op
WorkloadJitting  2: 16 op, 645600.00 ns, 40.3500 us/op

WorkloadPilot    1: 16 op, 34900.00 ns, 2.1813 us/op
WorkloadPilot    2: 32 op, 46400.00 ns, 1.4500 us/op
WorkloadPilot    3: 64 op, 91700.00 ns, 1.4328 us/op
WorkloadPilot    4: 128 op, 117400.00 ns, 917.1875 ns/op
WorkloadPilot    5: 256 op, 226500.00 ns, 884.7656 ns/op
WorkloadPilot    6: 512 op, 343200.00 ns, 670.3125 ns/op
WorkloadPilot    7: 1024 op, 677800.00 ns, 661.9141 ns/op
WorkloadPilot    8: 2048 op, 1419800.00 ns, 693.2617 ns/op
WorkloadPilot    9: 4096 op, 2890300.00 ns, 705.6396 ns/op
WorkloadPilot   10: 8192 op, 6548700.00 ns, 799.4019 ns/op
WorkloadPilot   11: 16384 op, 11004000.00 ns, 671.6309 ns/op
WorkloadPilot   12: 32768 op, 18231400.00 ns, 556.3782 ns/op
WorkloadPilot   13: 65536 op, 35224400.00 ns, 537.4817 ns/op
WorkloadPilot   14: 131072 op, 82989600.00 ns, 633.1604 ns/op
WorkloadPilot   15: 262144 op, 146167300.00 ns, 557.5840 ns/op
WorkloadPilot   16: 524288 op, 189084100.00 ns, 360.6493 ns/op
WorkloadPilot   17: 1048576 op, 390700000.00 ns, 372.6006 ns/op
WorkloadPilot   18: 2097152 op, 719254700.00 ns, 342.9674 ns/op

OverheadWarmup   1: 2097152 op, 6842100.00 ns, 3.2626 ns/op
OverheadWarmup   2: 2097152 op, 6835100.00 ns, 3.2592 ns/op
OverheadWarmup   3: 2097152 op, 6793100.00 ns, 3.2392 ns/op
OverheadWarmup   4: 2097152 op, 6741300.00 ns, 3.2145 ns/op
OverheadWarmup   5: 2097152 op, 6363100.00 ns, 3.0342 ns/op
OverheadWarmup   6: 2097152 op, 6470700.00 ns, 3.0855 ns/op
OverheadWarmup   7: 2097152 op, 6659300.00 ns, 3.1754 ns/op
OverheadWarmup   8: 2097152 op, 6040000.00 ns, 2.8801 ns/op
OverheadWarmup   9: 2097152 op, 5864900.00 ns, 2.7966 ns/op
OverheadWarmup  10: 2097152 op, 6271600.00 ns, 2.9905 ns/op

OverheadActual   1: 2097152 op, 5920100.00 ns, 2.8229 ns/op
OverheadActual   2: 2097152 op, 6191100.00 ns, 2.9521 ns/op
OverheadActual   3: 2097152 op, 5772300.00 ns, 2.7524 ns/op
OverheadActual   4: 2097152 op, 5693800.00 ns, 2.7150 ns/op
OverheadActual   5: 2097152 op, 6668600.00 ns, 3.1798 ns/op
OverheadActual   6: 2097152 op, 5745600.00 ns, 2.7397 ns/op
OverheadActual   7: 2097152 op, 6732400.00 ns, 3.2103 ns/op
OverheadActual   8: 2097152 op, 5698000.00 ns, 2.7170 ns/op
OverheadActual   9: 2097152 op, 5957700.00 ns, 2.8409 ns/op
OverheadActual  10: 2097152 op, 6981300.00 ns, 3.3289 ns/op
OverheadActual  11: 2097152 op, 5756500.00 ns, 2.7449 ns/op
OverheadActual  12: 2097152 op, 7065300.00 ns, 3.3690 ns/op
OverheadActual  13: 2097152 op, 7329900.00 ns, 3.4952 ns/op
OverheadActual  14: 2097152 op, 5998300.00 ns, 2.8602 ns/op
OverheadActual  15: 2097152 op, 4542700.00 ns, 2.1661 ns/op
OverheadActual  16: 2097152 op, 4354800.00 ns, 2.0765 ns/op

WorkloadWarmup   1: 2097152 op, 875891800.00 ns, 417.6578 ns/op
WorkloadWarmup   2: 2097152 op, 853717200.00 ns, 407.0841 ns/op
WorkloadWarmup   3: 2097152 op, 911828100.00 ns, 434.7935 ns/op
WorkloadWarmup   4: 2097152 op, 694903000.00 ns, 331.3556 ns/op
WorkloadWarmup   5: 2097152 op, 705486700.00 ns, 336.4023 ns/op
WorkloadWarmup   6: 2097152 op, 1405949900.00 ns, 670.4092 ns/op
WorkloadWarmup   7: 2097152 op, 1155049800.00 ns, 550.7707 ns/op

// BeforeActualRun
WorkloadActual   1: 2097152 op, 1098804200.00 ns, 523.9507 ns/op
WorkloadActual   2: 2097152 op, 813715400.00 ns, 388.0097 ns/op
WorkloadActual   3: 2097152 op, 1107576400.00 ns, 528.1336 ns/op
WorkloadActual   4: 2097152 op, 968527300.00 ns, 461.8298 ns/op
WorkloadActual   5: 2097152 op, 962594700.00 ns, 459.0009 ns/op
WorkloadActual   6: 2097152 op, 798093400.00 ns, 380.5606 ns/op
WorkloadActual   7: 2097152 op, 704260700.00 ns, 335.8177 ns/op
WorkloadActual   8: 2097152 op, 959319700.00 ns, 457.4393 ns/op
WorkloadActual   9: 2097152 op, 1030551900.00 ns, 491.4054 ns/op
WorkloadActual  10: 2097152 op, 787390200.00 ns, 375.4569 ns/op
WorkloadActual  11: 2097152 op, 685769300.00 ns, 327.0003 ns/op
WorkloadActual  12: 2097152 op, 825635500.00 ns, 393.6937 ns/op
WorkloadActual  13: 2097152 op, 857102400.00 ns, 408.6983 ns/op
WorkloadActual  14: 2097152 op, 1106501600.00 ns, 527.6211 ns/op
WorkloadActual  15: 2097152 op, 908210700.00 ns, 433.0686 ns/op
WorkloadActual  16: 2097152 op, 926511300.00 ns, 441.7950 ns/op

// AfterActualRun
WorkloadResult   1: 2097152 op, 1092865300.00 ns, 521.1188 ns/op
WorkloadResult   2: 2097152 op, 807776500.00 ns, 385.1779 ns/op
WorkloadResult   3: 2097152 op, 1101637500.00 ns, 525.3017 ns/op
WorkloadResult   4: 2097152 op, 962588400.00 ns, 458.9979 ns/op
WorkloadResult   5: 2097152 op, 956655800.00 ns, 456.1690 ns/op
WorkloadResult   6: 2097152 op, 792154500.00 ns, 377.7287 ns/op
WorkloadResult   7: 2097152 op, 698321800.00 ns, 332.9858 ns/op
WorkloadResult   8: 2097152 op, 953380800.00 ns, 454.6074 ns/op
WorkloadResult   9: 2097152 op, 1024613000.00 ns, 488.5736 ns/op
WorkloadResult  10: 2097152 op, 781451300.00 ns, 372.6250 ns/op
WorkloadResult  11: 2097152 op, 679830400.00 ns, 324.1684 ns/op
WorkloadResult  12: 2097152 op, 819696600.00 ns, 390.8618 ns/op
WorkloadResult  13: 2097152 op, 851163500.00 ns, 405.8664 ns/op
WorkloadResult  14: 2097152 op, 1100562700.00 ns, 524.7892 ns/op
WorkloadResult  15: 2097152 op, 902271800.00 ns, 430.2367 ns/op
WorkloadResult  16: 2097152 op, 920572400.00 ns, 438.9631 ns/op
// GC:  39 0 0 1358954560 2097152
// Threading:  0 0 2097152

// AfterAll
// Benchmark Process 86784 has exited with code 0.

Mean = 430.511 ns, StdErr = 16.172 ns (3.76%), N = 16, StdDev = 64.688 ns
Min = 324.168 ns, Q1 = 383.316 ns, Median = 434.600 ns, Q3 = 466.392 ns, Max = 525.302 ns
IQR = 83.076 ns, LowerFence = 258.701 ns, UpperFence = 591.006 ns
ConfidenceInterval = [364.646 ns; 496.375 ns] (CI 99.9%), Margin = 65.865 ns (15.30% of Mean)
Skewness = 0.01, Kurtosis = 1.73, MValue = 2

// ** Remained 0 (0.0%) benchmark(s) to run. Estimated finish 2026-06-02 19:58 (0h 0m from now) **
Successfully reverted power plan (GUID: 8c5e7fda-e8bf-4a96-9a85-a6e23a8c635c FriendlyName: High performance)
// ***** BenchmarkRunner: Finish  *****

// * Export *
  docs\benchmarks\runs\run-2026-06-03T00-38Z\net10-log4net\results\MMP.Herald.OSS.Benchmarks.Comparisons.Log4NetRow.AcceptCallBenchmarks-report.csv
  docs\benchmarks\runs\run-2026-06-03T00-38Z\net10-log4net\results\MMP.Herald.OSS.Benchmarks.Comparisons.Log4NetRow.AcceptCallBenchmarks-report-github.md
  docs\benchmarks\runs\run-2026-06-03T00-38Z\net10-log4net\results\MMP.Herald.OSS.Benchmarks.Comparisons.Log4NetRow.AcceptCallBenchmarks-report.html

// * Detailed results *
AcceptCallBenchmarks.Log4Net_ZeroProps: Job-PEQZIJ(MaxIterationCount=16, MaxWarmupIterationCount=8)
Runtime = .NET 10.0.8 (10.0.826.23019), X64 RyuJIT AVX2; GC = Concurrent Server
Mean = 214.256 ns, StdErr = 6.494 ns (3.03%), N = 15, StdDev = 25.149 ns
Min = 180.397 ns, Q1 = 199.280 ns, Median = 212.423 ns, Q3 = 223.063 ns, Max = 265.768 ns
IQR = 23.783 ns, LowerFence = 163.606 ns, UpperFence = 258.737 ns
ConfidenceInterval = [187.370 ns; 241.142 ns] (CI 99.9%), Margin = 26.886 ns (12.55% of Mean)
Skewness = 0.38, Kurtosis = 2.2, MValue = 2.5
-------------------- Histogram --------------------
[172.931 ns ; 201.863 ns) | @@@@
[201.863 ns ; 228.632 ns) | @@@@@@@@
[228.632 ns ; 242.047 ns) | 
[242.047 ns ; 268.816 ns) | @@@
---------------------------------------------------

AcceptCallBenchmarks.Log4Net_OneProp: Job-PEQZIJ(MaxIterationCount=16, MaxWarmupIterationCount=8)
Runtime = .NET 10.0.8 (10.0.826.23019), X64 RyuJIT AVX2; GC = Concurrent Server
Mean = 247.568 ns, StdErr = 5.408 ns (2.18%), N = 16, StdDev = 21.632 ns
Min = 220.359 ns, Q1 = 226.947 ns, Median = 248.363 ns, Q3 = 259.381 ns, Max = 288.941 ns
IQR = 32.434 ns, LowerFence = 178.297 ns, UpperFence = 308.031 ns
ConfidenceInterval = [225.543 ns; 269.593 ns] (CI 99.9%), Margin = 22.025 ns (8.90% of Mean)
Skewness = 0.27, Kurtosis = 1.75, MValue = 2
-------------------- Histogram --------------------
[214.272 ns ; 240.519 ns) | @@@@@@
[240.519 ns ; 263.054 ns) | @@@@@@
[263.054 ns ; 291.123 ns) | @@@@
---------------------------------------------------

AcceptCallBenchmarks.Log4Net_TwoProps: Job-PEQZIJ(MaxIterationCount=16, MaxWarmupIterationCount=8)
Runtime = .NET 10.0.8 (10.0.826.23019), X64 RyuJIT AVX2; GC = Concurrent Server
Mean = 265.137 ns, StdErr = 11.881 ns (4.48%), N = 16, StdDev = 47.523 ns
Min = 205.416 ns, Q1 = 230.880 ns, Median = 254.448 ns, Q3 = 287.778 ns, Max = 362.807 ns
IQR = 56.898 ns, LowerFence = 145.534 ns, UpperFence = 373.124 ns
ConfidenceInterval = [216.749 ns; 313.524 ns] (CI 99.9%), Margin = 48.388 ns (18.25% of Mean)
Skewness = 0.65, Kurtosis = 2.24, MValue = 2
-------------------- Histogram --------------------
[180.663 ns ; 222.415 ns) | @@@
[222.415 ns ; 271.922 ns) | @@@@@@@@
[271.922 ns ; 326.985 ns) | @@@
[326.985 ns ; 380.036 ns) | @@
---------------------------------------------------

AcceptCallBenchmarks.Log4Net_FourProps: Job-PEQZIJ(MaxIterationCount=16, MaxWarmupIterationCount=8)
Runtime = .NET 10.0.8 (10.0.826.23019), X64 RyuJIT AVX2; GC = Concurrent Server
Mean = 316.363 ns, StdErr = 14.176 ns (4.48%), N = 15, StdDev = 54.902 ns
Min = 239.625 ns, Q1 = 272.780 ns, Median = 325.161 ns, Q3 = 342.902 ns, Max = 414.616 ns
IQR = 70.122 ns, LowerFence = 167.597 ns, UpperFence = 448.085 ns
ConfidenceInterval = [257.669 ns; 375.056 ns] (CI 99.9%), Margin = 58.693 ns (18.55% of Mean)
Skewness = 0.14, Kurtosis = 1.86, MValue = 2
-------------------- Histogram --------------------
[216.993 ns ; 291.231 ns) | @@@@
[291.231 ns ; 349.668 ns) | @@@@@@@@
[349.668 ns ; 416.664 ns) | @@@
---------------------------------------------------

AcceptCallBenchmarks.Log4Net_EightProps: Job-PEQZIJ(MaxIterationCount=16, MaxWarmupIterationCount=8)
Runtime = .NET 10.0.8 (10.0.826.23019), X64 RyuJIT AVX2; GC = Concurrent Server
Mean = 349.445 ns, StdErr = 14.605 ns (4.18%), N = 16, StdDev = 58.418 ns
Min = 265.254 ns, Q1 = 287.791 ns, Median = 353.378 ns, Q3 = 402.304 ns, Max = 441.879 ns
IQR = 114.513 ns, LowerFence = 116.021 ns, UpperFence = 574.073 ns
ConfidenceInterval = [289.964 ns; 408.926 ns] (CI 99.9%), Margin = 59.481 ns (17.02% of Mean)
Skewness = -0, Kurtosis = 1.43, MValue = 3.14
-------------------- Histogram --------------------
[260.456 ns ; 321.312 ns) | @@@@@@
[321.312 ns ; 358.139 ns) | @@
[358.139 ns ; 418.996 ns) | @@@@@@@
[418.996 ns ; 472.307 ns) | @
---------------------------------------------------

AcceptCallBenchmarks.Log4Net_TwelveProps: Job-PEQZIJ(MaxIterationCount=16, MaxWarmupIterationCount=8)
Runtime = .NET 10.0.8 (10.0.826.23019), X64 RyuJIT AVX2; GC = Concurrent Server
Mean = 372.248 ns, StdErr = 13.335 ns (3.58%), N = 16, StdDev = 53.338 ns
Min = 282.360 ns, Q1 = 321.641 ns, Median = 388.688 ns, Q3 = 407.918 ns, Max = 449.781 ns
IQR = 86.278 ns, LowerFence = 192.224 ns, UpperFence = 537.335 ns
ConfidenceInterval = [317.940 ns; 426.557 ns] (CI 99.9%), Margin = 54.308 ns (14.59% of Mean)
Skewness = -0.38, Kurtosis = 1.65, MValue = 3.11
-------------------- Histogram --------------------
[276.649 ns ; 332.213 ns) | @@@@@
[332.213 ns ; 361.395 ns) | 
[361.395 ns ; 416.959 ns) | @@@@@@@@@
[416.959 ns ; 477.563 ns) | @@
---------------------------------------------------

AcceptCallBenchmarks.Log4Net_SixteenProps: Job-PEQZIJ(MaxIterationCount=16, MaxWarmupIterationCount=8)
Runtime = .NET 10.0.8 (10.0.826.23019), X64 RyuJIT AVX2; GC = Concurrent Server
Mean = 430.511 ns, StdErr = 16.172 ns (3.76%), N = 16, StdDev = 64.688 ns
Min = 324.168 ns, Q1 = 383.316 ns, Median = 434.600 ns, Q3 = 466.392 ns, Max = 525.302 ns
IQR = 83.076 ns, LowerFence = 258.701 ns, UpperFence = 591.006 ns
ConfidenceInterval = [364.646 ns; 496.375 ns] (CI 99.9%), Margin = 65.865 ns (15.30% of Mean)
Skewness = 0.01, Kurtosis = 1.73, MValue = 2
-------------------- Histogram --------------------
[290.475 ns ; 362.271 ns) | @@
[362.271 ns ; 439.488 ns) | @@@@@@@
[439.488 ns ; 525.844 ns) | @@@@@@@
---------------------------------------------------

// * Summary *

BenchmarkDotNet v0.14.0, Windows 11 (10.0.26200.8457)
12th Gen Intel Core i9-12900K, 1 CPU, 24 logical and 16 physical cores
.NET SDK 10.0.204
  [Host]     : .NET 10.0.8 (10.0.826.23019), X64 RyuJIT AVX2
  Job-PEQZIJ : .NET 10.0.8 (10.0.826.23019), X64 RyuJIT AVX2

MaxIterationCount=16  MaxWarmupIterationCount=8  

| Method               | Mean     | Error    | StdDev   | Gen0   | Allocated |
|--------------------- |---------:|---------:|---------:|-------:|----------:|
| Log4Net_ZeroProps    | 214.3 ns | 26.89 ns | 25.15 ns | 0.0029 |     168 B |
| Log4Net_OneProp      | 247.6 ns | 22.03 ns | 21.63 ns | 0.0067 |     264 B |
| Log4Net_TwoProps     | 265.1 ns | 48.39 ns | 47.52 ns | 0.0057 |     272 B |
| Log4Net_FourProps    | 316.4 ns | 58.69 ns | 54.90 ns | 0.0057 |     336 B |
| Log4Net_EightProps   | 349.4 ns | 59.48 ns | 58.42 ns | 0.0076 |     440 B |
| Log4Net_TwelveProps  | 372.2 ns | 54.31 ns | 53.34 ns | 0.0095 |     544 B |
| Log4Net_SixteenProps | 430.5 ns | 65.86 ns | 64.69 ns | 0.0186 |     648 B |

// * Warnings *
MultimodalDistribution
  AcceptCallBenchmarks.Log4Net_EightProps: MaxIterationCount=16, MaxWarmupIterationCount=8  -> It seems that the distribution can have several modes (mValue = 3.14)
  AcceptCallBenchmarks.Log4Net_TwelveProps: MaxIterationCount=16, MaxWarmupIterationCount=8 -> It seems that the distribution can have several modes (mValue = 3.11)

// * Hints *
Outliers
  AcceptCallBenchmarks.Log4Net_ZeroProps: MaxIterationCount=16, MaxWarmupIterationCount=8 -> 1 outlier  was  removed (302.35 ns)
  AcceptCallBenchmarks.Log4Net_FourProps: MaxIterationCount=16, MaxWarmupIterationCount=8 -> 1 outlier  was  removed (469.08 ns)

// * Legends *
  Mean      : Arithmetic mean of all measurements
  Error     : Half of 99.9% confidence interval
  StdDev    : Standard deviation of all measurements
  Gen0      : GC Generation 0 collects per 1000 operations
  Allocated : Allocated memory per single operation (managed only, inclusive, 1KB = 1024B)
  1 ns      : 1 Nanosecond (0.000000001 sec)

// * Diagnostic Output - MemoryDiagnoser *


// ***** BenchmarkRunner: End *****
Run time: 00:02:17 (137.85 sec), executed benchmarks: 7

Global total time: 00:02:48 (168.03 sec), executed benchmarks: 7
// * Artifacts cleanup *
Artifacts cleanup is finished
