// Validating benchmarks:
// ***** BenchmarkRunner: Start   *****
// ***** Found 7 benchmark(s) in total *****
// ***** Building 1 exe(s) in Parallel: Start   *****
// start dotnet  restore /p:UseSharedCompilation=false /p:BuildInParallel=false /m:1 /p:Deterministic=true /p:Optimize=true /p:IntermediateOutputPath="E:\dev\Herald.OSS\benchmarking\comparisons\net10\MEL\bin\Release\net10.0\4a3c6bc1-f0d2-41c8-9a85-a68153fbca1f\obj\Release\net10.0/" /p:OutDir="E:\dev\Herald.OSS\benchmarking\comparisons\net10\MEL\bin\Release\net10.0\4a3c6bc1-f0d2-41c8-9a85-a68153fbca1f\bin\Release\net10.0/" /p:OutputPath="E:\dev\Herald.OSS\benchmarking\comparisons\net10\MEL\bin\Release\net10.0\4a3c6bc1-f0d2-41c8-9a85-a68153fbca1f\bin\Release\net10.0/" in E:\dev\Herald.OSS\benchmarking\comparisons\net10\MEL\bin\Release\net10.0\4a3c6bc1-f0d2-41c8-9a85-a68153fbca1f
// command took 4.43 sec and exited with 0
// start dotnet  build -c Release --no-restore /p:UseSharedCompilation=false /p:BuildInParallel=false /m:1 /p:Deterministic=true /p:Optimize=true /p:IntermediateOutputPath="E:\dev\Herald.OSS\benchmarking\comparisons\net10\MEL\bin\Release\net10.0\4a3c6bc1-f0d2-41c8-9a85-a68153fbca1f\obj\Release\net10.0/" /p:OutDir="E:\dev\Herald.OSS\benchmarking\comparisons\net10\MEL\bin\Release\net10.0\4a3c6bc1-f0d2-41c8-9a85-a68153fbca1f\bin\Release\net10.0/" /p:OutputPath="E:\dev\Herald.OSS\benchmarking\comparisons\net10\MEL\bin\Release\net10.0\4a3c6bc1-f0d2-41c8-9a85-a68153fbca1f\bin\Release\net10.0/" --output "E:\dev\Herald.OSS\benchmarking\comparisons\net10\MEL\bin\Release\net10.0\4a3c6bc1-f0d2-41c8-9a85-a68153fbca1f\bin\Release\net10.0/" in E:\dev\Herald.OSS\benchmarking\comparisons\net10\MEL\bin\Release\net10.0\4a3c6bc1-f0d2-41c8-9a85-a68153fbca1f
// command took 14.34 sec and exited with 0
// ***** Done, took 00:00:29 (29.45 sec)   *****
// Found 7 benchmarks:
//   AcceptCallBenchmarks.Mel_ZeroProps: Job-NNRZTO(MaxIterationCount=16, MaxWarmupIterationCount=8)
//   AcceptCallBenchmarks.Mel_OneProp: Job-NNRZTO(MaxIterationCount=16, MaxWarmupIterationCount=8)
//   AcceptCallBenchmarks.Mel_TwoProps: Job-NNRZTO(MaxIterationCount=16, MaxWarmupIterationCount=8)
//   AcceptCallBenchmarks.Mel_FourProps: Job-NNRZTO(MaxIterationCount=16, MaxWarmupIterationCount=8)
//   AcceptCallBenchmarks.Mel_EightProps: Job-NNRZTO(MaxIterationCount=16, MaxWarmupIterationCount=8)
//   AcceptCallBenchmarks.Mel_TwelveProps: Job-NNRZTO(MaxIterationCount=16, MaxWarmupIterationCount=8)
//   AcceptCallBenchmarks.Mel_SixteenProps: Job-NNRZTO(MaxIterationCount=16, MaxWarmupIterationCount=8)

Setup power plan (GUID: 8c5e7fda-e8bf-4a96-9a85-a6e23a8c635c FriendlyName: High performance)
// **************************
// Benchmark: AcceptCallBenchmarks.Mel_ZeroProps: Job-NNRZTO(MaxIterationCount=16, MaxWarmupIterationCount=8)
// *** Execute ***
// Launch: 1 / 1
// Execute: dotnet 4a3c6bc1-f0d2-41c8-9a85-a68153fbca1f.dll --anonymousPipes 81876 54116 --benchmarkName MMP.Herald.OSS.Benchmarks.Comparisons.MelRow.AcceptCallBenchmarks.Mel_ZeroProps --job "MaxIterationCount=16, MaxWarmupIterationCount=8" --benchmarkId 0 in E:\dev\Herald.OSS\benchmarking\comparisons\net10\MEL\bin\Release\net10.0\4a3c6bc1-f0d2-41c8-9a85-a68153fbca1f\bin\Release\net10.0
// BeforeAnythingElse

// Benchmark Process Environment Information:
// BenchmarkDotNet v0.14.0
// Runtime=.NET 10.0.8 (10.0.826.23019), X64 RyuJIT AVX2
// GC=Concurrent Server
// HardwareIntrinsics=AVX2,AES,BMI1,BMI2,FMA,LZCNT,PCLMUL,POPCNT,AvxVnni,SERIALIZE VectorSize=256
// Job: Job-UMVWDY(MaxIterationCount=16, MaxWarmupIterationCount=8)

OverheadJitting  1: 1 op, 312200.00 ns, 312.2000 us/op
WorkloadJitting  1: 1 op, 2139000.00 ns, 2.1390 ms/op

OverheadJitting  2: 16 op, 305300.00 ns, 19.0813 us/op
WorkloadJitting  2: 16 op, 280900.00 ns, 17.5563 us/op

WorkloadPilot    1: 16 op, 6700.00 ns, 418.7500 ns/op
WorkloadPilot    2: 32 op, 5900.00 ns, 184.3750 ns/op
WorkloadPilot    3: 64 op, 7100.00 ns, 110.9375 ns/op
WorkloadPilot    4: 128 op, 9800.00 ns, 76.5625 ns/op
WorkloadPilot    5: 256 op, 18500.00 ns, 72.2656 ns/op
WorkloadPilot    6: 512 op, 31800.00 ns, 62.1094 ns/op
WorkloadPilot    7: 1024 op, 63800.00 ns, 62.3047 ns/op
WorkloadPilot    8: 2048 op, 125900.00 ns, 61.4746 ns/op
WorkloadPilot    9: 4096 op, 240400.00 ns, 58.6914 ns/op
WorkloadPilot   10: 8192 op, 629600.00 ns, 76.8555 ns/op
WorkloadPilot   11: 16384 op, 1059300.00 ns, 64.6545 ns/op
WorkloadPilot   12: 32768 op, 2081200.00 ns, 63.5132 ns/op
WorkloadPilot   13: 65536 op, 4560500.00 ns, 69.5877 ns/op
WorkloadPilot   14: 131072 op, 7302200.00 ns, 55.7114 ns/op
WorkloadPilot   15: 262144 op, 14590900.00 ns, 55.6599 ns/op
WorkloadPilot   16: 524288 op, 28592500.00 ns, 54.5359 ns/op
WorkloadPilot   17: 1048576 op, 60340200.00 ns, 57.5449 ns/op
WorkloadPilot   18: 2097152 op, 45286900.00 ns, 21.5945 ns/op
WorkloadPilot   19: 4194304 op, 82296800.00 ns, 19.6211 ns/op
WorkloadPilot   20: 8388608 op, 155150800.00 ns, 18.4954 ns/op
WorkloadPilot   21: 16777216 op, 367211000.00 ns, 21.8875 ns/op
WorkloadPilot   22: 33554432 op, 663348300.00 ns, 19.7693 ns/op

OverheadWarmup   1: 33554432 op, 69546700.00 ns, 2.0727 ns/op
OverheadWarmup   2: 33554432 op, 68085000.00 ns, 2.0291 ns/op
OverheadWarmup   3: 33554432 op, 70680200.00 ns, 2.1064 ns/op
OverheadWarmup   4: 33554432 op, 54088800.00 ns, 1.6120 ns/op
OverheadWarmup   5: 33554432 op, 65454300.00 ns, 1.9507 ns/op
OverheadWarmup   6: 33554432 op, 55573500.00 ns, 1.6562 ns/op

OverheadActual   1: 33554432 op, 54502900.00 ns, 1.6243 ns/op
OverheadActual   2: 33554432 op, 53778800.00 ns, 1.6027 ns/op
OverheadActual   3: 33554432 op, 53596400.00 ns, 1.5973 ns/op
OverheadActual   4: 33554432 op, 57401100.00 ns, 1.7107 ns/op
OverheadActual   5: 33554432 op, 54301900.00 ns, 1.6183 ns/op
OverheadActual   6: 33554432 op, 63807700.00 ns, 1.9016 ns/op
OverheadActual   7: 33554432 op, 55210600.00 ns, 1.6454 ns/op
OverheadActual   8: 33554432 op, 59958700.00 ns, 1.7869 ns/op
OverheadActual   9: 33554432 op, 53960700.00 ns, 1.6082 ns/op
OverheadActual  10: 33554432 op, 55496000.00 ns, 1.6539 ns/op
OverheadActual  11: 33554432 op, 53816200.00 ns, 1.6038 ns/op
OverheadActual  12: 33554432 op, 56344700.00 ns, 1.6792 ns/op
OverheadActual  13: 33554432 op, 53958300.00 ns, 1.6081 ns/op
OverheadActual  14: 33554432 op, 54573100.00 ns, 1.6264 ns/op
OverheadActual  15: 33554432 op, 54172100.00 ns, 1.6145 ns/op

WorkloadWarmup   1: 33554432 op, 658387700.00 ns, 19.6215 ns/op
WorkloadWarmup   2: 33554432 op, 667482500.00 ns, 19.8925 ns/op
WorkloadWarmup   3: 33554432 op, 633540000.00 ns, 18.8810 ns/op
WorkloadWarmup   4: 33554432 op, 702159000.00 ns, 20.9260 ns/op
WorkloadWarmup   5: 33554432 op, 686905300.00 ns, 20.4714 ns/op
WorkloadWarmup   6: 33554432 op, 869939400.00 ns, 25.9262 ns/op

// BeforeActualRun
WorkloadActual   1: 33554432 op, 628167900.00 ns, 18.7209 ns/op
WorkloadActual   2: 33554432 op, 697831500.00 ns, 20.7970 ns/op
WorkloadActual   3: 33554432 op, 714810500.00 ns, 21.3030 ns/op
WorkloadActual   4: 33554432 op, 641062700.00 ns, 19.1052 ns/op
WorkloadActual   5: 33554432 op, 635594400.00 ns, 18.9422 ns/op
WorkloadActual   6: 33554432 op, 621772700.00 ns, 18.5303 ns/op
WorkloadActual   7: 33554432 op, 638660000.00 ns, 19.0336 ns/op
WorkloadActual   8: 33554432 op, 614088800.00 ns, 18.3013 ns/op
WorkloadActual   9: 33554432 op, 629600100.00 ns, 18.7635 ns/op
WorkloadActual  10: 33554432 op, 636704000.00 ns, 18.9753 ns/op
WorkloadActual  11: 33554432 op, 616582400.00 ns, 18.3756 ns/op
WorkloadActual  12: 33554432 op, 694697400.00 ns, 20.7036 ns/op
WorkloadActual  13: 33554432 op, 717469400.00 ns, 21.3823 ns/op
WorkloadActual  14: 33554432 op, 668437900.00 ns, 19.9210 ns/op
WorkloadActual  15: 33554432 op, 633729400.00 ns, 18.8866 ns/op
WorkloadActual  16: 33554432 op, 648738200.00 ns, 19.3339 ns/op

// AfterActualRun
WorkloadResult   1: 33554432 op, 573665000.00 ns, 17.0965 ns/op
WorkloadResult   2: 33554432 op, 643328600.00 ns, 19.1727 ns/op
WorkloadResult   3: 33554432 op, 660307600.00 ns, 19.6787 ns/op
WorkloadResult   4: 33554432 op, 586559800.00 ns, 17.4808 ns/op
WorkloadResult   5: 33554432 op, 581091500.00 ns, 17.3179 ns/op
WorkloadResult   6: 33554432 op, 567269800.00 ns, 16.9060 ns/op
WorkloadResult   7: 33554432 op, 584157100.00 ns, 17.4092 ns/op
WorkloadResult   8: 33554432 op, 559585900.00 ns, 16.6770 ns/op
WorkloadResult   9: 33554432 op, 575097200.00 ns, 17.1392 ns/op
WorkloadResult  10: 33554432 op, 582201100.00 ns, 17.3509 ns/op
WorkloadResult  11: 33554432 op, 562079500.00 ns, 16.7513 ns/op
WorkloadResult  12: 33554432 op, 640194500.00 ns, 19.0793 ns/op
WorkloadResult  13: 33554432 op, 662966500.00 ns, 19.7579 ns/op
WorkloadResult  14: 33554432 op, 613935000.00 ns, 18.2967 ns/op
WorkloadResult  15: 33554432 op, 579226500.00 ns, 17.2623 ns/op
WorkloadResult  16: 33554432 op, 594235300.00 ns, 17.7096 ns/op
// GC:  0 0 0 112 33554432
// Threading:  0 0 33554432

// AfterAll
// Benchmark Process 65436 has exited with code 0.

Mean = 17.818 ns, StdErr = 0.260 ns (1.46%), N = 16, StdDev = 1.039 ns
Min = 16.677 ns, Q1 = 17.129 ns, Median = 17.380 ns, Q3 = 18.492 ns, Max = 19.758 ns
IQR = 1.364 ns, LowerFence = 15.083 ns, UpperFence = 20.538 ns
ConfidenceInterval = [16.760 ns; 18.876 ns] (CI 99.9%), Margin = 1.058 ns (5.94% of Mean)
Skewness = 0.76, Kurtosis = 1.96, MValue = 2.55

// ** Remained 6 (85.7%) benchmark(s) to run. Estimated finish 2026-06-02 19:58 (0h 1m from now) **
Setup power plan (GUID: 8c5e7fda-e8bf-4a96-9a85-a6e23a8c635c FriendlyName: High performance)
// **************************
// Benchmark: AcceptCallBenchmarks.Mel_OneProp: Job-NNRZTO(MaxIterationCount=16, MaxWarmupIterationCount=8)
// *** Execute ***
// Launch: 1 / 1
// Execute: dotnet 4a3c6bc1-f0d2-41c8-9a85-a68153fbca1f.dll --anonymousPipes 13460 6916 --benchmarkName MMP.Herald.OSS.Benchmarks.Comparisons.MelRow.AcceptCallBenchmarks.Mel_OneProp --job "MaxIterationCount=16, MaxWarmupIterationCount=8" --benchmarkId 1 in E:\dev\Herald.OSS\benchmarking\comparisons\net10\MEL\bin\Release\net10.0\4a3c6bc1-f0d2-41c8-9a85-a68153fbca1f\bin\Release\net10.0
// BeforeAnythingElse

// Benchmark Process Environment Information:
// BenchmarkDotNet v0.14.0
// Runtime=.NET 10.0.8 (10.0.826.23019), X64 RyuJIT AVX2
// GC=Concurrent Server
// HardwareIntrinsics=AVX2,AES,BMI1,BMI2,FMA,LZCNT,PCLMUL,POPCNT,AvxVnni,SERIALIZE VectorSize=256
// Job: Job-YYYZXJ(MaxIterationCount=16, MaxWarmupIterationCount=8)

OverheadJitting  1: 1 op, 367900.00 ns, 367.9000 us/op
WorkloadJitting  1: 1 op, 8136500.00 ns, 8.1365 ms/op

OverheadJitting  2: 16 op, 266800.00 ns, 16.6750 us/op
WorkloadJitting  2: 16 op, 403200.00 ns, 25.2000 us/op

WorkloadPilot    1: 16 op, 28600.00 ns, 1.7875 us/op
WorkloadPilot    2: 32 op, 31000.00 ns, 968.7500 ns/op
WorkloadPilot    3: 64 op, 40900.00 ns, 639.0625 ns/op
WorkloadPilot    4: 128 op, 65400.00 ns, 510.9375 ns/op
WorkloadPilot    5: 256 op, 99500.00 ns, 388.6719 ns/op
WorkloadPilot    6: 512 op, 204400.00 ns, 399.2188 ns/op
WorkloadPilot    7: 1024 op, 395700.00 ns, 386.4258 ns/op
WorkloadPilot    8: 2048 op, 766300.00 ns, 374.1699 ns/op
WorkloadPilot    9: 4096 op, 1591900.00 ns, 388.6475 ns/op
WorkloadPilot   10: 8192 op, 3320100.00 ns, 405.2856 ns/op
WorkloadPilot   11: 16384 op, 6027100.00 ns, 367.8650 ns/op
WorkloadPilot   12: 32768 op, 12699900.00 ns, 387.5702 ns/op
WorkloadPilot   13: 65536 op, 24097700.00 ns, 367.7017 ns/op
WorkloadPilot   14: 131072 op, 45489400.00 ns, 347.0566 ns/op
WorkloadPilot   15: 262144 op, 87674500.00 ns, 334.4517 ns/op
WorkloadPilot   16: 524288 op, 82140800.00 ns, 156.6711 ns/op
WorkloadPilot   17: 1048576 op, 95394100.00 ns, 90.9749 ns/op
WorkloadPilot   18: 2097152 op, 181790600.00 ns, 86.6845 ns/op
WorkloadPilot   19: 4194304 op, 359422000.00 ns, 85.6929 ns/op
WorkloadPilot   20: 8388608 op, 807349000.00 ns, 96.2435 ns/op

OverheadWarmup   1: 8388608 op, 19465800.00 ns, 2.3205 ns/op
OverheadWarmup   2: 8388608 op, 17763900.00 ns, 2.1176 ns/op
OverheadWarmup   3: 8388608 op, 17338000.00 ns, 2.0669 ns/op
OverheadWarmup   4: 8388608 op, 19726400.00 ns, 2.3516 ns/op
OverheadWarmup   5: 8388608 op, 17328100.00 ns, 2.0657 ns/op
OverheadWarmup   6: 8388608 op, 17989400.00 ns, 2.1445 ns/op
OverheadWarmup   7: 8388608 op, 17386300.00 ns, 2.0726 ns/op

OverheadActual   1: 8388608 op, 17498100.00 ns, 2.0859 ns/op
OverheadActual   2: 8388608 op, 17297900.00 ns, 2.0621 ns/op
OverheadActual   3: 8388608 op, 17452100.00 ns, 2.0805 ns/op
OverheadActual   4: 8388608 op, 17300600.00 ns, 2.0624 ns/op
OverheadActual   5: 8388608 op, 17462300.00 ns, 2.0817 ns/op
OverheadActual   6: 8388608 op, 17371000.00 ns, 2.0708 ns/op
OverheadActual   7: 8388608 op, 17859500.00 ns, 2.1290 ns/op
OverheadActual   8: 8388608 op, 17249900.00 ns, 2.0563 ns/op
OverheadActual   9: 8388608 op, 14683300.00 ns, 1.7504 ns/op
OverheadActual  10: 8388608 op, 13693100.00 ns, 1.6323 ns/op
OverheadActual  11: 8388608 op, 13592900.00 ns, 1.6204 ns/op
OverheadActual  12: 8388608 op, 14029600.00 ns, 1.6725 ns/op
OverheadActual  13: 8388608 op, 13758400.00 ns, 1.6401 ns/op
OverheadActual  14: 8388608 op, 13866700.00 ns, 1.6530 ns/op
OverheadActual  15: 8388608 op, 13795400.00 ns, 1.6445 ns/op
OverheadActual  16: 8388608 op, 15096200.00 ns, 1.7996 ns/op

WorkloadWarmup   1: 8388608 op, 857117000.00 ns, 102.1763 ns/op
WorkloadWarmup   2: 8388608 op, 894533900.00 ns, 106.6368 ns/op
WorkloadWarmup   3: 8388608 op, 822936100.00 ns, 98.1016 ns/op
WorkloadWarmup   4: 8388608 op, 828002300.00 ns, 98.7056 ns/op
WorkloadWarmup   5: 8388608 op, 812189000.00 ns, 96.8205 ns/op
WorkloadWarmup   6: 8388608 op, 768949600.00 ns, 91.6659 ns/op

// BeforeActualRun
WorkloadActual   1: 8388608 op, 859704200.00 ns, 102.4847 ns/op
WorkloadActual   2: 8388608 op, 786317700.00 ns, 93.7364 ns/op
WorkloadActual   3: 8388608 op, 795631000.00 ns, 94.8466 ns/op
WorkloadActual   4: 8388608 op, 811844700.00 ns, 96.7794 ns/op
WorkloadActual   5: 8388608 op, 725724800.00 ns, 86.5131 ns/op
WorkloadActual   6: 8388608 op, 830273300.00 ns, 98.9763 ns/op
WorkloadActual   7: 8388608 op, 968462400.00 ns, 115.4497 ns/op
WorkloadActual   8: 8388608 op, 826809600.00 ns, 98.5634 ns/op
WorkloadActual   9: 8388608 op, 875508100.00 ns, 104.3687 ns/op
WorkloadActual  10: 8388608 op, 873265200.00 ns, 104.1013 ns/op
WorkloadActual  11: 8388608 op, 1074500100.00 ns, 128.0904 ns/op
WorkloadActual  12: 8388608 op, 862822700.00 ns, 102.8565 ns/op
WorkloadActual  13: 8388608 op, 1421806000.00 ns, 169.4925 ns/op
WorkloadActual  14: 8388608 op, 921765700.00 ns, 109.8830 ns/op
WorkloadActual  15: 8388608 op, 933017100.00 ns, 111.2243 ns/op
WorkloadActual  16: 8388608 op, 1002341000.00 ns, 119.4884 ns/op

// AfterActualRun
WorkloadResult   1: 8388608 op, 843531150.00 ns, 100.5567 ns/op
WorkloadResult   2: 8388608 op, 770144650.00 ns, 91.8084 ns/op
WorkloadResult   3: 8388608 op, 779457950.00 ns, 92.9186 ns/op
WorkloadResult   4: 8388608 op, 795671650.00 ns, 94.8515 ns/op
WorkloadResult   5: 8388608 op, 709551750.00 ns, 84.5852 ns/op
WorkloadResult   6: 8388608 op, 814100250.00 ns, 97.0483 ns/op
WorkloadResult   7: 8388608 op, 952289350.00 ns, 113.5217 ns/op
WorkloadResult   8: 8388608 op, 810636550.00 ns, 96.6354 ns/op
WorkloadResult   9: 8388608 op, 859335050.00 ns, 102.4407 ns/op
WorkloadResult  10: 8388608 op, 857092150.00 ns, 102.1733 ns/op
WorkloadResult  11: 8388608 op, 1058327050.00 ns, 126.1624 ns/op
WorkloadResult  12: 8388608 op, 846649650.00 ns, 100.9285 ns/op
WorkloadResult  13: 8388608 op, 905592650.00 ns, 107.9551 ns/op
WorkloadResult  14: 8388608 op, 916844050.00 ns, 109.2963 ns/op
WorkloadResult  15: 8388608 op, 986167950.00 ns, 117.5604 ns/op
// GC:  15 0 0 872415296 8388608
// Threading:  0 0 8388608

// AfterAll
// Benchmark Process 49792 has exited with code 0.

Mean = 102.563 ns, StdErr = 2.795 ns (2.72%), N = 15, StdDev = 10.824 ns
Min = 84.585 ns, Q1 = 95.743 ns, Median = 100.929 ns, Q3 = 108.626 ns, Max = 126.162 ns
IQR = 12.882 ns, LowerFence = 76.420 ns, UpperFence = 127.949 ns
ConfidenceInterval = [90.992 ns; 114.134 ns] (CI 99.9%), Margin = 11.571 ns (11.28% of Mean)
Skewness = 0.5, Kurtosis = 2.48, MValue = 2.89

// ** Remained 5 (71.4%) benchmark(s) to run. Estimated finish 2026-06-02 19:58 (0h 1m from now) **
Setup power plan (GUID: 8c5e7fda-e8bf-4a96-9a85-a6e23a8c635c FriendlyName: High performance)
// **************************
// Benchmark: AcceptCallBenchmarks.Mel_TwoProps: Job-NNRZTO(MaxIterationCount=16, MaxWarmupIterationCount=8)
// *** Execute ***
// Launch: 1 / 1
// Execute: dotnet 4a3c6bc1-f0d2-41c8-9a85-a68153fbca1f.dll --anonymousPipes 31360 45784 --benchmarkName MMP.Herald.OSS.Benchmarks.Comparisons.MelRow.AcceptCallBenchmarks.Mel_TwoProps --job "MaxIterationCount=16, MaxWarmupIterationCount=8" --benchmarkId 2 in E:\dev\Herald.OSS\benchmarking\comparisons\net10\MEL\bin\Release\net10.0\4a3c6bc1-f0d2-41c8-9a85-a68153fbca1f\bin\Release\net10.0
// BeforeAnythingElse

// Benchmark Process Environment Information:
// BenchmarkDotNet v0.14.0
// Runtime=.NET 10.0.8 (10.0.826.23019), X64 RyuJIT AVX2
// GC=Concurrent Server
// HardwareIntrinsics=AVX2,AES,BMI1,BMI2,FMA,LZCNT,PCLMUL,POPCNT,AvxVnni,SERIALIZE VectorSize=256
// Job: Job-PMKLUM(MaxIterationCount=16, MaxWarmupIterationCount=8)

OverheadJitting  1: 1 op, 362200.00 ns, 362.2000 us/op
WorkloadJitting  1: 1 op, 10824800.00 ns, 10.8248 ms/op

OverheadJitting  2: 16 op, 363000.00 ns, 22.6875 us/op
WorkloadJitting  2: 16 op, 738800.00 ns, 46.1750 us/op

WorkloadPilot    1: 16 op, 35600.00 ns, 2.2250 us/op
WorkloadPilot    2: 32 op, 48800.00 ns, 1.5250 us/op
WorkloadPilot    3: 64 op, 41600.00 ns, 650.0000 ns/op
WorkloadPilot    4: 128 op, 72800.00 ns, 568.7500 ns/op
WorkloadPilot    5: 256 op, 130400.00 ns, 509.3750 ns/op
WorkloadPilot    6: 512 op, 244100.00 ns, 476.7578 ns/op
WorkloadPilot    7: 1024 op, 430500.00 ns, 420.4102 ns/op
WorkloadPilot    8: 2048 op, 909500.00 ns, 444.0918 ns/op
WorkloadPilot    9: 4096 op, 1655400.00 ns, 404.1504 ns/op
WorkloadPilot   10: 8192 op, 4115000.00 ns, 502.3193 ns/op
WorkloadPilot   11: 16384 op, 7061100.00 ns, 430.9753 ns/op
WorkloadPilot   12: 32768 op, 12899100.00 ns, 393.6493 ns/op
WorkloadPilot   13: 65536 op, 24526000.00 ns, 374.2371 ns/op
WorkloadPilot   14: 131072 op, 51317900.00 ns, 391.5245 ns/op
WorkloadPilot   15: 262144 op, 148569100.00 ns, 566.7461 ns/op
WorkloadPilot   16: 524288 op, 56325500.00 ns, 107.4324 ns/op
WorkloadPilot   17: 1048576 op, 232798700.00 ns, 222.0141 ns/op
WorkloadPilot   18: 2097152 op, 222048500.00 ns, 105.8810 ns/op
WorkloadPilot   19: 4194304 op, 539024200.00 ns, 128.5134 ns/op

OverheadWarmup   1: 4194304 op, 9176400.00 ns, 2.1878 ns/op
OverheadWarmup   2: 4194304 op, 9997700.00 ns, 2.3836 ns/op
OverheadWarmup   3: 4194304 op, 8639900.00 ns, 2.0599 ns/op
OverheadWarmup   4: 4194304 op, 8667500.00 ns, 2.0665 ns/op
OverheadWarmup   5: 4194304 op, 8762500.00 ns, 2.0891 ns/op
OverheadWarmup   6: 4194304 op, 8513300.00 ns, 2.0297 ns/op

OverheadActual   1: 4194304 op, 8598300.00 ns, 2.0500 ns/op
OverheadActual   2: 4194304 op, 8941800.00 ns, 2.1319 ns/op
OverheadActual   3: 4194304 op, 8503900.00 ns, 2.0275 ns/op
OverheadActual   4: 4194304 op, 8613500.00 ns, 2.0536 ns/op
OverheadActual   5: 4194304 op, 8692400.00 ns, 2.0724 ns/op
OverheadActual   6: 4194304 op, 9223500.00 ns, 2.1991 ns/op
OverheadActual   7: 4194304 op, 8517000.00 ns, 2.0306 ns/op
OverheadActual   8: 4194304 op, 8719000.00 ns, 2.0788 ns/op
OverheadActual   9: 4194304 op, 8666900.00 ns, 2.0663 ns/op
OverheadActual  10: 4194304 op, 9663900.00 ns, 2.3041 ns/op
OverheadActual  11: 4194304 op, 8265700.00 ns, 1.9707 ns/op
OverheadActual  12: 4194304 op, 7038100.00 ns, 1.6780 ns/op
OverheadActual  13: 4194304 op, 6599500.00 ns, 1.5734 ns/op
OverheadActual  14: 4194304 op, 7585800.00 ns, 1.8086 ns/op
OverheadActual  15: 4194304 op, 6708200.00 ns, 1.5994 ns/op
OverheadActual  16: 4194304 op, 6676000.00 ns, 1.5917 ns/op

WorkloadWarmup   1: 4194304 op, 546112300.00 ns, 130.2033 ns/op
WorkloadWarmup   2: 4194304 op, 451500600.00 ns, 107.6461 ns/op
WorkloadWarmup   3: 4194304 op, 617673900.00 ns, 147.2649 ns/op
WorkloadWarmup   4: 4194304 op, 467158800.00 ns, 111.3793 ns/op
WorkloadWarmup   5: 4194304 op, 603515700.00 ns, 143.8894 ns/op
WorkloadWarmup   6: 4194304 op, 735345300.00 ns, 175.3200 ns/op
WorkloadWarmup   7: 4194304 op, 446484400.00 ns, 106.4502 ns/op

// BeforeActualRun
WorkloadActual   1: 4194304 op, 715818700.00 ns, 170.6645 ns/op
WorkloadActual   2: 4194304 op, 463458500.00 ns, 110.4971 ns/op
WorkloadActual   3: 4194304 op, 601105900.00 ns, 143.3148 ns/op
WorkloadActual   4: 4194304 op, 511102400.00 ns, 121.8563 ns/op
WorkloadActual   5: 4194304 op, 476676700.00 ns, 113.6486 ns/op
WorkloadActual   6: 4194304 op, 530736600.00 ns, 126.5375 ns/op
WorkloadActual   7: 4194304 op, 446877100.00 ns, 106.5438 ns/op
WorkloadActual   8: 4194304 op, 434591400.00 ns, 103.6147 ns/op
WorkloadActual   9: 4194304 op, 557053700.00 ns, 132.8120 ns/op
WorkloadActual  10: 4194304 op, 711493000.00 ns, 169.6332 ns/op
WorkloadActual  11: 4194304 op, 477280400.00 ns, 113.7925 ns/op
WorkloadActual  12: 4194304 op, 714481600.00 ns, 170.3457 ns/op
WorkloadActual  13: 4194304 op, 523982800.00 ns, 124.9272 ns/op
WorkloadActual  14: 4194304 op, 457345200.00 ns, 109.0396 ns/op
WorkloadActual  15: 4194304 op, 656822700.00 ns, 156.5987 ns/op
WorkloadActual  16: 4194304 op, 480740100.00 ns, 114.6174 ns/op

// AfterActualRun
WorkloadResult   1: 4194304 op, 707261050.00 ns, 168.6242 ns/op
WorkloadResult   2: 4194304 op, 454900850.00 ns, 108.4568 ns/op
WorkloadResult   3: 4194304 op, 592548250.00 ns, 141.2745 ns/op
WorkloadResult   4: 4194304 op, 502544750.00 ns, 119.8160 ns/op
WorkloadResult   5: 4194304 op, 468119050.00 ns, 111.6083 ns/op
WorkloadResult   6: 4194304 op, 522178950.00 ns, 124.4972 ns/op
WorkloadResult   7: 4194304 op, 438319450.00 ns, 104.5035 ns/op
WorkloadResult   8: 4194304 op, 426033750.00 ns, 101.5744 ns/op
WorkloadResult   9: 4194304 op, 548496050.00 ns, 130.7716 ns/op
WorkloadResult  10: 4194304 op, 702935350.00 ns, 167.5928 ns/op
WorkloadResult  11: 4194304 op, 468722750.00 ns, 111.7522 ns/op
WorkloadResult  12: 4194304 op, 705923950.00 ns, 168.3054 ns/op
WorkloadResult  13: 4194304 op, 515425150.00 ns, 122.8869 ns/op
WorkloadResult  14: 4194304 op, 448787550.00 ns, 106.9993 ns/op
WorkloadResult  15: 4194304 op, 648265050.00 ns, 154.5584 ns/op
WorkloadResult  16: 4194304 op, 472182450.00 ns, 112.5771 ns/op
// GC:  9 0 0 536870976 4194304
// Threading:  0 0 4194304

// AfterAll
// Benchmark Process 64316 has exited with code 0.

Mean = 128.487 ns, StdErr = 6.013 ns (4.68%), N = 16, StdDev = 24.052 ns
Min = 101.574 ns, Q1 = 110.820 ns, Median = 121.351 ns, Q3 = 144.595 ns, Max = 168.624 ns
IQR = 33.775 ns, LowerFence = 60.158 ns, UpperFence = 195.258 ns
ConfidenceInterval = [103.998 ns; 152.977 ns] (CI 99.9%), Margin = 24.489 ns (19.06% of Mean)
Skewness = 0.64, Kurtosis = 1.75, MValue = 2.4

// ** Remained 4 (57.1%) benchmark(s) to run. Estimated finish 2026-06-02 19:58 (0h 1m from now) **
Setup power plan (GUID: 8c5e7fda-e8bf-4a96-9a85-a6e23a8c635c FriendlyName: High performance)
// **************************
// Benchmark: AcceptCallBenchmarks.Mel_FourProps: Job-NNRZTO(MaxIterationCount=16, MaxWarmupIterationCount=8)
// *** Execute ***
// Launch: 1 / 1
// Execute: dotnet 4a3c6bc1-f0d2-41c8-9a85-a68153fbca1f.dll --anonymousPipes 26532 31360 --benchmarkName MMP.Herald.OSS.Benchmarks.Comparisons.MelRow.AcceptCallBenchmarks.Mel_FourProps --job "MaxIterationCount=16, MaxWarmupIterationCount=8" --benchmarkId 3 in E:\dev\Herald.OSS\benchmarking\comparisons\net10\MEL\bin\Release\net10.0\4a3c6bc1-f0d2-41c8-9a85-a68153fbca1f\bin\Release\net10.0
// BeforeAnythingElse

// Benchmark Process Environment Information:
// BenchmarkDotNet v0.14.0
// Runtime=.NET 10.0.8 (10.0.826.23019), X64 RyuJIT AVX2
// GC=Concurrent Server
// HardwareIntrinsics=AVX2,AES,BMI1,BMI2,FMA,LZCNT,PCLMUL,POPCNT,AvxVnni,SERIALIZE VectorSize=256
// Job: Job-QYCBRP(MaxIterationCount=16, MaxWarmupIterationCount=8)

OverheadJitting  1: 1 op, 268600.00 ns, 268.6000 us/op
WorkloadJitting  1: 1 op, 7742000.00 ns, 7.7420 ms/op

OverheadJitting  2: 16 op, 219000.00 ns, 13.6875 us/op
WorkloadJitting  2: 16 op, 363500.00 ns, 22.7188 us/op

WorkloadPilot    1: 16 op, 46900.00 ns, 2.9313 us/op
WorkloadPilot    2: 32 op, 55200.00 ns, 1.7250 us/op
WorkloadPilot    3: 64 op, 86300.00 ns, 1.3484 us/op
WorkloadPilot    4: 128 op, 371600.00 ns, 2.9031 us/op
WorkloadPilot    5: 256 op, 193500.00 ns, 755.8594 ns/op
WorkloadPilot    6: 512 op, 351800.00 ns, 687.1094 ns/op
WorkloadPilot    7: 1024 op, 712300.00 ns, 695.6055 ns/op
WorkloadPilot    8: 2048 op, 1558100.00 ns, 760.7910 ns/op
WorkloadPilot    9: 4096 op, 2679300.00 ns, 654.1260 ns/op
WorkloadPilot   10: 8192 op, 6350400.00 ns, 775.1953 ns/op
WorkloadPilot   11: 16384 op, 12595100.00 ns, 768.7439 ns/op
WorkloadPilot   12: 32768 op, 88939300.00 ns, 2.7142 us/op
WorkloadPilot   13: 65536 op, 53819100.00 ns, 821.2143 ns/op
WorkloadPilot   14: 131072 op, 173150600.00 ns, 1.3210 us/op
WorkloadPilot   15: 262144 op, 72994800.00 ns, 278.4531 ns/op
WorkloadPilot   16: 524288 op, 548260400.00 ns, 1.0457 us/op

OverheadWarmup   1: 524288 op, 1124000.00 ns, 2.1439 ns/op
OverheadWarmup   2: 524288 op, 1124900.00 ns, 2.1456 ns/op
OverheadWarmup   3: 524288 op, 1106900.00 ns, 2.1112 ns/op
OverheadWarmup   4: 524288 op, 1158400.00 ns, 2.2095 ns/op
OverheadWarmup   5: 524288 op, 1103100.00 ns, 2.1040 ns/op

OverheadActual   1: 524288 op, 1278400.00 ns, 2.4384 ns/op
OverheadActual   2: 524288 op, 1118800.00 ns, 2.1339 ns/op
OverheadActual   3: 524288 op, 1761400.00 ns, 3.3596 ns/op
OverheadActual   4: 524288 op, 1105600.00 ns, 2.1088 ns/op
OverheadActual   5: 524288 op, 1139000.00 ns, 2.1725 ns/op
OverheadActual   6: 524288 op, 1144600.00 ns, 2.1832 ns/op
OverheadActual   7: 524288 op, 1105700.00 ns, 2.1090 ns/op
OverheadActual   8: 524288 op, 1001400.00 ns, 1.9100 ns/op
OverheadActual   9: 524288 op, 1112100.00 ns, 2.1212 ns/op
OverheadActual  10: 524288 op, 906900.00 ns, 1.7298 ns/op
OverheadActual  11: 524288 op, 867200.00 ns, 1.6541 ns/op
OverheadActual  12: 524288 op, 1024900.00 ns, 1.9548 ns/op
OverheadActual  13: 524288 op, 852200.00 ns, 1.6254 ns/op
OverheadActual  14: 524288 op, 902600.00 ns, 1.7216 ns/op
OverheadActual  15: 524288 op, 854700.00 ns, 1.6302 ns/op
OverheadActual  16: 524288 op, 917600.00 ns, 1.7502 ns/op

WorkloadWarmup   1: 524288 op, 157711000.00 ns, 300.8099 ns/op
WorkloadWarmup   2: 524288 op, 137672400.00 ns, 262.5893 ns/op
WorkloadWarmup   3: 524288 op, 148548700.00 ns, 283.3342 ns/op
WorkloadWarmup   4: 524288 op, 168600400.00 ns, 321.5797 ns/op
WorkloadWarmup   5: 524288 op, 146949400.00 ns, 280.2837 ns/op
WorkloadWarmup   6: 524288 op, 140372400.00 ns, 267.7391 ns/op
WorkloadWarmup   7: 524288 op, 161931200.00 ns, 308.8593 ns/op
WorkloadWarmup   8: 524288 op, 147245700.00 ns, 280.8489 ns/op

// BeforeActualRun
WorkloadActual   1: 524288 op, 151262500.00 ns, 288.5103 ns/op
WorkloadActual   2: 524288 op, 161588200.00 ns, 308.2050 ns/op
WorkloadActual   3: 524288 op, 153590800.00 ns, 292.9512 ns/op
WorkloadActual   4: 524288 op, 139494200.00 ns, 266.0641 ns/op
WorkloadActual   5: 524288 op, 265267700.00 ns, 505.9580 ns/op
WorkloadActual   6: 524288 op, 257877000.00 ns, 491.8613 ns/op
WorkloadActual   7: 524288 op, 140216000.00 ns, 267.4408 ns/op
WorkloadActual   8: 524288 op, 150278200.00 ns, 286.6329 ns/op
WorkloadActual   9: 524288 op, 143791700.00 ns, 274.2609 ns/op
WorkloadActual  10: 524288 op, 309372900.00 ns, 590.0820 ns/op
WorkloadActual  11: 524288 op, 139943500.00 ns, 266.9210 ns/op
WorkloadActual  12: 524288 op, 138922400.00 ns, 264.9734 ns/op
WorkloadActual  13: 524288 op, 138720200.00 ns, 264.5878 ns/op
WorkloadActual  14: 524288 op, 147241100.00 ns, 280.8401 ns/op
WorkloadActual  15: 524288 op, 325011600.00 ns, 619.9104 ns/op
WorkloadActual  16: 524288 op, 156764300.00 ns, 299.0042 ns/op

// AfterActualRun
WorkloadResult   1: 524288 op, 150197250.00 ns, 286.4785 ns/op
WorkloadResult   2: 524288 op, 160522950.00 ns, 306.1732 ns/op
WorkloadResult   3: 524288 op, 152525550.00 ns, 290.9194 ns/op
WorkloadResult   4: 524288 op, 138428950.00 ns, 264.0323 ns/op
WorkloadResult   5: 524288 op, 139150750.00 ns, 265.4090 ns/op
WorkloadResult   6: 524288 op, 149212950.00 ns, 284.6011 ns/op
WorkloadResult   7: 524288 op, 142726450.00 ns, 272.2291 ns/op
WorkloadResult   8: 524288 op, 138878250.00 ns, 264.8892 ns/op
WorkloadResult   9: 524288 op, 137857150.00 ns, 262.9416 ns/op
WorkloadResult  10: 524288 op, 137654950.00 ns, 262.5560 ns/op
WorkloadResult  11: 524288 op, 146175850.00 ns, 278.8083 ns/op
WorkloadResult  12: 524288 op, 155699050.00 ns, 296.9724 ns/op
// GC:  1 0 0 109052256 524288
// Threading:  0 0 524288

// AfterAll
// Benchmark Process 72400 has exited with code 0.

Mean = 278.001 ns, StdErr = 4.318 ns (1.55%), N = 12, StdDev = 14.957 ns
Min = 262.556 ns, Q1 = 264.675 ns, Median = 275.519 ns, Q3 = 287.589 ns, Max = 306.173 ns
IQR = 22.914 ns, LowerFence = 230.304 ns, UpperFence = 321.959 ns
ConfidenceInterval = [258.843 ns; 297.158 ns] (CI 99.9%), Margin = 19.158 ns (6.89% of Mean)
Skewness = 0.45, Kurtosis = 1.66, MValue = 2

// ** Remained 3 (42.9%) benchmark(s) to run. Estimated finish 2026-06-02 19:58 (0h 0m from now) **
Setup power plan (GUID: 8c5e7fda-e8bf-4a96-9a85-a6e23a8c635c FriendlyName: High performance)
// **************************
// Benchmark: AcceptCallBenchmarks.Mel_EightProps: Job-NNRZTO(MaxIterationCount=16, MaxWarmupIterationCount=8)
// *** Execute ***
// Launch: 1 / 1
// Execute: dotnet 4a3c6bc1-f0d2-41c8-9a85-a68153fbca1f.dll --anonymousPipes 85640 45784 --benchmarkName MMP.Herald.OSS.Benchmarks.Comparisons.MelRow.AcceptCallBenchmarks.Mel_EightProps --job "MaxIterationCount=16, MaxWarmupIterationCount=8" --benchmarkId 4 in E:\dev\Herald.OSS\benchmarking\comparisons\net10\MEL\bin\Release\net10.0\4a3c6bc1-f0d2-41c8-9a85-a68153fbca1f\bin\Release\net10.0
// BeforeAnythingElse

// Benchmark Process Environment Information:
// BenchmarkDotNet v0.14.0
// Runtime=.NET 10.0.8 (10.0.826.23019), X64 RyuJIT AVX2
// GC=Concurrent Server
// HardwareIntrinsics=AVX2,AES,BMI1,BMI2,FMA,LZCNT,PCLMUL,POPCNT,AvxVnni,SERIALIZE VectorSize=256
// Job: Job-FJVXUG(MaxIterationCount=16, MaxWarmupIterationCount=8)

OverheadJitting  1: 1 op, 526800.00 ns, 526.8000 us/op
WorkloadJitting  1: 1 op, 9119300.00 ns, 9.1193 ms/op

OverheadJitting  2: 16 op, 320900.00 ns, 20.0563 us/op
WorkloadJitting  2: 16 op, 403900.00 ns, 25.2438 us/op

WorkloadPilot    1: 16 op, 59700.00 ns, 3.7313 us/op
WorkloadPilot    2: 32 op, 60600.00 ns, 1.8938 us/op
WorkloadPilot    3: 64 op, 108700.00 ns, 1.6984 us/op
WorkloadPilot    4: 128 op, 166000.00 ns, 1.2969 us/op
WorkloadPilot    5: 256 op, 296100.00 ns, 1.1566 us/op
WorkloadPilot    6: 512 op, 600800.00 ns, 1.1734 us/op
WorkloadPilot    7: 1024 op, 1283600.00 ns, 1.2535 us/op
WorkloadPilot    8: 2048 op, 2217900.00 ns, 1.0830 us/op
WorkloadPilot    9: 4096 op, 4570200.00 ns, 1.1158 us/op
WorkloadPilot   10: 8192 op, 10508000.00 ns, 1.2827 us/op
WorkloadPilot   11: 16384 op, 20190500.00 ns, 1.2323 us/op
WorkloadPilot   12: 32768 op, 147267000.00 ns, 4.4942 us/op
WorkloadPilot   13: 65536 op, 64397200.00 ns, 982.6233 ns/op
WorkloadPilot   14: 131072 op, 67853800.00 ns, 517.6834 ns/op
WorkloadPilot   15: 262144 op, 133881700.00 ns, 510.7182 ns/op
WorkloadPilot   16: 524288 op, 294586100.00 ns, 561.8784 ns/op
WorkloadPilot   17: 1048576 op, 703663600.00 ns, 671.0659 ns/op

OverheadWarmup   1: 1048576 op, 2223900.00 ns, 2.1209 ns/op
OverheadWarmup   2: 1048576 op, 2191400.00 ns, 2.0899 ns/op
OverheadWarmup   3: 1048576 op, 2200500.00 ns, 2.0986 ns/op
OverheadWarmup   4: 1048576 op, 2169700.00 ns, 2.0692 ns/op
OverheadWarmup   5: 1048576 op, 2182100.00 ns, 2.0810 ns/op
OverheadWarmup   6: 1048576 op, 2165600.00 ns, 2.0653 ns/op

OverheadActual   1: 1048576 op, 2242100.00 ns, 2.1382 ns/op
OverheadActual   2: 1048576 op, 2444100.00 ns, 2.3309 ns/op
OverheadActual   3: 1048576 op, 2175200.00 ns, 2.0744 ns/op
OverheadActual   4: 1048576 op, 2214800.00 ns, 2.1122 ns/op
OverheadActual   5: 1048576 op, 2228500.00 ns, 2.1253 ns/op
OverheadActual   6: 1048576 op, 2208900.00 ns, 2.1066 ns/op
OverheadActual   7: 1048576 op, 2204500.00 ns, 2.1024 ns/op
OverheadActual   8: 1048576 op, 2666000.00 ns, 2.5425 ns/op
OverheadActual   9: 1048576 op, 2181600.00 ns, 2.0805 ns/op
OverheadActual  10: 1048576 op, 1827400.00 ns, 1.7427 ns/op
OverheadActual  11: 1048576 op, 1690500.00 ns, 1.6122 ns/op
OverheadActual  12: 1048576 op, 1703400.00 ns, 1.6245 ns/op
OverheadActual  13: 1048576 op, 1692400.00 ns, 1.6140 ns/op
OverheadActual  14: 1048576 op, 1686000.00 ns, 1.6079 ns/op
OverheadActual  15: 1048576 op, 1773600.00 ns, 1.6914 ns/op
OverheadActual  16: 1048576 op, 1706400.00 ns, 1.6273 ns/op

WorkloadWarmup   1: 1048576 op, 561118500.00 ns, 535.1243 ns/op
WorkloadWarmup   2: 1048576 op, 581079200.00 ns, 554.1603 ns/op
WorkloadWarmup   3: 1048576 op, 524092000.00 ns, 499.8131 ns/op
WorkloadWarmup   4: 1048576 op, 773580300.00 ns, 737.7437 ns/op
WorkloadWarmup   5: 1048576 op, 651601000.00 ns, 621.4151 ns/op
WorkloadWarmup   6: 1048576 op, 538456700.00 ns, 513.5123 ns/op

// BeforeActualRun
WorkloadActual   1: 1048576 op, 717260800.00 ns, 684.0332 ns/op
WorkloadActual   2: 1048576 op, 578993100.00 ns, 552.1708 ns/op
WorkloadActual   3: 1048576 op, 526333200.00 ns, 501.9505 ns/op
WorkloadActual   4: 1048576 op, 609324700.00 ns, 581.0973 ns/op
WorkloadActual   5: 1048576 op, 536011600.00 ns, 511.1805 ns/op
WorkloadActual   6: 1048576 op, 705018600.00 ns, 672.3581 ns/op
WorkloadActual   7: 1048576 op, 776863300.00 ns, 740.8746 ns/op
WorkloadActual   8: 1048576 op, 529457200.00 ns, 504.9297 ns/op
WorkloadActual   9: 1048576 op, 568742000.00 ns, 542.3946 ns/op
WorkloadActual  10: 1048576 op, 738736900.00 ns, 704.5144 ns/op
WorkloadActual  11: 1048576 op, 768981400.00 ns, 733.3578 ns/op
WorkloadActual  12: 1048576 op, 705689100.00 ns, 672.9976 ns/op
WorkloadActual  13: 1048576 op, 564900100.00 ns, 538.7307 ns/op
WorkloadActual  14: 1048576 op, 605268700.00 ns, 577.2292 ns/op
WorkloadActual  15: 1048576 op, 535355300.00 ns, 510.5546 ns/op
WorkloadActual  16: 1048576 op, 525388800.00 ns, 501.0498 ns/op

// AfterActualRun
WorkloadResult   1: 1048576 op, 715082400.00 ns, 681.9557 ns/op
WorkloadResult   2: 1048576 op, 576814700.00 ns, 550.0934 ns/op
WorkloadResult   3: 1048576 op, 524154800.00 ns, 499.8730 ns/op
WorkloadResult   4: 1048576 op, 607146300.00 ns, 579.0198 ns/op
WorkloadResult   5: 1048576 op, 533833200.00 ns, 509.1030 ns/op
WorkloadResult   6: 1048576 op, 702840200.00 ns, 670.2806 ns/op
WorkloadResult   7: 1048576 op, 774684900.00 ns, 738.7971 ns/op
WorkloadResult   8: 1048576 op, 527278800.00 ns, 502.8522 ns/op
WorkloadResult   9: 1048576 op, 566563600.00 ns, 540.3172 ns/op
WorkloadResult  10: 1048576 op, 736558500.00 ns, 702.4369 ns/op
WorkloadResult  11: 1048576 op, 766803000.00 ns, 731.2803 ns/op
WorkloadResult  12: 1048576 op, 703510700.00 ns, 670.9201 ns/op
WorkloadResult  13: 1048576 op, 562721700.00 ns, 536.6532 ns/op
WorkloadResult  14: 1048576 op, 603090300.00 ns, 575.1517 ns/op
WorkloadResult  15: 1048576 op, 533176900.00 ns, 508.4771 ns/op
WorkloadResult  16: 1048576 op, 523210400.00 ns, 498.9723 ns/op
// GC:  6 0 0 369098816 1048576
// Threading:  0 0 1048576

// AfterAll
// Benchmark Process 71524 has exited with code 0.

Mean = 593.511 ns, StdErr = 22.401 ns (3.77%), N = 16, StdDev = 89.605 ns
Min = 498.972 ns, Q1 = 508.947 ns, Median = 562.623 ns, Q3 = 673.679 ns, Max = 738.797 ns
IQR = 164.732 ns, LowerFence = 261.848 ns, UpperFence = 920.778 ns
ConfidenceInterval = [502.276 ns; 684.747 ns] (CI 99.9%), Margin = 91.235 ns (15.37% of Mean)
Skewness = 0.39, Kurtosis = 1.38, MValue = 3.2

// ** Remained 2 (28.6%) benchmark(s) to run. Estimated finish 2026-06-02 19:58 (0h 0m from now) **
Setup power plan (GUID: 8c5e7fda-e8bf-4a96-9a85-a6e23a8c635c FriendlyName: High performance)
// **************************
// Benchmark: AcceptCallBenchmarks.Mel_TwelveProps: Job-NNRZTO(MaxIterationCount=16, MaxWarmupIterationCount=8)
// *** Execute ***
// Launch: 1 / 1
// Execute: dotnet 4a3c6bc1-f0d2-41c8-9a85-a68153fbca1f.dll --anonymousPipes 40060 40124 --benchmarkName MMP.Herald.OSS.Benchmarks.Comparisons.MelRow.AcceptCallBenchmarks.Mel_TwelveProps --job "MaxIterationCount=16, MaxWarmupIterationCount=8" --benchmarkId 5 in E:\dev\Herald.OSS\benchmarking\comparisons\net10\MEL\bin\Release\net10.0\4a3c6bc1-f0d2-41c8-9a85-a68153fbca1f\bin\Release\net10.0
// BeforeAnythingElse

// Benchmark Process Environment Information:
// BenchmarkDotNet v0.14.0
// Runtime=.NET 10.0.8 (10.0.826.23019), X64 RyuJIT AVX2
// GC=Concurrent Server
// HardwareIntrinsics=AVX2,AES,BMI1,BMI2,FMA,LZCNT,PCLMUL,POPCNT,AvxVnni,SERIALIZE VectorSize=256
// Job: Job-QDFNAT(MaxIterationCount=16, MaxWarmupIterationCount=8)

OverheadJitting  1: 1 op, 337100.00 ns, 337.1000 us/op
WorkloadJitting  1: 1 op, 8605500.00 ns, 8.6055 ms/op

OverheadJitting  2: 16 op, 325700.00 ns, 20.3563 us/op
WorkloadJitting  2: 16 op, 427500.00 ns, 26.7188 us/op

WorkloadPilot    1: 16 op, 86900.00 ns, 5.4313 us/op
WorkloadPilot    2: 32 op, 85500.00 ns, 2.6719 us/op
WorkloadPilot    3: 64 op, 138600.00 ns, 2.1656 us/op
WorkloadPilot    4: 128 op, 223200.00 ns, 1.7438 us/op
WorkloadPilot    5: 256 op, 410200.00 ns, 1.6023 us/op
WorkloadPilot    6: 512 op, 799100.00 ns, 1.5607 us/op
WorkloadPilot    7: 1024 op, 1625200.00 ns, 1.5871 us/op
WorkloadPilot    8: 2048 op, 3581500.00 ns, 1.7488 us/op
WorkloadPilot    9: 4096 op, 5932900.00 ns, 1.4485 us/op
WorkloadPilot   10: 8192 op, 11634500.00 ns, 1.4202 us/op
WorkloadPilot   11: 16384 op, 23944600.00 ns, 1.4615 us/op
WorkloadPilot   12: 32768 op, 62639600.00 ns, 1.9116 us/op
WorkloadPilot   13: 65536 op, 91915300.00 ns, 1.4025 us/op
WorkloadPilot   14: 131072 op, 170539100.00 ns, 1.3011 us/op
WorkloadPilot   15: 262144 op, 184037700.00 ns, 702.0481 ns/op
WorkloadPilot   16: 524288 op, 355163900.00 ns, 677.4214 ns/op
WorkloadPilot   17: 1048576 op, 770748500.00 ns, 735.0430 ns/op

OverheadWarmup   1: 1048576 op, 2206800.00 ns, 2.1046 ns/op
OverheadWarmup   2: 1048576 op, 2274200.00 ns, 2.1688 ns/op
OverheadWarmup   3: 1048576 op, 2260200.00 ns, 2.1555 ns/op
OverheadWarmup   4: 1048576 op, 2233000.00 ns, 2.1296 ns/op
OverheadWarmup   5: 1048576 op, 2216300.00 ns, 2.1136 ns/op
OverheadWarmup   6: 1048576 op, 2223000.00 ns, 2.1200 ns/op
OverheadWarmup   7: 1048576 op, 2219900.00 ns, 2.1171 ns/op

OverheadActual   1: 1048576 op, 2249900.00 ns, 2.1457 ns/op
OverheadActual   2: 1048576 op, 2230200.00 ns, 2.1269 ns/op
OverheadActual   3: 1048576 op, 2218600.00 ns, 2.1158 ns/op
OverheadActual   4: 1048576 op, 2220400.00 ns, 2.1175 ns/op
OverheadActual   5: 1048576 op, 2241200.00 ns, 2.1374 ns/op
OverheadActual   6: 1048576 op, 2210800.00 ns, 2.1084 ns/op
OverheadActual   7: 1048576 op, 2174300.00 ns, 2.0736 ns/op
OverheadActual   8: 1048576 op, 2189200.00 ns, 2.0878 ns/op
OverheadActual   9: 1048576 op, 2251300.00 ns, 2.1470 ns/op
OverheadActual  10: 1048576 op, 2197000.00 ns, 2.0952 ns/op
OverheadActual  11: 1048576 op, 2216000.00 ns, 2.1133 ns/op
OverheadActual  12: 1048576 op, 2223600.00 ns, 2.1206 ns/op
OverheadActual  13: 1048576 op, 2191000.00 ns, 2.0895 ns/op
OverheadActual  14: 1048576 op, 2211700.00 ns, 2.1092 ns/op
OverheadActual  15: 1048576 op, 2209300.00 ns, 2.1070 ns/op

WorkloadWarmup   1: 1048576 op, 874116000.00 ns, 833.6220 ns/op
WorkloadWarmup   2: 1048576 op, 928229200.00 ns, 885.2283 ns/op
WorkloadWarmup   3: 1048576 op, 902062100.00 ns, 860.2735 ns/op
WorkloadWarmup   4: 1048576 op, 828768400.00 ns, 790.3751 ns/op
WorkloadWarmup   5: 1048576 op, 718981600.00 ns, 685.6743 ns/op
WorkloadWarmup   6: 1048576 op, 873659400.00 ns, 833.1865 ns/op
WorkloadWarmup   7: 1048576 op, 1008022500.00 ns, 961.3252 ns/op
WorkloadWarmup   8: 1048576 op, 802432900.00 ns, 765.2596 ns/op

// BeforeActualRun
WorkloadActual   1: 1048576 op, 948641500.00 ns, 904.6950 ns/op
WorkloadActual   2: 1048576 op, 807705700.00 ns, 770.2882 ns/op
WorkloadActual   3: 1048576 op, 1037998500.00 ns, 989.9125 ns/op
WorkloadActual   4: 1048576 op, 986272000.00 ns, 940.5823 ns/op
WorkloadActual   5: 1048576 op, 981301800.00 ns, 935.8423 ns/op
WorkloadActual   6: 1048576 op, 837049000.00 ns, 798.2721 ns/op
WorkloadActual   7: 1048576 op, 1232067600.00 ns, 1.1750 us/op
WorkloadActual   8: 1048576 op, 971888200.00 ns, 926.8648 ns/op
WorkloadActual   9: 1048576 op, 814532000.00 ns, 776.7982 ns/op
WorkloadActual  10: 1048576 op, 974731300.00 ns, 929.5762 ns/op
WorkloadActual  11: 1048576 op, 956990400.00 ns, 912.6572 ns/op
WorkloadActual  12: 1048576 op, 825580700.00 ns, 787.3351 ns/op
WorkloadActual  13: 1048576 op, 809423400.00 ns, 771.9263 ns/op
WorkloadActual  14: 1048576 op, 728052200.00 ns, 694.3247 ns/op
WorkloadActual  15: 1048576 op, 889147300.00 ns, 847.9569 ns/op
WorkloadActual  16: 1048576 op, 798491600.00 ns, 761.5009 ns/op

// AfterActualRun
WorkloadResult   1: 1048576 op, 946425500.00 ns, 902.5817 ns/op
WorkloadResult   2: 1048576 op, 805489700.00 ns, 768.1748 ns/op
WorkloadResult   3: 1048576 op, 1035782500.00 ns, 987.7992 ns/op
WorkloadResult   4: 1048576 op, 984056000.00 ns, 938.4689 ns/op
WorkloadResult   5: 1048576 op, 979085800.00 ns, 933.7290 ns/op
WorkloadResult   6: 1048576 op, 834833000.00 ns, 796.1588 ns/op
WorkloadResult   7: 1048576 op, 969672200.00 ns, 924.7515 ns/op
WorkloadResult   8: 1048576 op, 812316000.00 ns, 774.6849 ns/op
WorkloadResult   9: 1048576 op, 972515300.00 ns, 927.4629 ns/op
WorkloadResult  10: 1048576 op, 954774400.00 ns, 910.5438 ns/op
WorkloadResult  11: 1048576 op, 823364700.00 ns, 785.2218 ns/op
WorkloadResult  12: 1048576 op, 807207400.00 ns, 769.8130 ns/op
WorkloadResult  13: 1048576 op, 725836200.00 ns, 692.2113 ns/op
WorkloadResult  14: 1048576 op, 886931300.00 ns, 845.8436 ns/op
WorkloadResult  15: 1048576 op, 796275600.00 ns, 759.3876 ns/op
// GC:  9 0 0 520093760 1048576
// Threading:  0 0 1048576

// AfterAll
// Benchmark Process 89232 has exited with code 0.

Mean = 847.789 ns, StdErr = 22.969 ns (2.71%), N = 15, StdDev = 88.958 ns
Min = 692.211 ns, Q1 = 772.249 ns, Median = 845.844 ns, Q3 = 926.107 ns, Max = 987.799 ns
IQR = 153.858 ns, LowerFence = 541.462 ns, UpperFence = 1,156.895 ns
ConfidenceInterval = [752.687 ns; 942.890 ns] (CI 99.9%), Margin = 95.101 ns (11.22% of Mean)
Skewness = -0.07, Kurtosis = 1.47, MValue = 4

// ** Remained 1 (14.3%) benchmark(s) to run. Estimated finish 2026-06-02 19:58 (0h 0m from now) **
Setup power plan (GUID: 8c5e7fda-e8bf-4a96-9a85-a6e23a8c635c FriendlyName: High performance)
// **************************
// Benchmark: AcceptCallBenchmarks.Mel_SixteenProps: Job-NNRZTO(MaxIterationCount=16, MaxWarmupIterationCount=8)
// *** Execute ***
// Launch: 1 / 1
// Execute: dotnet 4a3c6bc1-f0d2-41c8-9a85-a68153fbca1f.dll --anonymousPipes 26120 77136 --benchmarkName MMP.Herald.OSS.Benchmarks.Comparisons.MelRow.AcceptCallBenchmarks.Mel_SixteenProps --job "MaxIterationCount=16, MaxWarmupIterationCount=8" --benchmarkId 6 in E:\dev\Herald.OSS\benchmarking\comparisons\net10\MEL\bin\Release\net10.0\4a3c6bc1-f0d2-41c8-9a85-a68153fbca1f\bin\Release\net10.0
// BeforeAnythingElse

// Benchmark Process Environment Information:
// BenchmarkDotNet v0.14.0
// Runtime=.NET 10.0.8 (10.0.826.23019), X64 RyuJIT AVX2
// GC=Concurrent Server
// HardwareIntrinsics=AVX2,AES,BMI1,BMI2,FMA,LZCNT,PCLMUL,POPCNT,AvxVnni,SERIALIZE VectorSize=256
// Job: Job-XHWHHQ(MaxIterationCount=16, MaxWarmupIterationCount=8)

OverheadJitting  1: 1 op, 356600.00 ns, 356.6000 us/op
WorkloadJitting  1: 1 op, 10687300.00 ns, 10.6873 ms/op

OverheadJitting  2: 16 op, 515600.00 ns, 32.2250 us/op
WorkloadJitting  2: 16 op, 458000.00 ns, 28.6250 us/op

WorkloadPilot    1: 16 op, 76500.00 ns, 4.7813 us/op
WorkloadPilot    2: 32 op, 115900.00 ns, 3.6219 us/op
WorkloadPilot    3: 64 op, 134300.00 ns, 2.0984 us/op
WorkloadPilot    4: 128 op, 275200.00 ns, 2.1500 us/op
WorkloadPilot    5: 256 op, 537100.00 ns, 2.0980 us/op
WorkloadPilot    6: 512 op, 929400.00 ns, 1.8152 us/op
WorkloadPilot    7: 1024 op, 2483100.00 ns, 2.4249 us/op
WorkloadPilot    8: 2048 op, 4109800.00 ns, 2.0067 us/op
WorkloadPilot    9: 4096 op, 8309900.00 ns, 2.0288 us/op
WorkloadPilot   10: 8192 op, 18343200.00 ns, 2.2392 us/op
WorkloadPilot   11: 16384 op, 34606400.00 ns, 2.1122 us/op
WorkloadPilot   12: 32768 op, 57825500.00 ns, 1.7647 us/op
WorkloadPilot   13: 65536 op, 129492400.00 ns, 1.9759 us/op
WorkloadPilot   14: 131072 op, 134369100.00 ns, 1.0252 us/op
WorkloadPilot   15: 262144 op, 237101800.00 ns, 904.4716 ns/op
WorkloadPilot   16: 524288 op, 520142900.00 ns, 992.0938 ns/op

OverheadWarmup   1: 524288 op, 1085700.00 ns, 2.0708 ns/op
OverheadWarmup   2: 524288 op, 1120300.00 ns, 2.1368 ns/op
OverheadWarmup   3: 524288 op, 1143500.00 ns, 2.1811 ns/op
OverheadWarmup   4: 524288 op, 1087300.00 ns, 2.0739 ns/op
OverheadWarmup   5: 524288 op, 1419600.00 ns, 2.7077 ns/op
OverheadWarmup   6: 524288 op, 1166800.00 ns, 2.2255 ns/op

OverheadActual   1: 524288 op, 1107500.00 ns, 2.1124 ns/op
OverheadActual   2: 524288 op, 1561400.00 ns, 2.9781 ns/op
OverheadActual   3: 524288 op, 1117400.00 ns, 2.1313 ns/op
OverheadActual   4: 524288 op, 1121300.00 ns, 2.1387 ns/op
OverheadActual   5: 524288 op, 1331900.00 ns, 2.5404 ns/op
OverheadActual   6: 524288 op, 1192300.00 ns, 2.2741 ns/op
OverheadActual   7: 524288 op, 1100700.00 ns, 2.0994 ns/op
OverheadActual   8: 524288 op, 1127100.00 ns, 2.1498 ns/op
OverheadActual   9: 524288 op, 1122500.00 ns, 2.1410 ns/op
OverheadActual  10: 524288 op, 1126200.00 ns, 2.1481 ns/op
OverheadActual  11: 524288 op, 1267400.00 ns, 2.4174 ns/op
OverheadActual  12: 524288 op, 1062500.00 ns, 2.0266 ns/op
OverheadActual  13: 524288 op, 863600.00 ns, 1.6472 ns/op
OverheadActual  14: 524288 op, 883500.00 ns, 1.6851 ns/op
OverheadActual  15: 524288 op, 868500.00 ns, 1.6565 ns/op
OverheadActual  16: 524288 op, 853500.00 ns, 1.6279 ns/op

WorkloadWarmup   1: 524288 op, 573186900.00 ns, 1.0933 us/op
WorkloadWarmup   2: 524288 op, 509700000.00 ns, 972.1756 ns/op
WorkloadWarmup   3: 524288 op, 472575300.00 ns, 901.3659 ns/op
WorkloadWarmup   4: 524288 op, 633762200.00 ns, 1.2088 us/op
WorkloadWarmup   5: 524288 op, 489132800.00 ns, 932.9468 ns/op
WorkloadWarmup   6: 524288 op, 659762200.00 ns, 1.2584 us/op
WorkloadWarmup   7: 524288 op, 486880800.00 ns, 928.6514 ns/op

// BeforeActualRun
WorkloadActual   1: 524288 op, 492758200.00 ns, 939.8617 ns/op
WorkloadActual   2: 524288 op, 765152400.00 ns, 1.4594 us/op
WorkloadActual   3: 524288 op, 482652400.00 ns, 920.5864 ns/op
WorkloadActual   4: 524288 op, 813171800.00 ns, 1.5510 us/op
WorkloadActual   5: 524288 op, 599861100.00 ns, 1.1441 us/op
WorkloadActual   6: 524288 op, 494591100.00 ns, 943.3577 ns/op
WorkloadActual   7: 524288 op, 846020300.00 ns, 1.6137 us/op
WorkloadActual   8: 524288 op, 610685200.00 ns, 1.1648 us/op
WorkloadActual   9: 524288 op, 480481600.00 ns, 916.4459 ns/op
WorkloadActual  10: 524288 op, 784473500.00 ns, 1.4963 us/op
WorkloadActual  11: 524288 op, 532946100.00 ns, 1.0165 us/op
WorkloadActual  12: 524288 op, 497880900.00 ns, 949.6325 ns/op
WorkloadActual  13: 524288 op, 679583300.00 ns, 1.2962 us/op
WorkloadActual  14: 524288 op, 497503400.00 ns, 948.9124 ns/op
WorkloadActual  15: 524288 op, 779165800.00 ns, 1.4861 us/op
WorkloadActual  16: 524288 op, 704439800.00 ns, 1.3436 us/op

// AfterActualRun
WorkloadResult   1: 524288 op, 491638850.00 ns, 937.7267 ns/op
WorkloadResult   2: 524288 op, 764033050.00 ns, 1.4573 us/op
WorkloadResult   3: 524288 op, 481533050.00 ns, 918.4514 ns/op
WorkloadResult   4: 524288 op, 812052450.00 ns, 1.5489 us/op
WorkloadResult   5: 524288 op, 598741750.00 ns, 1.1420 us/op
WorkloadResult   6: 524288 op, 493471750.00 ns, 941.2227 ns/op
WorkloadResult   7: 524288 op, 844900950.00 ns, 1.6115 us/op
WorkloadResult   8: 524288 op, 609565850.00 ns, 1.1627 us/op
WorkloadResult   9: 524288 op, 479362250.00 ns, 914.3109 ns/op
WorkloadResult  10: 524288 op, 783354150.00 ns, 1.4941 us/op
WorkloadResult  11: 524288 op, 531826750.00 ns, 1.0144 us/op
WorkloadResult  12: 524288 op, 496761550.00 ns, 947.4975 ns/op
WorkloadResult  13: 524288 op, 678463950.00 ns, 1.2941 us/op
WorkloadResult  14: 524288 op, 496384050.00 ns, 946.7774 ns/op
WorkloadResult  15: 524288 op, 778046450.00 ns, 1.4840 us/op
WorkloadResult  16: 524288 op, 703320450.00 ns, 1.3415 us/op
// GC:  5 0 0 339738688 524288
// Threading:  0 0 524288

// AfterAll
// Benchmark Process 38448 has exited with code 0.

Mean = 1.197 μs, StdErr = 0.065 μs (5.44%), N = 16, StdDev = 0.260 μs
Min = 0.914 μs, Q1 = 0.945 μs, Median = 1.152 μs, Q3 = 1.464 μs, Max = 1.612 μs
IQR = 0.519 μs, LowerFence = 0.168 μs, UpperFence = 2.242 μs
ConfidenceInterval = [0.932 μs; 1.462 μs] (CI 99.9%), Margin = 0.265 μs (22.14% of Mean)
Skewness = 0.25, Kurtosis = 1.29, MValue = 3.33

// ** Remained 0 (0.0%) benchmark(s) to run. Estimated finish 2026-06-02 19:58 (0h 0m from now) **
Successfully reverted power plan (GUID: 8c5e7fda-e8bf-4a96-9a85-a6e23a8c635c FriendlyName: High performance)
// ***** BenchmarkRunner: Finish  *****

// * Export *
  docs\benchmarks\runs\run-2026-06-03T00-38Z\net10-mel\results\MMP.Herald.OSS.Benchmarks.Comparisons.MelRow.AcceptCallBenchmarks-report.csv
  docs\benchmarks\runs\run-2026-06-03T00-38Z\net10-mel\results\MMP.Herald.OSS.Benchmarks.Comparisons.MelRow.AcceptCallBenchmarks-report-github.md
  docs\benchmarks\runs\run-2026-06-03T00-38Z\net10-mel\results\MMP.Herald.OSS.Benchmarks.Comparisons.MelRow.AcceptCallBenchmarks-report.html

// * Detailed results *
AcceptCallBenchmarks.Mel_ZeroProps: Job-NNRZTO(MaxIterationCount=16, MaxWarmupIterationCount=8)
Runtime = .NET 10.0.8 (10.0.826.23019), X64 RyuJIT AVX2; GC = Concurrent Server
Mean = 17.818 ns, StdErr = 0.260 ns (1.46%), N = 16, StdDev = 1.039 ns
Min = 16.677 ns, Q1 = 17.129 ns, Median = 17.380 ns, Q3 = 18.492 ns, Max = 19.758 ns
IQR = 1.364 ns, LowerFence = 15.083 ns, UpperFence = 20.538 ns
ConfidenceInterval = [16.760 ns; 18.876 ns] (CI 99.9%), Margin = 1.058 ns (5.94% of Mean)
Skewness = 0.76, Kurtosis = 1.96, MValue = 2.55
-------------------- Histogram --------------------
[16.652 ns ; 17.735 ns) | @@@@@@@@@@@
[17.735 ns ; 18.877 ns) | @
[18.877 ns ; 19.960 ns) | @@@@
---------------------------------------------------

AcceptCallBenchmarks.Mel_OneProp: Job-NNRZTO(MaxIterationCount=16, MaxWarmupIterationCount=8)
Runtime = .NET 10.0.8 (10.0.826.23019), X64 RyuJIT AVX2; GC = Concurrent Server
Mean = 102.563 ns, StdErr = 2.795 ns (2.72%), N = 15, StdDev = 10.824 ns
Min = 84.585 ns, Q1 = 95.743 ns, Median = 100.929 ns, Q3 = 108.626 ns, Max = 126.162 ns
IQR = 12.882 ns, LowerFence = 76.420 ns, UpperFence = 127.949 ns
ConfidenceInterval = [90.992 ns; 114.134 ns] (CI 99.9%), Margin = 11.571 ns (11.28% of Mean)
Skewness = 0.5, Kurtosis = 2.48, MValue = 2.89
-------------------- Histogram --------------------
[ 78.825 ns ;  91.364 ns) | @
[ 91.364 ns ; 102.885 ns) | @@@@@@@@@
[102.885 ns ; 106.997 ns) | 
[106.997 ns ; 118.518 ns) | @@@@
[118.518 ns ; 131.923 ns) | @
---------------------------------------------------

AcceptCallBenchmarks.Mel_TwoProps: Job-NNRZTO(MaxIterationCount=16, MaxWarmupIterationCount=8)
Runtime = .NET 10.0.8 (10.0.826.23019), X64 RyuJIT AVX2; GC = Concurrent Server
Mean = 128.487 ns, StdErr = 6.013 ns (4.68%), N = 16, StdDev = 24.052 ns
Min = 101.574 ns, Q1 = 110.820 ns, Median = 121.351 ns, Q3 = 144.595 ns, Max = 168.624 ns
IQR = 33.775 ns, LowerFence = 60.158 ns, UpperFence = 195.258 ns
ConfidenceInterval = [103.998 ns; 152.977 ns] (CI 99.9%), Margin = 24.489 ns (19.06% of Mean)
Skewness = 0.64, Kurtosis = 1.75, MValue = 2.4
-------------------- Histogram --------------------
[100.508 ns ; 125.563 ns) | @@@@@@@@@@
[125.563 ns ; 149.064 ns) | @@
[149.064 ns ; 174.119 ns) | @@@@
---------------------------------------------------

AcceptCallBenchmarks.Mel_FourProps: Job-NNRZTO(MaxIterationCount=16, MaxWarmupIterationCount=8)
Runtime = .NET 10.0.8 (10.0.826.23019), X64 RyuJIT AVX2; GC = Concurrent Server
Mean = 278.001 ns, StdErr = 4.318 ns (1.55%), N = 12, StdDev = 14.957 ns
Min = 262.556 ns, Q1 = 264.675 ns, Median = 275.519 ns, Q3 = 287.589 ns, Max = 306.173 ns
IQR = 22.914 ns, LowerFence = 230.304 ns, UpperFence = 321.959 ns
ConfidenceInterval = [258.843 ns; 297.158 ns] (CI 99.9%), Margin = 19.158 ns (6.89% of Mean)
Skewness = 0.45, Kurtosis = 1.66, MValue = 2
-------------------- Histogram --------------------
[262.107 ns ; 279.257 ns) | @@@@@@@
[279.257 ns ; 299.361 ns) | @@@@
[299.361 ns ; 314.748 ns) | @
---------------------------------------------------

AcceptCallBenchmarks.Mel_EightProps: Job-NNRZTO(MaxIterationCount=16, MaxWarmupIterationCount=8)
Runtime = .NET 10.0.8 (10.0.826.23019), X64 RyuJIT AVX2; GC = Concurrent Server
Mean = 593.511 ns, StdErr = 22.401 ns (3.77%), N = 16, StdDev = 89.605 ns
Min = 498.972 ns, Q1 = 508.947 ns, Median = 562.623 ns, Q3 = 673.679 ns, Max = 738.797 ns
IQR = 164.732 ns, LowerFence = 261.848 ns, UpperFence = 920.778 ns
ConfidenceInterval = [502.276 ns; 684.747 ns] (CI 99.9%), Margin = 91.235 ns (15.37% of Mean)
Skewness = 0.39, Kurtosis = 1.38, MValue = 3.2
-------------------- Histogram --------------------
[492.324 ns ; 585.668 ns) | @@@@@@@@@@
[585.668 ns ; 657.867 ns) | 
[657.867 ns ; 751.211 ns) | @@@@@@
---------------------------------------------------

AcceptCallBenchmarks.Mel_TwelveProps: Job-NNRZTO(MaxIterationCount=16, MaxWarmupIterationCount=8)
Runtime = .NET 10.0.8 (10.0.826.23019), X64 RyuJIT AVX2; GC = Concurrent Server
Mean = 847.789 ns, StdErr = 22.969 ns (2.71%), N = 15, StdDev = 88.958 ns
Min = 692.211 ns, Q1 = 772.249 ns, Median = 845.844 ns, Q3 = 926.107 ns, Max = 987.799 ns
IQR = 153.858 ns, LowerFence = 541.462 ns, UpperFence = 1,156.895 ns
ConfidenceInterval = [752.687 ns; 942.890 ns] (CI 99.9%), Margin = 95.101 ns (11.22% of Mean)
Skewness = -0.07, Kurtosis = 1.47, MValue = 4
-------------------- Histogram --------------------
[644.869 ns ; 755.273 ns) | @
[755.273 ns ; 849.958 ns) | @@@@@@@
[849.958 ns ; 897.848 ns) | 
[897.848 ns ; 992.533 ns) | @@@@@@@
---------------------------------------------------

AcceptCallBenchmarks.Mel_SixteenProps: Job-NNRZTO(MaxIterationCount=16, MaxWarmupIterationCount=8)
Runtime = .NET 10.0.8 (10.0.826.23019), X64 RyuJIT AVX2; GC = Concurrent Server
Mean = 1.197 μs, StdErr = 0.065 μs (5.44%), N = 16, StdDev = 0.260 μs
Min = 0.914 μs, Q1 = 0.945 μs, Median = 1.152 μs, Q3 = 1.464 μs, Max = 1.612 μs
IQR = 0.519 μs, LowerFence = 0.168 μs, UpperFence = 2.242 μs
ConfidenceInterval = [0.932 μs; 1.462 μs] (CI 99.9%), Margin = 0.265 μs (22.14% of Mean)
Skewness = 0.25, Kurtosis = 1.29, MValue = 3.33
-------------------- Histogram --------------------
[0.903 μs ; 1.174 μs) | @@@@@@@@@
[1.174 μs ; 1.286 μs) | 
[1.286 μs ; 1.557 μs) | @@@@@@
[1.557 μs ; 1.747 μs) | @
---------------------------------------------------

// * Summary *

BenchmarkDotNet v0.14.0, Windows 11 (10.0.26200.8457)
12th Gen Intel Core i9-12900K, 1 CPU, 24 logical and 16 physical cores
.NET SDK 10.0.204
  [Host]     : .NET 10.0.8 (10.0.826.23019), X64 RyuJIT AVX2
  Job-NNRZTO : .NET 10.0.8 (10.0.826.23019), X64 RyuJIT AVX2

MaxIterationCount=16  MaxWarmupIterationCount=8  

| Method           | Mean        | Error      | StdDev     | Gen0   | Allocated |
|----------------- |------------:|-----------:|-----------:|-------:|----------:|
| Mel_ZeroProps    |    17.82 ns |   1.058 ns |   1.039 ns |      - |         - |
| Mel_OneProp      |   102.56 ns |  11.571 ns |  10.824 ns | 0.0018 |     104 B |
| Mel_TwoProps     |   128.49 ns |  24.489 ns |  24.052 ns | 0.0021 |     128 B |
| Mel_FourProps    |   278.00 ns |  19.158 ns |  14.957 ns | 0.0019 |     208 B |
| Mel_EightProps   |   593.51 ns |  91.235 ns |  89.605 ns | 0.0057 |     352 B |
| Mel_TwelveProps  |   847.79 ns |  95.101 ns |  88.958 ns | 0.0086 |     496 B |
| Mel_SixteenProps | 1,197.27 ns | 265.108 ns | 260.371 ns | 0.0095 |     648 B |

// * Warnings *
MultimodalDistribution
  AcceptCallBenchmarks.Mel_OneProp: MaxIterationCount=16, MaxWarmupIterationCount=8      -> It seems that the distribution can have several modes (mValue = 2.89)
  AcceptCallBenchmarks.Mel_EightProps: MaxIterationCount=16, MaxWarmupIterationCount=8   -> It seems that the distribution can have several modes (mValue = 3.2)
  AcceptCallBenchmarks.Mel_TwelveProps: MaxIterationCount=16, MaxWarmupIterationCount=8  -> It seems that the distribution is bimodal (mValue = 4)
  AcceptCallBenchmarks.Mel_SixteenProps: MaxIterationCount=16, MaxWarmupIterationCount=8 -> It seems that the distribution is bimodal (mValue = 3.33)

// * Hints *
Outliers
  AcceptCallBenchmarks.Mel_OneProp: MaxIterationCount=16, MaxWarmupIterationCount=8     -> 1 outlier  was  removed (169.49 ns)
  AcceptCallBenchmarks.Mel_FourProps: MaxIterationCount=16, MaxWarmupIterationCount=8   -> 4 outliers were removed (491.86 ns..619.91 ns)
  AcceptCallBenchmarks.Mel_TwelveProps: MaxIterationCount=16, MaxWarmupIterationCount=8 -> 1 outlier  was  removed (1.17 μs)

// * Legends *
  Mean      : Arithmetic mean of all measurements
  Error     : Half of 99.9% confidence interval
  StdDev    : Standard deviation of all measurements
  Gen0      : GC Generation 0 collects per 1000 operations
  Allocated : Allocated memory per single operation (managed only, inclusive, 1KB = 1024B)
  1 ns      : 1 Nanosecond (0.000000001 sec)

// * Diagnostic Output - MemoryDiagnoser *


// ***** BenchmarkRunner: End *****
Run time: 00:02:10 (130.63 sec), executed benchmarks: 7

Global total time: 00:02:41 (161.09 sec), executed benchmarks: 7
// * Artifacts cleanup *
Artifacts cleanup is finished
