// Validating benchmarks:
// ***** BenchmarkRunner: Start   *****
// ***** Found 7 benchmark(s) in total *****
// ***** Building 1 exe(s) in Parallel: Start   *****
// start dotnet  restore /p:UseSharedCompilation=false /p:BuildInParallel=false /m:1 /p:Deterministic=true /p:Optimize=true /p:IntermediateOutputPath="E:\dev\Herald.OSS\benchmarking\library\net10\bin\Release\net10.0\ffd3d23f-eef8-44f9-850b-d9c7c2851a5f\obj\Release\net10.0/" /p:OutDir="E:\dev\Herald.OSS\benchmarking\library\net10\bin\Release\net10.0\ffd3d23f-eef8-44f9-850b-d9c7c2851a5f\bin\Release\net10.0/" /p:OutputPath="E:\dev\Herald.OSS\benchmarking\library\net10\bin\Release\net10.0\ffd3d23f-eef8-44f9-850b-d9c7c2851a5f\bin\Release\net10.0/" in E:\dev\Herald.OSS\benchmarking\library\net10\bin\Release\net10.0\ffd3d23f-eef8-44f9-850b-d9c7c2851a5f
// command took 1.61 sec and exited with 0
// start dotnet  build -c Release --no-restore /p:UseSharedCompilation=false /p:BuildInParallel=false /m:1 /p:Deterministic=true /p:Optimize=true /p:IntermediateOutputPath="E:\dev\Herald.OSS\benchmarking\library\net10\bin\Release\net10.0\ffd3d23f-eef8-44f9-850b-d9c7c2851a5f\obj\Release\net10.0/" /p:OutDir="E:\dev\Herald.OSS\benchmarking\library\net10\bin\Release\net10.0\ffd3d23f-eef8-44f9-850b-d9c7c2851a5f\bin\Release\net10.0/" /p:OutputPath="E:\dev\Herald.OSS\benchmarking\library\net10\bin\Release\net10.0\ffd3d23f-eef8-44f9-850b-d9c7c2851a5f\bin\Release\net10.0/" --output "E:\dev\Herald.OSS\benchmarking\library\net10\bin\Release\net10.0\ffd3d23f-eef8-44f9-850b-d9c7c2851a5f\bin\Release\net10.0/" in E:\dev\Herald.OSS\benchmarking\library\net10\bin\Release\net10.0\ffd3d23f-eef8-44f9-850b-d9c7c2851a5f
// command took 13.93 sec and exited with 0
// ***** Done, took 00:00:34 (34.41 sec)   *****
// Found 3 benchmarks:
//   AcceptPathBenchmarks.Info_no_properties: DefaultJob
//   AcceptPathBenchmarks.Info_with_one_property: DefaultJob
//   AcceptPathBenchmarks.Info_with_three_properties: DefaultJob

Setup power plan (GUID: 8c5e7fda-e8bf-4a96-9a85-a6e23a8c635c FriendlyName: High performance)
// **************************
// Benchmark: AcceptPathBenchmarks.Info_no_properties: DefaultJob
// *** Execute ***
// Launch: 1 / 1
// Execute: dotnet ffd3d23f-eef8-44f9-850b-d9c7c2851a5f.dll --anonymousPipes 28324 17272 --benchmarkName MMP.Herald.OSS.Benchmarks.AcceptPathBenchmarks.Info_no_properties --job Default --benchmarkId 0 in E:\dev\Herald.OSS\benchmarking\library\net10\bin\Release\net10.0\ffd3d23f-eef8-44f9-850b-d9c7c2851a5f\bin\Release\net10.0
// BeforeAnythingElse

// Benchmark Process Environment Information:
// BenchmarkDotNet v0.14.0
// Runtime=.NET 10.0.7 (10.0.726.21808), X64 RyuJIT AVX2
// GC=Concurrent Server
// HardwareIntrinsics=AVX2,AES,BMI1,BMI2,FMA,LZCNT,PCLMUL,POPCNT,AvxVnni,SERIALIZE VectorSize=256
// Job: DefaultJob

OverheadJitting  1: 1 op, 193400.00 ns, 193.4000 us/op
WorkloadJitting  1: 1 op, 6179400.00 ns, 6.1794 ms/op

OverheadJitting  2: 16 op, 171300.00 ns, 10.7063 us/op
WorkloadJitting  2: 16 op, 541200.00 ns, 33.8250 us/op

WorkloadPilot    1: 16 op, 27700.00 ns, 1.7313 us/op
WorkloadPilot    2: 32 op, 36600.00 ns, 1.1438 us/op
WorkloadPilot    3: 64 op, 63800.00 ns, 996.8750 ns/op
WorkloadPilot    4: 128 op, 104000.00 ns, 812.5000 ns/op
WorkloadPilot    5: 256 op, 186500.00 ns, 728.5156 ns/op
WorkloadPilot    6: 512 op, 393500.00 ns, 768.5547 ns/op
WorkloadPilot    7: 1024 op, 750700.00 ns, 733.1055 ns/op
WorkloadPilot    8: 2048 op, 1520900.00 ns, 742.6270 ns/op
WorkloadPilot    9: 4096 op, 2809600.00 ns, 685.9375 ns/op
WorkloadPilot   10: 8192 op, 6508700.00 ns, 794.5190 ns/op
WorkloadPilot   11: 16384 op, 12380400.00 ns, 755.6396 ns/op
WorkloadPilot   12: 32768 op, 27138000.00 ns, 828.1860 ns/op
WorkloadPilot   13: 65536 op, 45412200.00 ns, 692.9352 ns/op
WorkloadPilot   14: 131072 op, 81445900.00 ns, 621.3829 ns/op
WorkloadPilot   15: 262144 op, 39209900.00 ns, 149.5739 ns/op
WorkloadPilot   16: 524288 op, 61287200.00 ns, 116.8961 ns/op
WorkloadPilot   17: 1048576 op, 106457300.00 ns, 101.5256 ns/op
WorkloadPilot   18: 2097152 op, 458070500.00 ns, 218.4250 ns/op
WorkloadPilot   19: 4194304 op, 431704400.00 ns, 102.9263 ns/op
WorkloadPilot   20: 8388608 op, 1196478100.00 ns, 142.6313 ns/op

OverheadWarmup   1: 8388608 op, 16062000.00 ns, 1.9147 ns/op
OverheadWarmup   2: 8388608 op, 16109400.00 ns, 1.9204 ns/op
OverheadWarmup   3: 8388608 op, 16138200.00 ns, 1.9238 ns/op
OverheadWarmup   4: 8388608 op, 17044200.00 ns, 2.0318 ns/op
OverheadWarmup   5: 8388608 op, 16153000.00 ns, 1.9256 ns/op
OverheadWarmup   6: 8388608 op, 16931000.00 ns, 2.0183 ns/op
OverheadWarmup   7: 8388608 op, 16153300.00 ns, 1.9256 ns/op

OverheadActual   1: 8388608 op, 16415900.00 ns, 1.9569 ns/op
OverheadActual   2: 8388608 op, 16126100.00 ns, 1.9224 ns/op
OverheadActual   3: 8388608 op, 16129600.00 ns, 1.9228 ns/op
OverheadActual   4: 8388608 op, 16116700.00 ns, 1.9213 ns/op
OverheadActual   5: 8388608 op, 16089000.00 ns, 1.9180 ns/op
OverheadActual   6: 8388608 op, 16260500.00 ns, 1.9384 ns/op
OverheadActual   7: 8388608 op, 16053800.00 ns, 1.9138 ns/op
OverheadActual   8: 8388608 op, 16121800.00 ns, 1.9219 ns/op
OverheadActual   9: 8388608 op, 16314900.00 ns, 1.9449 ns/op
OverheadActual  10: 8388608 op, 16172400.00 ns, 1.9279 ns/op
OverheadActual  11: 8388608 op, 12973000.00 ns, 1.5465 ns/op
OverheadActual  12: 8388608 op, 13294900.00 ns, 1.5849 ns/op
OverheadActual  13: 8388608 op, 13108800.00 ns, 1.5627 ns/op
OverheadActual  14: 8388608 op, 13258800.00 ns, 1.5806 ns/op
OverheadActual  15: 8388608 op, 13322900.00 ns, 1.5882 ns/op
OverheadActual  16: 8388608 op, 12586900.00 ns, 1.5005 ns/op
OverheadActual  17: 8388608 op, 12884500.00 ns, 1.5360 ns/op
OverheadActual  18: 8388608 op, 12582800.00 ns, 1.5000 ns/op
OverheadActual  19: 8388608 op, 12591900.00 ns, 1.5011 ns/op
OverheadActual  20: 8388608 op, 13097300.00 ns, 1.5613 ns/op

WorkloadWarmup   1: 8388608 op, 1128212700.00 ns, 134.4934 ns/op
WorkloadWarmup   2: 8388608 op, 1533292400.00 ns, 182.7827 ns/op
WorkloadWarmup   3: 8388608 op, 890894200.00 ns, 106.2029 ns/op
WorkloadWarmup   4: 8388608 op, 1254637600.00 ns, 149.5645 ns/op
WorkloadWarmup   5: 8388608 op, 1389416500.00 ns, 165.6314 ns/op
WorkloadWarmup   6: 8388608 op, 1854130200.00 ns, 221.0295 ns/op
WorkloadWarmup   7: 8388608 op, 878086000.00 ns, 104.6760 ns/op

// BeforeActualRun
WorkloadActual   1: 8388608 op, 1987716400.00 ns, 236.9543 ns/op
WorkloadActual   2: 8388608 op, 1210305400.00 ns, 144.2796 ns/op
WorkloadActual   3: 8388608 op, 1283197600.00 ns, 152.9691 ns/op
WorkloadActual   4: 8388608 op, 1324359000.00 ns, 157.8759 ns/op
WorkloadActual   5: 8388608 op, 1247709200.00 ns, 148.7385 ns/op
WorkloadActual   6: 8388608 op, 1216606300.00 ns, 145.0308 ns/op
WorkloadActual   7: 8388608 op, 1110108300.00 ns, 132.3352 ns/op
WorkloadActual   8: 8388608 op, 1383769000.00 ns, 164.9581 ns/op
WorkloadActual   9: 8388608 op, 1523158700.00 ns, 181.5747 ns/op
WorkloadActual  10: 8388608 op, 1120860800.00 ns, 133.6170 ns/op
WorkloadActual  11: 8388608 op, 1234919900.00 ns, 147.2139 ns/op
WorkloadActual  12: 8388608 op, 1327665100.00 ns, 158.2700 ns/op
WorkloadActual  13: 8388608 op, 1227460900.00 ns, 146.3247 ns/op
WorkloadActual  14: 8388608 op, 1211447400.00 ns, 144.4158 ns/op
WorkloadActual  15: 8388608 op, 1158257100.00 ns, 138.0750 ns/op
WorkloadActual  16: 8388608 op, 2166855700.00 ns, 258.3093 ns/op
WorkloadActual  17: 8388608 op, 1362488400.00 ns, 162.4213 ns/op
WorkloadActual  18: 8388608 op, 1262142700.00 ns, 150.4591 ns/op
WorkloadActual  19: 8388608 op, 1344829800.00 ns, 160.3162 ns/op
WorkloadActual  20: 8388608 op, 1408649000.00 ns, 167.9240 ns/op
WorkloadActual  21: 8388608 op, 1246858100.00 ns, 148.6371 ns/op
WorkloadActual  22: 8388608 op, 1161375100.00 ns, 138.4467 ns/op
WorkloadActual  23: 8388608 op, 1558418500.00 ns, 185.7780 ns/op
WorkloadActual  24: 8388608 op, 1158934900.00 ns, 138.1558 ns/op
WorkloadActual  25: 8388608 op, 1095296600.00 ns, 130.5695 ns/op
WorkloadActual  26: 8388608 op, 1144148000.00 ns, 136.3931 ns/op
WorkloadActual  27: 8388608 op, 1215563900.00 ns, 144.9065 ns/op
WorkloadActual  28: 8388608 op, 970176800.00 ns, 115.6541 ns/op
WorkloadActual  29: 8388608 op, 894682600.00 ns, 106.6545 ns/op
WorkloadActual  30: 8388608 op, 932170900.00 ns, 111.1234 ns/op
WorkloadActual  31: 8388608 op, 977727200.00 ns, 116.5542 ns/op
WorkloadActual  32: 8388608 op, 925260200.00 ns, 110.2996 ns/op
WorkloadActual  33: 8388608 op, 1059751000.00 ns, 126.3322 ns/op
WorkloadActual  34: 8388608 op, 1036515000.00 ns, 123.5622 ns/op
WorkloadActual  35: 8388608 op, 1693500900.00 ns, 201.8810 ns/op
WorkloadActual  36: 8388608 op, 1334385500.00 ns, 159.0711 ns/op
WorkloadActual  37: 8388608 op, 1375937800.00 ns, 164.0246 ns/op
WorkloadActual  38: 8388608 op, 1168999900.00 ns, 139.3556 ns/op
WorkloadActual  39: 8388608 op, 1371789400.00 ns, 163.5300 ns/op
WorkloadActual  40: 8388608 op, 1764656100.00 ns, 210.3634 ns/op
WorkloadActual  41: 8388608 op, 1315943100.00 ns, 156.8726 ns/op
WorkloadActual  42: 8388608 op, 949280400.00 ns, 113.1630 ns/op
WorkloadActual  43: 8388608 op, 832436100.00 ns, 99.2341 ns/op
WorkloadActual  44: 8388608 op, 1214157200.00 ns, 144.7388 ns/op
WorkloadActual  45: 8388608 op, 920027700.00 ns, 109.6758 ns/op
WorkloadActual  46: 8388608 op, 1215784500.00 ns, 144.9328 ns/op
WorkloadActual  47: 8388608 op, 1135364300.00 ns, 135.3460 ns/op
WorkloadActual  48: 8388608 op, 1078299800.00 ns, 128.5434 ns/op
WorkloadActual  49: 8388608 op, 1338934400.00 ns, 159.6134 ns/op
WorkloadActual  50: 8388608 op, 967667900.00 ns, 115.3550 ns/op
WorkloadActual  51: 8388608 op, 860017400.00 ns, 102.5221 ns/op
WorkloadActual  52: 8388608 op, 1193453300.00 ns, 142.2707 ns/op
WorkloadActual  53: 8388608 op, 1127158100.00 ns, 134.3677 ns/op
WorkloadActual  54: 8388608 op, 1089565900.00 ns, 129.8864 ns/op
WorkloadActual  55: 8388608 op, 1110620600.00 ns, 132.3963 ns/op
WorkloadActual  56: 8388608 op, 1147020600.00 ns, 136.7355 ns/op
WorkloadActual  57: 8388608 op, 1345812200.00 ns, 160.4333 ns/op
WorkloadActual  58: 8388608 op, 1055195000.00 ns, 125.7890 ns/op
WorkloadActual  59: 8388608 op, 1068082700.00 ns, 127.3254 ns/op
WorkloadActual  60: 8388608 op, 841256300.00 ns, 100.2856 ns/op
WorkloadActual  61: 8388608 op, 1302513100.00 ns, 155.2717 ns/op
WorkloadActual  62: 8388608 op, 1242847100.00 ns, 148.1589 ns/op
WorkloadActual  63: 8388608 op, 1158959000.00 ns, 138.1587 ns/op
WorkloadActual  64: 8388608 op, 1016637600.00 ns, 121.1926 ns/op
WorkloadActual  65: 8388608 op, 1108188700.00 ns, 132.1064 ns/op
WorkloadActual  66: 8388608 op, 1206792100.00 ns, 143.8608 ns/op
WorkloadActual  67: 8388608 op, 1187775400.00 ns, 141.5939 ns/op
WorkloadActual  68: 8388608 op, 1081252500.00 ns, 128.8953 ns/op
WorkloadActual  69: 8388608 op, 837197300.00 ns, 99.8017 ns/op
WorkloadActual  70: 8388608 op, 1056999300.00 ns, 126.0041 ns/op
WorkloadActual  71: 8388608 op, 1203868700.00 ns, 143.5123 ns/op
WorkloadActual  72: 8388608 op, 827131800.00 ns, 98.6018 ns/op
WorkloadActual  73: 8388608 op, 1066493800.00 ns, 127.1360 ns/op
WorkloadActual  74: 8388608 op, 1605082300.00 ns, 191.3407 ns/op
WorkloadActual  75: 8388608 op, 1177691800.00 ns, 140.3918 ns/op
WorkloadActual  76: 8388608 op, 1197443700.00 ns, 142.7464 ns/op
WorkloadActual  77: 8388608 op, 1083711500.00 ns, 129.1885 ns/op
WorkloadActual  78: 8388608 op, 1147800700.00 ns, 136.8285 ns/op
WorkloadActual  79: 8388608 op, 842583900.00 ns, 100.4438 ns/op
WorkloadActual  80: 8388608 op, 1083129000.00 ns, 129.1190 ns/op
WorkloadActual  81: 8388608 op, 1037193500.00 ns, 123.6431 ns/op
WorkloadActual  82: 8388608 op, 1031565600.00 ns, 122.9722 ns/op
WorkloadActual  83: 8388608 op, 1126629900.00 ns, 134.3047 ns/op
WorkloadActual  84: 8388608 op, 862813300.00 ns, 102.8554 ns/op
WorkloadActual  85: 8388608 op, 953643800.00 ns, 113.6832 ns/op
WorkloadActual  86: 8388608 op, 1000939200.00 ns, 119.3213 ns/op
WorkloadActual  87: 8388608 op, 1028868500.00 ns, 122.6507 ns/op
WorkloadActual  88: 8388608 op, 1158972900.00 ns, 138.1603 ns/op
WorkloadActual  89: 8388608 op, 1048996000.00 ns, 125.0501 ns/op
WorkloadActual  90: 8388608 op, 842987100.00 ns, 100.4919 ns/op
WorkloadActual  91: 8388608 op, 1085391900.00 ns, 129.3888 ns/op
WorkloadActual  92: 8388608 op, 1159149700.00 ns, 138.1814 ns/op
WorkloadActual  93: 8388608 op, 1287356200.00 ns, 153.4648 ns/op
WorkloadActual  94: 8388608 op, 1077266800.00 ns, 128.4202 ns/op
WorkloadActual  95: 8388608 op, 1058430600.00 ns, 126.1748 ns/op
WorkloadActual  96: 8388608 op, 1091169300.00 ns, 130.0775 ns/op
WorkloadActual  97: 8388608 op, 1081894400.00 ns, 128.9719 ns/op
WorkloadActual  98: 8388608 op, 877077100.00 ns, 104.5557 ns/op
WorkloadActual  99: 8388608 op, 1080289800.00 ns, 128.7806 ns/op
WorkloadActual  100: 8388608 op, 1056081500.00 ns, 125.8947 ns/op

// AfterActualRun
WorkloadResult   1: 8388608 op, 1195617050.00 ns, 142.5287 ns/op
WorkloadResult   2: 8388608 op, 1268509250.00 ns, 151.2181 ns/op
WorkloadResult   3: 8388608 op, 1309670650.00 ns, 156.1249 ns/op
WorkloadResult   4: 8388608 op, 1233020850.00 ns, 146.9875 ns/op
WorkloadResult   5: 8388608 op, 1201917950.00 ns, 143.2798 ns/op
WorkloadResult   6: 8388608 op, 1095419950.00 ns, 130.5842 ns/op
WorkloadResult   7: 8388608 op, 1369080650.00 ns, 163.2071 ns/op
WorkloadResult   8: 8388608 op, 1508470350.00 ns, 179.8237 ns/op
WorkloadResult   9: 8388608 op, 1106172450.00 ns, 131.8660 ns/op
WorkloadResult  10: 8388608 op, 1220231550.00 ns, 145.4629 ns/op
WorkloadResult  11: 8388608 op, 1312976750.00 ns, 156.5190 ns/op
WorkloadResult  12: 8388608 op, 1212772550.00 ns, 144.5738 ns/op
WorkloadResult  13: 8388608 op, 1196759050.00 ns, 142.6648 ns/op
WorkloadResult  14: 8388608 op, 1143568750.00 ns, 136.3240 ns/op
WorkloadResult  15: 8388608 op, 1347800050.00 ns, 160.6703 ns/op
WorkloadResult  16: 8388608 op, 1247454350.00 ns, 148.7081 ns/op
WorkloadResult  17: 8388608 op, 1330141450.00 ns, 158.5652 ns/op
WorkloadResult  18: 8388608 op, 1393960650.00 ns, 166.1731 ns/op
WorkloadResult  19: 8388608 op, 1232169750.00 ns, 146.8861 ns/op
WorkloadResult  20: 8388608 op, 1146686750.00 ns, 136.6957 ns/op
WorkloadResult  21: 8388608 op, 1144246550.00 ns, 136.4048 ns/op
WorkloadResult  22: 8388608 op, 1080608250.00 ns, 128.8185 ns/op
WorkloadResult  23: 8388608 op, 1129459650.00 ns, 134.6421 ns/op
WorkloadResult  24: 8388608 op, 1200875550.00 ns, 143.1555 ns/op
WorkloadResult  25: 8388608 op, 955488450.00 ns, 113.9031 ns/op
WorkloadResult  26: 8388608 op, 879994250.00 ns, 104.9035 ns/op
WorkloadResult  27: 8388608 op, 917482550.00 ns, 109.3724 ns/op
WorkloadResult  28: 8388608 op, 963038850.00 ns, 114.8032 ns/op
WorkloadResult  29: 8388608 op, 910571850.00 ns, 108.5486 ns/op
WorkloadResult  30: 8388608 op, 1045062650.00 ns, 124.5812 ns/op
WorkloadResult  31: 8388608 op, 1021826650.00 ns, 121.8112 ns/op
WorkloadResult  32: 8388608 op, 1319697150.00 ns, 157.3202 ns/op
WorkloadResult  33: 8388608 op, 1361249450.00 ns, 162.2736 ns/op
WorkloadResult  34: 8388608 op, 1154311550.00 ns, 137.6047 ns/op
WorkloadResult  35: 8388608 op, 1357101050.00 ns, 161.7791 ns/op
WorkloadResult  36: 8388608 op, 1301254750.00 ns, 155.1217 ns/op
WorkloadResult  37: 8388608 op, 934592050.00 ns, 111.4121 ns/op
WorkloadResult  38: 8388608 op, 817747750.00 ns, 97.4831 ns/op
WorkloadResult  39: 8388608 op, 1199468850.00 ns, 142.9878 ns/op
WorkloadResult  40: 8388608 op, 905339350.00 ns, 107.9249 ns/op
WorkloadResult  41: 8388608 op, 1201096150.00 ns, 143.1818 ns/op
WorkloadResult  42: 8388608 op, 1120675950.00 ns, 133.5950 ns/op
WorkloadResult  43: 8388608 op, 1063611450.00 ns, 126.7924 ns/op
WorkloadResult  44: 8388608 op, 1324246050.00 ns, 157.8624 ns/op
WorkloadResult  45: 8388608 op, 952979550.00 ns, 113.6040 ns/op
WorkloadResult  46: 8388608 op, 845329050.00 ns, 100.7711 ns/op
WorkloadResult  47: 8388608 op, 1178764950.00 ns, 140.5197 ns/op
WorkloadResult  48: 8388608 op, 1112469750.00 ns, 132.6167 ns/op
WorkloadResult  49: 8388608 op, 1074877550.00 ns, 128.1354 ns/op
WorkloadResult  50: 8388608 op, 1095932250.00 ns, 130.6453 ns/op
WorkloadResult  51: 8388608 op, 1132332250.00 ns, 134.9845 ns/op
WorkloadResult  52: 8388608 op, 1331123850.00 ns, 158.6823 ns/op
WorkloadResult  53: 8388608 op, 1040506650.00 ns, 124.0381 ns/op
WorkloadResult  54: 8388608 op, 1053394350.00 ns, 125.5744 ns/op
WorkloadResult  55: 8388608 op, 826567950.00 ns, 98.5346 ns/op
WorkloadResult  56: 8388608 op, 1287824750.00 ns, 153.5207 ns/op
WorkloadResult  57: 8388608 op, 1228158750.00 ns, 146.4079 ns/op
WorkloadResult  58: 8388608 op, 1144270650.00 ns, 136.4077 ns/op
WorkloadResult  59: 8388608 op, 1001949250.00 ns, 119.4417 ns/op
WorkloadResult  60: 8388608 op, 1093500350.00 ns, 130.3554 ns/op
WorkloadResult  61: 8388608 op, 1192103750.00 ns, 142.1098 ns/op
WorkloadResult  62: 8388608 op, 1173087050.00 ns, 139.8429 ns/op
WorkloadResult  63: 8388608 op, 1066564150.00 ns, 127.1444 ns/op
WorkloadResult  64: 8388608 op, 822508950.00 ns, 98.0507 ns/op
WorkloadResult  65: 8388608 op, 1042310950.00 ns, 124.2531 ns/op
WorkloadResult  66: 8388608 op, 1189180350.00 ns, 141.7613 ns/op
WorkloadResult  67: 8388608 op, 812443450.00 ns, 96.8508 ns/op
WorkloadResult  68: 8388608 op, 1051805450.00 ns, 125.3850 ns/op
WorkloadResult  69: 8388608 op, 1163003450.00 ns, 138.6408 ns/op
WorkloadResult  70: 8388608 op, 1182755350.00 ns, 140.9954 ns/op
WorkloadResult  71: 8388608 op, 1069023150.00 ns, 127.4375 ns/op
WorkloadResult  72: 8388608 op, 1133112350.00 ns, 135.0775 ns/op
WorkloadResult  73: 8388608 op, 827895550.00 ns, 98.6928 ns/op
WorkloadResult  74: 8388608 op, 1068440650.00 ns, 127.3681 ns/op
WorkloadResult  75: 8388608 op, 1022505150.00 ns, 121.8921 ns/op
WorkloadResult  76: 8388608 op, 1016877250.00 ns, 121.2212 ns/op
WorkloadResult  77: 8388608 op, 1111941550.00 ns, 132.5538 ns/op
WorkloadResult  78: 8388608 op, 848124950.00 ns, 101.1044 ns/op
WorkloadResult  79: 8388608 op, 938955450.00 ns, 111.9322 ns/op
WorkloadResult  80: 8388608 op, 986250850.00 ns, 117.5703 ns/op
WorkloadResult  81: 8388608 op, 1014180150.00 ns, 120.8997 ns/op
WorkloadResult  82: 8388608 op, 1144284550.00 ns, 136.4093 ns/op
WorkloadResult  83: 8388608 op, 1034307650.00 ns, 123.2991 ns/op
WorkloadResult  84: 8388608 op, 828298750.00 ns, 98.7409 ns/op
WorkloadResult  85: 8388608 op, 1070703550.00 ns, 127.6378 ns/op
WorkloadResult  86: 8388608 op, 1144461350.00 ns, 136.4304 ns/op
WorkloadResult  87: 8388608 op, 1272667850.00 ns, 151.7138 ns/op
WorkloadResult  88: 8388608 op, 1062578450.00 ns, 126.6692 ns/op
WorkloadResult  89: 8388608 op, 1043742250.00 ns, 124.4238 ns/op
WorkloadResult  90: 8388608 op, 1076480950.00 ns, 128.3265 ns/op
WorkloadResult  91: 8388608 op, 1067206050.00 ns, 127.2209 ns/op
WorkloadResult  92: 8388608 op, 862388750.00 ns, 102.8048 ns/op
WorkloadResult  93: 8388608 op, 1065601450.00 ns, 127.0296 ns/op
WorkloadResult  94: 8388608 op, 1041393150.00 ns, 124.1437 ns/op
// GC:  46 1 1 0 8388608
// Threading:  0 0 8388608

// AfterAll
// Benchmark Process 62180 has exited with code 0.

Mean = 132.181 ns, StdErr = 1.874 ns (1.42%), N = 94, StdDev = 18.172 ns
Min = 96.851 ns, Q1 = 122.244 ns, Median = 132.210 ns, Q3 = 143.175 ns, Max = 179.824 ns
IQR = 20.931 ns, LowerFence = 90.847 ns, UpperFence = 174.572 ns
ConfidenceInterval = [125.812 ns; 138.550 ns] (CI 99.9%), Margin = 6.369 ns (4.82% of Mean)
Skewness = -0.03, Kurtosis = 2.58, MValue = 2.81

// ** Remained 6 (85.7%) benchmark(s) to run. Estimated finish 2026-05-14 12:59 (0h 13m from now) **
Setup power plan (GUID: 8c5e7fda-e8bf-4a96-9a85-a6e23a8c635c FriendlyName: High performance)
// **************************
// Benchmark: AcceptPathBenchmarks.Info_with_one_property: DefaultJob
// *** Execute ***
// Launch: 1 / 1
// Execute: dotnet ffd3d23f-eef8-44f9-850b-d9c7c2851a5f.dll --anonymousPipes 16620 16624 --benchmarkName MMP.Herald.OSS.Benchmarks.AcceptPathBenchmarks.Info_with_one_property --job Default --benchmarkId 1 in E:\dev\Herald.OSS\benchmarking\library\net10\bin\Release\net10.0\ffd3d23f-eef8-44f9-850b-d9c7c2851a5f\bin\Release\net10.0
// BeforeAnythingElse

// Benchmark Process Environment Information:
// BenchmarkDotNet v0.14.0
// Runtime=.NET 10.0.7 (10.0.726.21808), X64 RyuJIT AVX2
// GC=Concurrent Server
// HardwareIntrinsics=AVX2,AES,BMI1,BMI2,FMA,LZCNT,PCLMUL,POPCNT,AvxVnni,SERIALIZE VectorSize=256
// Job: DefaultJob

OverheadJitting  1: 1 op, 188800.00 ns, 188.8000 us/op
WorkloadJitting  1: 1 op, 9191200.00 ns, 9.1912 ms/op

OverheadJitting  2: 16 op, 197600.00 ns, 12.3500 us/op
WorkloadJitting  2: 16 op, 826200.00 ns, 51.6375 us/op

WorkloadPilot    1: 16 op, 48800.00 ns, 3.0500 us/op
WorkloadPilot    2: 32 op, 73800.00 ns, 2.3063 us/op
WorkloadPilot    3: 64 op, 117300.00 ns, 1.8328 us/op
WorkloadPilot    4: 128 op, 215900.00 ns, 1.6867 us/op
WorkloadPilot    5: 256 op, 413400.00 ns, 1.6148 us/op
WorkloadPilot    6: 512 op, 744400.00 ns, 1.4539 us/op
WorkloadPilot    7: 1024 op, 1481800.00 ns, 1.4471 us/op
WorkloadPilot    8: 2048 op, 2856500.00 ns, 1.3948 us/op
WorkloadPilot    9: 4096 op, 5902900.00 ns, 1.4411 us/op
WorkloadPilot   10: 8192 op, 13113900.00 ns, 1.6008 us/op
WorkloadPilot   11: 16384 op, 24744400.00 ns, 1.5103 us/op
WorkloadPilot   12: 32768 op, 45661700.00 ns, 1.3935 us/op
WorkloadPilot   13: 65536 op, 98599300.00 ns, 1.5045 us/op
WorkloadPilot   14: 131072 op, 104283600.00 ns, 795.6207 ns/op
WorkloadPilot   15: 262144 op, 99164900.00 ns, 378.2841 ns/op
WorkloadPilot   16: 524288 op, 198589100.00 ns, 378.7786 ns/op
WorkloadPilot   17: 1048576 op, 398415000.00 ns, 379.9582 ns/op
WorkloadPilot   18: 2097152 op, 803324700.00 ns, 383.0551 ns/op

OverheadWarmup   1: 2097152 op, 4004900.00 ns, 1.9097 ns/op
OverheadWarmup   2: 2097152 op, 4665900.00 ns, 2.2249 ns/op
OverheadWarmup   3: 2097152 op, 4123000.00 ns, 1.9660 ns/op
OverheadWarmup   4: 2097152 op, 4091000.00 ns, 1.9507 ns/op
OverheadWarmup   5: 2097152 op, 4096800.00 ns, 1.9535 ns/op
OverheadWarmup   6: 2097152 op, 4088400.00 ns, 1.9495 ns/op

OverheadActual   1: 2097152 op, 4075600.00 ns, 1.9434 ns/op
OverheadActual   2: 2097152 op, 4180200.00 ns, 1.9933 ns/op
OverheadActual   3: 2097152 op, 4033400.00 ns, 1.9233 ns/op
OverheadActual   4: 2097152 op, 4067600.00 ns, 1.9396 ns/op
OverheadActual   5: 2097152 op, 4047800.00 ns, 1.9301 ns/op
OverheadActual   6: 2097152 op, 4017800.00 ns, 1.9158 ns/op
OverheadActual   7: 2097152 op, 4082800.00 ns, 1.9468 ns/op
OverheadActual   8: 2097152 op, 4017000.00 ns, 1.9155 ns/op
OverheadActual   9: 2097152 op, 4065000.00 ns, 1.9383 ns/op
OverheadActual  10: 2097152 op, 4040000.00 ns, 1.9264 ns/op
OverheadActual  11: 2097152 op, 4025000.00 ns, 1.9193 ns/op
OverheadActual  12: 2097152 op, 4054200.00 ns, 1.9332 ns/op
OverheadActual  13: 2097152 op, 4026100.00 ns, 1.9198 ns/op
OverheadActual  14: 2097152 op, 4053300.00 ns, 1.9328 ns/op
OverheadActual  15: 2097152 op, 4065900.00 ns, 1.9388 ns/op

WorkloadWarmup   1: 2097152 op, 1024761500.00 ns, 488.6444 ns/op
WorkloadWarmup   2: 2097152 op, 889044700.00 ns, 423.9295 ns/op
WorkloadWarmup   3: 2097152 op, 775585500.00 ns, 369.8280 ns/op
WorkloadWarmup   4: 2097152 op, 982329200.00 ns, 468.4111 ns/op
WorkloadWarmup   5: 2097152 op, 963711500.00 ns, 459.5335 ns/op
WorkloadWarmup   6: 2097152 op, 779672000.00 ns, 371.7766 ns/op
WorkloadWarmup   7: 2097152 op, 966702600.00 ns, 460.9597 ns/op
WorkloadWarmup   8: 2097152 op, 1143038400.00 ns, 545.0432 ns/op
WorkloadWarmup   9: 2097152 op, 1034981000.00 ns, 493.5174 ns/op

// BeforeActualRun
WorkloadActual   1: 2097152 op, 1194483800.00 ns, 569.5743 ns/op
WorkloadActual   2: 2097152 op, 952392500.00 ns, 454.1361 ns/op
WorkloadActual   3: 2097152 op, 773894800.00 ns, 369.0218 ns/op
WorkloadActual   4: 2097152 op, 1032152200.00 ns, 492.1685 ns/op
WorkloadActual   5: 2097152 op, 1047483600.00 ns, 499.4791 ns/op
WorkloadActual   6: 2097152 op, 1048682700.00 ns, 500.0509 ns/op
WorkloadActual   7: 2097152 op, 782189600.00 ns, 372.9771 ns/op
WorkloadActual   8: 2097152 op, 1058401300.00 ns, 504.6851 ns/op
WorkloadActual   9: 2097152 op, 1120060000.00 ns, 534.0862 ns/op
WorkloadActual  10: 2097152 op, 1011317000.00 ns, 482.2335 ns/op
WorkloadActual  11: 2097152 op, 1037493300.00 ns, 494.7154 ns/op
WorkloadActual  12: 2097152 op, 780583900.00 ns, 372.2114 ns/op
WorkloadActual  13: 2097152 op, 1016045400.00 ns, 484.4882 ns/op
WorkloadActual  14: 2097152 op, 764894000.00 ns, 364.7299 ns/op
WorkloadActual  15: 2097152 op, 1021016800.00 ns, 486.8587 ns/op
WorkloadActual  16: 2097152 op, 982379400.00 ns, 468.4350 ns/op
WorkloadActual  17: 2097152 op, 1016645400.00 ns, 484.7743 ns/op
WorkloadActual  18: 2097152 op, 774569000.00 ns, 369.3433 ns/op
WorkloadActual  19: 2097152 op, 1174116100.00 ns, 559.8622 ns/op
WorkloadActual  20: 2097152 op, 1170331900.00 ns, 558.0577 ns/op
WorkloadActual  21: 2097152 op, 1057808100.00 ns, 504.4022 ns/op
WorkloadActual  22: 2097152 op, 1113414900.00 ns, 530.9176 ns/op
WorkloadActual  23: 2097152 op, 1645868100.00 ns, 784.8111 ns/op
WorkloadActual  24: 2097152 op, 1173209300.00 ns, 559.4298 ns/op
WorkloadActual  25: 2097152 op, 1164552700.00 ns, 555.3020 ns/op
WorkloadActual  26: 2097152 op, 1251989200.00 ns, 596.9950 ns/op
WorkloadActual  27: 2097152 op, 1120732300.00 ns, 534.4068 ns/op
WorkloadActual  28: 2097152 op, 1202090800.00 ns, 573.2016 ns/op
WorkloadActual  29: 2097152 op, 1225253000.00 ns, 584.2462 ns/op
WorkloadActual  30: 2097152 op, 1541582200.00 ns, 735.0837 ns/op
WorkloadActual  31: 2097152 op, 981838400.00 ns, 468.1770 ns/op
WorkloadActual  32: 2097152 op, 1154041300.00 ns, 550.2898 ns/op
WorkloadActual  33: 2097152 op, 993209900.00 ns, 473.5994 ns/op
WorkloadActual  34: 2097152 op, 788369900.00 ns, 375.9241 ns/op
WorkloadActual  35: 2097152 op, 1022732300.00 ns, 487.6768 ns/op
WorkloadActual  36: 2097152 op, 979401700.00 ns, 467.0151 ns/op
WorkloadActual  37: 2097152 op, 1152014300.00 ns, 549.3232 ns/op
WorkloadActual  38: 2097152 op, 982099500.00 ns, 468.3015 ns/op
WorkloadActual  39: 2097152 op, 765908800.00 ns, 365.2138 ns/op
WorkloadActual  40: 2097152 op, 1078872700.00 ns, 514.4466 ns/op
WorkloadActual  41: 2097152 op, 1041724700.00 ns, 496.7330 ns/op
WorkloadActual  42: 2097152 op, 1006228600.00 ns, 479.8072 ns/op
WorkloadActual  43: 2097152 op, 769541200.00 ns, 366.9458 ns/op
WorkloadActual  44: 2097152 op, 997880800.00 ns, 475.8266 ns/op
WorkloadActual  45: 2097152 op, 987003200.00 ns, 470.6398 ns/op
WorkloadActual  46: 2097152 op, 1065380300.00 ns, 508.0129 ns/op
WorkloadActual  47: 2097152 op, 1050923500.00 ns, 501.1194 ns/op
WorkloadActual  48: 2097152 op, 785261300.00 ns, 374.4418 ns/op
WorkloadActual  49: 2097152 op, 1120755000.00 ns, 534.4176 ns/op
WorkloadActual  50: 2097152 op, 1051820800.00 ns, 501.5472 ns/op
WorkloadActual  51: 2097152 op, 1116119000.00 ns, 532.2070 ns/op
WorkloadActual  52: 2097152 op, 1053476700.00 ns, 502.3368 ns/op
WorkloadActual  53: 2097152 op, 766699900.00 ns, 365.5910 ns/op
WorkloadActual  54: 2097152 op, 1010002800.00 ns, 481.6069 ns/op
WorkloadActual  55: 2097152 op, 974107100.00 ns, 464.4905 ns/op
WorkloadActual  56: 2097152 op, 990272200.00 ns, 472.1986 ns/op
WorkloadActual  57: 2097152 op, 1067930600.00 ns, 509.2290 ns/op
WorkloadActual  58: 2097152 op, 780257400.00 ns, 372.0557 ns/op
WorkloadActual  59: 2097152 op, 954064400.00 ns, 454.9334 ns/op
WorkloadActual  60: 2097152 op, 993966800.00 ns, 473.9603 ns/op
WorkloadActual  61: 2097152 op, 1076969800.00 ns, 513.5392 ns/op
WorkloadActual  62: 2097152 op, 772090600.00 ns, 368.1615 ns/op
WorkloadActual  63: 2097152 op, 780956500.00 ns, 372.3891 ns/op
WorkloadActual  64: 2097152 op, 1029554500.00 ns, 490.9298 ns/op
WorkloadActual  65: 2097152 op, 1108924600.00 ns, 528.7765 ns/op
WorkloadActual  66: 2097152 op, 1014921600.00 ns, 483.9523 ns/op
WorkloadActual  67: 2097152 op, 1128007000.00 ns, 537.8757 ns/op
WorkloadActual  68: 2097152 op, 805386500.00 ns, 384.0382 ns/op
WorkloadActual  69: 2097152 op, 999870400.00 ns, 476.7754 ns/op
WorkloadActual  70: 2097152 op, 1086737100.00 ns, 518.1966 ns/op
WorkloadActual  71: 2097152 op, 1075262000.00 ns, 512.7249 ns/op
WorkloadActual  72: 2097152 op, 959071900.00 ns, 457.3211 ns/op
WorkloadActual  73: 2097152 op, 775901900.00 ns, 369.9789 ns/op
WorkloadActual  74: 2097152 op, 1037070900.00 ns, 494.5139 ns/op
WorkloadActual  75: 2097152 op, 1053575600.00 ns, 502.3840 ns/op
WorkloadActual  76: 2097152 op, 1032025100.00 ns, 492.1079 ns/op
WorkloadActual  77: 2097152 op, 1235194600.00 ns, 588.9867 ns/op
WorkloadActual  78: 2097152 op, 876240300.00 ns, 417.8239 ns/op
WorkloadActual  79: 2097152 op, 769257300.00 ns, 366.8105 ns/op
WorkloadActual  80: 2097152 op, 1056879000.00 ns, 503.9592 ns/op
WorkloadActual  81: 2097152 op, 1013639800.00 ns, 483.3411 ns/op
WorkloadActual  82: 2097152 op, 1019840300.00 ns, 486.2978 ns/op
WorkloadActual  83: 2097152 op, 787623400.00 ns, 375.5681 ns/op
WorkloadActual  84: 2097152 op, 1089561600.00 ns, 519.5435 ns/op
WorkloadActual  85: 2097152 op, 1009389900.00 ns, 481.3146 ns/op
WorkloadActual  86: 2097152 op, 1078085500.00 ns, 514.0712 ns/op
WorkloadActual  87: 2097152 op, 1050822200.00 ns, 501.0711 ns/op
WorkloadActual  88: 2097152 op, 775862800.00 ns, 369.9602 ns/op
WorkloadActual  89: 2097152 op, 1049057900.00 ns, 500.2298 ns/op
WorkloadActual  90: 2097152 op, 946996000.00 ns, 451.5629 ns/op
WorkloadActual  91: 2097152 op, 976373800.00 ns, 465.5713 ns/op
WorkloadActual  92: 2097152 op, 799600000.00 ns, 381.2790 ns/op
WorkloadActual  93: 2097152 op, 1005710800.00 ns, 479.5603 ns/op
WorkloadActual  94: 2097152 op, 1057029400.00 ns, 504.0309 ns/op
WorkloadActual  95: 2097152 op, 967975400.00 ns, 461.5666 ns/op
WorkloadActual  96: 2097152 op, 992081900.00 ns, 473.0615 ns/op
WorkloadActual  97: 2097152 op, 783879200.00 ns, 373.7827 ns/op
WorkloadActual  98: 2097152 op, 1126244600.00 ns, 537.0353 ns/op
WorkloadActual  99: 2097152 op, 886268200.00 ns, 422.6056 ns/op
WorkloadActual  100: 2097152 op, 1006873800.00 ns, 480.1148 ns/op

// AfterActualRun
WorkloadResult   1: 2097152 op, 1190430500.00 ns, 567.6415 ns/op
WorkloadResult   2: 2097152 op, 948339200.00 ns, 452.2034 ns/op
WorkloadResult   3: 2097152 op, 769841500.00 ns, 367.0890 ns/op
WorkloadResult   4: 2097152 op, 1028098900.00 ns, 490.2358 ns/op
WorkloadResult   5: 2097152 op, 1043430300.00 ns, 497.5463 ns/op
WorkloadResult   6: 2097152 op, 1044629400.00 ns, 498.1181 ns/op
WorkloadResult   7: 2097152 op, 778136300.00 ns, 371.0443 ns/op
WorkloadResult   8: 2097152 op, 1054348000.00 ns, 502.7523 ns/op
WorkloadResult   9: 2097152 op, 1116006700.00 ns, 532.1535 ns/op
WorkloadResult  10: 2097152 op, 1007263700.00 ns, 480.3008 ns/op
WorkloadResult  11: 2097152 op, 1033440000.00 ns, 492.7826 ns/op
WorkloadResult  12: 2097152 op, 776530600.00 ns, 370.2786 ns/op
WorkloadResult  13: 2097152 op, 1011992100.00 ns, 482.5554 ns/op
WorkloadResult  14: 2097152 op, 760840700.00 ns, 362.7971 ns/op
WorkloadResult  15: 2097152 op, 1016963500.00 ns, 484.9260 ns/op
WorkloadResult  16: 2097152 op, 978326100.00 ns, 466.5022 ns/op
WorkloadResult  17: 2097152 op, 1012592100.00 ns, 482.8415 ns/op
WorkloadResult  18: 2097152 op, 770515700.00 ns, 367.4105 ns/op
WorkloadResult  19: 2097152 op, 1170062800.00 ns, 557.9294 ns/op
WorkloadResult  20: 2097152 op, 1166278600.00 ns, 556.1250 ns/op
WorkloadResult  21: 2097152 op, 1053754800.00 ns, 502.4694 ns/op
WorkloadResult  22: 2097152 op, 1109361600.00 ns, 528.9848 ns/op
WorkloadResult  23: 2097152 op, 1169156000.00 ns, 557.4970 ns/op
WorkloadResult  24: 2097152 op, 1160499400.00 ns, 553.3692 ns/op
WorkloadResult  25: 2097152 op, 1247935900.00 ns, 595.0622 ns/op
WorkloadResult  26: 2097152 op, 1116679000.00 ns, 532.4740 ns/op
WorkloadResult  27: 2097152 op, 1198037500.00 ns, 571.2688 ns/op
WorkloadResult  28: 2097152 op, 1221199700.00 ns, 582.3134 ns/op
WorkloadResult  29: 2097152 op, 977785100.00 ns, 466.2443 ns/op
WorkloadResult  30: 2097152 op, 1149988000.00 ns, 548.3570 ns/op
WorkloadResult  31: 2097152 op, 989156600.00 ns, 471.6666 ns/op
WorkloadResult  32: 2097152 op, 784316600.00 ns, 373.9913 ns/op
WorkloadResult  33: 2097152 op, 1018679000.00 ns, 485.7440 ns/op
WorkloadResult  34: 2097152 op, 975348400.00 ns, 465.0824 ns/op
WorkloadResult  35: 2097152 op, 1147961000.00 ns, 547.3905 ns/op
WorkloadResult  36: 2097152 op, 978046200.00 ns, 466.3688 ns/op
WorkloadResult  37: 2097152 op, 761855500.00 ns, 363.2810 ns/op
WorkloadResult  38: 2097152 op, 1074819400.00 ns, 512.5138 ns/op
WorkloadResult  39: 2097152 op, 1037671400.00 ns, 494.8003 ns/op
WorkloadResult  40: 2097152 op, 1002175300.00 ns, 477.8744 ns/op
WorkloadResult  41: 2097152 op, 765487900.00 ns, 365.0131 ns/op
WorkloadResult  42: 2097152 op, 993827500.00 ns, 473.8939 ns/op
WorkloadResult  43: 2097152 op, 982949900.00 ns, 468.7070 ns/op
WorkloadResult  44: 2097152 op, 1061327000.00 ns, 506.0802 ns/op
WorkloadResult  45: 2097152 op, 1046870200.00 ns, 499.1866 ns/op
WorkloadResult  46: 2097152 op, 781208000.00 ns, 372.5090 ns/op
WorkloadResult  47: 2097152 op, 1116701700.00 ns, 532.4849 ns/op
WorkloadResult  48: 2097152 op, 1047767500.00 ns, 499.6145 ns/op
WorkloadResult  49: 2097152 op, 1112065700.00 ns, 530.2742 ns/op
WorkloadResult  50: 2097152 op, 1049423400.00 ns, 500.4041 ns/op
WorkloadResult  51: 2097152 op, 762646600.00 ns, 363.6582 ns/op
WorkloadResult  52: 2097152 op, 1005949500.00 ns, 479.6741 ns/op
WorkloadResult  53: 2097152 op, 970053800.00 ns, 462.5577 ns/op
WorkloadResult  54: 2097152 op, 986218900.00 ns, 470.2658 ns/op
WorkloadResult  55: 2097152 op, 1063877300.00 ns, 507.2962 ns/op
WorkloadResult  56: 2097152 op, 776204100.00 ns, 370.1230 ns/op
WorkloadResult  57: 2097152 op, 950011100.00 ns, 453.0006 ns/op
WorkloadResult  58: 2097152 op, 989913500.00 ns, 472.0275 ns/op
WorkloadResult  59: 2097152 op, 1072916500.00 ns, 511.6065 ns/op
WorkloadResult  60: 2097152 op, 768037300.00 ns, 366.2287 ns/op
WorkloadResult  61: 2097152 op, 776903200.00 ns, 370.4563 ns/op
WorkloadResult  62: 2097152 op, 1025501200.00 ns, 488.9971 ns/op
WorkloadResult  63: 2097152 op, 1104871300.00 ns, 526.8437 ns/op
WorkloadResult  64: 2097152 op, 1010868300.00 ns, 482.0196 ns/op
WorkloadResult  65: 2097152 op, 1123953700.00 ns, 535.9429 ns/op
WorkloadResult  66: 2097152 op, 801333200.00 ns, 382.1054 ns/op
WorkloadResult  67: 2097152 op, 995817100.00 ns, 474.8426 ns/op
WorkloadResult  68: 2097152 op, 1082683800.00 ns, 516.2639 ns/op
WorkloadResult  69: 2097152 op, 1071208700.00 ns, 510.7921 ns/op
WorkloadResult  70: 2097152 op, 955018600.00 ns, 455.3884 ns/op
WorkloadResult  71: 2097152 op, 771848600.00 ns, 368.0461 ns/op
WorkloadResult  72: 2097152 op, 1033017600.00 ns, 492.5812 ns/op
WorkloadResult  73: 2097152 op, 1049522300.00 ns, 500.4512 ns/op
WorkloadResult  74: 2097152 op, 1027971800.00 ns, 490.1752 ns/op
WorkloadResult  75: 2097152 op, 1231141300.00 ns, 587.0539 ns/op
WorkloadResult  76: 2097152 op, 872187000.00 ns, 415.8912 ns/op
WorkloadResult  77: 2097152 op, 765204000.00 ns, 364.8777 ns/op
WorkloadResult  78: 2097152 op, 1052825700.00 ns, 502.0264 ns/op
WorkloadResult  79: 2097152 op, 1009586500.00 ns, 481.4084 ns/op
WorkloadResult  80: 2097152 op, 1015787000.00 ns, 484.3650 ns/op
WorkloadResult  81: 2097152 op, 783570100.00 ns, 373.6353 ns/op
WorkloadResult  82: 2097152 op, 1085508300.00 ns, 517.6107 ns/op
WorkloadResult  83: 2097152 op, 1005336600.00 ns, 479.3818 ns/op
WorkloadResult  84: 2097152 op, 1074032200.00 ns, 512.1385 ns/op
WorkloadResult  85: 2097152 op, 1046768900.00 ns, 499.1383 ns/op
WorkloadResult  86: 2097152 op, 771809500.00 ns, 368.0274 ns/op
WorkloadResult  87: 2097152 op, 1045004600.00 ns, 498.2970 ns/op
WorkloadResult  88: 2097152 op, 942942700.00 ns, 449.6301 ns/op
WorkloadResult  89: 2097152 op, 972320500.00 ns, 463.6385 ns/op
WorkloadResult  90: 2097152 op, 795546700.00 ns, 379.3462 ns/op
WorkloadResult  91: 2097152 op, 1001657500.00 ns, 477.6275 ns/op
WorkloadResult  92: 2097152 op, 1052976100.00 ns, 502.0981 ns/op
WorkloadResult  93: 2097152 op, 963922100.00 ns, 459.6339 ns/op
WorkloadResult  94: 2097152 op, 988028600.00 ns, 471.1287 ns/op
WorkloadResult  95: 2097152 op, 779825900.00 ns, 371.8500 ns/op
WorkloadResult  96: 2097152 op, 1122191300.00 ns, 535.1025 ns/op
WorkloadResult  97: 2097152 op, 882214900.00 ns, 420.6728 ns/op
WorkloadResult  98: 2097152 op, 1002820500.00 ns, 478.1821 ns/op
// GC:  25 0 0 1476395072 2097152
// Threading:  0 0 2097152

// AfterAll
// Benchmark Process 26712 has exited with code 0.

Mean = 473.186 ns, StdErr = 6.255 ns (1.32%), N = 98, StdDev = 61.920 ns
Min = 362.797 ns, Q1 = 453.598 ns, Median = 482.698 ns, Q3 = 509.918 ns, Max = 595.062 ns
IQR = 56.321 ns, LowerFence = 369.117 ns, UpperFence = 594.399 ns
ConfidenceInterval = [451.959 ns; 494.413 ns] (CI 99.9%), Margin = 21.227 ns (4.49% of Mean)
Skewness = -0.47, Kurtosis = 2.38, MValue = 2.73

// ** Remained 5 (71.4%) benchmark(s) to run. Estimated finish 2026-05-14 12:58 (0h 10m from now) **
Setup power plan (GUID: 8c5e7fda-e8bf-4a96-9a85-a6e23a8c635c FriendlyName: High performance)
// **************************
// Benchmark: AcceptPathBenchmarks.Info_with_three_properties: DefaultJob
// *** Execute ***
// Launch: 1 / 1
// Execute: dotnet ffd3d23f-eef8-44f9-850b-d9c7c2851a5f.dll --anonymousPipes 21736 3984 --benchmarkName MMP.Herald.OSS.Benchmarks.AcceptPathBenchmarks.Info_with_three_properties --job Default --benchmarkId 2 in E:\dev\Herald.OSS\benchmarking\library\net10\bin\Release\net10.0\ffd3d23f-eef8-44f9-850b-d9c7c2851a5f\bin\Release\net10.0
// BeforeAnythingElse

// Benchmark Process Environment Information:
// BenchmarkDotNet v0.14.0
// Runtime=.NET 10.0.7 (10.0.726.21808), X64 RyuJIT AVX2
// GC=Concurrent Server
// HardwareIntrinsics=AVX2,AES,BMI1,BMI2,FMA,LZCNT,PCLMUL,POPCNT,AvxVnni,SERIALIZE VectorSize=256
// Job: DefaultJob

OverheadJitting  1: 1 op, 187900.00 ns, 187.9000 us/op
WorkloadJitting  1: 1 op, 8786500.00 ns, 8.7865 ms/op

OverheadJitting  2: 16 op, 178100.00 ns, 11.1313 us/op
WorkloadJitting  2: 16 op, 523600.00 ns, 32.7250 us/op

WorkloadPilot    1: 16 op, 67400.00 ns, 4.2125 us/op
WorkloadPilot    2: 32 op, 97600.00 ns, 3.0500 us/op
WorkloadPilot    3: 64 op, 164500.00 ns, 2.5703 us/op
WorkloadPilot    4: 128 op, 278300.00 ns, 2.1742 us/op
WorkloadPilot    5: 256 op, 636300.00 ns, 2.4855 us/op
WorkloadPilot    6: 512 op, 1116900.00 ns, 2.1814 us/op
WorkloadPilot    7: 1024 op, 2388600.00 ns, 2.3326 us/op
WorkloadPilot    8: 2048 op, 5155400.00 ns, 2.5173 us/op
WorkloadPilot    9: 4096 op, 10944000.00 ns, 2.6719 us/op
WorkloadPilot   10: 8192 op, 21256800.00 ns, 2.5948 us/op
WorkloadPilot   11: 16384 op, 38755200.00 ns, 2.3654 us/op
WorkloadPilot   12: 32768 op, 82300000.00 ns, 2.5116 us/op
WorkloadPilot   13: 65536 op, 130199300.00 ns, 1.9867 us/op
WorkloadPilot   14: 131072 op, 78873200.00 ns, 601.7548 ns/op
WorkloadPilot   15: 262144 op, 136489600.00 ns, 520.6665 ns/op
WorkloadPilot   16: 524288 op, 271431200.00 ns, 517.7139 ns/op
WorkloadPilot   17: 1048576 op, 551034400.00 ns, 525.5074 ns/op

OverheadWarmup   1: 1048576 op, 2082400.00 ns, 1.9859 ns/op
OverheadWarmup   2: 1048576 op, 2089900.00 ns, 1.9931 ns/op
OverheadWarmup   3: 1048576 op, 2074400.00 ns, 1.9783 ns/op
OverheadWarmup   4: 1048576 op, 2050400.00 ns, 1.9554 ns/op
OverheadWarmup   5: 1048576 op, 2132500.00 ns, 2.0337 ns/op
OverheadWarmup   6: 1048576 op, 2080200.00 ns, 1.9838 ns/op

OverheadActual   1: 1048576 op, 2081700.00 ns, 1.9853 ns/op
OverheadActual   2: 1048576 op, 2043600.00 ns, 1.9489 ns/op
OverheadActual   3: 1048576 op, 2079800.00 ns, 1.9835 ns/op
OverheadActual   4: 1048576 op, 2090900.00 ns, 1.9940 ns/op
OverheadActual   5: 1048576 op, 2026800.00 ns, 1.9329 ns/op
OverheadActual   6: 1048576 op, 2049400.00 ns, 1.9545 ns/op
OverheadActual   7: 1048576 op, 2032900.00 ns, 1.9387 ns/op
OverheadActual   8: 1048576 op, 2383600.00 ns, 2.2732 ns/op
OverheadActual   9: 1048576 op, 2191300.00 ns, 2.0898 ns/op
OverheadActual  10: 1048576 op, 2235300.00 ns, 2.1317 ns/op
OverheadActual  11: 1048576 op, 2040600.00 ns, 1.9461 ns/op
OverheadActual  12: 1048576 op, 2055800.00 ns, 1.9606 ns/op
OverheadActual  13: 1048576 op, 2039600.00 ns, 1.9451 ns/op
OverheadActual  14: 1048576 op, 2112700.00 ns, 2.0148 ns/op
OverheadActual  15: 1048576 op, 2113100.00 ns, 2.0152 ns/op

WorkloadWarmup   1: 1048576 op, 873859800.00 ns, 833.3776 ns/op
WorkloadWarmup   2: 1048576 op, 558657000.00 ns, 532.7768 ns/op
WorkloadWarmup   3: 1048576 op, 861570700.00 ns, 821.6578 ns/op
WorkloadWarmup   4: 1048576 op, 1072120600.00 ns, 1.0225 us/op
WorkloadWarmup   5: 1048576 op, 574121000.00 ns, 547.5245 ns/op
WorkloadWarmup   6: 1048576 op, 952405500.00 ns, 908.2847 ns/op
WorkloadWarmup   7: 1048576 op, 723596600.00 ns, 690.0755 ns/op

// BeforeActualRun
WorkloadActual   1: 1048576 op, 544006600.00 ns, 518.8051 ns/op
WorkloadActual   2: 1048576 op, 838332700.00 ns, 799.4964 ns/op
WorkloadActual   3: 1048576 op, 543810300.00 ns, 518.6179 ns/op
WorkloadActual   4: 1048576 op, 838351600.00 ns, 799.5144 ns/op
WorkloadActual   5: 1048576 op, 554262100.00 ns, 528.5855 ns/op
WorkloadActual   6: 1048576 op, 930608100.00 ns, 887.4970 ns/op
WorkloadActual   7: 1048576 op, 920564900.00 ns, 877.9191 ns/op
WorkloadActual   8: 1048576 op, 556314800.00 ns, 530.5431 ns/op
WorkloadActual   9: 1048576 op, 954176500.00 ns, 909.9736 ns/op
WorkloadActual  10: 1048576 op, 964362800.00 ns, 919.6880 ns/op
WorkloadActual  11: 1048576 op, 551650500.00 ns, 526.0949 ns/op
WorkloadActual  12: 1048576 op, 1001104400.00 ns, 954.7276 ns/op
WorkloadActual  13: 1048576 op, 913218500.00 ns, 870.9130 ns/op
WorkloadActual  14: 1048576 op, 538923300.00 ns, 513.9573 ns/op
WorkloadActual  15: 1048576 op, 813966500.00 ns, 776.2589 ns/op
WorkloadActual  16: 1048576 op, 550477600.00 ns, 524.9763 ns/op
WorkloadActual  17: 1048576 op, 840284200.00 ns, 801.3575 ns/op
WorkloadActual  18: 1048576 op, 769810800.00 ns, 734.1488 ns/op
WorkloadActual  19: 1048576 op, 545626600.00 ns, 520.3501 ns/op
WorkloadActual  20: 1048576 op, 877269200.00 ns, 836.6291 ns/op
WorkloadActual  21: 1048576 op, 537404400.00 ns, 512.5088 ns/op
WorkloadActual  22: 1048576 op, 893186300.00 ns, 851.8088 ns/op
WorkloadActual  23: 1048576 op, 1190585900.00 ns, 1.1354 us/op
WorkloadActual  24: 1048576 op, 556742700.00 ns, 530.9512 ns/op
WorkloadActual  25: 1048576 op, 982961300.00 ns, 937.4249 ns/op
WorkloadActual  26: 1048576 op, 807171500.00 ns, 769.7787 ns/op
WorkloadActual  27: 1048576 op, 565700400.00 ns, 539.4939 ns/op
WorkloadActual  28: 1048576 op, 1139689100.00 ns, 1.0869 us/op
WorkloadActual  29: 1048576 op, 744729200.00 ns, 710.2291 ns/op
WorkloadActual  30: 1048576 op, 539256200.00 ns, 514.2748 ns/op
WorkloadActual  31: 1048576 op, 935747300.00 ns, 892.3982 ns/op
WorkloadActual  32: 1048576 op, 867127500.00 ns, 826.9572 ns/op
WorkloadActual  33: 1048576 op, 549764400.00 ns, 524.2962 ns/op
WorkloadActual  34: 1048576 op, 782017800.00 ns, 745.7903 ns/op
WorkloadActual  35: 1048576 op, 565678100.00 ns, 539.4727 ns/op
WorkloadActual  36: 1048576 op, 1136105600.00 ns, 1.0835 us/op
WorkloadActual  37: 1048576 op, 1549820700.00 ns, 1.4780 us/op
WorkloadActual  38: 1048576 op, 542381000.00 ns, 517.2548 ns/op
WorkloadActual  39: 1048576 op, 551062200.00 ns, 525.5339 ns/op
WorkloadActual  40: 1048576 op, 551910900.00 ns, 526.3433 ns/op
WorkloadActual  41: 1048576 op, 1125423600.00 ns, 1.0733 us/op
WorkloadActual  42: 1048576 op, 615768900.00 ns, 587.2430 ns/op
WorkloadActual  43: 1048576 op, 547812800.00 ns, 522.4350 ns/op
WorkloadActual  44: 1048576 op, 812652200.00 ns, 775.0055 ns/op
WorkloadActual  45: 1048576 op, 540905100.00 ns, 515.8473 ns/op
WorkloadActual  46: 1048576 op, 827396100.00 ns, 789.0664 ns/op
WorkloadActual  47: 1048576 op, 589735800.00 ns, 562.4159 ns/op
WorkloadActual  48: 1048576 op, 1213856100.00 ns, 1.1576 us/op
WorkloadActual  49: 1048576 op, 883738500.00 ns, 842.7987 ns/op
WorkloadActual  50: 1048576 op, 541869700.00 ns, 516.7672 ns/op
WorkloadActual  51: 1048576 op, 809898300.00 ns, 772.3792 ns/op
WorkloadActual  52: 1048576 op, 750525100.00 ns, 715.7565 ns/op
WorkloadActual  53: 1048576 op, 543322700.00 ns, 518.1529 ns/op
WorkloadActual  54: 1048576 op, 980059400.00 ns, 934.6575 ns/op
WorkloadActual  55: 1048576 op, 557140300.00 ns, 531.3304 ns/op
WorkloadActual  56: 1048576 op, 921261800.00 ns, 878.5837 ns/op
WorkloadActual  57: 1048576 op, 873020800.00 ns, 832.5775 ns/op
WorkloadActual  58: 1048576 op, 547925800.00 ns, 522.5428 ns/op
WorkloadActual  59: 1048576 op, 835832200.00 ns, 797.1117 ns/op
WorkloadActual  60: 1048576 op, 585459700.00 ns, 558.3379 ns/op
WorkloadActual  61: 1048576 op, 1186258200.00 ns, 1.1313 us/op
WorkloadActual  62: 1048576 op, 678640800.00 ns, 647.2023 ns/op
WorkloadActual  63: 1048576 op, 546009800.00 ns, 520.7155 ns/op
WorkloadActual  64: 1048576 op, 863666400.00 ns, 823.6565 ns/op
WorkloadActual  65: 1048576 op, 543599300.00 ns, 518.4167 ns/op
WorkloadActual  66: 1048576 op, 932168800.00 ns, 888.9854 ns/op
WorkloadActual  67: 1048576 op, 924404000.00 ns, 881.5804 ns/op
WorkloadActual  68: 1048576 op, 544113700.00 ns, 518.9073 ns/op
WorkloadActual  69: 1048576 op, 833385000.00 ns, 794.7779 ns/op
WorkloadActual  70: 1048576 op, 543120200.00 ns, 517.9598 ns/op
WorkloadActual  71: 1048576 op, 754677000.00 ns, 719.7161 ns/op
WorkloadActual  72: 1048576 op, 785057600.00 ns, 748.6893 ns/op
WorkloadActual  73: 1048576 op, 545495000.00 ns, 520.2246 ns/op
WorkloadActual  74: 1048576 op, 995141200.00 ns, 949.0406 ns/op
WorkloadActual  75: 1048576 op, 561053100.00 ns, 535.0619 ns/op
WorkloadActual  76: 1048576 op, 990536100.00 ns, 944.6488 ns/op
WorkloadActual  77: 1048576 op, 907485300.00 ns, 865.4454 ns/op
WorkloadActual  78: 1048576 op, 545619800.00 ns, 520.3436 ns/op
WorkloadActual  79: 1048576 op, 879435800.00 ns, 838.6953 ns/op
WorkloadActual  80: 1048576 op, 844189800.00 ns, 805.0821 ns/op
WorkloadActual  81: 1048576 op, 554431500.00 ns, 528.7471 ns/op
WorkloadActual  82: 1048576 op, 906488600.00 ns, 864.4949 ns/op
WorkloadActual  83: 1048576 op, 900643800.00 ns, 858.9209 ns/op
WorkloadActual  84: 1048576 op, 544712300.00 ns, 519.4781 ns/op
WorkloadActual  85: 1048576 op, 829969300.00 ns, 791.5204 ns/op
WorkloadActual  86: 1048576 op, 583238900.00 ns, 556.2200 ns/op
WorkloadActual  87: 1048576 op, 1164466100.00 ns, 1.1105 us/op
WorkloadActual  88: 1048576 op, 832008200.00 ns, 793.4649 ns/op
WorkloadActual  89: 1048576 op, 553899600.00 ns, 528.2398 ns/op
WorkloadActual  90: 1048576 op, 917187300.00 ns, 874.6980 ns/op
WorkloadActual  91: 1048576 op, 1199897600.00 ns, 1.1443 us/op
WorkloadActual  92: 1048576 op, 747537600.00 ns, 712.9074 ns/op
WorkloadActual  93: 1048576 op, 554451000.00 ns, 528.7657 ns/op
WorkloadActual  94: 1048576 op, 1038904100.00 ns, 990.7762 ns/op
WorkloadActual  95: 1048576 op, 546534500.00 ns, 521.2159 ns/op
WorkloadActual  96: 1048576 op, 882776300.00 ns, 841.8811 ns/op
WorkloadActual  97: 1048576 op, 806084400.00 ns, 768.7420 ns/op
WorkloadActual  98: 1048576 op, 579120500.00 ns, 552.2923 ns/op
WorkloadActual  99: 1048576 op, 1114526300.00 ns, 1.0629 us/op
WorkloadActual  100: 1048576 op, 984012000.00 ns, 938.4270 ns/op

// AfterActualRun
WorkloadResult   1: 1048576 op, 541926800.00 ns, 516.8217 ns/op
WorkloadResult   2: 1048576 op, 836252900.00 ns, 797.5129 ns/op
WorkloadResult   3: 1048576 op, 541730500.00 ns, 516.6345 ns/op
WorkloadResult   4: 1048576 op, 836271800.00 ns, 797.5309 ns/op
WorkloadResult   5: 1048576 op, 552182300.00 ns, 526.6021 ns/op
WorkloadResult   6: 1048576 op, 928528300.00 ns, 885.5136 ns/op
WorkloadResult   7: 1048576 op, 918485100.00 ns, 875.9356 ns/op
WorkloadResult   8: 1048576 op, 554235000.00 ns, 528.5597 ns/op
WorkloadResult   9: 1048576 op, 952096700.00 ns, 907.9902 ns/op
WorkloadResult  10: 1048576 op, 962283000.00 ns, 917.7046 ns/op
WorkloadResult  11: 1048576 op, 549570700.00 ns, 524.1115 ns/op
WorkloadResult  12: 1048576 op, 999024600.00 ns, 952.7441 ns/op
WorkloadResult  13: 1048576 op, 911138700.00 ns, 868.9296 ns/op
WorkloadResult  14: 1048576 op, 536843500.00 ns, 511.9739 ns/op
WorkloadResult  15: 1048576 op, 811886700.00 ns, 774.2755 ns/op
WorkloadResult  16: 1048576 op, 548397800.00 ns, 522.9929 ns/op
WorkloadResult  17: 1048576 op, 838204400.00 ns, 799.3740 ns/op
WorkloadResult  18: 1048576 op, 767731000.00 ns, 732.1653 ns/op
WorkloadResult  19: 1048576 op, 543546800.00 ns, 518.3666 ns/op
WorkloadResult  20: 1048576 op, 875189400.00 ns, 834.6457 ns/op
WorkloadResult  21: 1048576 op, 535324600.00 ns, 510.5253 ns/op
WorkloadResult  22: 1048576 op, 891106500.00 ns, 849.8254 ns/op
WorkloadResult  23: 1048576 op, 1188506100.00 ns, 1.1334 us/op
WorkloadResult  24: 1048576 op, 554662900.00 ns, 528.9678 ns/op
WorkloadResult  25: 1048576 op, 980881500.00 ns, 935.4415 ns/op
WorkloadResult  26: 1048576 op, 805091700.00 ns, 767.7953 ns/op
WorkloadResult  27: 1048576 op, 563620600.00 ns, 537.5105 ns/op
WorkloadResult  28: 1048576 op, 1137609300.00 ns, 1.0849 us/op
WorkloadResult  29: 1048576 op, 742649400.00 ns, 708.2457 ns/op
WorkloadResult  30: 1048576 op, 537176400.00 ns, 512.2913 ns/op
WorkloadResult  31: 1048576 op, 933667500.00 ns, 890.4147 ns/op
WorkloadResult  32: 1048576 op, 865047700.00 ns, 824.9738 ns/op
WorkloadResult  33: 1048576 op, 547684600.00 ns, 522.3127 ns/op
WorkloadResult  34: 1048576 op, 779938000.00 ns, 743.8068 ns/op
WorkloadResult  35: 1048576 op, 563598300.00 ns, 537.4892 ns/op
WorkloadResult  36: 1048576 op, 1134025800.00 ns, 1.0815 us/op
WorkloadResult  37: 1048576 op, 540301200.00 ns, 515.2714 ns/op
WorkloadResult  38: 1048576 op, 548982400.00 ns, 523.5504 ns/op
WorkloadResult  39: 1048576 op, 549831100.00 ns, 524.3598 ns/op
WorkloadResult  40: 1048576 op, 1123343800.00 ns, 1.0713 us/op
WorkloadResult  41: 1048576 op, 613689100.00 ns, 585.2595 ns/op
WorkloadResult  42: 1048576 op, 545733000.00 ns, 520.4515 ns/op
WorkloadResult  43: 1048576 op, 810572400.00 ns, 773.0221 ns/op
WorkloadResult  44: 1048576 op, 538825300.00 ns, 513.8638 ns/op
WorkloadResult  45: 1048576 op, 825316300.00 ns, 787.0830 ns/op
WorkloadResult  46: 1048576 op, 587656000.00 ns, 560.4324 ns/op
WorkloadResult  47: 1048576 op, 1211776300.00 ns, 1.1556 us/op
WorkloadResult  48: 1048576 op, 881658700.00 ns, 840.8153 ns/op
WorkloadResult  49: 1048576 op, 539789900.00 ns, 514.7838 ns/op
WorkloadResult  50: 1048576 op, 807818500.00 ns, 770.3958 ns/op
WorkloadResult  51: 1048576 op, 748445300.00 ns, 713.7731 ns/op
WorkloadResult  52: 1048576 op, 541242900.00 ns, 516.1695 ns/op
WorkloadResult  53: 1048576 op, 977979600.00 ns, 932.6740 ns/op
WorkloadResult  54: 1048576 op, 555060500.00 ns, 529.3469 ns/op
WorkloadResult  55: 1048576 op, 919182000.00 ns, 876.6003 ns/op
WorkloadResult  56: 1048576 op, 870941000.00 ns, 830.5941 ns/op
WorkloadResult  57: 1048576 op, 545846000.00 ns, 520.5593 ns/op
WorkloadResult  58: 1048576 op, 833752400.00 ns, 795.1283 ns/op
WorkloadResult  59: 1048576 op, 583379900.00 ns, 556.3544 ns/op
WorkloadResult  60: 1048576 op, 1184178400.00 ns, 1.1293 us/op
WorkloadResult  61: 1048576 op, 676561000.00 ns, 645.2188 ns/op
WorkloadResult  62: 1048576 op, 543930000.00 ns, 518.7321 ns/op
WorkloadResult  63: 1048576 op, 861586600.00 ns, 821.6730 ns/op
WorkloadResult  64: 1048576 op, 541519500.00 ns, 516.4332 ns/op
WorkloadResult  65: 1048576 op, 930089000.00 ns, 887.0020 ns/op
WorkloadResult  66: 1048576 op, 922324200.00 ns, 879.5969 ns/op
WorkloadResult  67: 1048576 op, 542033900.00 ns, 516.9238 ns/op
WorkloadResult  68: 1048576 op, 831305200.00 ns, 792.7944 ns/op
WorkloadResult  69: 1048576 op, 541040400.00 ns, 515.9763 ns/op
WorkloadResult  70: 1048576 op, 752597200.00 ns, 717.7326 ns/op
WorkloadResult  71: 1048576 op, 782977800.00 ns, 746.7058 ns/op
WorkloadResult  72: 1048576 op, 543415200.00 ns, 518.2411 ns/op
WorkloadResult  73: 1048576 op, 993061400.00 ns, 947.0572 ns/op
WorkloadResult  74: 1048576 op, 558973300.00 ns, 533.0785 ns/op
WorkloadResult  75: 1048576 op, 988456300.00 ns, 942.6654 ns/op
WorkloadResult  76: 1048576 op, 905405500.00 ns, 863.4620 ns/op
WorkloadResult  77: 1048576 op, 543540000.00 ns, 518.3601 ns/op
WorkloadResult  78: 1048576 op, 877356000.00 ns, 836.7119 ns/op
WorkloadResult  79: 1048576 op, 842110000.00 ns, 803.0987 ns/op
WorkloadResult  80: 1048576 op, 552351700.00 ns, 526.7636 ns/op
WorkloadResult  81: 1048576 op, 904408800.00 ns, 862.5114 ns/op
WorkloadResult  82: 1048576 op, 898564000.00 ns, 856.9374 ns/op
WorkloadResult  83: 1048576 op, 542632500.00 ns, 517.4947 ns/op
WorkloadResult  84: 1048576 op, 827889500.00 ns, 789.5370 ns/op
WorkloadResult  85: 1048576 op, 581159100.00 ns, 554.2365 ns/op
WorkloadResult  86: 1048576 op, 1162386300.00 ns, 1.1085 us/op
WorkloadResult  87: 1048576 op, 829928400.00 ns, 791.4814 ns/op
WorkloadResult  88: 1048576 op, 551819800.00 ns, 526.2564 ns/op
WorkloadResult  89: 1048576 op, 915107500.00 ns, 872.7145 ns/op
WorkloadResult  90: 1048576 op, 1197817800.00 ns, 1.1423 us/op
WorkloadResult  91: 1048576 op, 745457800.00 ns, 710.9240 ns/op
WorkloadResult  92: 1048576 op, 552371200.00 ns, 526.7822 ns/op
WorkloadResult  93: 1048576 op, 1036824300.00 ns, 988.7927 ns/op
WorkloadResult  94: 1048576 op, 544454700.00 ns, 519.2325 ns/op
WorkloadResult  95: 1048576 op, 880696500.00 ns, 839.8976 ns/op
WorkloadResult  96: 1048576 op, 804004600.00 ns, 766.7585 ns/op
WorkloadResult  97: 1048576 op, 577040700.00 ns, 550.3089 ns/op
WorkloadResult  98: 1048576 op, 1112446500.00 ns, 1.0609 us/op
WorkloadResult  99: 1048576 op, 981932200.00 ns, 936.4435 ns/op
// GC:  18 0 0 1031799472 1048576
// Threading:  0 0 1048576

// AfterAll
// Benchmark Process 74304 has exited with code 0.

Mean = 732.393 ns, StdErr = 19.624 ns (2.68%), N = 99, StdDev = 195.254 ns
Min = 510.525 ns, Q1 = 525.308 ns, Median = 767.795 ns, Q3 = 870.822 ns, Max = 1,155.640 ns
IQR = 345.514 ns, LowerFence = 7.037 ns, UpperFence = 1,389.093 ns
ConfidenceInterval = [665.818 ns; 798.968 ns] (CI 99.9%), Margin = 66.575 ns (9.09% of Mean)
Skewness = 0.35, Kurtosis = 1.97, MValue = 3.9

// ** Remained 4 (57.1%) benchmark(s) to run. Estimated finish 2026-05-14 12:56 (0h 7m from now) **
Successfully reverted power plan (GUID: 8c5e7fda-e8bf-4a96-9a85-a6e23a8c635c FriendlyName: High performance)
// ***** BenchmarkRunner: Finish  *****

// * Export *
  benchmarking\library\net10\results\results\MMP.Herald.OSS.Benchmarks.AcceptPathBenchmarks-report.csv
  benchmarking\library\net10\results\results\MMP.Herald.OSS.Benchmarks.AcceptPathBenchmarks-report-github.md
  benchmarking\library\net10\results\results\MMP.Herald.OSS.Benchmarks.AcceptPathBenchmarks-report.html

// * Detailed results *
AcceptPathBenchmarks.Info_no_properties: DefaultJob
Runtime = .NET 10.0.7 (10.0.726.21808), X64 RyuJIT AVX2; GC = Concurrent Server
Mean = 132.181 ns, StdErr = 1.874 ns (1.42%), N = 94, StdDev = 18.172 ns
Min = 96.851 ns, Q1 = 122.244 ns, Median = 132.210 ns, Q3 = 143.175 ns, Max = 179.824 ns
IQR = 20.931 ns, LowerFence = 90.847 ns, UpperFence = 174.572 ns
ConfidenceInterval = [125.812 ns; 138.550 ns] (CI 99.9%), Margin = 6.369 ns (4.82% of Mean)
Skewness = -0.03, Kurtosis = 2.58, MValue = 2.81
-------------------- Histogram --------------------
[ 95.632 ns ; 106.123 ns) | @@@@@@@@@@
[106.123 ns ; 116.327 ns) | @@@@@@@@
[116.327 ns ; 126.437 ns) | @@@@@@@@@@@@@@
[126.437 ns ; 136.928 ns) | @@@@@@@@@@@@@@@@@@@@@@@@@@@
[136.928 ns ; 147.542 ns) | @@@@@@@@@@@@@@@@@@
[147.542 ns ; 153.118 ns) | @@@
[153.118 ns ; 163.609 ns) | @@@@@@@@@@@@
[163.609 ns ; 174.578 ns) | @
[174.578 ns ; 185.069 ns) | @
---------------------------------------------------

AcceptPathBenchmarks.Info_with_one_property: DefaultJob
Runtime = .NET 10.0.7 (10.0.726.21808), X64 RyuJIT AVX2; GC = Concurrent Server
Mean = 473.186 ns, StdErr = 6.255 ns (1.32%), N = 98, StdDev = 61.920 ns
Min = 362.797 ns, Q1 = 453.598 ns, Median = 482.698 ns, Q3 = 509.918 ns, Max = 595.062 ns
IQR = 56.321 ns, LowerFence = 369.117 ns, UpperFence = 594.399 ns
ConfidenceInterval = [451.959 ns; 494.413 ns] (CI 99.9%), Margin = 21.227 ns (4.49% of Mean)
Skewness = -0.47, Kurtosis = 2.38, MValue = 2.73
-------------------- Histogram --------------------
[354.824 ns ; 400.655 ns) | @@@@@@@@@@@@@@@@@@@@
[400.655 ns ; 440.439 ns) | @@
[440.439 ns ; 468.102 ns) | @@@@@@@@@@@
[468.102 ns ; 503.357 ns) | @@@@@@@@@@@@@@@@@@@@@@@@@@@@@@@@@@@@@@
[503.357 ns ; 538.639 ns) | @@@@@@@@@@@@@@@@
[538.639 ns ; 582.479 ns) | @@@@@@@@@
[582.479 ns ; 612.690 ns) | @@
---------------------------------------------------

AcceptPathBenchmarks.Info_with_three_properties: DefaultJob
Runtime = .NET 10.0.7 (10.0.726.21808), X64 RyuJIT AVX2; GC = Concurrent Server
Mean = 732.393 ns, StdErr = 19.624 ns (2.68%), N = 99, StdDev = 195.254 ns
Min = 510.525 ns, Q1 = 525.308 ns, Median = 767.795 ns, Q3 = 870.822 ns, Max = 1,155.640 ns
IQR = 345.514 ns, LowerFence = 7.037 ns, UpperFence = 1,389.093 ns
ConfidenceInterval = [665.818 ns; 798.968 ns] (CI 99.9%), Margin = 66.575 ns (9.09% of Mean)
Skewness = 0.35, Kurtosis = 1.97, MValue = 3.9
-------------------- Histogram --------------------
[  492.495 ns ;   603.289 ns) | @@@@@@@@@@@@@@@@@@@@@@@@@@@@@@@@@@@@@@@@
[  603.289 ns ;   640.565 ns) | 
[  640.565 ns ;   766.282 ns) | @@@@@@@@
[  766.282 ns ;   877.077 ns) | @@@@@@@@@@@@@@@@@@@@@@@@@@@@@
[  877.077 ns ;   989.592 ns) | @@@@@@@@@@@@@
[  989.592 ns ; 1,052.879 ns) | 
[1,052.879 ns ; 1,163.673 ns) | @@@@@@@@@
---------------------------------------------------

// * Summary *

BenchmarkDotNet v0.14.0, Windows 11 (10.0.26200.8246)
12th Gen Intel Core i9-12900K, 1 CPU, 24 logical and 16 physical cores
.NET SDK 10.0.203
  [Host]     : .NET 10.0.7 (10.0.726.21808), X64 RyuJIT AVX2
  DefaultJob : .NET 10.0.7 (10.0.726.21808), X64 RyuJIT AVX2


| Method                     | Mean     | Error    | StdDev    | Gen0   | Gen1   | Gen2   | Allocated |
|--------------------------- |---------:|---------:|----------:|-------:|-------:|-------:|----------:|
| Info_no_properties         | 132.2 ns |  6.37 ns |  18.17 ns | 0.0055 | 0.0001 | 0.0001 |         - |
| Info_with_one_property     | 473.2 ns | 21.23 ns |  61.92 ns | 0.0119 |      - |      - |     704 B |
| Info_with_three_properties | 732.4 ns | 66.58 ns | 195.25 ns | 0.0172 |      - |      - |     984 B |

// * Warnings *
MultimodalDistribution
  AcceptPathBenchmarks.Info_no_properties: Default         -> It seems that the distribution can have several modes (mValue = 2.81)
  AcceptPathBenchmarks.Info_with_three_properties: Default -> It seems that the distribution is bimodal (mValue = 3.9)

// * Hints *
Outliers
  AcceptPathBenchmarks.Info_no_properties: Default         -> 6 outliers were removed (185.78 ns..258.31 ns)
  AcceptPathBenchmarks.Info_with_one_property: Default     -> 2 outliers were removed, 12 outliers were detected (364.73 ns..369.98 ns, 735.08 ns, 784.81 ns)
  AcceptPathBenchmarks.Info_with_three_properties: Default -> 1 outlier  was  removed (1.48 μs)

// * Legends *
  Mean      : Arithmetic mean of all measurements
  Error     : Half of 99.9% confidence interval
  StdDev    : Standard deviation of all measurements
  Gen0      : GC Generation 0 collects per 1000 operations
  Gen1      : GC Generation 1 collects per 1000 operations
  Gen2      : GC Generation 2 collects per 1000 operations
  Allocated : Allocated memory per single operation (managed only, inclusive, 1KB = 1024B)
  1 ns      : 1 Nanosecond (0.000000001 sec)

// * Diagnostic Output - MemoryDiagnoser *


// ***** BenchmarkRunner: End *****
Run time: 00:05:36 (336.81 sec), executed benchmarks: 3

// Found 4 benchmarks:
//   KernelFanOutBenchmarks.FanOut_Single: DefaultJob
//   KernelFanOutBenchmarks.FanOut_Pair: DefaultJob
//   KernelFanOutBenchmarks.FanOut_Triple: DefaultJob
//   KernelFanOutBenchmarks.FanOut_Many_5: DefaultJob

Setup power plan (GUID: 8c5e7fda-e8bf-4a96-9a85-a6e23a8c635c FriendlyName: High performance)
// **************************
// Benchmark: KernelFanOutBenchmarks.FanOut_Single: DefaultJob
// *** Execute ***
// Launch: 1 / 1
// Execute: dotnet ffd3d23f-eef8-44f9-850b-d9c7c2851a5f.dll --anonymousPipes 11272 33968 --benchmarkName MMP.Herald.OSS.Benchmarks.KernelFanOutBenchmarks.FanOut_Single --job Default --benchmarkId 3 in E:\dev\Herald.OSS\benchmarking\library\net10\bin\Release\net10.0\ffd3d23f-eef8-44f9-850b-d9c7c2851a5f\bin\Release\net10.0
// BeforeAnythingElse

// Benchmark Process Environment Information:
// BenchmarkDotNet v0.14.0
// Runtime=.NET 10.0.7 (10.0.726.21808), X64 RyuJIT AVX2
// GC=Concurrent Server
// HardwareIntrinsics=AVX2,AES,BMI1,BMI2,FMA,LZCNT,PCLMUL,POPCNT,AvxVnni,SERIALIZE VectorSize=256
// Job: DefaultJob

OverheadJitting  1: 1 op, 254700.00 ns, 254.7000 us/op
WorkloadJitting  1: 1 op, 1030400.00 ns, 1.0304 ms/op

OverheadJitting  2: 16 op, 191900.00 ns, 11.9938 us/op
WorkloadJitting  2: 16 op, 189100.00 ns, 11.8188 us/op

WorkloadPilot    1: 16 op, 4300.00 ns, 268.7500 ns/op
WorkloadPilot    2: 32 op, 3200.00 ns, 100.0000 ns/op
WorkloadPilot    3: 64 op, 2900.00 ns, 45.3125 ns/op
WorkloadPilot    4: 128 op, 5600.00 ns, 43.7500 ns/op
WorkloadPilot    5: 256 op, 9200.00 ns, 35.9375 ns/op
WorkloadPilot    6: 512 op, 19000.00 ns, 37.1094 ns/op
WorkloadPilot    7: 1024 op, 32900.00 ns, 32.1289 ns/op
WorkloadPilot    8: 2048 op, 68900.00 ns, 33.6426 ns/op
WorkloadPilot    9: 4096 op, 122900.00 ns, 30.0049 ns/op
WorkloadPilot   10: 8192 op, 450500.00 ns, 54.9927 ns/op
WorkloadPilot   11: 16384 op, 492900.00 ns, 30.0842 ns/op
WorkloadPilot   12: 32768 op, 991500.00 ns, 30.2582 ns/op
WorkloadPilot   13: 65536 op, 1987000.00 ns, 30.3192 ns/op
WorkloadPilot   14: 131072 op, 3957200.00 ns, 30.1910 ns/op
WorkloadPilot   15: 262144 op, 7886300.00 ns, 30.0838 ns/op
WorkloadPilot   16: 524288 op, 15867900.00 ns, 30.2656 ns/op
WorkloadPilot   17: 1048576 op, 31620200.00 ns, 30.1554 ns/op
WorkloadPilot   18: 2097152 op, 61925100.00 ns, 29.5282 ns/op
WorkloadPilot   19: 4194304 op, 86432700.00 ns, 20.6072 ns/op
WorkloadPilot   20: 8388608 op, 173409500.00 ns, 20.6720 ns/op
WorkloadPilot   21: 16777216 op, 345781200.00 ns, 20.6102 ns/op
WorkloadPilot   22: 33554432 op, 687711000.00 ns, 20.4954 ns/op

OverheadWarmup   1: 33554432 op, 70590700.00 ns, 2.1038 ns/op
OverheadWarmup   2: 33554432 op, 70416500.00 ns, 2.0986 ns/op
OverheadWarmup   3: 33554432 op, 70534900.00 ns, 2.1021 ns/op
OverheadWarmup   4: 33554432 op, 50674800.00 ns, 1.5102 ns/op
OverheadWarmup   5: 33554432 op, 50431500.00 ns, 1.5030 ns/op
OverheadWarmup   6: 33554432 op, 49847700.00 ns, 1.4856 ns/op
OverheadWarmup   7: 33554432 op, 49840300.00 ns, 1.4854 ns/op
OverheadWarmup   8: 33554432 op, 50090300.00 ns, 1.4928 ns/op
OverheadWarmup   9: 33554432 op, 49954500.00 ns, 1.4888 ns/op

OverheadActual   1: 33554432 op, 49887800.00 ns, 1.4868 ns/op
OverheadActual   2: 33554432 op, 49809900.00 ns, 1.4845 ns/op
OverheadActual   3: 33554432 op, 49915000.00 ns, 1.4876 ns/op
OverheadActual   4: 33554432 op, 49780000.00 ns, 1.4836 ns/op
OverheadActual   5: 33554432 op, 50011400.00 ns, 1.4905 ns/op
OverheadActual   6: 33554432 op, 51132600.00 ns, 1.5239 ns/op
OverheadActual   7: 33554432 op, 50827700.00 ns, 1.5148 ns/op
OverheadActual   8: 33554432 op, 49821300.00 ns, 1.4848 ns/op
OverheadActual   9: 33554432 op, 49809200.00 ns, 1.4844 ns/op
OverheadActual  10: 33554432 op, 49869100.00 ns, 1.4862 ns/op
OverheadActual  11: 33554432 op, 49918800.00 ns, 1.4877 ns/op
OverheadActual  12: 33554432 op, 50196800.00 ns, 1.4960 ns/op
OverheadActual  13: 33554432 op, 51396300.00 ns, 1.5317 ns/op
OverheadActual  14: 33554432 op, 52072300.00 ns, 1.5519 ns/op
OverheadActual  15: 33554432 op, 51602900.00 ns, 1.5379 ns/op

WorkloadWarmup   1: 33554432 op, 720911400.00 ns, 21.4848 ns/op
WorkloadWarmup   2: 33554432 op, 705534600.00 ns, 21.0266 ns/op
WorkloadWarmup   3: 33554432 op, 708133100.00 ns, 21.1040 ns/op
WorkloadWarmup   4: 33554432 op, 695276100.00 ns, 20.7208 ns/op
WorkloadWarmup   5: 33554432 op, 726021500.00 ns, 21.6371 ns/op
WorkloadWarmup   6: 33554432 op, 730112500.00 ns, 21.7590 ns/op
WorkloadWarmup   7: 33554432 op, 709871000.00 ns, 21.1558 ns/op

// BeforeActualRun
WorkloadActual   1: 33554432 op, 701021000.00 ns, 20.8921 ns/op
WorkloadActual   2: 33554432 op, 692377400.00 ns, 20.6345 ns/op
WorkloadActual   3: 33554432 op, 704360800.00 ns, 20.9916 ns/op
WorkloadActual   4: 33554432 op, 698794100.00 ns, 20.8257 ns/op
WorkloadActual   5: 33554432 op, 725607700.00 ns, 21.6248 ns/op
WorkloadActual   6: 33554432 op, 707757600.00 ns, 21.0928 ns/op
WorkloadActual   7: 33554432 op, 720159200.00 ns, 21.4624 ns/op
WorkloadActual   8: 33554432 op, 710287600.00 ns, 21.1682 ns/op
WorkloadActual   9: 33554432 op, 696025500.00 ns, 20.7432 ns/op
WorkloadActual  10: 33554432 op, 699037000.00 ns, 20.8329 ns/op
WorkloadActual  11: 33554432 op, 708099300.00 ns, 21.1030 ns/op
WorkloadActual  12: 33554432 op, 712132200.00 ns, 21.2232 ns/op
WorkloadActual  13: 33554432 op, 711824900.00 ns, 21.2140 ns/op
WorkloadActual  14: 33554432 op, 708188000.00 ns, 21.1056 ns/op
WorkloadActual  15: 33554432 op, 693612200.00 ns, 20.6713 ns/op

// AfterActualRun
WorkloadResult   1: 33554432 op, 651102200.00 ns, 19.4044 ns/op
WorkloadResult   2: 33554432 op, 642458600.00 ns, 19.1468 ns/op
WorkloadResult   3: 33554432 op, 654442000.00 ns, 19.5039 ns/op
WorkloadResult   4: 33554432 op, 648875300.00 ns, 19.3380 ns/op
WorkloadResult   5: 33554432 op, 675688900.00 ns, 20.1371 ns/op
WorkloadResult   6: 33554432 op, 657838800.00 ns, 19.6051 ns/op
WorkloadResult   7: 33554432 op, 670240400.00 ns, 19.9747 ns/op
WorkloadResult   8: 33554432 op, 660368800.00 ns, 19.6805 ns/op
WorkloadResult   9: 33554432 op, 646106700.00 ns, 19.2555 ns/op
WorkloadResult  10: 33554432 op, 649118200.00 ns, 19.3452 ns/op
WorkloadResult  11: 33554432 op, 658180500.00 ns, 19.6153 ns/op
WorkloadResult  12: 33554432 op, 662213400.00 ns, 19.7355 ns/op
WorkloadResult  13: 33554432 op, 661906100.00 ns, 19.7263 ns/op
WorkloadResult  14: 33554432 op, 658269200.00 ns, 19.6180 ns/op
WorkloadResult  15: 33554432 op, 643693400.00 ns, 19.1836 ns/op
// GC:  0 0 0 400 33554432
// Threading:  0 0 33554432

// AfterAll
// Benchmark Process 65836 has exited with code 0.

Mean = 19.551 ns, StdErr = 0.073 ns (0.37%), N = 15, StdDev = 0.282 ns
Min = 19.147 ns, Q1 = 19.342 ns, Median = 19.605 ns, Q3 = 19.703 ns, Max = 20.137 ns
IQR = 0.362 ns, LowerFence = 18.799 ns, UpperFence = 20.246 ns
ConfidenceInterval = [19.250 ns; 19.853 ns] (CI 99.9%), Margin = 0.301 ns (1.54% of Mean)
Skewness = 0.38, Kurtosis = 2.21, MValue = 2

// ** Remained 3 (42.9%) benchmark(s) to run. Estimated finish 2026-05-14 12:54 (0h 4m from now) **
Setup power plan (GUID: 8c5e7fda-e8bf-4a96-9a85-a6e23a8c635c FriendlyName: High performance)
// **************************
// Benchmark: KernelFanOutBenchmarks.FanOut_Pair: DefaultJob
// *** Execute ***
// Launch: 1 / 1
// Execute: dotnet ffd3d23f-eef8-44f9-850b-d9c7c2851a5f.dll --anonymousPipes 51024 51028 --benchmarkName MMP.Herald.OSS.Benchmarks.KernelFanOutBenchmarks.FanOut_Pair --job Default --benchmarkId 4 in E:\dev\Herald.OSS\benchmarking\library\net10\bin\Release\net10.0\ffd3d23f-eef8-44f9-850b-d9c7c2851a5f\bin\Release\net10.0
// BeforeAnythingElse

// Benchmark Process Environment Information:
// BenchmarkDotNet v0.14.0
// Runtime=.NET 10.0.7 (10.0.726.21808), X64 RyuJIT AVX2
// GC=Concurrent Server
// HardwareIntrinsics=AVX2,AES,BMI1,BMI2,FMA,LZCNT,PCLMUL,POPCNT,AvxVnni,SERIALIZE VectorSize=256
// Job: DefaultJob

OverheadJitting  1: 1 op, 204800.00 ns, 204.8000 us/op
WorkloadJitting  1: 1 op, 1045600.00 ns, 1.0456 ms/op

OverheadJitting  2: 16 op, 195000.00 ns, 12.1875 us/op
WorkloadJitting  2: 16 op, 181200.00 ns, 11.3250 us/op

WorkloadPilot    1: 16 op, 3800.00 ns, 237.5000 ns/op
WorkloadPilot    2: 32 op, 3700.00 ns, 115.6250 ns/op
WorkloadPilot    3: 64 op, 3200.00 ns, 50.0000 ns/op
WorkloadPilot    4: 128 op, 5400.00 ns, 42.1875 ns/op
WorkloadPilot    5: 256 op, 9300.00 ns, 36.3281 ns/op
WorkloadPilot    6: 512 op, 17600.00 ns, 34.3750 ns/op
WorkloadPilot    7: 1024 op, 34200.00 ns, 33.3984 ns/op
WorkloadPilot    8: 2048 op, 64000.00 ns, 31.2500 ns/op
WorkloadPilot    9: 4096 op, 196200.00 ns, 47.9004 ns/op
WorkloadPilot   10: 8192 op, 447000.00 ns, 54.5654 ns/op
WorkloadPilot   11: 16384 op, 509700.00 ns, 31.1096 ns/op
WorkloadPilot   12: 32768 op, 1062500.00 ns, 32.4249 ns/op
WorkloadPilot   13: 65536 op, 2125700.00 ns, 32.4356 ns/op
WorkloadPilot   14: 131072 op, 4114000.00 ns, 31.3873 ns/op
WorkloadPilot   15: 262144 op, 8395300.00 ns, 32.0255 ns/op
WorkloadPilot   16: 524288 op, 16921400.00 ns, 32.2750 ns/op
WorkloadPilot   17: 1048576 op, 34347400.00 ns, 32.7562 ns/op
WorkloadPilot   18: 2097152 op, 61641200.00 ns, 29.3928 ns/op
WorkloadPilot   19: 4194304 op, 89052900.00 ns, 21.2319 ns/op
WorkloadPilot   20: 8388608 op, 172800200.00 ns, 20.5994 ns/op
WorkloadPilot   21: 16777216 op, 344693500.00 ns, 20.5453 ns/op
WorkloadPilot   22: 33554432 op, 694147200.00 ns, 20.6872 ns/op

OverheadWarmup   1: 33554432 op, 71847600.00 ns, 2.1412 ns/op
OverheadWarmup   2: 33554432 op, 72834100.00 ns, 2.1706 ns/op
OverheadWarmup   3: 33554432 op, 69485600.00 ns, 2.0708 ns/op
OverheadWarmup   4: 33554432 op, 50497400.00 ns, 1.5049 ns/op
OverheadWarmup   5: 33554432 op, 49865900.00 ns, 1.4861 ns/op
OverheadWarmup   6: 33554432 op, 49881000.00 ns, 1.4866 ns/op
OverheadWarmup   7: 33554432 op, 49876100.00 ns, 1.4864 ns/op

OverheadActual   1: 33554432 op, 49831600.00 ns, 1.4851 ns/op
OverheadActual   2: 33554432 op, 49952600.00 ns, 1.4887 ns/op
OverheadActual   3: 33554432 op, 49832100.00 ns, 1.4851 ns/op
OverheadActual   4: 33554432 op, 49839600.00 ns, 1.4853 ns/op
OverheadActual   5: 33554432 op, 50097800.00 ns, 1.4930 ns/op
OverheadActual   6: 33554432 op, 50393200.00 ns, 1.5018 ns/op
OverheadActual   7: 33554432 op, 49799900.00 ns, 1.4842 ns/op
OverheadActual   8: 33554432 op, 50747400.00 ns, 1.5124 ns/op
OverheadActual   9: 33554432 op, 49878800.00 ns, 1.4865 ns/op
OverheadActual  10: 33554432 op, 49857100.00 ns, 1.4859 ns/op
OverheadActual  11: 33554432 op, 49938900.00 ns, 1.4883 ns/op
OverheadActual  12: 33554432 op, 49846500.00 ns, 1.4855 ns/op
OverheadActual  13: 33554432 op, 49907400.00 ns, 1.4874 ns/op
OverheadActual  14: 33554432 op, 49938200.00 ns, 1.4883 ns/op
OverheadActual  15: 33554432 op, 49875400.00 ns, 1.4864 ns/op

WorkloadWarmup   1: 33554432 op, 695241800.00 ns, 20.7198 ns/op
WorkloadWarmup   2: 33554432 op, 689286800.00 ns, 20.5423 ns/op
WorkloadWarmup   3: 33554432 op, 688085100.00 ns, 20.5065 ns/op
WorkloadWarmup   4: 33554432 op, 690572500.00 ns, 20.5807 ns/op
WorkloadWarmup   5: 33554432 op, 690466100.00 ns, 20.5775 ns/op
WorkloadWarmup   6: 33554432 op, 703621000.00 ns, 20.9695 ns/op
WorkloadWarmup   7: 33554432 op, 704628500.00 ns, 20.9996 ns/op
WorkloadWarmup   8: 33554432 op, 695355000.00 ns, 20.7232 ns/op

// BeforeActualRun
WorkloadActual   1: 33554432 op, 690750200.00 ns, 20.5860 ns/op
WorkloadActual   2: 33554432 op, 689470800.00 ns, 20.5478 ns/op
WorkloadActual   3: 33554432 op, 690064000.00 ns, 20.5655 ns/op
WorkloadActual   4: 33554432 op, 687773600.00 ns, 20.4973 ns/op
WorkloadActual   5: 33554432 op, 689207800.00 ns, 20.5400 ns/op
WorkloadActual   6: 33554432 op, 693185200.00 ns, 20.6585 ns/op
WorkloadActual   7: 33554432 op, 701594300.00 ns, 20.9091 ns/op
WorkloadActual   8: 33554432 op, 715009100.00 ns, 21.3089 ns/op
WorkloadActual   9: 33554432 op, 743504700.00 ns, 22.1582 ns/op
WorkloadActual  10: 33554432 op, 695130200.00 ns, 20.7165 ns/op
WorkloadActual  11: 33554432 op, 715909500.00 ns, 21.3358 ns/op
WorkloadActual  12: 33554432 op, 701105100.00 ns, 20.8946 ns/op
WorkloadActual  13: 33554432 op, 709887900.00 ns, 21.1563 ns/op
WorkloadActual  14: 33554432 op, 699878300.00 ns, 20.8580 ns/op
WorkloadActual  15: 33554432 op, 699048000.00 ns, 20.8333 ns/op

// AfterActualRun
WorkloadResult   1: 33554432 op, 640871400.00 ns, 19.0995 ns/op
WorkloadResult   2: 33554432 op, 639592000.00 ns, 19.0613 ns/op
WorkloadResult   3: 33554432 op, 640185200.00 ns, 19.0790 ns/op
WorkloadResult   4: 33554432 op, 637894800.00 ns, 19.0107 ns/op
WorkloadResult   5: 33554432 op, 639329000.00 ns, 19.0535 ns/op
WorkloadResult   6: 33554432 op, 643306400.00 ns, 19.1720 ns/op
WorkloadResult   7: 33554432 op, 651715500.00 ns, 19.4226 ns/op
WorkloadResult   8: 33554432 op, 665130300.00 ns, 19.8224 ns/op
WorkloadResult   9: 33554432 op, 645251400.00 ns, 19.2300 ns/op
WorkloadResult  10: 33554432 op, 666030700.00 ns, 19.8493 ns/op
WorkloadResult  11: 33554432 op, 651226300.00 ns, 19.4081 ns/op
WorkloadResult  12: 33554432 op, 660009100.00 ns, 19.6698 ns/op
WorkloadResult  13: 33554432 op, 649999500.00 ns, 19.3715 ns/op
WorkloadResult  14: 33554432 op, 649169200.00 ns, 19.3467 ns/op
// GC:  0 0 0 112 33554432
// Threading:  0 0 33554432

// AfterAll
// Benchmark Process 79508 has exited with code 0.

Mean = 19.328 ns, StdErr = 0.076 ns (0.39%), N = 14, StdDev = 0.284 ns
Min = 19.011 ns, Q1 = 19.084 ns, Median = 19.288 ns, Q3 = 19.419 ns, Max = 19.849 ns
IQR = 0.335 ns, LowerFence = 18.582 ns, UpperFence = 19.921 ns
ConfidenceInterval = [19.008 ns; 19.648 ns] (CI 99.9%), Margin = 0.320 ns (1.66% of Mean)
Skewness = 0.62, Kurtosis = 1.93, MValue = 2

// ** Remained 2 (28.6%) benchmark(s) to run. Estimated finish 2026-05-14 12:52 (0h 2m from now) **
Setup power plan (GUID: 8c5e7fda-e8bf-4a96-9a85-a6e23a8c635c FriendlyName: High performance)
// **************************
// Benchmark: KernelFanOutBenchmarks.FanOut_Triple: DefaultJob
// *** Execute ***
// Launch: 1 / 1
// Execute: dotnet ffd3d23f-eef8-44f9-850b-d9c7c2851a5f.dll --anonymousPipes 51020 18092 --benchmarkName MMP.Herald.OSS.Benchmarks.KernelFanOutBenchmarks.FanOut_Triple --job Default --benchmarkId 5 in E:\dev\Herald.OSS\benchmarking\library\net10\bin\Release\net10.0\ffd3d23f-eef8-44f9-850b-d9c7c2851a5f\bin\Release\net10.0
// BeforeAnythingElse

// Benchmark Process Environment Information:
// BenchmarkDotNet v0.14.0
// Runtime=.NET 10.0.7 (10.0.726.21808), X64 RyuJIT AVX2
// GC=Concurrent Server
// HardwareIntrinsics=AVX2,AES,BMI1,BMI2,FMA,LZCNT,PCLMUL,POPCNT,AvxVnni,SERIALIZE VectorSize=256
// Job: DefaultJob

OverheadJitting  1: 1 op, 200300.00 ns, 200.3000 us/op
WorkloadJitting  1: 1 op, 1020700.00 ns, 1.0207 ms/op

OverheadJitting  2: 16 op, 194200.00 ns, 12.1375 us/op
WorkloadJitting  2: 16 op, 159400.00 ns, 9.9625 us/op

WorkloadPilot    1: 16 op, 9900.00 ns, 618.7500 ns/op
WorkloadPilot    2: 32 op, 2500.00 ns, 78.1250 ns/op
WorkloadPilot    3: 64 op, 3800.00 ns, 59.3750 ns/op
WorkloadPilot    4: 128 op, 5200.00 ns, 40.6250 ns/op
WorkloadPilot    5: 256 op, 9000.00 ns, 35.1563 ns/op
WorkloadPilot    6: 512 op, 17500.00 ns, 34.1797 ns/op
WorkloadPilot    7: 1024 op, 33300.00 ns, 32.5195 ns/op
WorkloadPilot    8: 2048 op, 65800.00 ns, 32.1289 ns/op
WorkloadPilot    9: 4096 op, 135300.00 ns, 33.0322 ns/op
WorkloadPilot   10: 8192 op, 273200.00 ns, 33.3496 ns/op
WorkloadPilot   11: 16384 op, 526600.00 ns, 32.1411 ns/op
WorkloadPilot   12: 32768 op, 1068000.00 ns, 32.5928 ns/op
WorkloadPilot   13: 65536 op, 2131600.00 ns, 32.5256 ns/op
WorkloadPilot   14: 131072 op, 4221900.00 ns, 32.2105 ns/op
WorkloadPilot   15: 262144 op, 8698900.00 ns, 33.1837 ns/op
WorkloadPilot   16: 524288 op, 17141700.00 ns, 32.6952 ns/op
WorkloadPilot   17: 1048576 op, 33945800.00 ns, 32.3732 ns/op
WorkloadPilot   18: 2097152 op, 60436600.00 ns, 28.8184 ns/op
WorkloadPilot   19: 4194304 op, 87676800.00 ns, 20.9038 ns/op
WorkloadPilot   20: 8388608 op, 177389700.00 ns, 21.1465 ns/op
WorkloadPilot   21: 16777216 op, 351202900.00 ns, 20.9333 ns/op
WorkloadPilot   22: 33554432 op, 699371100.00 ns, 20.8429 ns/op

OverheadWarmup   1: 33554432 op, 71120100.00 ns, 2.1195 ns/op
OverheadWarmup   2: 33554432 op, 71078000.00 ns, 2.1183 ns/op
OverheadWarmup   3: 33554432 op, 71104800.00 ns, 2.1191 ns/op
OverheadWarmup   4: 33554432 op, 51397000.00 ns, 1.5317 ns/op
OverheadWarmup   5: 33554432 op, 50962400.00 ns, 1.5188 ns/op
OverheadWarmup   6: 33554432 op, 50358100.00 ns, 1.5008 ns/op
OverheadWarmup   7: 33554432 op, 50237100.00 ns, 1.4972 ns/op
OverheadWarmup   8: 33554432 op, 50478200.00 ns, 1.5044 ns/op
OverheadWarmup   9: 33554432 op, 50381100.00 ns, 1.5015 ns/op

OverheadActual   1: 33554432 op, 50271600.00 ns, 1.4982 ns/op
OverheadActual   2: 33554432 op, 50221300.00 ns, 1.4967 ns/op
OverheadActual   3: 33554432 op, 50443000.00 ns, 1.5033 ns/op
OverheadActual   4: 33554432 op, 50261800.00 ns, 1.4979 ns/op
OverheadActual   5: 33554432 op, 50841600.00 ns, 1.5152 ns/op
OverheadActual   6: 33554432 op, 50435300.00 ns, 1.5031 ns/op
OverheadActual   7: 33554432 op, 50392300.00 ns, 1.5018 ns/op
OverheadActual   8: 33554432 op, 50197800.00 ns, 1.4960 ns/op
OverheadActual   9: 33554432 op, 50196100.00 ns, 1.4960 ns/op
OverheadActual  10: 33554432 op, 50191800.00 ns, 1.4958 ns/op
OverheadActual  11: 33554432 op, 50379600.00 ns, 1.5014 ns/op
OverheadActual  12: 33554432 op, 50307100.00 ns, 1.4993 ns/op
OverheadActual  13: 33554432 op, 50495800.00 ns, 1.5049 ns/op
OverheadActual  14: 33554432 op, 50384300.00 ns, 1.5016 ns/op
OverheadActual  15: 33554432 op, 50998800.00 ns, 1.5199 ns/op

WorkloadWarmup   1: 33554432 op, 703307600.00 ns, 20.9602 ns/op
WorkloadWarmup   2: 33554432 op, 697389800.00 ns, 20.7838 ns/op
WorkloadWarmup   3: 33554432 op, 694874100.00 ns, 20.7089 ns/op
WorkloadWarmup   4: 33554432 op, 702304600.00 ns, 20.9303 ns/op
WorkloadWarmup   5: 33554432 op, 696509600.00 ns, 20.7576 ns/op
WorkloadWarmup   6: 33554432 op, 710576600.00 ns, 21.1768 ns/op
WorkloadWarmup   7: 33554432 op, 719883900.00 ns, 21.4542 ns/op
WorkloadWarmup   8: 33554432 op, 707703800.00 ns, 21.0912 ns/op

// BeforeActualRun
WorkloadActual   1: 33554432 op, 704653600.00 ns, 21.0003 ns/op
WorkloadActual   2: 33554432 op, 702620600.00 ns, 20.9397 ns/op
WorkloadActual   3: 33554432 op, 702816500.00 ns, 20.9456 ns/op
WorkloadActual   4: 33554432 op, 708831000.00 ns, 21.1248 ns/op
WorkloadActual   5: 33554432 op, 698437000.00 ns, 20.8150 ns/op
WorkloadActual   6: 33554432 op, 702713800.00 ns, 20.9425 ns/op
WorkloadActual   7: 33554432 op, 703872800.00 ns, 20.9770 ns/op
WorkloadActual   8: 33554432 op, 701453600.00 ns, 20.9049 ns/op
WorkloadActual   9: 33554432 op, 695302700.00 ns, 20.7216 ns/op
WorkloadActual  10: 33554432 op, 697179200.00 ns, 20.7776 ns/op
WorkloadActual  11: 33554432 op, 697421800.00 ns, 20.7848 ns/op
WorkloadActual  12: 33554432 op, 712483400.00 ns, 21.2337 ns/op
WorkloadActual  13: 33554432 op, 697632100.00 ns, 20.7911 ns/op
WorkloadActual  14: 33554432 op, 699021100.00 ns, 20.8325 ns/op
WorkloadActual  15: 33554432 op, 695211400.00 ns, 20.7189 ns/op

// AfterActualRun
WorkloadResult   1: 33554432 op, 654274000.00 ns, 19.4989 ns/op
WorkloadResult   2: 33554432 op, 652241000.00 ns, 19.4383 ns/op
WorkloadResult   3: 33554432 op, 652436900.00 ns, 19.4441 ns/op
WorkloadResult   4: 33554432 op, 658451400.00 ns, 19.6234 ns/op
WorkloadResult   5: 33554432 op, 648057400.00 ns, 19.3136 ns/op
WorkloadResult   6: 33554432 op, 652334200.00 ns, 19.4411 ns/op
WorkloadResult   7: 33554432 op, 653493200.00 ns, 19.4756 ns/op
WorkloadResult   8: 33554432 op, 651074000.00 ns, 19.4035 ns/op
WorkloadResult   9: 33554432 op, 644923100.00 ns, 19.2202 ns/op
WorkloadResult  10: 33554432 op, 646799600.00 ns, 19.2761 ns/op
WorkloadResult  11: 33554432 op, 647042200.00 ns, 19.2834 ns/op
WorkloadResult  12: 33554432 op, 647252500.00 ns, 19.2896 ns/op
WorkloadResult  13: 33554432 op, 648641500.00 ns, 19.3310 ns/op
WorkloadResult  14: 33554432 op, 644831800.00 ns, 19.2175 ns/op
// GC:  0 0 0 112 33554432
// Threading:  0 0 33554432

// AfterAll
// Benchmark Process 78580 has exited with code 0.

Mean = 19.375 ns, StdErr = 0.032 ns (0.16%), N = 14, StdDev = 0.118 ns
Min = 19.217 ns, Q1 = 19.285 ns, Median = 19.367 ns, Q3 = 19.443 ns, Max = 19.623 ns
IQR = 0.158 ns, LowerFence = 19.047 ns, UpperFence = 19.681 ns
ConfidenceInterval = [19.242 ns; 19.509 ns] (CI 99.9%), Margin = 0.133 ns (0.69% of Mean)
Skewness = 0.37, Kurtosis = 2.07, MValue = 2

// ** Remained 1 (14.3%) benchmark(s) to run. Estimated finish 2026-05-14 12:51 (0h 1m from now) **
Setup power plan (GUID: 8c5e7fda-e8bf-4a96-9a85-a6e23a8c635c FriendlyName: High performance)
// **************************
// Benchmark: KernelFanOutBenchmarks.FanOut_Many_5: DefaultJob
// *** Execute ***
// Launch: 1 / 1
// Execute: dotnet ffd3d23f-eef8-44f9-850b-d9c7c2851a5f.dll --anonymousPipes 35432 35436 --benchmarkName MMP.Herald.OSS.Benchmarks.KernelFanOutBenchmarks.FanOut_Many_5 --job Default --benchmarkId 6 in E:\dev\Herald.OSS\benchmarking\library\net10\bin\Release\net10.0\ffd3d23f-eef8-44f9-850b-d9c7c2851a5f\bin\Release\net10.0
// BeforeAnythingElse

// Benchmark Process Environment Information:
// BenchmarkDotNet v0.14.0
// Runtime=.NET 10.0.7 (10.0.726.21808), X64 RyuJIT AVX2
// GC=Concurrent Server
// HardwareIntrinsics=AVX2,AES,BMI1,BMI2,FMA,LZCNT,PCLMUL,POPCNT,AvxVnni,SERIALIZE VectorSize=256
// Job: DefaultJob

OverheadJitting  1: 1 op, 193200.00 ns, 193.2000 us/op
WorkloadJitting  1: 1 op, 1116000.00 ns, 1.1160 ms/op

OverheadJitting  2: 16 op, 191300.00 ns, 11.9563 us/op
WorkloadJitting  2: 16 op, 154700.00 ns, 9.6688 us/op

WorkloadPilot    1: 16 op, 3900.00 ns, 243.7500 ns/op
WorkloadPilot    2: 32 op, 4200.00 ns, 131.2500 ns/op
WorkloadPilot    3: 64 op, 18200.00 ns, 284.3750 ns/op
WorkloadPilot    4: 128 op, 11700.00 ns, 91.4063 ns/op
WorkloadPilot    5: 256 op, 21400.00 ns, 83.5938 ns/op
WorkloadPilot    6: 512 op, 42600.00 ns, 83.2031 ns/op
WorkloadPilot    7: 1024 op, 96000.00 ns, 93.7500 ns/op
WorkloadPilot    8: 2048 op, 216200.00 ns, 105.5664 ns/op
WorkloadPilot    9: 4096 op, 378800.00 ns, 92.4805 ns/op
WorkloadPilot   10: 8192 op, 751800.00 ns, 91.7725 ns/op
WorkloadPilot   11: 16384 op, 1430000.00 ns, 87.2803 ns/op
WorkloadPilot   12: 32768 op, 2688300.00 ns, 82.0404 ns/op
WorkloadPilot   13: 65536 op, 5270500.00 ns, 80.4214 ns/op
WorkloadPilot   14: 131072 op, 10548900.00 ns, 80.4817 ns/op
WorkloadPilot   15: 262144 op, 24104500.00 ns, 91.9514 ns/op
WorkloadPilot   16: 524288 op, 41770800.00 ns, 79.6715 ns/op
WorkloadPilot   17: 1048576 op, 40325900.00 ns, 38.4578 ns/op
WorkloadPilot   18: 2097152 op, 44672400.00 ns, 21.3015 ns/op
WorkloadPilot   19: 4194304 op, 89403500.00 ns, 21.3155 ns/op
WorkloadPilot   20: 8388608 op, 179277400.00 ns, 21.3715 ns/op
WorkloadPilot   21: 16777216 op, 359682300.00 ns, 21.4387 ns/op
WorkloadPilot   22: 33554432 op, 719395500.00 ns, 21.4397 ns/op

OverheadWarmup   1: 33554432 op, 70527800.00 ns, 2.1019 ns/op
OverheadWarmup   2: 33554432 op, 71678300.00 ns, 2.1362 ns/op
OverheadWarmup   3: 33554432 op, 70523100.00 ns, 2.1018 ns/op
OverheadWarmup   4: 33554432 op, 51253500.00 ns, 1.5275 ns/op
OverheadWarmup   5: 33554432 op, 49821100.00 ns, 1.4848 ns/op
OverheadWarmup   6: 33554432 op, 49811500.00 ns, 1.4845 ns/op
OverheadWarmup   7: 33554432 op, 49802700.00 ns, 1.4842 ns/op
OverheadWarmup   8: 33554432 op, 51555800.00 ns, 1.5365 ns/op
OverheadWarmup   9: 33554432 op, 49844600.00 ns, 1.4855 ns/op

OverheadActual   1: 33554432 op, 49855600.00 ns, 1.4858 ns/op
OverheadActual   2: 33554432 op, 49792400.00 ns, 1.4839 ns/op
OverheadActual   3: 33554432 op, 49747800.00 ns, 1.4826 ns/op
OverheadActual   4: 33554432 op, 49773400.00 ns, 1.4834 ns/op
OverheadActual   5: 33554432 op, 49909700.00 ns, 1.4874 ns/op
OverheadActual   6: 33554432 op, 49809300.00 ns, 1.4844 ns/op
OverheadActual   7: 33554432 op, 49943900.00 ns, 1.4884 ns/op
OverheadActual   8: 33554432 op, 49990500.00 ns, 1.4898 ns/op
OverheadActual   9: 33554432 op, 49803500.00 ns, 1.4843 ns/op
OverheadActual  10: 33554432 op, 49794000.00 ns, 1.4840 ns/op
OverheadActual  11: 33554432 op, 49769400.00 ns, 1.4832 ns/op
OverheadActual  12: 33554432 op, 51004800.00 ns, 1.5201 ns/op
OverheadActual  13: 33554432 op, 50251600.00 ns, 1.4976 ns/op
OverheadActual  14: 33554432 op, 49798800.00 ns, 1.4841 ns/op
OverheadActual  15: 33554432 op, 49766900.00 ns, 1.4832 ns/op

WorkloadWarmup   1: 33554432 op, 724520200.00 ns, 21.5924 ns/op
WorkloadWarmup   2: 33554432 op, 744452800.00 ns, 22.1864 ns/op
WorkloadWarmup   3: 33554432 op, 728090500.00 ns, 21.6988 ns/op
WorkloadWarmup   4: 33554432 op, 728243200.00 ns, 21.7033 ns/op
WorkloadWarmup   5: 33554432 op, 738902700.00 ns, 22.0210 ns/op
WorkloadWarmup   6: 33554432 op, 753512400.00 ns, 22.4564 ns/op
WorkloadWarmup   7: 33554432 op, 733024400.00 ns, 21.8458 ns/op

// BeforeActualRun
WorkloadActual   1: 33554432 op, 726760000.00 ns, 21.6591 ns/op
WorkloadActual   2: 33554432 op, 719684000.00 ns, 21.4483 ns/op
WorkloadActual   3: 33554432 op, 722379500.00 ns, 21.5286 ns/op
WorkloadActual   4: 33554432 op, 716092600.00 ns, 21.3412 ns/op
WorkloadActual   5: 33554432 op, 718756300.00 ns, 21.4206 ns/op
WorkloadActual   6: 33554432 op, 717675400.00 ns, 21.3884 ns/op
WorkloadActual   7: 33554432 op, 723041800.00 ns, 21.5483 ns/op
WorkloadActual   8: 33554432 op, 721857200.00 ns, 21.5130 ns/op
WorkloadActual   9: 33554432 op, 721225000.00 ns, 21.4942 ns/op
WorkloadActual  10: 33554432 op, 716112400.00 ns, 21.3418 ns/op
WorkloadActual  11: 33554432 op, 715896800.00 ns, 21.3354 ns/op
WorkloadActual  12: 33554432 op, 743381500.00 ns, 22.1545 ns/op
WorkloadActual  13: 33554432 op, 740307100.00 ns, 22.0629 ns/op
WorkloadActual  14: 33554432 op, 718096800.00 ns, 21.4010 ns/op
WorkloadActual  15: 33554432 op, 720678000.00 ns, 21.4779 ns/op

// AfterActualRun
WorkloadResult   1: 33554432 op, 676956500.00 ns, 20.1749 ns/op
WorkloadResult   2: 33554432 op, 669880500.00 ns, 19.9640 ns/op
WorkloadResult   3: 33554432 op, 672576000.00 ns, 20.0443 ns/op
WorkloadResult   4: 33554432 op, 666289100.00 ns, 19.8570 ns/op
WorkloadResult   5: 33554432 op, 668952800.00 ns, 19.9363 ns/op
WorkloadResult   6: 33554432 op, 667871900.00 ns, 19.9041 ns/op
WorkloadResult   7: 33554432 op, 673238300.00 ns, 20.0641 ns/op
WorkloadResult   8: 33554432 op, 672053700.00 ns, 20.0288 ns/op
WorkloadResult   9: 33554432 op, 671421500.00 ns, 20.0099 ns/op
WorkloadResult  10: 33554432 op, 666308900.00 ns, 19.8576 ns/op
WorkloadResult  11: 33554432 op, 666093300.00 ns, 19.8511 ns/op
WorkloadResult  12: 33554432 op, 668293300.00 ns, 19.9167 ns/op
WorkloadResult  13: 33554432 op, 670874500.00 ns, 19.9936 ns/op
// GC:  0 0 0 64 33554432
// Threading:  0 0 33554432

// AfterAll
// Benchmark Process 84108 has exited with code 0.

Mean = 19.969 ns, StdErr = 0.027 ns (0.13%), N = 13, StdDev = 0.096 ns
Min = 19.851 ns, Q1 = 19.904 ns, Median = 19.964 ns, Q3 = 20.029 ns, Max = 20.175 ns
IQR = 0.125 ns, LowerFence = 19.717 ns, UpperFence = 20.216 ns
ConfidenceInterval = [19.855 ns; 20.084 ns] (CI 99.9%), Margin = 0.115 ns (0.57% of Mean)
Skewness = 0.46, Kurtosis = 2.25, MValue = 2

// ** Remained 0 (0.0%) benchmark(s) to run. Estimated finish 2026-05-14 12:50 (0h 0m from now) **
Successfully reverted power plan (GUID: 8c5e7fda-e8bf-4a96-9a85-a6e23a8c635c FriendlyName: High performance)
// ***** BenchmarkRunner: Finish  *****

// * Export *
  benchmarking\library\net10\results\results\MMP.Herald.OSS.Benchmarks.KernelFanOutBenchmarks-report.csv
  benchmarking\library\net10\results\results\MMP.Herald.OSS.Benchmarks.KernelFanOutBenchmarks-report-github.md
  benchmarking\library\net10\results\results\MMP.Herald.OSS.Benchmarks.KernelFanOutBenchmarks-report.html

// * Detailed results *
KernelFanOutBenchmarks.FanOut_Single: DefaultJob
Runtime = .NET 10.0.7 (10.0.726.21808), X64 RyuJIT AVX2; GC = Concurrent Server
Mean = 19.551 ns, StdErr = 0.073 ns (0.37%), N = 15, StdDev = 0.282 ns
Min = 19.147 ns, Q1 = 19.342 ns, Median = 19.605 ns, Q3 = 19.703 ns, Max = 20.137 ns
IQR = 0.362 ns, LowerFence = 18.799 ns, UpperFence = 20.246 ns
ConfidenceInterval = [19.250 ns; 19.853 ns] (CI 99.9%), Margin = 0.301 ns (1.54% of Mean)
Skewness = 0.38, Kurtosis = 2.21, MValue = 2
-------------------- Histogram --------------------
[19.083 ns ; 19.816 ns) | @@@@@@@@@@@@@
[19.816 ns ; 20.256 ns) | @@
---------------------------------------------------

KernelFanOutBenchmarks.FanOut_Pair: DefaultJob
Runtime = .NET 10.0.7 (10.0.726.21808), X64 RyuJIT AVX2; GC = Concurrent Server
Mean = 19.328 ns, StdErr = 0.076 ns (0.39%), N = 14, StdDev = 0.284 ns
Min = 19.011 ns, Q1 = 19.084 ns, Median = 19.288 ns, Q3 = 19.419 ns, Max = 19.849 ns
IQR = 0.335 ns, LowerFence = 18.582 ns, UpperFence = 19.921 ns
ConfidenceInterval = [19.008 ns; 19.648 ns] (CI 99.9%), Margin = 0.320 ns (1.66% of Mean)
Skewness = 0.62, Kurtosis = 1.93, MValue = 2
-------------------- Histogram --------------------
[18.929 ns ; 19.957 ns) | @@@@@@@@@@@@@@
---------------------------------------------------

KernelFanOutBenchmarks.FanOut_Triple: DefaultJob
Runtime = .NET 10.0.7 (10.0.726.21808), X64 RyuJIT AVX2; GC = Concurrent Server
Mean = 19.375 ns, StdErr = 0.032 ns (0.16%), N = 14, StdDev = 0.118 ns
Min = 19.217 ns, Q1 = 19.285 ns, Median = 19.367 ns, Q3 = 19.443 ns, Max = 19.623 ns
IQR = 0.158 ns, LowerFence = 19.047 ns, UpperFence = 19.681 ns
ConfidenceInterval = [19.242 ns; 19.509 ns] (CI 99.9%), Margin = 0.133 ns (0.69% of Mean)
Skewness = 0.37, Kurtosis = 2.07, MValue = 2
-------------------- Histogram --------------------
[19.153 ns ; 19.688 ns) | @@@@@@@@@@@@@@
---------------------------------------------------

KernelFanOutBenchmarks.FanOut_Many_5: DefaultJob
Runtime = .NET 10.0.7 (10.0.726.21808), X64 RyuJIT AVX2; GC = Concurrent Server
Mean = 19.969 ns, StdErr = 0.027 ns (0.13%), N = 13, StdDev = 0.096 ns
Min = 19.851 ns, Q1 = 19.904 ns, Median = 19.964 ns, Q3 = 20.029 ns, Max = 20.175 ns
IQR = 0.125 ns, LowerFence = 19.717 ns, UpperFence = 20.216 ns
ConfidenceInterval = [19.855 ns; 20.084 ns] (CI 99.9%), Margin = 0.115 ns (0.57% of Mean)
Skewness = 0.46, Kurtosis = 2.25, MValue = 2
-------------------- Histogram --------------------
[19.798 ns ; 20.228 ns) | @@@@@@@@@@@@@
---------------------------------------------------

// * Summary *

BenchmarkDotNet v0.14.0, Windows 11 (10.0.26200.8246)
12th Gen Intel Core i9-12900K, 1 CPU, 24 logical and 16 physical cores
.NET SDK 10.0.203
  [Host]     : .NET 10.0.7 (10.0.726.21808), X64 RyuJIT AVX2
  DefaultJob : .NET 10.0.7 (10.0.726.21808), X64 RyuJIT AVX2


| Method        | Mean     | Error    | StdDev   | Ratio | RatioSD | Allocated | Alloc Ratio |
|-------------- |---------:|---------:|---------:|------:|--------:|----------:|------------:|
| FanOut_Single | 19.55 ns | 0.301 ns | 0.282 ns |  1.00 |    0.02 |         - |          NA |
| FanOut_Pair   | 19.33 ns | 0.320 ns | 0.284 ns |  0.99 |    0.02 |         - |          NA |
| FanOut_Triple | 19.38 ns | 0.133 ns | 0.118 ns |  0.99 |    0.01 |         - |          NA |
| FanOut_Many_5 | 19.97 ns | 0.115 ns | 0.096 ns |  1.02 |    0.01 |         - |          NA |

// * Hints *
Outliers
  KernelFanOutBenchmarks.FanOut_Pair: Default   -> 1 outlier  was  removed (22.16 ns)
  KernelFanOutBenchmarks.FanOut_Triple: Default -> 1 outlier  was  removed (21.23 ns)
  KernelFanOutBenchmarks.FanOut_Many_5: Default -> 2 outliers were removed (22.06 ns, 22.15 ns)

// * Legends *
  Mean        : Arithmetic mean of all measurements
  Error       : Half of 99.9% confidence interval
  StdDev      : Standard deviation of all measurements
  Ratio       : Mean of the ratio distribution ([Current]/[Baseline])
  RatioSD     : Standard deviation of the ratio distribution ([Current]/[Baseline])
  Allocated   : Allocated memory per single operation (managed only, inclusive, 1KB = 1024B)
  Alloc Ratio : Allocated memory ratio distribution ([Current]/[Baseline])
  1 ns        : 1 Nanosecond (0.000000001 sec)

// * Diagnostic Output - MemoryDiagnoser *


// ***** BenchmarkRunner: End *****
Run time: 00:01:19 (79.91 sec), executed benchmarks: 4

Global total time: 00:07:31 (451.53 sec), executed benchmarks: 7
// * Artifacts cleanup *
Artifacts cleanup is finished
