// Validating benchmarks:
// ***** BenchmarkRunner: Start   *****
// ***** Found 3 benchmark(s) in total *****
// ***** Building 1 exe(s) in Parallel: Start   *****
// start dotnet  restore /p:UseSharedCompilation=false /p:BuildInParallel=false /m:1 /p:Deterministic=true /p:Optimize=true /p:IntermediateOutputPath="E:\dev\Herald.OSS\benchmarking\library\net10\bin\Release\net10.0\b7889760-b9fd-43a6-8c82-847d8b4d31d9\obj\Release\net10.0/" /p:OutDir="E:\dev\Herald.OSS\benchmarking\library\net10\bin\Release\net10.0\b7889760-b9fd-43a6-8c82-847d8b4d31d9\bin\Release\net10.0/" /p:OutputPath="E:\dev\Herald.OSS\benchmarking\library\net10\bin\Release\net10.0\b7889760-b9fd-43a6-8c82-847d8b4d31d9\bin\Release\net10.0/" in E:\dev\Herald.OSS\benchmarking\library\net10\bin\Release\net10.0\b7889760-b9fd-43a6-8c82-847d8b4d31d9
// command took 1.51 sec and exited with 0
// start dotnet  build -c Release --no-restore /p:UseSharedCompilation=false /p:BuildInParallel=false /m:1 /p:Deterministic=true /p:Optimize=true /p:IntermediateOutputPath="E:\dev\Herald.OSS\benchmarking\library\net10\bin\Release\net10.0\b7889760-b9fd-43a6-8c82-847d8b4d31d9\obj\Release\net10.0/" /p:OutDir="E:\dev\Herald.OSS\benchmarking\library\net10\bin\Release\net10.0\b7889760-b9fd-43a6-8c82-847d8b4d31d9\bin\Release\net10.0/" /p:OutputPath="E:\dev\Herald.OSS\benchmarking\library\net10\bin\Release\net10.0\b7889760-b9fd-43a6-8c82-847d8b4d31d9\bin\Release\net10.0/" --output "E:\dev\Herald.OSS\benchmarking\library\net10\bin\Release\net10.0\b7889760-b9fd-43a6-8c82-847d8b4d31d9\bin\Release\net10.0/" in E:\dev\Herald.OSS\benchmarking\library\net10\bin\Release\net10.0\b7889760-b9fd-43a6-8c82-847d8b4d31d9
// command took 11.76 sec and exited with 0
// ***** Done, took 00:00:14 (14.76 sec)   *****
// Found 3 benchmarks:
//   AcceptPathBenchmarks.Info_no_properties: DefaultJob
//   AcceptPathBenchmarks.Info_with_one_property: DefaultJob
//   AcceptPathBenchmarks.Info_with_three_properties: DefaultJob

Setup power plan (GUID: 8c5e7fda-e8bf-4a96-9a85-a6e23a8c635c FriendlyName: High performance)
// **************************
// Benchmark: AcceptPathBenchmarks.Info_no_properties: DefaultJob
// *** Execute ***
// Launch: 1 / 1
// Execute: dotnet b7889760-b9fd-43a6-8c82-847d8b4d31d9.dll --anonymousPipes 2860 43976 --benchmarkName MMP.Herald.OSS.Benchmarks.AcceptPathBenchmarks.Info_no_properties --job Default --benchmarkId 0 in E:\dev\Herald.OSS\benchmarking\library\net10\bin\Release\net10.0\b7889760-b9fd-43a6-8c82-847d8b4d31d9\bin\Release\net10.0
// BeforeAnythingElse

// Benchmark Process Environment Information:
// BenchmarkDotNet v0.14.0
// Runtime=.NET 10.0.7 (10.0.726.21808), X64 RyuJIT AVX2
// GC=Concurrent Server
// HardwareIntrinsics=AVX2,AES,BMI1,BMI2,FMA,LZCNT,PCLMUL,POPCNT,AvxVnni,SERIALIZE VectorSize=256
// Job: DefaultJob

OverheadJitting  1: 1 op, 208400.00 ns, 208.4000 us/op
WorkloadJitting  1: 1 op, 1647700.00 ns, 1.6477 ms/op

OverheadJitting  2: 16 op, 152000.00 ns, 9.5000 us/op
WorkloadJitting  2: 16 op, 211000.00 ns, 13.1875 us/op

WorkloadPilot    1: 16 op, 8500.00 ns, 531.2500 ns/op
WorkloadPilot    2: 32 op, 7400.00 ns, 231.2500 ns/op
WorkloadPilot    3: 64 op, 8000.00 ns, 125.0000 ns/op
WorkloadPilot    4: 128 op, 13000.00 ns, 101.5625 ns/op
WorkloadPilot    5: 256 op, 20200.00 ns, 78.9063 ns/op
WorkloadPilot    6: 512 op, 43600.00 ns, 85.1563 ns/op
WorkloadPilot    7: 1024 op, 76500.00 ns, 74.7070 ns/op
WorkloadPilot    8: 2048 op, 142300.00 ns, 69.4824 ns/op
WorkloadPilot    9: 4096 op, 284200.00 ns, 69.3848 ns/op
WorkloadPilot   10: 8192 op, 646600.00 ns, 78.9307 ns/op
WorkloadPilot   11: 16384 op, 1221900.00 ns, 74.5789 ns/op
WorkloadPilot   12: 32768 op, 2398400.00 ns, 73.1934 ns/op
WorkloadPilot   13: 65536 op, 4666800.00 ns, 71.2097 ns/op
WorkloadPilot   14: 131072 op, 8962300.00 ns, 68.3769 ns/op
WorkloadPilot   15: 262144 op, 17759800.00 ns, 67.7483 ns/op
WorkloadPilot   16: 524288 op, 35593900.00 ns, 67.8900 ns/op
WorkloadPilot   17: 1048576 op, 66312900.00 ns, 63.2409 ns/op
WorkloadPilot   18: 2097152 op, 54970300.00 ns, 26.2119 ns/op
WorkloadPilot   19: 4194304 op, 110185100.00 ns, 26.2702 ns/op
WorkloadPilot   20: 8388608 op, 226180000.00 ns, 26.9628 ns/op
WorkloadPilot   21: 16777216 op, 451567600.00 ns, 26.9155 ns/op
WorkloadPilot   22: 33554432 op, 918639400.00 ns, 27.3776 ns/op

OverheadWarmup   1: 33554432 op, 73476000.00 ns, 2.1898 ns/op
OverheadWarmup   2: 33554432 op, 74282100.00 ns, 2.2138 ns/op
OverheadWarmup   3: 33554432 op, 69380200.00 ns, 2.0677 ns/op
OverheadWarmup   4: 33554432 op, 50986200.00 ns, 1.5195 ns/op
OverheadWarmup   5: 33554432 op, 50227800.00 ns, 1.4969 ns/op
OverheadWarmup   6: 33554432 op, 50691300.00 ns, 1.5107 ns/op
OverheadWarmup   7: 33554432 op, 50772400.00 ns, 1.5131 ns/op
OverheadWarmup   8: 33554432 op, 51365200.00 ns, 1.5308 ns/op
OverheadWarmup   9: 33554432 op, 50270300.00 ns, 1.4982 ns/op

OverheadActual   1: 33554432 op, 51384700.00 ns, 1.5314 ns/op
OverheadActual   2: 33554432 op, 51673800.00 ns, 1.5400 ns/op
OverheadActual   3: 33554432 op, 52355400.00 ns, 1.5603 ns/op
OverheadActual   4: 33554432 op, 50960600.00 ns, 1.5187 ns/op
OverheadActual   5: 33554432 op, 51568900.00 ns, 1.5369 ns/op
OverheadActual   6: 33554432 op, 50235700.00 ns, 1.4971 ns/op
OverheadActual   7: 33554432 op, 51578000.00 ns, 1.5371 ns/op
OverheadActual   8: 33554432 op, 50252900.00 ns, 1.4977 ns/op
OverheadActual   9: 33554432 op, 50905100.00 ns, 1.5171 ns/op
OverheadActual  10: 33554432 op, 51285200.00 ns, 1.5284 ns/op
OverheadActual  11: 33554432 op, 53050400.00 ns, 1.5810 ns/op
OverheadActual  12: 33554432 op, 50787300.00 ns, 1.5136 ns/op
OverheadActual  13: 33554432 op, 51425200.00 ns, 1.5326 ns/op
OverheadActual  14: 33554432 op, 50373800.00 ns, 1.5013 ns/op
OverheadActual  15: 33554432 op, 50390900.00 ns, 1.5018 ns/op

WorkloadWarmup   1: 33554432 op, 889623600.00 ns, 26.5128 ns/op
WorkloadWarmup   2: 33554432 op, 893747500.00 ns, 26.6358 ns/op
WorkloadWarmup   3: 33554432 op, 890087300.00 ns, 26.5267 ns/op
WorkloadWarmup   4: 33554432 op, 880028100.00 ns, 26.2269 ns/op
WorkloadWarmup   5: 33554432 op, 875992600.00 ns, 26.1066 ns/op
WorkloadWarmup   6: 33554432 op, 886904700.00 ns, 26.4318 ns/op
WorkloadWarmup   7: 33554432 op, 887097600.00 ns, 26.4376 ns/op
WorkloadWarmup   8: 33554432 op, 883752100.00 ns, 26.3379 ns/op

// BeforeActualRun
WorkloadActual   1: 33554432 op, 900685000.00 ns, 26.8425 ns/op
WorkloadActual   2: 33554432 op, 911385400.00 ns, 27.1614 ns/op
WorkloadActual   3: 33554432 op, 896837500.00 ns, 26.7278 ns/op
WorkloadActual   4: 33554432 op, 892495500.00 ns, 26.5984 ns/op
WorkloadActual   5: 33554432 op, 895059000.00 ns, 26.6748 ns/op
WorkloadActual   6: 33554432 op, 916927500.00 ns, 27.3266 ns/op
WorkloadActual   7: 33554432 op, 917010700.00 ns, 27.3290 ns/op
WorkloadActual   8: 33554432 op, 897392000.00 ns, 26.7444 ns/op
WorkloadActual   9: 33554432 op, 897003500.00 ns, 26.7328 ns/op
WorkloadActual  10: 33554432 op, 898197600.00 ns, 26.7684 ns/op
WorkloadActual  11: 33554432 op, 897301500.00 ns, 26.7417 ns/op
WorkloadActual  12: 33554432 op, 902429700.00 ns, 26.8945 ns/op
WorkloadActual  13: 33554432 op, 918044000.00 ns, 27.3598 ns/op
WorkloadActual  14: 33554432 op, 884656000.00 ns, 26.3648 ns/op
WorkloadActual  15: 33554432 op, 888222600.00 ns, 26.4711 ns/op

// AfterActualRun
WorkloadResult   1: 33554432 op, 849399800.00 ns, 25.3141 ns/op
WorkloadResult   2: 33554432 op, 860100200.00 ns, 25.6330 ns/op
WorkloadResult   3: 33554432 op, 845552300.00 ns, 25.1994 ns/op
WorkloadResult   4: 33554432 op, 841210300.00 ns, 25.0700 ns/op
WorkloadResult   5: 33554432 op, 843773800.00 ns, 25.1464 ns/op
WorkloadResult   6: 33554432 op, 865642300.00 ns, 25.7982 ns/op
WorkloadResult   7: 33554432 op, 865725500.00 ns, 25.8006 ns/op
WorkloadResult   8: 33554432 op, 846106800.00 ns, 25.2159 ns/op
WorkloadResult   9: 33554432 op, 845718300.00 ns, 25.2044 ns/op
WorkloadResult  10: 33554432 op, 846912400.00 ns, 25.2400 ns/op
WorkloadResult  11: 33554432 op, 846016300.00 ns, 25.2133 ns/op
WorkloadResult  12: 33554432 op, 851144500.00 ns, 25.3661 ns/op
WorkloadResult  13: 33554432 op, 866758800.00 ns, 25.8314 ns/op
WorkloadResult  14: 33554432 op, 833370800.00 ns, 24.8364 ns/op
WorkloadResult  15: 33554432 op, 836937400.00 ns, 24.9427 ns/op
// GC:  0 0 0 1440 33554432
// Threading:  0 0 33554432

// AfterAll
// Benchmark Process 4572 has exited with code 0.

Mean = 25.321 ns, StdErr = 0.080 ns (0.32%), N = 15, StdDev = 0.310 ns
Min = 24.836 ns, Q1 = 25.173 ns, Median = 25.216 ns, Q3 = 25.500 ns, Max = 25.831 ns
IQR = 0.327 ns, LowerFence = 24.683 ns, UpperFence = 25.989 ns
ConfidenceInterval = [24.989 ns; 25.652 ns] (CI 99.9%), Margin = 0.332 ns (1.31% of Mean)
Skewness = 0.42, Kurtosis = 1.9, MValue = 2

// ** Remained 2 (66.7%) benchmark(s) to run. Estimated finish 2026-05-14 13:23 (0h 0m from now) **
Setup power plan (GUID: 8c5e7fda-e8bf-4a96-9a85-a6e23a8c635c FriendlyName: High performance)
// **************************
// Benchmark: AcceptPathBenchmarks.Info_with_one_property: DefaultJob
// *** Execute ***
// Launch: 1 / 1
// Execute: dotnet b7889760-b9fd-43a6-8c82-847d8b4d31d9.dll --anonymousPipes 20348 23076 --benchmarkName MMP.Herald.OSS.Benchmarks.AcceptPathBenchmarks.Info_with_one_property --job Default --benchmarkId 1 in E:\dev\Herald.OSS\benchmarking\library\net10\bin\Release\net10.0\b7889760-b9fd-43a6-8c82-847d8b4d31d9\bin\Release\net10.0
// BeforeAnythingElse

// Benchmark Process Environment Information:
// BenchmarkDotNet v0.14.0
// Runtime=.NET 10.0.7 (10.0.726.21808), X64 RyuJIT AVX2
// GC=Concurrent Server
// HardwareIntrinsics=AVX2,AES,BMI1,BMI2,FMA,LZCNT,PCLMUL,POPCNT,AvxVnni,SERIALIZE VectorSize=256
// Job: DefaultJob

OverheadJitting  1: 1 op, 225100.00 ns, 225.1000 us/op
WorkloadJitting  1: 1 op, 1810300.00 ns, 1.8103 ms/op

OverheadJitting  2: 16 op, 150900.00 ns, 9.4313 us/op
WorkloadJitting  2: 16 op, 154900.00 ns, 9.6813 us/op

WorkloadPilot    1: 16 op, 6700.00 ns, 418.7500 ns/op
WorkloadPilot    2: 32 op, 8700.00 ns, 271.8750 ns/op
WorkloadPilot    3: 64 op, 12600.00 ns, 196.8750 ns/op
WorkloadPilot    4: 128 op, 20700.00 ns, 161.7188 ns/op
WorkloadPilot    5: 256 op, 34800.00 ns, 135.9375 ns/op
WorkloadPilot    6: 512 op, 56900.00 ns, 111.1328 ns/op
WorkloadPilot    7: 1024 op, 110100.00 ns, 107.5195 ns/op
WorkloadPilot    8: 2048 op, 208500.00 ns, 101.8066 ns/op
WorkloadPilot    9: 4096 op, 384200.00 ns, 93.7988 ns/op
WorkloadPilot   10: 8192 op, 863600.00 ns, 105.4199 ns/op
WorkloadPilot   11: 16384 op, 1596300.00 ns, 97.4304 ns/op
WorkloadPilot   12: 32768 op, 3274200.00 ns, 99.9207 ns/op
WorkloadPilot   13: 65536 op, 6075400.00 ns, 92.7032 ns/op
WorkloadPilot   14: 131072 op, 12042800.00 ns, 91.8793 ns/op
WorkloadPilot   15: 262144 op, 23373300.00 ns, 89.1621 ns/op
WorkloadPilot   16: 524288 op, 46615400.00 ns, 88.9118 ns/op
WorkloadPilot   17: 1048576 op, 48141100.00 ns, 45.9109 ns/op
WorkloadPilot   18: 2097152 op, 70586500.00 ns, 33.6583 ns/op
WorkloadPilot   19: 4194304 op, 130278800.00 ns, 31.0609 ns/op
WorkloadPilot   20: 8388608 op, 257938100.00 ns, 30.7486 ns/op
WorkloadPilot   21: 16777216 op, 521805900.00 ns, 31.1021 ns/op

OverheadWarmup   1: 16777216 op, 35361800.00 ns, 2.1077 ns/op
OverheadWarmup   2: 16777216 op, 35551500.00 ns, 2.1190 ns/op
OverheadWarmup   3: 16777216 op, 35410900.00 ns, 2.1107 ns/op
OverheadWarmup   4: 16777216 op, 35373600.00 ns, 2.1084 ns/op
OverheadWarmup   5: 16777216 op, 35347300.00 ns, 2.1069 ns/op
OverheadWarmup   6: 16777216 op, 35966100.00 ns, 2.1437 ns/op
OverheadWarmup   7: 16777216 op, 35345500.00 ns, 2.1068 ns/op

OverheadActual   1: 16777216 op, 35833200.00 ns, 2.1358 ns/op
OverheadActual   2: 16777216 op, 35386000.00 ns, 2.1092 ns/op
OverheadActual   3: 16777216 op, 35337500.00 ns, 2.1063 ns/op
OverheadActual   4: 16777216 op, 35367800.00 ns, 2.1081 ns/op
OverheadActual   5: 16777216 op, 35364900.00 ns, 2.1079 ns/op
OverheadActual   6: 16777216 op, 35484000.00 ns, 2.1150 ns/op
OverheadActual   7: 16777216 op, 35961800.00 ns, 2.1435 ns/op
OverheadActual   8: 16777216 op, 35516800.00 ns, 2.1170 ns/op
OverheadActual   9: 16777216 op, 34604500.00 ns, 2.0626 ns/op
OverheadActual  10: 16777216 op, 25074100.00 ns, 1.4945 ns/op
OverheadActual  11: 16777216 op, 24965400.00 ns, 1.4881 ns/op
OverheadActual  12: 16777216 op, 24978600.00 ns, 1.4888 ns/op
OverheadActual  13: 16777216 op, 25125400.00 ns, 1.4976 ns/op
OverheadActual  14: 16777216 op, 25319400.00 ns, 1.5092 ns/op
OverheadActual  15: 16777216 op, 24950300.00 ns, 1.4872 ns/op
OverheadActual  16: 16777216 op, 24943800.00 ns, 1.4868 ns/op
OverheadActual  17: 16777216 op, 25218900.00 ns, 1.5032 ns/op
OverheadActual  18: 16777216 op, 25431400.00 ns, 1.5158 ns/op
OverheadActual  19: 16777216 op, 24967300.00 ns, 1.4882 ns/op
OverheadActual  20: 16777216 op, 25338200.00 ns, 1.5103 ns/op

WorkloadWarmup   1: 16777216 op, 521491600.00 ns, 31.0833 ns/op
WorkloadWarmup   2: 16777216 op, 516868800.00 ns, 30.8078 ns/op
WorkloadWarmup   3: 16777216 op, 514093500.00 ns, 30.6424 ns/op
WorkloadWarmup   4: 16777216 op, 515672300.00 ns, 30.7365 ns/op
WorkloadWarmup   5: 16777216 op, 522232200.00 ns, 31.1275 ns/op
WorkloadWarmup   6: 16777216 op, 523920500.00 ns, 31.2281 ns/op
WorkloadWarmup   7: 16777216 op, 526546300.00 ns, 31.3846 ns/op
WorkloadWarmup   8: 16777216 op, 532658800.00 ns, 31.7489 ns/op
WorkloadWarmup   9: 16777216 op, 526518900.00 ns, 31.3830 ns/op
WorkloadWarmup  10: 16777216 op, 511935300.00 ns, 30.5137 ns/op
WorkloadWarmup  11: 16777216 op, 544998000.00 ns, 32.4844 ns/op
WorkloadWarmup  12: 16777216 op, 518522900.00 ns, 30.9064 ns/op

// BeforeActualRun
WorkloadActual   1: 16777216 op, 520511400.00 ns, 31.0249 ns/op
WorkloadActual   2: 16777216 op, 523855400.00 ns, 31.2242 ns/op
WorkloadActual   3: 16777216 op, 514616400.00 ns, 30.6735 ns/op
WorkloadActual   4: 16777216 op, 520632200.00 ns, 31.0321 ns/op
WorkloadActual   5: 16777216 op, 518902500.00 ns, 30.9290 ns/op
WorkloadActual   6: 16777216 op, 516202700.00 ns, 30.7681 ns/op
WorkloadActual   7: 16777216 op, 524067800.00 ns, 31.2369 ns/op
WorkloadActual   8: 16777216 op, 521077500.00 ns, 31.0586 ns/op
WorkloadActual   9: 16777216 op, 514068400.00 ns, 30.6409 ns/op
WorkloadActual  10: 16777216 op, 518600700.00 ns, 30.9110 ns/op
WorkloadActual  11: 16777216 op, 518840600.00 ns, 30.9253 ns/op
WorkloadActual  12: 16777216 op, 517789800.00 ns, 30.8627 ns/op
WorkloadActual  13: 16777216 op, 523713100.00 ns, 31.2157 ns/op
WorkloadActual  14: 16777216 op, 517794400.00 ns, 30.8630 ns/op
WorkloadActual  15: 16777216 op, 530687500.00 ns, 31.6314 ns/op

// AfterActualRun
WorkloadResult   1: 16777216 op, 495126600.00 ns, 29.5118 ns/op
WorkloadResult   2: 16777216 op, 498470600.00 ns, 29.7112 ns/op
WorkloadResult   3: 16777216 op, 489231600.00 ns, 29.1605 ns/op
WorkloadResult   4: 16777216 op, 495247400.00 ns, 29.5190 ns/op
WorkloadResult   5: 16777216 op, 493517700.00 ns, 29.4159 ns/op
WorkloadResult   6: 16777216 op, 490817900.00 ns, 29.2550 ns/op
WorkloadResult   7: 16777216 op, 498683000.00 ns, 29.7238 ns/op
WorkloadResult   8: 16777216 op, 495692700.00 ns, 29.5456 ns/op
WorkloadResult   9: 16777216 op, 488683600.00 ns, 29.1278 ns/op
WorkloadResult  10: 16777216 op, 493215900.00 ns, 29.3980 ns/op
WorkloadResult  11: 16777216 op, 493455800.00 ns, 29.4123 ns/op
WorkloadResult  12: 16777216 op, 492405000.00 ns, 29.3496 ns/op
WorkloadResult  13: 16777216 op, 498328300.00 ns, 29.7027 ns/op
WorkloadResult  14: 16777216 op, 492409600.00 ns, 29.3499 ns/op
// GC:  7 0 0 402653968 16777216
// Threading:  0 0 16777216

// AfterAll
// Benchmark Process 62996 has exited with code 0.

Mean = 29.442 ns, StdErr = 0.051 ns (0.17%), N = 14, StdDev = 0.191 ns
Min = 29.128 ns, Q1 = 29.350 ns, Median = 29.414 ns, Q3 = 29.539 ns, Max = 29.724 ns
IQR = 0.189 ns, LowerFence = 29.066 ns, UpperFence = 29.823 ns
ConfidenceInterval = [29.226 ns; 29.657 ns] (CI 99.9%), Margin = 0.216 ns (0.73% of Mean)
Skewness = 0, Kurtosis = 1.81, MValue = 2

// ** Remained 1 (33.3%) benchmark(s) to run. Estimated finish 2026-05-14 13:23 (0h 0m from now) **
Setup power plan (GUID: 8c5e7fda-e8bf-4a96-9a85-a6e23a8c635c FriendlyName: High performance)
// **************************
// Benchmark: AcceptPathBenchmarks.Info_with_three_properties: DefaultJob
// *** Execute ***
// Launch: 1 / 1
// Execute: dotnet b7889760-b9fd-43a6-8c82-847d8b4d31d9.dll --anonymousPipes 47692 13284 --benchmarkName MMP.Herald.OSS.Benchmarks.AcceptPathBenchmarks.Info_with_three_properties --job Default --benchmarkId 2 in E:\dev\Herald.OSS\benchmarking\library\net10\bin\Release\net10.0\b7889760-b9fd-43a6-8c82-847d8b4d31d9\bin\Release\net10.0
// BeforeAnythingElse

// Benchmark Process Environment Information:
// BenchmarkDotNet v0.14.0
// Runtime=.NET 10.0.7 (10.0.726.21808), X64 RyuJIT AVX2
// GC=Concurrent Server
// HardwareIntrinsics=AVX2,AES,BMI1,BMI2,FMA,LZCNT,PCLMUL,POPCNT,AvxVnni,SERIALIZE VectorSize=256
// Job: DefaultJob

OverheadJitting  1: 1 op, 192100.00 ns, 192.1000 us/op
WorkloadJitting  1: 1 op, 1855800.00 ns, 1.8558 ms/op

OverheadJitting  2: 16 op, 142400.00 ns, 8.9000 us/op
WorkloadJitting  2: 16 op, 159800.00 ns, 9.9875 us/op

WorkloadPilot    1: 16 op, 7500.00 ns, 468.7500 ns/op
WorkloadPilot    2: 32 op, 28000.00 ns, 875.0000 ns/op
WorkloadPilot    3: 64 op, 14200.00 ns, 221.8750 ns/op
WorkloadPilot    4: 128 op, 32500.00 ns, 253.9063 ns/op
WorkloadPilot    5: 256 op, 41400.00 ns, 161.7188 ns/op
WorkloadPilot    6: 512 op, 62100.00 ns, 121.2891 ns/op
WorkloadPilot    7: 1024 op, 131600.00 ns, 128.5156 ns/op
WorkloadPilot    8: 2048 op, 257900.00 ns, 125.9277 ns/op
WorkloadPilot    9: 4096 op, 501600.00 ns, 122.4609 ns/op
WorkloadPilot   10: 8192 op, 1144800.00 ns, 139.7461 ns/op
WorkloadPilot   11: 16384 op, 1989700.00 ns, 121.4417 ns/op
WorkloadPilot   12: 32768 op, 4110200.00 ns, 125.4333 ns/op
WorkloadPilot   13: 65536 op, 7548600.00 ns, 115.1825 ns/op
WorkloadPilot   14: 131072 op, 15323000.00 ns, 116.9052 ns/op
WorkloadPilot   15: 262144 op, 30743900.00 ns, 117.2787 ns/op
WorkloadPilot   16: 524288 op, 55485100.00 ns, 105.8294 ns/op
WorkloadPilot   17: 1048576 op, 37606700.00 ns, 35.8645 ns/op
WorkloadPilot   18: 2097152 op, 71986900.00 ns, 34.3260 ns/op
WorkloadPilot   19: 4194304 op, 146224300.00 ns, 34.8626 ns/op
WorkloadPilot   20: 8388608 op, 285357800.00 ns, 34.0173 ns/op
WorkloadPilot   21: 16777216 op, 597418600.00 ns, 35.6089 ns/op

OverheadWarmup   1: 16777216 op, 36147200.00 ns, 2.1545 ns/op
OverheadWarmup   2: 16777216 op, 35477400.00 ns, 2.1146 ns/op
OverheadWarmup   3: 16777216 op, 35522600.00 ns, 2.1173 ns/op
OverheadWarmup   4: 16777216 op, 36002500.00 ns, 2.1459 ns/op
OverheadWarmup   5: 16777216 op, 37201400.00 ns, 2.2174 ns/op
OverheadWarmup   6: 16777216 op, 36747700.00 ns, 2.1903 ns/op
OverheadWarmup   7: 16777216 op, 35701900.00 ns, 2.1280 ns/op
OverheadWarmup   8: 16777216 op, 31385900.00 ns, 1.8707 ns/op
OverheadWarmup   9: 16777216 op, 25555700.00 ns, 1.5232 ns/op
OverheadWarmup  10: 16777216 op, 25576700.00 ns, 1.5245 ns/op

OverheadActual   1: 16777216 op, 25193200.00 ns, 1.5016 ns/op
OverheadActual   2: 16777216 op, 25630900.00 ns, 1.5277 ns/op
OverheadActual   3: 16777216 op, 25176100.00 ns, 1.5006 ns/op
OverheadActual   4: 16777216 op, 25246500.00 ns, 1.5048 ns/op
OverheadActual   5: 16777216 op, 25147900.00 ns, 1.4989 ns/op
OverheadActual   6: 16777216 op, 25663000.00 ns, 1.5296 ns/op
OverheadActual   7: 16777216 op, 25576900.00 ns, 1.5245 ns/op
OverheadActual   8: 16777216 op, 25971100.00 ns, 1.5480 ns/op
OverheadActual   9: 16777216 op, 25629000.00 ns, 1.5276 ns/op
OverheadActual  10: 16777216 op, 25162900.00 ns, 1.4998 ns/op
OverheadActual  11: 16777216 op, 25867500.00 ns, 1.5418 ns/op
OverheadActual  12: 16777216 op, 25618700.00 ns, 1.5270 ns/op
OverheadActual  13: 16777216 op, 26631100.00 ns, 1.5873 ns/op
OverheadActual  14: 16777216 op, 25152300.00 ns, 1.4992 ns/op
OverheadActual  15: 16777216 op, 25141300.00 ns, 1.4985 ns/op

WorkloadWarmup   1: 16777216 op, 582080500.00 ns, 34.6947 ns/op
WorkloadWarmup   2: 16777216 op, 572951300.00 ns, 34.1506 ns/op
WorkloadWarmup   3: 16777216 op, 582996000.00 ns, 34.7493 ns/op
WorkloadWarmup   4: 16777216 op, 626020700.00 ns, 37.3137 ns/op
WorkloadWarmup   5: 16777216 op, 596906900.00 ns, 35.5784 ns/op
WorkloadWarmup   6: 16777216 op, 641892400.00 ns, 38.2598 ns/op
WorkloadWarmup   7: 16777216 op, 612451100.00 ns, 36.5049 ns/op

// BeforeActualRun
WorkloadActual   1: 16777216 op, 584451700.00 ns, 34.8360 ns/op
WorkloadActual   2: 16777216 op, 572920000.00 ns, 34.1487 ns/op
WorkloadActual   3: 16777216 op, 576831800.00 ns, 34.3819 ns/op
WorkloadActual   4: 16777216 op, 596685300.00 ns, 35.5652 ns/op
WorkloadActual   5: 16777216 op, 598171000.00 ns, 35.6538 ns/op
WorkloadActual   6: 16777216 op, 584266200.00 ns, 34.8250 ns/op
WorkloadActual   7: 16777216 op, 572530400.00 ns, 34.1255 ns/op
WorkloadActual   8: 16777216 op, 579972200.00 ns, 34.5690 ns/op
WorkloadActual   9: 16777216 op, 593532600.00 ns, 35.3773 ns/op
WorkloadActual  10: 16777216 op, 590721700.00 ns, 35.2098 ns/op
WorkloadActual  11: 16777216 op, 572103100.00 ns, 34.1000 ns/op
WorkloadActual  12: 16777216 op, 578837700.00 ns, 34.5014 ns/op
WorkloadActual  13: 16777216 op, 570636800.00 ns, 34.0126 ns/op
WorkloadActual  14: 16777216 op, 572946700.00 ns, 34.1503 ns/op
WorkloadActual  15: 16777216 op, 570840500.00 ns, 34.0247 ns/op

// AfterActualRun
WorkloadResult   1: 16777216 op, 558874800.00 ns, 33.3115 ns/op
WorkloadResult   2: 16777216 op, 547343100.00 ns, 32.6242 ns/op
WorkloadResult   3: 16777216 op, 551254900.00 ns, 32.8574 ns/op
WorkloadResult   4: 16777216 op, 571108400.00 ns, 34.0407 ns/op
WorkloadResult   5: 16777216 op, 572594100.00 ns, 34.1293 ns/op
WorkloadResult   6: 16777216 op, 558689300.00 ns, 33.3005 ns/op
WorkloadResult   7: 16777216 op, 546953500.00 ns, 32.6010 ns/op
WorkloadResult   8: 16777216 op, 554395300.00 ns, 33.0445 ns/op
WorkloadResult   9: 16777216 op, 567955700.00 ns, 33.8528 ns/op
WorkloadResult  10: 16777216 op, 565144800.00 ns, 33.6853 ns/op
WorkloadResult  11: 16777216 op, 546526200.00 ns, 32.5755 ns/op
WorkloadResult  12: 16777216 op, 553260800.00 ns, 32.9769 ns/op
WorkloadResult  13: 16777216 op, 545059900.00 ns, 32.4881 ns/op
WorkloadResult  14: 16777216 op, 547369800.00 ns, 32.6258 ns/op
WorkloadResult  15: 16777216 op, 545263600.00 ns, 32.5002 ns/op
// GC:  14 0 0 805306464 16777216
// Threading:  0 0 16777216

// AfterAll
// Benchmark Process 18856 has exited with code 0.

Mean = 33.108 ns, StdErr = 0.150 ns (0.45%), N = 15, StdDev = 0.581 ns
Min = 32.488 ns, Q1 = 32.613 ns, Median = 32.977 ns, Q3 = 33.498 ns, Max = 34.129 ns
IQR = 0.886 ns, LowerFence = 31.284 ns, UpperFence = 34.827 ns
ConfidenceInterval = [32.487 ns; 33.729 ns] (CI 99.9%), Margin = 0.621 ns (1.88% of Mean)
Skewness = 0.52, Kurtosis = 1.65, MValue = 2

// ** Remained 0 (0.0%) benchmark(s) to run. Estimated finish 2026-05-14 13:23 (0h 0m from now) **
Successfully reverted power plan (GUID: 8c5e7fda-e8bf-4a96-9a85-a6e23a8c635c FriendlyName: High performance)
// ***** BenchmarkRunner: Finish  *****

// * Export *
  benchmarking\library\net10\results\results\MMP.Herald.OSS.Benchmarks.AcceptPathBenchmarks-report.csv
  benchmarking\library\net10\results\results\MMP.Herald.OSS.Benchmarks.AcceptPathBenchmarks-report-github.md
  benchmarking\library\net10\results\results\MMP.Herald.OSS.Benchmarks.AcceptPathBenchmarks-report.html

// * Detailed results *
AcceptPathBenchmarks.Info_no_properties: DefaultJob
Runtime = .NET 10.0.7 (10.0.726.21808), X64 RyuJIT AVX2; GC = Concurrent Server
Mean = 25.321 ns, StdErr = 0.080 ns (0.32%), N = 15, StdDev = 0.310 ns
Min = 24.836 ns, Q1 = 25.173 ns, Median = 25.216 ns, Q3 = 25.500 ns, Max = 25.831 ns
IQR = 0.327 ns, LowerFence = 24.683 ns, UpperFence = 25.989 ns
ConfidenceInterval = [24.989 ns; 25.652 ns] (CI 99.9%), Margin = 0.332 ns (1.31% of Mean)
Skewness = 0.42, Kurtosis = 1.9, MValue = 2
-------------------- Histogram --------------------
[24.671 ns ; 25.470 ns) | @@@@@@@@@@@
[25.470 ns ; 25.997 ns) | @@@@
---------------------------------------------------

AcceptPathBenchmarks.Info_with_one_property: DefaultJob
Runtime = .NET 10.0.7 (10.0.726.21808), X64 RyuJIT AVX2; GC = Concurrent Server
Mean = 29.442 ns, StdErr = 0.051 ns (0.17%), N = 14, StdDev = 0.191 ns
Min = 29.128 ns, Q1 = 29.350 ns, Median = 29.414 ns, Q3 = 29.539 ns, Max = 29.724 ns
IQR = 0.189 ns, LowerFence = 29.066 ns, UpperFence = 29.823 ns
ConfidenceInterval = [29.226 ns; 29.657 ns] (CI 99.9%), Margin = 0.216 ns (0.73% of Mean)
Skewness = 0, Kurtosis = 1.81, MValue = 2
-------------------- Histogram --------------------
[29.024 ns ; 29.742 ns) | @@@@@@@@@@@@@@
---------------------------------------------------

AcceptPathBenchmarks.Info_with_three_properties: DefaultJob
Runtime = .NET 10.0.7 (10.0.726.21808), X64 RyuJIT AVX2; GC = Concurrent Server
Mean = 33.108 ns, StdErr = 0.150 ns (0.45%), N = 15, StdDev = 0.581 ns
Min = 32.488 ns, Q1 = 32.613 ns, Median = 32.977 ns, Q3 = 33.498 ns, Max = 34.129 ns
IQR = 0.886 ns, LowerFence = 31.284 ns, UpperFence = 34.827 ns
ConfidenceInterval = [32.487 ns; 33.729 ns] (CI 99.9%), Margin = 0.621 ns (1.88% of Mean)
Skewness = 0.52, Kurtosis = 1.65, MValue = 2
-------------------- Histogram --------------------
[32.439 ns ; 34.246 ns) | @@@@@@@@@@@@@@@
---------------------------------------------------

// * Summary *

BenchmarkDotNet v0.14.0, Windows 11 (10.0.26200.8246)
12th Gen Intel Core i9-12900K, 1 CPU, 24 logical and 16 physical cores
.NET SDK 10.0.203
  [Host]     : .NET 10.0.7 (10.0.726.21808), X64 RyuJIT AVX2
  DefaultJob : .NET 10.0.7 (10.0.726.21808), X64 RyuJIT AVX2


| Method                     | Mean     | Error    | StdDev   | Gen0   | Allocated |
|--------------------------- |---------:|---------:|---------:|-------:|----------:|
| Info_no_properties         | 25.32 ns | 0.332 ns | 0.310 ns |      - |         - |
| Info_with_one_property     | 29.44 ns | 0.216 ns | 0.191 ns | 0.0004 |      24 B |
| Info_with_three_properties | 33.11 ns | 0.621 ns | 0.581 ns | 0.0008 |      48 B |

// * Hints *
Outliers
  AcceptPathBenchmarks.Info_with_one_property: Default -> 1 outlier  was  removed (31.63 ns)

// * Legends *
  Mean      : Arithmetic mean of all measurements
  Error     : Half of 99.9% confidence interval
  StdDev    : Standard deviation of all measurements
  Gen0      : GC Generation 0 collects per 1000 operations
  Allocated : Allocated memory per single operation (managed only, inclusive, 1KB = 1024B)
  1 ns      : 1 Nanosecond (0.000000001 sec)

// * Diagnostic Output - MemoryDiagnoser *


// ***** BenchmarkRunner: End *****
Run time: 00:00:59 (59.14 sec), executed benchmarks: 3

Global total time: 00:01:14 (74.19 sec), executed benchmarks: 3
// * Artifacts cleanup *
Artifacts cleanup is finished
