// Validating benchmarks:
// ***** BenchmarkRunner: Start   *****
// ***** Found 3 benchmark(s) in total *****
// ***** Building 1 exe(s) in Parallel: Start   *****
// start dotnet  restore /p:UseSharedCompilation=false /p:BuildInParallel=false /m:1 /p:Deterministic=true /p:Optimize=true /p:IntermediateOutputPath="E:\dev\Herald.OSS\benchmarking\library\net10\bin\Release\net10.0\c04dc2ab-80d4-4cc6-9e51-1dff4cc8d0c4\obj\Release\net10.0/" /p:OutDir="E:\dev\Herald.OSS\benchmarking\library\net10\bin\Release\net10.0\c04dc2ab-80d4-4cc6-9e51-1dff4cc8d0c4\bin\Release\net10.0/" /p:OutputPath="E:\dev\Herald.OSS\benchmarking\library\net10\bin\Release\net10.0\c04dc2ab-80d4-4cc6-9e51-1dff4cc8d0c4\bin\Release\net10.0/" in E:\dev\Herald.OSS\benchmarking\library\net10\bin\Release\net10.0\c04dc2ab-80d4-4cc6-9e51-1dff4cc8d0c4
// command took 1.67 sec and exited with 0
// start dotnet  build -c Release --no-restore /p:UseSharedCompilation=false /p:BuildInParallel=false /m:1 /p:Deterministic=true /p:Optimize=true /p:IntermediateOutputPath="E:\dev\Herald.OSS\benchmarking\library\net10\bin\Release\net10.0\c04dc2ab-80d4-4cc6-9e51-1dff4cc8d0c4\obj\Release\net10.0/" /p:OutDir="E:\dev\Herald.OSS\benchmarking\library\net10\bin\Release\net10.0\c04dc2ab-80d4-4cc6-9e51-1dff4cc8d0c4\bin\Release\net10.0/" /p:OutputPath="E:\dev\Herald.OSS\benchmarking\library\net10\bin\Release\net10.0\c04dc2ab-80d4-4cc6-9e51-1dff4cc8d0c4\bin\Release\net10.0/" --output "E:\dev\Herald.OSS\benchmarking\library\net10\bin\Release\net10.0\c04dc2ab-80d4-4cc6-9e51-1dff4cc8d0c4\bin\Release\net10.0/" in E:\dev\Herald.OSS\benchmarking\library\net10\bin\Release\net10.0\c04dc2ab-80d4-4cc6-9e51-1dff4cc8d0c4
// command took 18.21 sec and exited with 0
// ***** Done, took 00:00:21 (21.61 sec)   *****
// Found 3 benchmarks:
//   AcceptPathBenchmarks.Info_no_properties: DefaultJob
//   AcceptPathBenchmarks.Info_with_one_property: DefaultJob
//   AcceptPathBenchmarks.Info_with_three_properties: DefaultJob

Setup power plan (GUID: 8c5e7fda-e8bf-4a96-9a85-a6e23a8c635c FriendlyName: High performance)
// **************************
// Benchmark: AcceptPathBenchmarks.Info_no_properties: DefaultJob
// *** Execute ***
// Launch: 1 / 1
// Execute: dotnet c04dc2ab-80d4-4cc6-9e51-1dff4cc8d0c4.dll --anonymousPipes 26372 31648 --benchmarkName MMP.Herald.OSS.Benchmarks.AcceptPathBenchmarks.Info_no_properties --job Default --benchmarkId 0 in E:\dev\Herald.OSS\benchmarking\library\net10\bin\Release\net10.0\c04dc2ab-80d4-4cc6-9e51-1dff4cc8d0c4\bin\Release\net10.0
// BeforeAnythingElse

// Benchmark Process Environment Information:
// BenchmarkDotNet v0.14.0
// Runtime=.NET 10.0.7 (10.0.726.21808), X64 RyuJIT AVX2
// GC=Concurrent Server
// HardwareIntrinsics=AVX2,AES,BMI1,BMI2,FMA,LZCNT,PCLMUL,POPCNT,AvxVnni,SERIALIZE VectorSize=256
// Job: DefaultJob

OverheadJitting  1: 1 op, 230400.00 ns, 230.4000 us/op
WorkloadJitting  1: 1 op, 1908100.00 ns, 1.9081 ms/op

OverheadJitting  2: 16 op, 226300.00 ns, 14.1438 us/op
WorkloadJitting  2: 16 op, 284400.00 ns, 17.7750 us/op

WorkloadPilot    1: 16 op, 5800.00 ns, 362.5000 ns/op
WorkloadPilot    2: 32 op, 7600.00 ns, 237.5000 ns/op
WorkloadPilot    3: 64 op, 10500.00 ns, 164.0625 ns/op
WorkloadPilot    4: 128 op, 14300.00 ns, 111.7188 ns/op
WorkloadPilot    5: 256 op, 20200.00 ns, 78.9063 ns/op
WorkloadPilot    6: 512 op, 46300.00 ns, 90.4297 ns/op
WorkloadPilot    7: 1024 op, 75800.00 ns, 74.0234 ns/op
WorkloadPilot    8: 2048 op, 145800.00 ns, 71.1914 ns/op
WorkloadPilot    9: 4096 op, 286500.00 ns, 69.9463 ns/op
WorkloadPilot   10: 8192 op, 650700.00 ns, 79.4312 ns/op
WorkloadPilot   11: 16384 op, 1218800.00 ns, 74.3896 ns/op
WorkloadPilot   12: 32768 op, 2569300.00 ns, 78.4088 ns/op
WorkloadPilot   13: 65536 op, 4560500.00 ns, 69.5877 ns/op
WorkloadPilot   14: 131072 op, 9095400.00 ns, 69.3924 ns/op
WorkloadPilot   15: 262144 op, 18028000.00 ns, 68.7714 ns/op
WorkloadPilot   16: 524288 op, 35673000.00 ns, 68.0408 ns/op
WorkloadPilot   17: 1048576 op, 76538300.00 ns, 72.9926 ns/op
WorkloadPilot   18: 2097152 op, 71263000.00 ns, 33.9808 ns/op
WorkloadPilot   19: 4194304 op, 111712500.00 ns, 26.6343 ns/op
WorkloadPilot   20: 8388608 op, 223689600.00 ns, 26.6659 ns/op
WorkloadPilot   21: 16777216 op, 441619100.00 ns, 26.3225 ns/op
WorkloadPilot   22: 33554432 op, 880886600.00 ns, 26.2525 ns/op

OverheadWarmup   1: 33554432 op, 75112800.00 ns, 2.2385 ns/op
OverheadWarmup   2: 33554432 op, 71453200.00 ns, 2.1295 ns/op
OverheadWarmup   3: 33554432 op, 69619300.00 ns, 2.0748 ns/op
OverheadWarmup   4: 33554432 op, 51343900.00 ns, 1.5302 ns/op
OverheadWarmup   5: 33554432 op, 50720200.00 ns, 1.5116 ns/op
OverheadWarmup   6: 33554432 op, 52026100.00 ns, 1.5505 ns/op
OverheadWarmup   7: 33554432 op, 51015500.00 ns, 1.5204 ns/op
OverheadWarmup   8: 33554432 op, 50305700.00 ns, 1.4992 ns/op
OverheadWarmup   9: 33554432 op, 50514100.00 ns, 1.5054 ns/op
OverheadWarmup  10: 33554432 op, 50375400.00 ns, 1.5013 ns/op

OverheadActual   1: 33554432 op, 50791700.00 ns, 1.5137 ns/op
OverheadActual   2: 33554432 op, 50506600.00 ns, 1.5052 ns/op
OverheadActual   3: 33554432 op, 50480200.00 ns, 1.5044 ns/op
OverheadActual   4: 33554432 op, 50335600.00 ns, 1.5001 ns/op
OverheadActual   5: 33554432 op, 50319700.00 ns, 1.4996 ns/op
OverheadActual   6: 33554432 op, 50568100.00 ns, 1.5070 ns/op
OverheadActual   7: 33554432 op, 50382400.00 ns, 1.5015 ns/op
OverheadActual   8: 33554432 op, 50400400.00 ns, 1.5020 ns/op
OverheadActual   9: 33554432 op, 53955800.00 ns, 1.6080 ns/op
OverheadActual  10: 33554432 op, 50568100.00 ns, 1.5070 ns/op
OverheadActual  11: 33554432 op, 50340400.00 ns, 1.5003 ns/op
OverheadActual  12: 33554432 op, 50516500.00 ns, 1.5055 ns/op
OverheadActual  13: 33554432 op, 51523700.00 ns, 1.5355 ns/op
OverheadActual  14: 33554432 op, 50957000.00 ns, 1.5186 ns/op
OverheadActual  15: 33554432 op, 50801300.00 ns, 1.5140 ns/op

WorkloadWarmup   1: 33554432 op, 896125900.00 ns, 26.7066 ns/op
WorkloadWarmup   2: 33554432 op, 893901800.00 ns, 26.6403 ns/op
WorkloadWarmup   3: 33554432 op, 905739300.00 ns, 26.9931 ns/op
WorkloadWarmup   4: 33554432 op, 902908700.00 ns, 26.9088 ns/op
WorkloadWarmup   5: 33554432 op, 917757400.00 ns, 27.3513 ns/op
WorkloadWarmup   6: 33554432 op, 892085700.00 ns, 26.5862 ns/op

// BeforeActualRun
WorkloadActual   1: 33554432 op, 909456800.00 ns, 27.1039 ns/op
WorkloadActual   2: 33554432 op, 891242300.00 ns, 26.5611 ns/op
WorkloadActual   3: 33554432 op, 898703900.00 ns, 26.7835 ns/op
WorkloadActual   4: 33554432 op, 893946400.00 ns, 26.6417 ns/op
WorkloadActual   5: 33554432 op, 891335200.00 ns, 26.5639 ns/op
WorkloadActual   6: 33554432 op, 895295200.00 ns, 26.6819 ns/op
WorkloadActual   7: 33554432 op, 899584300.00 ns, 26.8097 ns/op
WorkloadActual   8: 33554432 op, 896924700.00 ns, 26.7304 ns/op
WorkloadActual   9: 33554432 op, 897773700.00 ns, 26.7557 ns/op
WorkloadActual  10: 33554432 op, 909877100.00 ns, 27.1165 ns/op
WorkloadActual  11: 33554432 op, 904453500.00 ns, 26.9548 ns/op
WorkloadActual  12: 33554432 op, 897917500.00 ns, 26.7600 ns/op
WorkloadActual  13: 33554432 op, 896241100.00 ns, 26.7101 ns/op
WorkloadActual  14: 33554432 op, 906882300.00 ns, 27.0272 ns/op
WorkloadActual  15: 33554432 op, 893307000.00 ns, 26.6226 ns/op

// AfterActualRun
WorkloadResult   1: 33554432 op, 858940300.00 ns, 25.5984 ns/op
WorkloadResult   2: 33554432 op, 840725800.00 ns, 25.0556 ns/op
WorkloadResult   3: 33554432 op, 848187400.00 ns, 25.2780 ns/op
WorkloadResult   4: 33554432 op, 843429900.00 ns, 25.1362 ns/op
WorkloadResult   5: 33554432 op, 840818700.00 ns, 25.0583 ns/op
WorkloadResult   6: 33554432 op, 844778700.00 ns, 25.1764 ns/op
WorkloadResult   7: 33554432 op, 849067800.00 ns, 25.3042 ns/op
WorkloadResult   8: 33554432 op, 846408200.00 ns, 25.2249 ns/op
WorkloadResult   9: 33554432 op, 847257200.00 ns, 25.2502 ns/op
WorkloadResult  10: 33554432 op, 859360600.00 ns, 25.6109 ns/op
WorkloadResult  11: 33554432 op, 853937000.00 ns, 25.4493 ns/op
WorkloadResult  12: 33554432 op, 847401000.00 ns, 25.2545 ns/op
WorkloadResult  13: 33554432 op, 845724600.00 ns, 25.2046 ns/op
WorkloadResult  14: 33554432 op, 856365800.00 ns, 25.5217 ns/op
WorkloadResult  15: 33554432 op, 842790500.00 ns, 25.1171 ns/op
// GC:  0 0 0 64 33554432
// Threading:  0 0 33554432

// AfterAll
// Benchmark Process 70088 has exited with code 0.

Mean = 25.283 ns, StdErr = 0.047 ns (0.19%), N = 15, StdDev = 0.182 ns
Min = 25.056 ns, Q1 = 25.156 ns, Median = 25.250 ns, Q3 = 25.377 ns, Max = 25.611 ns
IQR = 0.220 ns, LowerFence = 24.826 ns, UpperFence = 25.707 ns
ConfidenceInterval = [25.088 ns; 25.478 ns] (CI 99.9%), Margin = 0.195 ns (0.77% of Mean)
Skewness = 0.58, Kurtosis = 1.93, MValue = 2

// ** Remained 2 (66.7%) benchmark(s) to run. Estimated finish 2026-05-14 14:13 (0h 0m from now) **
Setup power plan (GUID: 8c5e7fda-e8bf-4a96-9a85-a6e23a8c635c FriendlyName: High performance)
// **************************
// Benchmark: AcceptPathBenchmarks.Info_with_one_property: DefaultJob
// *** Execute ***
// Launch: 1 / 1
// Execute: dotnet c04dc2ab-80d4-4cc6-9e51-1dff4cc8d0c4.dll --anonymousPipes 17256 47688 --benchmarkName MMP.Herald.OSS.Benchmarks.AcceptPathBenchmarks.Info_with_one_property --job Default --benchmarkId 1 in E:\dev\Herald.OSS\benchmarking\library\net10\bin\Release\net10.0\c04dc2ab-80d4-4cc6-9e51-1dff4cc8d0c4\bin\Release\net10.0
// BeforeAnythingElse

// Benchmark Process Environment Information:
// BenchmarkDotNet v0.14.0
// Runtime=.NET 10.0.7 (10.0.726.21808), X64 RyuJIT AVX2
// GC=Concurrent Server
// HardwareIntrinsics=AVX2,AES,BMI1,BMI2,FMA,LZCNT,PCLMUL,POPCNT,AvxVnni,SERIALIZE VectorSize=256
// Job: DefaultJob

OverheadJitting  1: 1 op, 180900.00 ns, 180.9000 us/op
WorkloadJitting  1: 1 op, 2035100.00 ns, 2.0351 ms/op

OverheadJitting  2: 16 op, 188700.00 ns, 11.7938 us/op
WorkloadJitting  2: 16 op, 179100.00 ns, 11.1938 us/op

WorkloadPilot    1: 16 op, 9200.00 ns, 575.0000 ns/op
WorkloadPilot    2: 32 op, 8800.00 ns, 275.0000 ns/op
WorkloadPilot    3: 64 op, 12100.00 ns, 189.0625 ns/op
WorkloadPilot    4: 128 op, 16800.00 ns, 131.2500 ns/op
WorkloadPilot    5: 256 op, 31600.00 ns, 123.4375 ns/op
WorkloadPilot    6: 512 op, 58500.00 ns, 114.2578 ns/op
WorkloadPilot    7: 1024 op, 105300.00 ns, 102.8320 ns/op
WorkloadPilot    8: 2048 op, 206300.00 ns, 100.7324 ns/op
WorkloadPilot    9: 4096 op, 403500.00 ns, 98.5107 ns/op
WorkloadPilot   10: 8192 op, 877900.00 ns, 107.1655 ns/op
WorkloadPilot   11: 16384 op, 1592000.00 ns, 97.1680 ns/op
WorkloadPilot   12: 32768 op, 3070700.00 ns, 93.7103 ns/op
WorkloadPilot   13: 65536 op, 6072200.00 ns, 92.6544 ns/op
WorkloadPilot   14: 131072 op, 12103000.00 ns, 92.3386 ns/op
WorkloadPilot   15: 262144 op, 23742700.00 ns, 90.5712 ns/op
WorkloadPilot   16: 524288 op, 49523100.00 ns, 94.4578 ns/op
WorkloadPilot   17: 1048576 op, 40457700.00 ns, 38.5835 ns/op
WorkloadPilot   18: 2097152 op, 70760400.00 ns, 33.7412 ns/op
WorkloadPilot   19: 4194304 op, 134180800.00 ns, 31.9912 ns/op
WorkloadPilot   20: 8388608 op, 259687300.00 ns, 30.9571 ns/op
WorkloadPilot   21: 16777216 op, 600802700.00 ns, 35.8106 ns/op

OverheadWarmup   1: 16777216 op, 35390100.00 ns, 2.1094 ns/op
OverheadWarmup   2: 16777216 op, 35382800.00 ns, 2.1090 ns/op
OverheadWarmup   3: 16777216 op, 36054500.00 ns, 2.1490 ns/op
OverheadWarmup   4: 16777216 op, 35333100.00 ns, 2.1060 ns/op
OverheadWarmup   5: 16777216 op, 35462300.00 ns, 2.1137 ns/op
OverheadWarmup   6: 16777216 op, 35460200.00 ns, 2.1136 ns/op

OverheadActual   1: 16777216 op, 35525000.00 ns, 2.1175 ns/op
OverheadActual   2: 16777216 op, 35442400.00 ns, 2.1125 ns/op
OverheadActual   3: 16777216 op, 35513900.00 ns, 2.1168 ns/op
OverheadActual   4: 16777216 op, 35333700.00 ns, 2.1061 ns/op
OverheadActual   5: 16777216 op, 35350800.00 ns, 2.1071 ns/op
OverheadActual   6: 16777216 op, 35418700.00 ns, 2.1111 ns/op
OverheadActual   7: 16777216 op, 35372400.00 ns, 2.1084 ns/op
OverheadActual   8: 16777216 op, 25253300.00 ns, 1.5052 ns/op
OverheadActual   9: 16777216 op, 25832500.00 ns, 1.5397 ns/op
OverheadActual  10: 16777216 op, 26128300.00 ns, 1.5574 ns/op
OverheadActual  11: 16777216 op, 25037300.00 ns, 1.4923 ns/op
OverheadActual  12: 16777216 op, 24959900.00 ns, 1.4877 ns/op
OverheadActual  13: 16777216 op, 25057700.00 ns, 1.4936 ns/op
OverheadActual  14: 16777216 op, 24994300.00 ns, 1.4898 ns/op
OverheadActual  15: 16777216 op, 25027600.00 ns, 1.4918 ns/op
OverheadActual  16: 16777216 op, 25334900.00 ns, 1.5101 ns/op
OverheadActual  17: 16777216 op, 25296200.00 ns, 1.5078 ns/op
OverheadActual  18: 16777216 op, 25141200.00 ns, 1.4985 ns/op
OverheadActual  19: 16777216 op, 25969500.00 ns, 1.5479 ns/op
OverheadActual  20: 16777216 op, 25514100.00 ns, 1.5208 ns/op

WorkloadWarmup   1: 16777216 op, 520649200.00 ns, 31.0331 ns/op
WorkloadWarmup   2: 16777216 op, 735188400.00 ns, 43.8206 ns/op
WorkloadWarmup   3: 16777216 op, 525113400.00 ns, 31.2992 ns/op
WorkloadWarmup   4: 16777216 op, 563066000.00 ns, 33.5613 ns/op
WorkloadWarmup   5: 16777216 op, 520484000.00 ns, 31.0233 ns/op
WorkloadWarmup   6: 16777216 op, 515159200.00 ns, 30.7059 ns/op

// BeforeActualRun
WorkloadActual   1: 16777216 op, 588237800.00 ns, 35.0617 ns/op
WorkloadActual   2: 16777216 op, 517480400.00 ns, 30.8442 ns/op
WorkloadActual   3: 16777216 op, 566923500.00 ns, 33.7913 ns/op
WorkloadActual   4: 16777216 op, 513020100.00 ns, 30.5784 ns/op
WorkloadActual   5: 16777216 op, 544074500.00 ns, 32.4294 ns/op
WorkloadActual   6: 16777216 op, 527264200.00 ns, 31.4274 ns/op
WorkloadActual   7: 16777216 op, 516211500.00 ns, 30.7686 ns/op
WorkloadActual   8: 16777216 op, 664188900.00 ns, 39.5887 ns/op
WorkloadActual   9: 16777216 op, 513645600.00 ns, 30.6157 ns/op
WorkloadActual  10: 16777216 op, 631368000.00 ns, 37.6325 ns/op
WorkloadActual  11: 16777216 op, 519806500.00 ns, 30.9829 ns/op
WorkloadActual  12: 16777216 op, 701321800.00 ns, 41.8020 ns/op
WorkloadActual  13: 16777216 op, 545392600.00 ns, 32.5079 ns/op
WorkloadActual  14: 16777216 op, 736649700.00 ns, 43.9077 ns/op
WorkloadActual  15: 16777216 op, 539127500.00 ns, 32.1345 ns/op
WorkloadActual  16: 16777216 op, 526443200.00 ns, 31.3785 ns/op
WorkloadActual  17: 16777216 op, 524647200.00 ns, 31.2714 ns/op
WorkloadActual  18: 16777216 op, 848693300.00 ns, 50.5861 ns/op
WorkloadActual  19: 16777216 op, 525550000.00 ns, 31.3252 ns/op
WorkloadActual  20: 16777216 op, 518181500.00 ns, 30.8860 ns/op
WorkloadActual  21: 16777216 op, 514838500.00 ns, 30.6868 ns/op
WorkloadActual  22: 16777216 op, 514039700.00 ns, 30.6392 ns/op
WorkloadActual  23: 16777216 op, 511720900.00 ns, 30.5009 ns/op
WorkloadActual  24: 16777216 op, 523936600.00 ns, 31.2291 ns/op
WorkloadActual  25: 16777216 op, 519635400.00 ns, 30.9727 ns/op
WorkloadActual  26: 16777216 op, 514209600.00 ns, 30.6493 ns/op
WorkloadActual  27: 16777216 op, 516147400.00 ns, 30.7648 ns/op
WorkloadActual  28: 16777216 op, 524124200.00 ns, 31.2402 ns/op
WorkloadActual  29: 16777216 op, 511223600.00 ns, 30.4713 ns/op
WorkloadActual  30: 16777216 op, 510122200.00 ns, 30.4057 ns/op
WorkloadActual  31: 16777216 op, 536482500.00 ns, 31.9768 ns/op
WorkloadActual  32: 16777216 op, 543602800.00 ns, 32.4013 ns/op
WorkloadActual  33: 16777216 op, 529766900.00 ns, 31.5766 ns/op

// AfterActualRun
WorkloadResult   1: 16777216 op, 491807100.00 ns, 29.3140 ns/op
WorkloadResult   2: 16777216 op, 541250200.00 ns, 32.2610 ns/op
WorkloadResult   3: 16777216 op, 487346800.00 ns, 29.0481 ns/op
WorkloadResult   4: 16777216 op, 518401200.00 ns, 30.8991 ns/op
WorkloadResult   5: 16777216 op, 501590900.00 ns, 29.8971 ns/op
WorkloadResult   6: 16777216 op, 490538200.00 ns, 29.2384 ns/op
WorkloadResult   7: 16777216 op, 487972300.00 ns, 29.0854 ns/op
WorkloadResult   8: 16777216 op, 494133200.00 ns, 29.4526 ns/op
WorkloadResult   9: 16777216 op, 519719300.00 ns, 30.9777 ns/op
WorkloadResult  10: 16777216 op, 513454200.00 ns, 30.6043 ns/op
WorkloadResult  11: 16777216 op, 500769900.00 ns, 29.8482 ns/op
WorkloadResult  12: 16777216 op, 498973900.00 ns, 29.7412 ns/op
WorkloadResult  13: 16777216 op, 499876700.00 ns, 29.7950 ns/op
WorkloadResult  14: 16777216 op, 492508200.00 ns, 29.3558 ns/op
WorkloadResult  15: 16777216 op, 489165200.00 ns, 29.1565 ns/op
WorkloadResult  16: 16777216 op, 488366400.00 ns, 29.1089 ns/op
WorkloadResult  17: 16777216 op, 486047600.00 ns, 28.9707 ns/op
WorkloadResult  18: 16777216 op, 498263300.00 ns, 29.6988 ns/op
WorkloadResult  19: 16777216 op, 493962100.00 ns, 29.4424 ns/op
WorkloadResult  20: 16777216 op, 488536300.00 ns, 29.1190 ns/op
WorkloadResult  21: 16777216 op, 490474100.00 ns, 29.2345 ns/op
WorkloadResult  22: 16777216 op, 498450900.00 ns, 29.7100 ns/op
WorkloadResult  23: 16777216 op, 485550300.00 ns, 28.9411 ns/op
WorkloadResult  24: 16777216 op, 484448900.00 ns, 28.8754 ns/op
WorkloadResult  25: 16777216 op, 510809200.00 ns, 30.4466 ns/op
WorkloadResult  26: 16777216 op, 517929500.00 ns, 30.8710 ns/op
WorkloadResult  27: 16777216 op, 504093600.00 ns, 30.0463 ns/op
// GC:  7 0 0 402653248 16777216
// Threading:  0 0 16777216

// AfterAll
// Benchmark Process 16944 has exited with code 0.

Mean = 29.746 ns, StdErr = 0.155 ns (0.52%), N = 27, StdDev = 0.806 ns
Min = 28.875 ns, Q1 = 29.138 ns, Median = 29.453 ns, Q3 = 29.972 ns, Max = 32.261 ns
IQR = 0.834 ns, LowerFence = 27.887 ns, UpperFence = 31.223 ns
ConfidenceInterval = [29.171 ns; 30.321 ns] (CI 99.9%), Margin = 0.575 ns (1.93% of Mean)
Skewness = 1.29, Kurtosis = 4.28, MValue = 2

// ** Remained 1 (33.3%) benchmark(s) to run. Estimated finish 2026-05-14 14:13 (0h 0m from now) **
Setup power plan (GUID: 8c5e7fda-e8bf-4a96-9a85-a6e23a8c635c FriendlyName: High performance)
// **************************
// Benchmark: AcceptPathBenchmarks.Info_with_three_properties: DefaultJob
// *** Execute ***
// Launch: 1 / 1
// Execute: dotnet c04dc2ab-80d4-4cc6-9e51-1dff4cc8d0c4.dll --anonymousPipes 4884 13932 --benchmarkName MMP.Herald.OSS.Benchmarks.AcceptPathBenchmarks.Info_with_three_properties --job Default --benchmarkId 2 in E:\dev\Herald.OSS\benchmarking\library\net10\bin\Release\net10.0\c04dc2ab-80d4-4cc6-9e51-1dff4cc8d0c4\bin\Release\net10.0
// BeforeAnythingElse

// Benchmark Process Environment Information:
// BenchmarkDotNet v0.14.0
// Runtime=.NET 10.0.7 (10.0.726.21808), X64 RyuJIT AVX2
// GC=Concurrent Server
// HardwareIntrinsics=AVX2,AES,BMI1,BMI2,FMA,LZCNT,PCLMUL,POPCNT,AvxVnni,SERIALIZE VectorSize=256
// Job: DefaultJob

OverheadJitting  1: 1 op, 176200.00 ns, 176.2000 us/op
WorkloadJitting  1: 1 op, 1890200.00 ns, 1.8902 ms/op

OverheadJitting  2: 16 op, 171300.00 ns, 10.7063 us/op
WorkloadJitting  2: 16 op, 192100.00 ns, 12.0063 us/op

WorkloadPilot    1: 16 op, 7900.00 ns, 493.7500 ns/op
WorkloadPilot    2: 32 op, 9200.00 ns, 287.5000 ns/op
WorkloadPilot    3: 64 op, 10800.00 ns, 168.7500 ns/op
WorkloadPilot    4: 128 op, 22300.00 ns, 174.2188 ns/op
WorkloadPilot    5: 256 op, 40900.00 ns, 159.7656 ns/op
WorkloadPilot    6: 512 op, 66100.00 ns, 129.1016 ns/op
WorkloadPilot    7: 1024 op, 126600.00 ns, 123.6328 ns/op
WorkloadPilot    8: 2048 op, 243700.00 ns, 118.9941 ns/op
WorkloadPilot    9: 4096 op, 503600.00 ns, 122.9492 ns/op
WorkloadPilot   10: 8192 op, 1008400.00 ns, 123.0957 ns/op
WorkloadPilot   11: 16384 op, 2037800.00 ns, 124.3774 ns/op
WorkloadPilot   12: 32768 op, 3737800.00 ns, 114.0686 ns/op
WorkloadPilot   13: 65536 op, 7452700.00 ns, 113.7192 ns/op
WorkloadPilot   14: 131072 op, 14810400.00 ns, 112.9944 ns/op
WorkloadPilot   15: 262144 op, 29578300.00 ns, 112.8323 ns/op
WorkloadPilot   16: 524288 op, 61032500.00 ns, 116.4103 ns/op
WorkloadPilot   17: 1048576 op, 38233400.00 ns, 36.4622 ns/op
WorkloadPilot   18: 2097152 op, 72358500.00 ns, 34.5032 ns/op
WorkloadPilot   19: 4194304 op, 145275700.00 ns, 34.6364 ns/op
WorkloadPilot   20: 8388608 op, 284183300.00 ns, 33.8773 ns/op
WorkloadPilot   21: 16777216 op, 576484400.00 ns, 34.3611 ns/op

OverheadWarmup   1: 16777216 op, 35491400.00 ns, 2.1155 ns/op
OverheadWarmup   2: 16777216 op, 35527300.00 ns, 2.1176 ns/op
OverheadWarmup   3: 16777216 op, 35562200.00 ns, 2.1197 ns/op
OverheadWarmup   4: 16777216 op, 35595300.00 ns, 2.1216 ns/op
OverheadWarmup   5: 16777216 op, 35560600.00 ns, 2.1196 ns/op
OverheadWarmup   6: 16777216 op, 35499800.00 ns, 2.1160 ns/op
OverheadWarmup   7: 16777216 op, 36002400.00 ns, 2.1459 ns/op
OverheadWarmup   8: 16777216 op, 35715000.00 ns, 2.1288 ns/op

OverheadActual   1: 16777216 op, 32286000.00 ns, 1.9244 ns/op
OverheadActual   2: 16777216 op, 32150000.00 ns, 1.9163 ns/op
OverheadActual   3: 16777216 op, 32121000.00 ns, 1.9146 ns/op
OverheadActual   4: 16777216 op, 32079400.00 ns, 1.9121 ns/op
OverheadActual   5: 16777216 op, 32077800.00 ns, 1.9120 ns/op
OverheadActual   6: 16777216 op, 32121600.00 ns, 1.9146 ns/op
OverheadActual   7: 16777216 op, 32092400.00 ns, 1.9129 ns/op
OverheadActual   8: 16777216 op, 32195800.00 ns, 1.9190 ns/op
OverheadActual   9: 16777216 op, 31142700.00 ns, 1.8562 ns/op
OverheadActual  10: 16777216 op, 25467300.00 ns, 1.5180 ns/op
OverheadActual  11: 16777216 op, 25251700.00 ns, 1.5051 ns/op
OverheadActual  12: 16777216 op, 25189100.00 ns, 1.5014 ns/op
OverheadActual  13: 16777216 op, 25176500.00 ns, 1.5006 ns/op
OverheadActual  14: 16777216 op, 25200300.00 ns, 1.5021 ns/op
OverheadActual  15: 16777216 op, 25153300.00 ns, 1.4993 ns/op
OverheadActual  16: 16777216 op, 25209900.00 ns, 1.5026 ns/op
OverheadActual  17: 16777216 op, 25137300.00 ns, 1.4983 ns/op
OverheadActual  18: 16777216 op, 25147300.00 ns, 1.4989 ns/op
OverheadActual  19: 16777216 op, 25298200.00 ns, 1.5079 ns/op
OverheadActual  20: 16777216 op, 25161200.00 ns, 1.4997 ns/op

WorkloadWarmup   1: 16777216 op, 579487900.00 ns, 34.5402 ns/op
WorkloadWarmup   2: 16777216 op, 567612600.00 ns, 33.8323 ns/op
WorkloadWarmup   3: 16777216 op, 571027400.00 ns, 34.0359 ns/op
WorkloadWarmup   4: 16777216 op, 573809900.00 ns, 34.2017 ns/op
WorkloadWarmup   5: 16777216 op, 570190400.00 ns, 33.9860 ns/op
WorkloadWarmup   6: 16777216 op, 573874800.00 ns, 34.2056 ns/op
WorkloadWarmup   7: 16777216 op, 569600800.00 ns, 33.9509 ns/op

// BeforeActualRun
WorkloadActual   1: 16777216 op, 574584100.00 ns, 34.2479 ns/op
WorkloadActual   2: 16777216 op, 569766400.00 ns, 33.9607 ns/op
WorkloadActual   3: 16777216 op, 589114200.00 ns, 35.1139 ns/op
WorkloadActual   4: 16777216 op, 599855100.00 ns, 35.7542 ns/op
WorkloadActual   5: 16777216 op, 574446100.00 ns, 34.2397 ns/op
WorkloadActual   6: 16777216 op, 567955300.00 ns, 33.8528 ns/op
WorkloadActual   7: 16777216 op, 585440400.00 ns, 34.8950 ns/op
WorkloadActual   8: 16777216 op, 578395500.00 ns, 34.4751 ns/op
WorkloadActual   9: 16777216 op, 568907300.00 ns, 33.9095 ns/op
WorkloadActual  10: 16777216 op, 576139900.00 ns, 34.3406 ns/op
WorkloadActual  11: 16777216 op, 581350600.00 ns, 34.6512 ns/op
WorkloadActual  12: 16777216 op, 581987700.00 ns, 34.6892 ns/op
WorkloadActual  13: 16777216 op, 567731400.00 ns, 33.8394 ns/op
WorkloadActual  14: 16777216 op, 576660400.00 ns, 34.3716 ns/op
WorkloadActual  15: 16777216 op, 581262600.00 ns, 34.6460 ns/op

// AfterActualRun
WorkloadResult   1: 16777216 op, 549201350.00 ns, 32.7350 ns/op
WorkloadResult   2: 16777216 op, 544383650.00 ns, 32.4478 ns/op
WorkloadResult   3: 16777216 op, 563731450.00 ns, 33.6010 ns/op
WorkloadResult   4: 16777216 op, 549063350.00 ns, 32.7267 ns/op
WorkloadResult   5: 16777216 op, 542572550.00 ns, 32.3398 ns/op
WorkloadResult   6: 16777216 op, 560057650.00 ns, 33.3820 ns/op
WorkloadResult   7: 16777216 op, 553012750.00 ns, 32.9621 ns/op
WorkloadResult   8: 16777216 op, 543524550.00 ns, 32.3966 ns/op
WorkloadResult   9: 16777216 op, 550757150.00 ns, 32.8277 ns/op
WorkloadResult  10: 16777216 op, 555967850.00 ns, 33.1383 ns/op
WorkloadResult  11: 16777216 op, 556604950.00 ns, 33.1762 ns/op
WorkloadResult  12: 16777216 op, 542348650.00 ns, 32.3265 ns/op
WorkloadResult  13: 16777216 op, 551277650.00 ns, 32.8587 ns/op
WorkloadResult  14: 16777216 op, 555879850.00 ns, 33.1330 ns/op
// GC:  14 0 0 805306432 16777216
// Threading:  0 0 16777216

// AfterAll
// Benchmark Process 68036 has exited with code 0.

Mean = 32.861 ns, StdErr = 0.106 ns (0.32%), N = 14, StdDev = 0.398 ns
Min = 32.326 ns, Q1 = 32.518 ns, Median = 32.843 ns, Q3 = 33.137 ns, Max = 33.601 ns
IQR = 0.619 ns, LowerFence = 31.588 ns, UpperFence = 34.066 ns
ConfidenceInterval = [32.412 ns; 33.310 ns] (CI 99.9%), Margin = 0.449 ns (1.37% of Mean)
Skewness = 0.17, Kurtosis = 1.79, MValue = 2

// ** Remained 0 (0.0%) benchmark(s) to run. Estimated finish 2026-05-14 14:13 (0h 0m from now) **
Successfully reverted power plan (GUID: 8c5e7fda-e8bf-4a96-9a85-a6e23a8c635c FriendlyName: High performance)
// ***** BenchmarkRunner: Finish  *****

// * Export *
  benchmarking\library\net10\results\results\MMP.Herald.OSS.Benchmarks.AcceptPathBenchmarks-report.csv
  benchmarking\library\net10\results\results\MMP.Herald.OSS.Benchmarks.AcceptPathBenchmarks-report-github.md
  benchmarking\library\net10\results\results\MMP.Herald.OSS.Benchmarks.AcceptPathBenchmarks-report.html

// * Detailed results *
AcceptPathBenchmarks.Info_no_properties: DefaultJob
Runtime = .NET 10.0.7 (10.0.726.21808), X64 RyuJIT AVX2; GC = Concurrent Server
Mean = 25.283 ns, StdErr = 0.047 ns (0.19%), N = 15, StdDev = 0.182 ns
Min = 25.056 ns, Q1 = 25.156 ns, Median = 25.250 ns, Q3 = 25.377 ns, Max = 25.611 ns
IQR = 0.220 ns, LowerFence = 24.826 ns, UpperFence = 25.707 ns
ConfidenceInterval = [25.088 ns; 25.478 ns] (CI 99.9%), Margin = 0.195 ns (0.77% of Mean)
Skewness = 0.58, Kurtosis = 1.93, MValue = 2
-------------------- Histogram --------------------
[24.958 ns ; 25.708 ns) | @@@@@@@@@@@@@@@
---------------------------------------------------

AcceptPathBenchmarks.Info_with_one_property: DefaultJob
Runtime = .NET 10.0.7 (10.0.726.21808), X64 RyuJIT AVX2; GC = Concurrent Server
Mean = 29.746 ns, StdErr = 0.155 ns (0.52%), N = 27, StdDev = 0.806 ns
Min = 28.875 ns, Q1 = 29.138 ns, Median = 29.453 ns, Q3 = 29.972 ns, Max = 32.261 ns
IQR = 0.834 ns, LowerFence = 27.887 ns, UpperFence = 31.223 ns
ConfidenceInterval = [29.171 ns; 30.321 ns] (CI 99.9%), Margin = 0.575 ns (1.93% of Mean)
Skewness = 1.29, Kurtosis = 4.28, MValue = 2
-------------------- Histogram --------------------
[28.811 ns ; 29.517 ns) | @@@@@@@@@@@@@@
[29.517 ns ; 30.225 ns) | @@@@@@@
[30.225 ns ; 31.065 ns) | @@@@@
[31.065 ns ; 31.908 ns) | 
[31.908 ns ; 32.614 ns) | @
---------------------------------------------------

AcceptPathBenchmarks.Info_with_three_properties: DefaultJob
Runtime = .NET 10.0.7 (10.0.726.21808), X64 RyuJIT AVX2; GC = Concurrent Server
Mean = 32.861 ns, StdErr = 0.106 ns (0.32%), N = 14, StdDev = 0.398 ns
Min = 32.326 ns, Q1 = 32.518 ns, Median = 32.843 ns, Q3 = 33.137 ns, Max = 33.601 ns
IQR = 0.619 ns, LowerFence = 31.588 ns, UpperFence = 34.066 ns
ConfidenceInterval = [32.412 ns; 33.310 ns] (CI 99.9%), Margin = 0.449 ns (1.37% of Mean)
Skewness = 0.17, Kurtosis = 1.79, MValue = 2
-------------------- Histogram --------------------
[32.110 ns ; 33.818 ns) | @@@@@@@@@@@@@@
---------------------------------------------------

// * Summary *

BenchmarkDotNet v0.14.0, Windows 11 (10.0.26200.8246)
12th Gen Intel Core i9-12900K, 1 CPU, 24 logical and 16 physical cores
.NET SDK 10.0.203
  [Host]     : .NET 10.0.7 (10.0.726.21808), X64 RyuJIT AVX2
  DefaultJob : .NET 10.0.7 (10.0.726.21808), X64 RyuJIT AVX2


| Method                     | Mean     | Error    | StdDev   | Gen0   | Allocated |
|--------------------------- |---------:|---------:|---------:|-------:|----------:|
| Info_no_properties         | 25.28 ns | 0.195 ns | 0.182 ns |      - |         - |
| Info_with_one_property     | 29.75 ns | 0.575 ns | 0.806 ns | 0.0004 |      24 B |
| Info_with_three_properties | 32.86 ns | 0.449 ns | 0.398 ns | 0.0008 |      48 B |

// * Hints *
Outliers
  AcceptPathBenchmarks.Info_with_one_property: Default     -> 6 outliers were removed (35.06 ns..50.59 ns)
  AcceptPathBenchmarks.Info_with_three_properties: Default -> 1 outlier  was  removed (35.75 ns)

// * Legends *
  Mean      : Arithmetic mean of all measurements
  Error     : Half of 99.9% confidence interval
  StdDev    : Standard deviation of all measurements
  Gen0      : GC Generation 0 collects per 1000 operations
  Allocated : Allocated memory per single operation (managed only, inclusive, 1KB = 1024B)
  1 ns      : 1 Nanosecond (0.000000001 sec)

// * Diagnostic Output - MemoryDiagnoser *


// ***** BenchmarkRunner: End *****
Run time: 00:01:05 (65.44 sec), executed benchmarks: 3

Global total time: 00:01:27 (87.38 sec), executed benchmarks: 3
// * Artifacts cleanup *
Artifacts cleanup is finished
