// Validating benchmarks:
// ***** BenchmarkRunner: Start   *****
// ***** Found 6 benchmark(s) in total *****
// ***** Building 1 exe(s) in Parallel: Start   *****
// start dotnet  restore /p:UseSharedCompilation=false /p:BuildInParallel=false /m:1 /p:Deterministic=true /p:Optimize=true /p:IntermediateOutputPath="E:\dev\Herald.OSS\benchmarking\library\net10\bin\Release\net10.0\7379ee15-a96a-4f41-8a3b-522e3c3a3296\obj\Release\net10.0/" /p:OutDir="E:\dev\Herald.OSS\benchmarking\library\net10\bin\Release\net10.0\7379ee15-a96a-4f41-8a3b-522e3c3a3296\bin\Release\net10.0/" /p:OutputPath="E:\dev\Herald.OSS\benchmarking\library\net10\bin\Release\net10.0\7379ee15-a96a-4f41-8a3b-522e3c3a3296\bin\Release\net10.0/" in E:\dev\Herald.OSS\benchmarking\library\net10\bin\Release\net10.0\7379ee15-a96a-4f41-8a3b-522e3c3a3296
// command took 2.52 sec and exited with 0
// start dotnet  build -c Release --no-restore /p:UseSharedCompilation=false /p:BuildInParallel=false /m:1 /p:Deterministic=true /p:Optimize=true /p:IntermediateOutputPath="E:\dev\Herald.OSS\benchmarking\library\net10\bin\Release\net10.0\7379ee15-a96a-4f41-8a3b-522e3c3a3296\obj\Release\net10.0/" /p:OutDir="E:\dev\Herald.OSS\benchmarking\library\net10\bin\Release\net10.0\7379ee15-a96a-4f41-8a3b-522e3c3a3296\bin\Release\net10.0/" /p:OutputPath="E:\dev\Herald.OSS\benchmarking\library\net10\bin\Release\net10.0\7379ee15-a96a-4f41-8a3b-522e3c3a3296\bin\Release\net10.0/" --output "E:\dev\Herald.OSS\benchmarking\library\net10\bin\Release\net10.0\7379ee15-a96a-4f41-8a3b-522e3c3a3296\bin\Release\net10.0/" in E:\dev\Herald.OSS\benchmarking\library\net10\bin\Release\net10.0\7379ee15-a96a-4f41-8a3b-522e3c3a3296
// command took 23.83 sec and exited with 0
// ***** Done, took 00:00:28 (28.36 sec)   *****
// Found 6 benchmarks:
//   KernelFanOutBenchmarks.FanOut_Single: DefaultJob
//   KernelFanOutBenchmarks.FanOut_Pair: DefaultJob
//   KernelFanOutBenchmarks.FanOut_Triple: DefaultJob
//   KernelFanOutBenchmarks.FanOut_Many_5: DefaultJob
//   KernelFanOutBenchmarks.FanOut_Many_8: DefaultJob
//   KernelFanOutBenchmarks.FanOut_Many_16: DefaultJob

Setup power plan (GUID: 8c5e7fda-e8bf-4a96-9a85-a6e23a8c635c FriendlyName: High performance)
// **************************
// Benchmark: KernelFanOutBenchmarks.FanOut_Single: DefaultJob
// *** Execute ***
// Launch: 1 / 1
// Execute: dotnet 7379ee15-a96a-4f41-8a3b-522e3c3a3296.dll --anonymousPipes 26512 6608 --benchmarkName MMP.Herald.OSS.Benchmarks.KernelFanOutBenchmarks.FanOut_Single --job Default --benchmarkId 0 in E:\dev\Herald.OSS\benchmarking\library\net10\bin\Release\net10.0\7379ee15-a96a-4f41-8a3b-522e3c3a3296\bin\Release\net10.0
// BeforeAnythingElse

// Benchmark Process Environment Information:
// BenchmarkDotNet v0.14.0
// Runtime=.NET 10.0.7 (10.0.726.21808), X64 RyuJIT AVX2
// GC=Concurrent Server
// HardwareIntrinsics=AVX2,AES,BMI1,BMI2,FMA,LZCNT,PCLMUL,POPCNT,AvxVnni,SERIALIZE VectorSize=256
// Job: DefaultJob

OverheadJitting  1: 1 op, 337300.00 ns, 337.3000 us/op
WorkloadJitting  1: 1 op, 1579500.00 ns, 1.5795 ms/op

OverheadJitting  2: 16 op, 271900.00 ns, 16.9938 us/op
WorkloadJitting  2: 16 op, 237800.00 ns, 14.8625 us/op

WorkloadPilot    1: 16 op, 5900.00 ns, 368.7500 ns/op
WorkloadPilot    2: 32 op, 3700.00 ns, 115.6250 ns/op
WorkloadPilot    3: 64 op, 4000.00 ns, 62.5000 ns/op
WorkloadPilot    4: 128 op, 6900.00 ns, 53.9063 ns/op
WorkloadPilot    5: 256 op, 10900.00 ns, 42.5781 ns/op
WorkloadPilot    6: 512 op, 19900.00 ns, 38.8672 ns/op
WorkloadPilot    7: 1024 op, 41300.00 ns, 40.3320 ns/op
WorkloadPilot    8: 2048 op, 74300.00 ns, 36.2793 ns/op
WorkloadPilot    9: 4096 op, 140200.00 ns, 34.2285 ns/op
WorkloadPilot   10: 8192 op, 273000.00 ns, 33.3252 ns/op
WorkloadPilot   11: 16384 op, 564900.00 ns, 34.4788 ns/op
WorkloadPilot   12: 32768 op, 1123700.00 ns, 34.2926 ns/op
WorkloadPilot   13: 65536 op, 2354500.00 ns, 35.9268 ns/op
WorkloadPilot   14: 131072 op, 4796200.00 ns, 36.5921 ns/op
WorkloadPilot   15: 262144 op, 9502800.00 ns, 36.2503 ns/op
WorkloadPilot   16: 524288 op, 20758400.00 ns, 39.5935 ns/op
WorkloadPilot   17: 1048576 op, 40354100.00 ns, 38.4847 ns/op
WorkloadPilot   18: 2097152 op, 82214200.00 ns, 39.2028 ns/op
WorkloadPilot   19: 4194304 op, 107138600.00 ns, 25.5438 ns/op
WorkloadPilot   20: 8388608 op, 195020200.00 ns, 23.2482 ns/op
WorkloadPilot   21: 16777216 op, 420906800.00 ns, 25.0880 ns/op
WorkloadPilot   22: 33554432 op, 737183700.00 ns, 21.9698 ns/op

OverheadWarmup   1: 33554432 op, 71609200.00 ns, 2.1341 ns/op
OverheadWarmup   2: 33554432 op, 67875300.00 ns, 2.0228 ns/op
OverheadWarmup   3: 33554432 op, 73934400.00 ns, 2.2034 ns/op
OverheadWarmup   4: 33554432 op, 53188400.00 ns, 1.5851 ns/op
OverheadWarmup   5: 33554432 op, 53689900.00 ns, 1.6001 ns/op
OverheadWarmup   6: 33554432 op, 53430400.00 ns, 1.5924 ns/op

OverheadActual   1: 33554432 op, 54149000.00 ns, 1.6138 ns/op
OverheadActual   2: 33554432 op, 53781500.00 ns, 1.6028 ns/op
OverheadActual   3: 33554432 op, 53758600.00 ns, 1.6021 ns/op
OverheadActual   4: 33554432 op, 53677600.00 ns, 1.5997 ns/op
OverheadActual   5: 33554432 op, 59042500.00 ns, 1.7596 ns/op
OverheadActual   6: 33554432 op, 56280200.00 ns, 1.6773 ns/op
OverheadActual   7: 33554432 op, 58352500.00 ns, 1.7390 ns/op
OverheadActual   8: 33554432 op, 52656000.00 ns, 1.5693 ns/op
OverheadActual   9: 33554432 op, 52438100.00 ns, 1.5628 ns/op
OverheadActual  10: 33554432 op, 51377500.00 ns, 1.5312 ns/op
OverheadActual  11: 33554432 op, 57862400.00 ns, 1.7244 ns/op
OverheadActual  12: 33554432 op, 56814500.00 ns, 1.6932 ns/op
OverheadActual  13: 33554432 op, 53825800.00 ns, 1.6041 ns/op
OverheadActual  14: 33554432 op, 60410300.00 ns, 1.8004 ns/op
OverheadActual  15: 33554432 op, 54343500.00 ns, 1.6196 ns/op
OverheadActual  16: 33554432 op, 53428400.00 ns, 1.5923 ns/op

WorkloadWarmup   1: 33554432 op, 745720100.00 ns, 22.2242 ns/op
WorkloadWarmup   2: 33554432 op, 715931200.00 ns, 21.3364 ns/op
WorkloadWarmup   3: 33554432 op, 739610800.00 ns, 22.0421 ns/op
WorkloadWarmup   4: 33554432 op, 727085800.00 ns, 21.6688 ns/op
WorkloadWarmup   5: 33554432 op, 713192500.00 ns, 21.2548 ns/op
WorkloadWarmup   6: 33554432 op, 700852300.00 ns, 20.8870 ns/op
WorkloadWarmup   7: 33554432 op, 733409200.00 ns, 21.8573 ns/op
WorkloadWarmup   8: 33554432 op, 746664300.00 ns, 22.2523 ns/op
WorkloadWarmup   9: 33554432 op, 714148600.00 ns, 21.2833 ns/op

// BeforeActualRun
WorkloadActual   1: 33554432 op, 735177200.00 ns, 21.9100 ns/op
WorkloadActual   2: 33554432 op, 749004300.00 ns, 22.3221 ns/op
WorkloadActual   3: 33554432 op, 711784600.00 ns, 21.2128 ns/op
WorkloadActual   4: 33554432 op, 730221900.00 ns, 21.7623 ns/op
WorkloadActual   5: 33554432 op, 770792300.00 ns, 22.9714 ns/op
WorkloadActual   6: 33554432 op, 724297500.00 ns, 21.5857 ns/op
WorkloadActual   7: 33554432 op, 732579400.00 ns, 21.8326 ns/op
WorkloadActual   8: 33554432 op, 753616300.00 ns, 22.4595 ns/op
WorkloadActual   9: 33554432 op, 776954400.00 ns, 23.1550 ns/op
WorkloadActual  10: 33554432 op, 707820700.00 ns, 21.0947 ns/op
WorkloadActual  11: 33554432 op, 709706300.00 ns, 21.1509 ns/op
WorkloadActual  12: 33554432 op, 755830400.00 ns, 22.5255 ns/op
WorkloadActual  13: 33554432 op, 748500300.00 ns, 22.3070 ns/op
WorkloadActual  14: 33554432 op, 719352000.00 ns, 21.4384 ns/op
WorkloadActual  15: 33554432 op, 720942200.00 ns, 21.4858 ns/op
WorkloadActual  16: 33554432 op, 712958300.00 ns, 21.2478 ns/op
WorkloadActual  17: 33554432 op, 723181100.00 ns, 21.5525 ns/op
WorkloadActual  18: 33554432 op, 737974300.00 ns, 21.9933 ns/op
WorkloadActual  19: 33554432 op, 723605500.00 ns, 21.5651 ns/op
WorkloadActual  20: 33554432 op, 755837900.00 ns, 22.5257 ns/op
WorkloadActual  21: 33554432 op, 700386200.00 ns, 20.8731 ns/op
WorkloadActual  22: 33554432 op, 692446100.00 ns, 20.6365 ns/op
WorkloadActual  23: 33554432 op, 715133000.00 ns, 21.3126 ns/op
WorkloadActual  24: 33554432 op, 695659200.00 ns, 20.7323 ns/op
WorkloadActual  25: 33554432 op, 736382000.00 ns, 21.9459 ns/op
WorkloadActual  26: 33554432 op, 721680100.00 ns, 21.5077 ns/op
WorkloadActual  27: 33554432 op, 703577800.00 ns, 20.9683 ns/op
WorkloadActual  28: 33554432 op, 725322800.00 ns, 21.6163 ns/op
WorkloadActual  29: 33554432 op, 722415300.00 ns, 21.5297 ns/op

// AfterActualRun
WorkloadResult   1: 33554432 op, 681189800.00 ns, 20.3010 ns/op
WorkloadResult   2: 33554432 op, 695016900.00 ns, 20.7131 ns/op
WorkloadResult   3: 33554432 op, 657797200.00 ns, 19.6039 ns/op
WorkloadResult   4: 33554432 op, 676234500.00 ns, 20.1534 ns/op
WorkloadResult   5: 33554432 op, 716804900.00 ns, 21.3625 ns/op
WorkloadResult   6: 33554432 op, 670310100.00 ns, 19.9768 ns/op
WorkloadResult   7: 33554432 op, 678592000.00 ns, 20.2236 ns/op
WorkloadResult   8: 33554432 op, 699628900.00 ns, 20.8506 ns/op
WorkloadResult   9: 33554432 op, 653833300.00 ns, 19.4858 ns/op
WorkloadResult  10: 33554432 op, 655718900.00 ns, 19.5419 ns/op
WorkloadResult  11: 33554432 op, 701843000.00 ns, 20.9166 ns/op
WorkloadResult  12: 33554432 op, 694512900.00 ns, 20.6981 ns/op
WorkloadResult  13: 33554432 op, 665364600.00 ns, 19.8294 ns/op
WorkloadResult  14: 33554432 op, 666954800.00 ns, 19.8768 ns/op
WorkloadResult  15: 33554432 op, 658970900.00 ns, 19.6389 ns/op
WorkloadResult  16: 33554432 op, 669193700.00 ns, 19.9435 ns/op
WorkloadResult  17: 33554432 op, 683986900.00 ns, 20.3844 ns/op
WorkloadResult  18: 33554432 op, 669618100.00 ns, 19.9562 ns/op
WorkloadResult  19: 33554432 op, 701850500.00 ns, 20.9168 ns/op
WorkloadResult  20: 33554432 op, 646398800.00 ns, 19.2642 ns/op
WorkloadResult  21: 33554432 op, 638458700.00 ns, 19.0276 ns/op
WorkloadResult  22: 33554432 op, 661145600.00 ns, 19.7037 ns/op
WorkloadResult  23: 33554432 op, 641671800.00 ns, 19.1233 ns/op
WorkloadResult  24: 33554432 op, 682394600.00 ns, 20.3369 ns/op
WorkloadResult  25: 33554432 op, 667692700.00 ns, 19.8988 ns/op
WorkloadResult  26: 33554432 op, 649590400.00 ns, 19.3593 ns/op
WorkloadResult  27: 33554432 op, 671335400.00 ns, 20.0074 ns/op
WorkloadResult  28: 33554432 op, 668427900.00 ns, 19.9207 ns/op
// GC:  0 0 0 112 33554432
// Threading:  0 0 33554432

// AfterAll
// Benchmark Process 71068 has exited with code 0.

Mean = 20.036 ns, StdErr = 0.110 ns (0.55%), N = 28, StdDev = 0.585 ns
Min = 19.028 ns, Q1 = 19.630 ns, Median = 19.950 ns, Q3 = 20.349 ns, Max = 21.362 ns
IQR = 0.719 ns, LowerFence = 18.552 ns, UpperFence = 21.427 ns
ConfidenceInterval = [19.629 ns; 20.444 ns] (CI 99.9%), Margin = 0.408 ns (2.03% of Mean)
Skewness = 0.34, Kurtosis = 2.35, MValue = 2

// ** Remained 5 (83.3%) benchmark(s) to run. Estimated finish 2026-05-14 14:09 (0h 2m from now) **
Setup power plan (GUID: 8c5e7fda-e8bf-4a96-9a85-a6e23a8c635c FriendlyName: High performance)
// **************************
// Benchmark: KernelFanOutBenchmarks.FanOut_Pair: DefaultJob
// *** Execute ***
// Launch: 1 / 1
// Execute: dotnet 7379ee15-a96a-4f41-8a3b-522e3c3a3296.dll --anonymousPipes 34396 34400 --benchmarkName MMP.Herald.OSS.Benchmarks.KernelFanOutBenchmarks.FanOut_Pair --job Default --benchmarkId 1 in E:\dev\Herald.OSS\benchmarking\library\net10\bin\Release\net10.0\7379ee15-a96a-4f41-8a3b-522e3c3a3296\bin\Release\net10.0
// BeforeAnythingElse

// Benchmark Process Environment Information:
// BenchmarkDotNet v0.14.0
// Runtime=.NET 10.0.7 (10.0.726.21808), X64 RyuJIT AVX2
// GC=Concurrent Server
// HardwareIntrinsics=AVX2,AES,BMI1,BMI2,FMA,LZCNT,PCLMUL,POPCNT,AvxVnni,SERIALIZE VectorSize=256
// Job: DefaultJob

OverheadJitting  1: 1 op, 326000.00 ns, 326.0000 us/op
WorkloadJitting  1: 1 op, 1420100.00 ns, 1.4201 ms/op

OverheadJitting  2: 16 op, 286700.00 ns, 17.9188 us/op
WorkloadJitting  2: 16 op, 226500.00 ns, 14.1563 us/op

WorkloadPilot    1: 16 op, 5500.00 ns, 343.7500 ns/op
WorkloadPilot    2: 32 op, 4000.00 ns, 125.0000 ns/op
WorkloadPilot    3: 64 op, 4000.00 ns, 62.5000 ns/op
WorkloadPilot    4: 128 op, 4800.00 ns, 37.5000 ns/op
WorkloadPilot    5: 256 op, 16100.00 ns, 62.8906 ns/op
WorkloadPilot    6: 512 op, 19900.00 ns, 38.8672 ns/op
WorkloadPilot    7: 1024 op, 39000.00 ns, 38.0859 ns/op
WorkloadPilot    8: 2048 op, 87800.00 ns, 42.8711 ns/op
WorkloadPilot    9: 4096 op, 151600.00 ns, 37.0117 ns/op
WorkloadPilot   10: 8192 op, 253800.00 ns, 30.9814 ns/op
WorkloadPilot   11: 16384 op, 943800.00 ns, 57.6050 ns/op
WorkloadPilot   12: 32768 op, 1184100.00 ns, 36.1359 ns/op
WorkloadPilot   13: 65536 op, 2167600.00 ns, 33.0750 ns/op
WorkloadPilot   14: 131072 op, 5155700.00 ns, 39.3349 ns/op
WorkloadPilot   15: 262144 op, 10306900.00 ns, 39.3177 ns/op
WorkloadPilot   16: 524288 op, 19785800.00 ns, 37.7384 ns/op
WorkloadPilot   17: 1048576 op, 39345300.00 ns, 37.5226 ns/op
WorkloadPilot   18: 2097152 op, 76989600.00 ns, 36.7115 ns/op
WorkloadPilot   19: 4194304 op, 97051700.00 ns, 23.1389 ns/op
WorkloadPilot   20: 8388608 op, 181108400.00 ns, 21.5898 ns/op
WorkloadPilot   21: 16777216 op, 355361200.00 ns, 21.1812 ns/op
WorkloadPilot   22: 33554432 op, 705503800.00 ns, 21.0257 ns/op

OverheadWarmup   1: 33554432 op, 64755400.00 ns, 1.9299 ns/op
OverheadWarmup   2: 33554432 op, 64247400.00 ns, 1.9147 ns/op
OverheadWarmup   3: 33554432 op, 63963000.00 ns, 1.9062 ns/op
OverheadWarmup   4: 33554432 op, 54804500.00 ns, 1.6333 ns/op
OverheadWarmup   5: 33554432 op, 49950800.00 ns, 1.4886 ns/op
OverheadWarmup   6: 33554432 op, 49941300.00 ns, 1.4884 ns/op
OverheadWarmup   7: 33554432 op, 51560900.00 ns, 1.5366 ns/op
OverheadWarmup   8: 33554432 op, 50355300.00 ns, 1.5007 ns/op
OverheadWarmup   9: 33554432 op, 49958100.00 ns, 1.4889 ns/op
OverheadWarmup  10: 33554432 op, 50349100.00 ns, 1.5005 ns/op

OverheadActual   1: 33554432 op, 50114600.00 ns, 1.4935 ns/op
OverheadActual   2: 33554432 op, 51503600.00 ns, 1.5349 ns/op
OverheadActual   3: 33554432 op, 50210100.00 ns, 1.4964 ns/op
OverheadActual   4: 33554432 op, 50214300.00 ns, 1.4965 ns/op
OverheadActual   5: 33554432 op, 50011400.00 ns, 1.4905 ns/op
OverheadActual   6: 33554432 op, 49906700.00 ns, 1.4873 ns/op
OverheadActual   7: 33554432 op, 50500400.00 ns, 1.5050 ns/op
OverheadActual   8: 33554432 op, 49984500.00 ns, 1.4897 ns/op
OverheadActual   9: 33554432 op, 50659700.00 ns, 1.5098 ns/op
OverheadActual  10: 33554432 op, 49860800.00 ns, 1.4860 ns/op
OverheadActual  11: 33554432 op, 50649700.00 ns, 1.5095 ns/op
OverheadActual  12: 33554432 op, 50156400.00 ns, 1.4948 ns/op
OverheadActual  13: 33554432 op, 50643300.00 ns, 1.5093 ns/op
OverheadActual  14: 33554432 op, 50629700.00 ns, 1.5089 ns/op
OverheadActual  15: 33554432 op, 50561900.00 ns, 1.5069 ns/op

WorkloadWarmup   1: 33554432 op, 699475800.00 ns, 20.8460 ns/op
WorkloadWarmup   2: 33554432 op, 703653600.00 ns, 20.9705 ns/op
WorkloadWarmup   3: 33554432 op, 692018200.00 ns, 20.6237 ns/op
WorkloadWarmup   4: 33554432 op, 701066100.00 ns, 20.8934 ns/op
WorkloadWarmup   5: 33554432 op, 695508400.00 ns, 20.7278 ns/op
WorkloadWarmup   6: 33554432 op, 697119100.00 ns, 20.7758 ns/op

// BeforeActualRun
WorkloadActual   1: 33554432 op, 694434000.00 ns, 20.6957 ns/op
WorkloadActual   2: 33554432 op, 710189800.00 ns, 21.1653 ns/op
WorkloadActual   3: 33554432 op, 713845400.00 ns, 21.2743 ns/op
WorkloadActual   4: 33554432 op, 706828000.00 ns, 21.0651 ns/op
WorkloadActual   5: 33554432 op, 700291300.00 ns, 20.8703 ns/op
WorkloadActual   6: 33554432 op, 695027700.00 ns, 20.7134 ns/op
WorkloadActual   7: 33554432 op, 706418200.00 ns, 21.0529 ns/op
WorkloadActual   8: 33554432 op, 710356000.00 ns, 21.1703 ns/op
WorkloadActual   9: 33554432 op, 706113100.00 ns, 21.0438 ns/op
WorkloadActual  10: 33554432 op, 698923800.00 ns, 20.8296 ns/op
WorkloadActual  11: 33554432 op, 696327600.00 ns, 20.7522 ns/op
WorkloadActual  12: 33554432 op, 691230300.00 ns, 20.6003 ns/op
WorkloadActual  13: 33554432 op, 695090300.00 ns, 20.7153 ns/op
WorkloadActual  14: 33554432 op, 694833000.00 ns, 20.7076 ns/op
WorkloadActual  15: 33554432 op, 691173400.00 ns, 20.5986 ns/op

// AfterActualRun
WorkloadResult   1: 33554432 op, 644219700.00 ns, 19.1992 ns/op
WorkloadResult   2: 33554432 op, 659975500.00 ns, 19.6688 ns/op
WorkloadResult   3: 33554432 op, 663631100.00 ns, 19.7777 ns/op
WorkloadResult   4: 33554432 op, 656613700.00 ns, 19.5686 ns/op
WorkloadResult   5: 33554432 op, 650077000.00 ns, 19.3738 ns/op
WorkloadResult   6: 33554432 op, 644813400.00 ns, 19.2169 ns/op
WorkloadResult   7: 33554432 op, 656203900.00 ns, 19.5564 ns/op
WorkloadResult   8: 33554432 op, 660141700.00 ns, 19.6738 ns/op
WorkloadResult   9: 33554432 op, 655898800.00 ns, 19.5473 ns/op
WorkloadResult  10: 33554432 op, 648709500.00 ns, 19.3330 ns/op
WorkloadResult  11: 33554432 op, 646113300.00 ns, 19.2557 ns/op
WorkloadResult  12: 33554432 op, 641016000.00 ns, 19.1038 ns/op
WorkloadResult  13: 33554432 op, 644876000.00 ns, 19.2188 ns/op
WorkloadResult  14: 33554432 op, 644618700.00 ns, 19.2111 ns/op
WorkloadResult  15: 33554432 op, 640959100.00 ns, 19.1021 ns/op
// GC:  0 0 0 112 33554432
// Threading:  0 0 33554432

// AfterAll
// Benchmark Process 4536 has exited with code 0.

Mean = 19.387 ns, StdErr = 0.058 ns (0.30%), N = 15, StdDev = 0.225 ns
Min = 19.102 ns, Q1 = 19.214 ns, Median = 19.333 ns, Q3 = 19.563 ns, Max = 19.778 ns
IQR = 0.348 ns, LowerFence = 18.691 ns, UpperFence = 20.085 ns
ConfidenceInterval = [19.147 ns; 19.627 ns] (CI 99.9%), Margin = 0.240 ns (1.24% of Mean)
Skewness = 0.3, Kurtosis = 1.47, MValue = 2

// ** Remained 4 (66.7%) benchmark(s) to run. Estimated finish 2026-05-14 14:08 (0h 1m from now) **
Setup power plan (GUID: 8c5e7fda-e8bf-4a96-9a85-a6e23a8c635c FriendlyName: High performance)
// **************************
// Benchmark: KernelFanOutBenchmarks.FanOut_Triple: DefaultJob
// *** Execute ***
// Launch: 1 / 1
// Execute: dotnet 7379ee15-a96a-4f41-8a3b-522e3c3a3296.dll --anonymousPipes 8360 17696 --benchmarkName MMP.Herald.OSS.Benchmarks.KernelFanOutBenchmarks.FanOut_Triple --job Default --benchmarkId 2 in E:\dev\Herald.OSS\benchmarking\library\net10\bin\Release\net10.0\7379ee15-a96a-4f41-8a3b-522e3c3a3296\bin\Release\net10.0
// BeforeAnythingElse

// Benchmark Process Environment Information:
// BenchmarkDotNet v0.14.0
// Runtime=.NET 10.0.7 (10.0.726.21808), X64 RyuJIT AVX2
// GC=Concurrent Server
// HardwareIntrinsics=AVX2,AES,BMI1,BMI2,FMA,LZCNT,PCLMUL,POPCNT,AvxVnni,SERIALIZE VectorSize=256
// Job: DefaultJob

OverheadJitting  1: 1 op, 194400.00 ns, 194.4000 us/op
WorkloadJitting  1: 1 op, 1108200.00 ns, 1.1082 ms/op

OverheadJitting  2: 16 op, 205100.00 ns, 12.8188 us/op
WorkloadJitting  2: 16 op, 182000.00 ns, 11.3750 us/op

WorkloadPilot    1: 16 op, 2900.00 ns, 181.2500 ns/op
WorkloadPilot    2: 32 op, 2800.00 ns, 87.5000 ns/op
WorkloadPilot    3: 64 op, 3500.00 ns, 54.6875 ns/op
WorkloadPilot    4: 128 op, 5900.00 ns, 46.0938 ns/op
WorkloadPilot    5: 256 op, 9100.00 ns, 35.5469 ns/op
WorkloadPilot    6: 512 op, 17300.00 ns, 33.7891 ns/op
WorkloadPilot    7: 1024 op, 33500.00 ns, 32.7148 ns/op
WorkloadPilot    8: 2048 op, 66700.00 ns, 32.5684 ns/op
WorkloadPilot    9: 4096 op, 134100.00 ns, 32.7393 ns/op
WorkloadPilot   10: 8192 op, 266300.00 ns, 32.5073 ns/op
WorkloadPilot   11: 16384 op, 523200.00 ns, 31.9336 ns/op
WorkloadPilot   12: 32768 op, 1062300.00 ns, 32.4188 ns/op
WorkloadPilot   13: 65536 op, 2465700.00 ns, 37.6236 ns/op
WorkloadPilot   14: 131072 op, 4211300.00 ns, 32.1297 ns/op
WorkloadPilot   15: 262144 op, 8460100.00 ns, 32.2727 ns/op
WorkloadPilot   16: 524288 op, 16831800.00 ns, 32.1041 ns/op
WorkloadPilot   17: 1048576 op, 35475800.00 ns, 33.8324 ns/op
WorkloadPilot   18: 2097152 op, 64121700.00 ns, 30.5756 ns/op
WorkloadPilot   19: 4194304 op, 90394800.00 ns, 21.5518 ns/op
WorkloadPilot   20: 8388608 op, 174716700.00 ns, 20.8279 ns/op
WorkloadPilot   21: 16777216 op, 352649900.00 ns, 21.0196 ns/op
WorkloadPilot   22: 33554432 op, 703113200.00 ns, 20.9544 ns/op

OverheadWarmup   1: 33554432 op, 65580500.00 ns, 1.9545 ns/op
OverheadWarmup   2: 33554432 op, 65842500.00 ns, 1.9623 ns/op
OverheadWarmup   3: 33554432 op, 65867600.00 ns, 1.9630 ns/op
OverheadWarmup   4: 33554432 op, 53324400.00 ns, 1.5892 ns/op
OverheadWarmup   5: 33554432 op, 50276400.00 ns, 1.4984 ns/op
OverheadWarmup   6: 33554432 op, 50357300.00 ns, 1.5008 ns/op
OverheadWarmup   7: 33554432 op, 50425500.00 ns, 1.5028 ns/op
OverheadWarmup   8: 33554432 op, 50782000.00 ns, 1.5134 ns/op
OverheadWarmup   9: 33554432 op, 50529000.00 ns, 1.5059 ns/op

OverheadActual   1: 33554432 op, 50292200.00 ns, 1.4988 ns/op
OverheadActual   2: 33554432 op, 50292800.00 ns, 1.4988 ns/op
OverheadActual   3: 33554432 op, 50413600.00 ns, 1.5024 ns/op
OverheadActual   4: 33554432 op, 50967300.00 ns, 1.5189 ns/op
OverheadActual   5: 33554432 op, 50535600.00 ns, 1.5061 ns/op
OverheadActual   6: 33554432 op, 50392400.00 ns, 1.5018 ns/op
OverheadActual   7: 33554432 op, 50821000.00 ns, 1.5146 ns/op
OverheadActual   8: 33554432 op, 50250600.00 ns, 1.4976 ns/op
OverheadActual   9: 33554432 op, 50254900.00 ns, 1.4977 ns/op
OverheadActual  10: 33554432 op, 50290200.00 ns, 1.4988 ns/op
OverheadActual  11: 33554432 op, 50232500.00 ns, 1.4970 ns/op
OverheadActual  12: 33554432 op, 50289000.00 ns, 1.4987 ns/op
OverheadActual  13: 33554432 op, 50195000.00 ns, 1.4959 ns/op
OverheadActual  14: 33554432 op, 50544600.00 ns, 1.5063 ns/op
OverheadActual  15: 33554432 op, 50414500.00 ns, 1.5025 ns/op

WorkloadWarmup   1: 33554432 op, 698787900.00 ns, 20.8255 ns/op
WorkloadWarmup   2: 33554432 op, 704078800.00 ns, 20.9832 ns/op
WorkloadWarmup   3: 33554432 op, 698991600.00 ns, 20.8316 ns/op
WorkloadWarmup   4: 33554432 op, 706910100.00 ns, 21.0676 ns/op
WorkloadWarmup   5: 33554432 op, 792477700.00 ns, 23.6177 ns/op
WorkloadWarmup   6: 33554432 op, 801822300.00 ns, 23.8962 ns/op
WorkloadWarmup   7: 33554432 op, 755671400.00 ns, 22.5208 ns/op

// BeforeActualRun
WorkloadActual   1: 33554432 op, 780747600.00 ns, 23.2681 ns/op
WorkloadActual   2: 33554432 op, 786904000.00 ns, 23.4516 ns/op
WorkloadActual   3: 33554432 op, 755065600.00 ns, 22.5027 ns/op
WorkloadActual   4: 33554432 op, 726839900.00 ns, 21.6615 ns/op
WorkloadActual   5: 33554432 op, 737236400.00 ns, 21.9714 ns/op
WorkloadActual   6: 33554432 op, 730175600.00 ns, 21.7609 ns/op
WorkloadActual   7: 33554432 op, 790230100.00 ns, 23.5507 ns/op
WorkloadActual   8: 33554432 op, 787785300.00 ns, 23.4778 ns/op
WorkloadActual   9: 33554432 op, 832245300.00 ns, 24.8028 ns/op
WorkloadActual  10: 33554432 op, 785990000.00 ns, 23.4243 ns/op
WorkloadActual  11: 33554432 op, 711921800.00 ns, 21.2169 ns/op
WorkloadActual  12: 33554432 op, 705685700.00 ns, 21.0311 ns/op
WorkloadActual  13: 33554432 op, 712575700.00 ns, 21.2364 ns/op
WorkloadActual  14: 33554432 op, 705329100.00 ns, 21.0204 ns/op
WorkloadActual  15: 33554432 op, 716050500.00 ns, 21.3400 ns/op
WorkloadActual  16: 33554432 op, 737676200.00 ns, 21.9845 ns/op
WorkloadActual  17: 33554432 op, 725111800.00 ns, 21.6100 ns/op
WorkloadActual  18: 33554432 op, 714156200.00 ns, 21.2835 ns/op
WorkloadActual  19: 33554432 op, 713621700.00 ns, 21.2676 ns/op
WorkloadActual  20: 33554432 op, 697320000.00 ns, 20.7818 ns/op
WorkloadActual  21: 33554432 op, 700315900.00 ns, 20.8710 ns/op
WorkloadActual  22: 33554432 op, 718739400.00 ns, 21.4201 ns/op
WorkloadActual  23: 33554432 op, 714419100.00 ns, 21.2913 ns/op
WorkloadActual  24: 33554432 op, 743413400.00 ns, 22.1554 ns/op
WorkloadActual  25: 33554432 op, 699765500.00 ns, 20.8546 ns/op
WorkloadActual  26: 33554432 op, 715892100.00 ns, 21.3352 ns/op
WorkloadActual  27: 33554432 op, 702613200.00 ns, 20.9395 ns/op
WorkloadActual  28: 33554432 op, 714391000.00 ns, 21.2905 ns/op
WorkloadActual  29: 33554432 op, 705583700.00 ns, 21.0280 ns/op
WorkloadActual  30: 33554432 op, 748606000.00 ns, 22.3102 ns/op
WorkloadActual  31: 33554432 op, 758118300.00 ns, 22.5937 ns/op
WorkloadActual  32: 33554432 op, 719545200.00 ns, 21.4441 ns/op
WorkloadActual  33: 33554432 op, 708673200.00 ns, 21.1201 ns/op
WorkloadActual  34: 33554432 op, 729773800.00 ns, 21.7490 ns/op
WorkloadActual  35: 33554432 op, 793919300.00 ns, 23.6606 ns/op
WorkloadActual  36: 33554432 op, 710704600.00 ns, 21.1806 ns/op
WorkloadActual  37: 33554432 op, 775673800.00 ns, 23.1169 ns/op
WorkloadActual  38: 33554432 op, 741160000.00 ns, 22.0883 ns/op
WorkloadActual  39: 33554432 op, 732653100.00 ns, 21.8348 ns/op
WorkloadActual  40: 33554432 op, 767977500.00 ns, 22.8875 ns/op
WorkloadActual  41: 33554432 op, 698507000.00 ns, 20.8171 ns/op
WorkloadActual  42: 33554432 op, 721449100.00 ns, 21.5009 ns/op
WorkloadActual  43: 33554432 op, 800358600.00 ns, 23.8525 ns/op
WorkloadActual  44: 33554432 op, 724293700.00 ns, 21.5856 ns/op
WorkloadActual  45: 33554432 op, 828645600.00 ns, 24.6956 ns/op
WorkloadActual  46: 33554432 op, 768046500.00 ns, 22.8896 ns/op
WorkloadActual  47: 33554432 op, 755961200.00 ns, 22.5294 ns/op
WorkloadActual  48: 33554432 op, 725280300.00 ns, 21.6150 ns/op
WorkloadActual  49: 33554432 op, 746533500.00 ns, 22.2484 ns/op
WorkloadActual  50: 33554432 op, 700940200.00 ns, 20.8896 ns/op
WorkloadActual  51: 33554432 op, 783097200.00 ns, 23.3381 ns/op
WorkloadActual  52: 33554432 op, 756814300.00 ns, 22.5548 ns/op
WorkloadActual  53: 33554432 op, 747703400.00 ns, 22.2833 ns/op
WorkloadActual  54: 33554432 op, 698872700.00 ns, 20.8280 ns/op

// AfterActualRun
WorkloadResult   1: 33554432 op, 730454800.00 ns, 21.7692 ns/op
WorkloadResult   2: 33554432 op, 736611200.00 ns, 21.9527 ns/op
WorkloadResult   3: 33554432 op, 704772800.00 ns, 21.0039 ns/op
WorkloadResult   4: 33554432 op, 676547100.00 ns, 20.1627 ns/op
WorkloadResult   5: 33554432 op, 686943600.00 ns, 20.4725 ns/op
WorkloadResult   6: 33554432 op, 679882800.00 ns, 20.2621 ns/op
WorkloadResult   7: 33554432 op, 739937300.00 ns, 22.0518 ns/op
WorkloadResult   8: 33554432 op, 737492500.00 ns, 21.9790 ns/op
WorkloadResult   9: 33554432 op, 735697200.00 ns, 21.9255 ns/op
WorkloadResult  10: 33554432 op, 661629000.00 ns, 19.7181 ns/op
WorkloadResult  11: 33554432 op, 655392900.00 ns, 19.5322 ns/op
WorkloadResult  12: 33554432 op, 662282900.00 ns, 19.7376 ns/op
WorkloadResult  13: 33554432 op, 655036300.00 ns, 19.5216 ns/op
WorkloadResult  14: 33554432 op, 665757700.00 ns, 19.8411 ns/op
WorkloadResult  15: 33554432 op, 687383400.00 ns, 20.4856 ns/op
WorkloadResult  16: 33554432 op, 674819000.00 ns, 20.1112 ns/op
WorkloadResult  17: 33554432 op, 663863400.00 ns, 19.7847 ns/op
WorkloadResult  18: 33554432 op, 663328900.00 ns, 19.7687 ns/op
WorkloadResult  19: 33554432 op, 647027200.00 ns, 19.2829 ns/op
WorkloadResult  20: 33554432 op, 650023100.00 ns, 19.3722 ns/op
WorkloadResult  21: 33554432 op, 668446600.00 ns, 19.9213 ns/op
WorkloadResult  22: 33554432 op, 664126300.00 ns, 19.7925 ns/op
WorkloadResult  23: 33554432 op, 693120600.00 ns, 20.6566 ns/op
WorkloadResult  24: 33554432 op, 649472700.00 ns, 19.3558 ns/op
WorkloadResult  25: 33554432 op, 665599300.00 ns, 19.8364 ns/op
WorkloadResult  26: 33554432 op, 652320400.00 ns, 19.4407 ns/op
WorkloadResult  27: 33554432 op, 664098200.00 ns, 19.7917 ns/op
WorkloadResult  28: 33554432 op, 655290900.00 ns, 19.5292 ns/op
WorkloadResult  29: 33554432 op, 698313200.00 ns, 20.8114 ns/op
WorkloadResult  30: 33554432 op, 707825500.00 ns, 21.0948 ns/op
WorkloadResult  31: 33554432 op, 669252400.00 ns, 19.9453 ns/op
WorkloadResult  32: 33554432 op, 658380400.00 ns, 19.6213 ns/op
WorkloadResult  33: 33554432 op, 679481000.00 ns, 20.2501 ns/op
WorkloadResult  34: 33554432 op, 743626500.00 ns, 22.1618 ns/op
WorkloadResult  35: 33554432 op, 660411800.00 ns, 19.6818 ns/op
WorkloadResult  36: 33554432 op, 725381000.00 ns, 21.6180 ns/op
WorkloadResult  37: 33554432 op, 690867200.00 ns, 20.5894 ns/op
WorkloadResult  38: 33554432 op, 682360300.00 ns, 20.3359 ns/op
WorkloadResult  39: 33554432 op, 717684700.00 ns, 21.3887 ns/op
WorkloadResult  40: 33554432 op, 648214200.00 ns, 19.3183 ns/op
WorkloadResult  41: 33554432 op, 671156300.00 ns, 20.0020 ns/op
WorkloadResult  42: 33554432 op, 750065800.00 ns, 22.3537 ns/op
WorkloadResult  43: 33554432 op, 674000900.00 ns, 20.0868 ns/op
WorkloadResult  44: 33554432 op, 717753700.00 ns, 21.3907 ns/op
WorkloadResult  45: 33554432 op, 705668400.00 ns, 21.0306 ns/op
WorkloadResult  46: 33554432 op, 674987500.00 ns, 20.1162 ns/op
WorkloadResult  47: 33554432 op, 696240700.00 ns, 20.7496 ns/op
WorkloadResult  48: 33554432 op, 650647400.00 ns, 19.3908 ns/op
WorkloadResult  49: 33554432 op, 732804400.00 ns, 21.8393 ns/op
WorkloadResult  50: 33554432 op, 706521500.00 ns, 21.0560 ns/op
WorkloadResult  51: 33554432 op, 697410600.00 ns, 20.7845 ns/op
WorkloadResult  52: 33554432 op, 648579900.00 ns, 19.3292 ns/op
// GC:  0 0 0 112 33554432
// Threading:  0 0 33554432

// AfterAll
// Benchmark Process 78120 has exited with code 0.

Mean = 20.423 ns, StdErr = 0.125 ns (0.61%), N = 52, StdDev = 0.902 ns
Min = 19.283 ns, Q1 = 19.733 ns, Median = 20.139 ns, Q3 = 21.037 ns, Max = 22.354 ns
IQR = 1.304 ns, LowerFence = 17.776 ns, UpperFence = 22.993 ns
ConfidenceInterval = [19.986 ns; 20.860 ns] (CI 99.9%), Margin = 0.437 ns (2.14% of Mean)
Skewness = 0.61, Kurtosis = 2.08, MValue = 2

// ** Remained 3 (50.0%) benchmark(s) to run. Estimated finish 2026-05-14 14:09 (0h 1m from now) **
Setup power plan (GUID: 8c5e7fda-e8bf-4a96-9a85-a6e23a8c635c FriendlyName: High performance)
// **************************
// Benchmark: KernelFanOutBenchmarks.FanOut_Many_5: DefaultJob
// *** Execute ***
// Launch: 1 / 1
// Execute: dotnet 7379ee15-a96a-4f41-8a3b-522e3c3a3296.dll --anonymousPipes 17452 9440 --benchmarkName MMP.Herald.OSS.Benchmarks.KernelFanOutBenchmarks.FanOut_Many_5 --job Default --benchmarkId 3 in E:\dev\Herald.OSS\benchmarking\library\net10\bin\Release\net10.0\7379ee15-a96a-4f41-8a3b-522e3c3a3296\bin\Release\net10.0
// BeforeAnythingElse

// Benchmark Process Environment Information:
// BenchmarkDotNet v0.14.0
// Runtime=.NET 10.0.7 (10.0.726.21808), X64 RyuJIT AVX2
// GC=Concurrent Server
// HardwareIntrinsics=AVX2,AES,BMI1,BMI2,FMA,LZCNT,PCLMUL,POPCNT,AvxVnni,SERIALIZE VectorSize=256
// Job: DefaultJob

OverheadJitting  1: 1 op, 278100.00 ns, 278.1000 us/op
WorkloadJitting  1: 1 op, 1689600.00 ns, 1.6896 ms/op

OverheadJitting  2: 16 op, 313700.00 ns, 19.6063 us/op
WorkloadJitting  2: 16 op, 224500.00 ns, 14.0313 us/op

WorkloadPilot    1: 16 op, 6400.00 ns, 400.0000 ns/op
WorkloadPilot    2: 32 op, 7300.00 ns, 228.1250 ns/op
WorkloadPilot    3: 64 op, 15900.00 ns, 248.4375 ns/op
WorkloadPilot    4: 128 op, 14900.00 ns, 116.4063 ns/op
WorkloadPilot    5: 256 op, 28500.00 ns, 111.3281 ns/op
WorkloadPilot    6: 512 op, 51100.00 ns, 99.8047 ns/op
WorkloadPilot    7: 1024 op, 117000.00 ns, 114.2578 ns/op
WorkloadPilot    8: 2048 op, 286000.00 ns, 139.6484 ns/op
WorkloadPilot    9: 4096 op, 458400.00 ns, 111.9141 ns/op
WorkloadPilot   10: 8192 op, 999600.00 ns, 122.0215 ns/op
WorkloadPilot   11: 16384 op, 1687200.00 ns, 102.9785 ns/op
WorkloadPilot   12: 32768 op, 3207600.00 ns, 97.8882 ns/op
WorkloadPilot   13: 65536 op, 6684700.00 ns, 102.0004 ns/op
WorkloadPilot   14: 131072 op, 12762500.00 ns, 97.3701 ns/op
WorkloadPilot   15: 262144 op, 26083700.00 ns, 99.5014 ns/op
WorkloadPilot   16: 524288 op, 50728500.00 ns, 96.7569 ns/op
WorkloadPilot   17: 1048576 op, 92991300.00 ns, 88.6834 ns/op
WorkloadPilot   18: 2097152 op, 53168300.00 ns, 25.3526 ns/op
WorkloadPilot   19: 4194304 op, 106435500.00 ns, 25.3762 ns/op
WorkloadPilot   20: 8388608 op, 213513400.00 ns, 25.4528 ns/op
WorkloadPilot   21: 16777216 op, 391764000.00 ns, 23.3510 ns/op
WorkloadPilot   22: 33554432 op, 741017600.00 ns, 22.0840 ns/op

OverheadWarmup   1: 33554432 op, 68098100.00 ns, 2.0295 ns/op
OverheadWarmup   2: 33554432 op, 69823200.00 ns, 2.0809 ns/op
OverheadWarmup   3: 33554432 op, 70770500.00 ns, 2.1091 ns/op
OverheadWarmup   4: 33554432 op, 55238700.00 ns, 1.6462 ns/op
OverheadWarmup   5: 33554432 op, 54217600.00 ns, 1.6158 ns/op
OverheadWarmup   6: 33554432 op, 53809300.00 ns, 1.6036 ns/op
OverheadWarmup   7: 33554432 op, 53593800.00 ns, 1.5972 ns/op
OverheadWarmup   8: 33554432 op, 53724800.00 ns, 1.6011 ns/op
OverheadWarmup   9: 33554432 op, 56924500.00 ns, 1.6965 ns/op
OverheadWarmup  10: 33554432 op, 55840000.00 ns, 1.6642 ns/op

OverheadActual   1: 33554432 op, 56487500.00 ns, 1.6835 ns/op
OverheadActual   2: 33554432 op, 53699400.00 ns, 1.6004 ns/op
OverheadActual   3: 33554432 op, 52984900.00 ns, 1.5791 ns/op
OverheadActual   4: 33554432 op, 56866400.00 ns, 1.6948 ns/op
OverheadActual   5: 33554432 op, 53284800.00 ns, 1.5880 ns/op
OverheadActual   6: 33554432 op, 53237100.00 ns, 1.5866 ns/op
OverheadActual   7: 33554432 op, 54559800.00 ns, 1.6260 ns/op
OverheadActual   8: 33554432 op, 52181600.00 ns, 1.5551 ns/op
OverheadActual   9: 33554432 op, 50716000.00 ns, 1.5115 ns/op
OverheadActual  10: 33554432 op, 50454700.00 ns, 1.5037 ns/op
OverheadActual  11: 33554432 op, 51764300.00 ns, 1.5427 ns/op
OverheadActual  12: 33554432 op, 50094300.00 ns, 1.4929 ns/op
OverheadActual  13: 33554432 op, 50955200.00 ns, 1.5186 ns/op
OverheadActual  14: 33554432 op, 52773800.00 ns, 1.5728 ns/op
OverheadActual  15: 33554432 op, 55404600.00 ns, 1.6512 ns/op

WorkloadWarmup   1: 33554432 op, 791630800.00 ns, 23.5924 ns/op
WorkloadWarmup   2: 33554432 op, 725329600.00 ns, 21.6165 ns/op
WorkloadWarmup   3: 33554432 op, 740516400.00 ns, 22.0691 ns/op
WorkloadWarmup   4: 33554432 op, 722468300.00 ns, 21.5312 ns/op
WorkloadWarmup   5: 33554432 op, 772390300.00 ns, 23.0190 ns/op
WorkloadWarmup   6: 33554432 op, 725728700.00 ns, 21.6284 ns/op

// BeforeActualRun
WorkloadActual   1: 33554432 op, 808296300.00 ns, 24.0891 ns/op
WorkloadActual   2: 33554432 op, 767792800.00 ns, 22.8820 ns/op
WorkloadActual   3: 33554432 op, 757726600.00 ns, 22.5820 ns/op
WorkloadActual   4: 33554432 op, 802613900.00 ns, 23.9198 ns/op
WorkloadActual   5: 33554432 op, 772389600.00 ns, 23.0190 ns/op
WorkloadActual   6: 33554432 op, 780136300.00 ns, 23.2499 ns/op
WorkloadActual   7: 33554432 op, 757130700.00 ns, 22.5643 ns/op
WorkloadActual   8: 33554432 op, 768255000.00 ns, 22.8958 ns/op
WorkloadActual   9: 33554432 op, 729114000.00 ns, 21.7293 ns/op
WorkloadActual  10: 33554432 op, 768521600.00 ns, 22.9037 ns/op
WorkloadActual  11: 33554432 op, 722951700.00 ns, 21.5456 ns/op
WorkloadActual  12: 33554432 op, 755518500.00 ns, 22.5162 ns/op
WorkloadActual  13: 33554432 op, 723970600.00 ns, 21.5760 ns/op
WorkloadActual  14: 33554432 op, 741001700.00 ns, 22.0836 ns/op
WorkloadActual  15: 33554432 op, 783553300.00 ns, 23.3517 ns/op
WorkloadActual  16: 33554432 op, 752744100.00 ns, 22.4335 ns/op
WorkloadActual  17: 33554432 op, 728829800.00 ns, 21.7208 ns/op
WorkloadActual  18: 33554432 op, 815607600.00 ns, 24.3070 ns/op
WorkloadActual  19: 33554432 op, 791153500.00 ns, 23.5782 ns/op
WorkloadActual  20: 33554432 op, 757374600.00 ns, 22.5715 ns/op
WorkloadActual  21: 33554432 op, 801091000.00 ns, 23.8744 ns/op
WorkloadActual  22: 33554432 op, 865699400.00 ns, 25.7999 ns/op
WorkloadActual  23: 33554432 op, 834373300.00 ns, 24.8663 ns/op
WorkloadActual  24: 33554432 op, 847496000.00 ns, 25.2573 ns/op
WorkloadActual  25: 33554432 op, 733050800.00 ns, 21.8466 ns/op
WorkloadActual  26: 33554432 op, 742111600.00 ns, 22.1166 ns/op
WorkloadActual  27: 33554432 op, 771708000.00 ns, 22.9987 ns/op
WorkloadActual  28: 33554432 op, 769030000.00 ns, 22.9189 ns/op
WorkloadActual  29: 33554432 op, 743070600.00 ns, 22.1452 ns/op
WorkloadActual  30: 33554432 op, 752764900.00 ns, 22.4341 ns/op
WorkloadActual  31: 33554432 op, 730331000.00 ns, 21.7656 ns/op
WorkloadActual  32: 33554432 op, 730582000.00 ns, 21.7730 ns/op
WorkloadActual  33: 33554432 op, 720351300.00 ns, 21.4681 ns/op
WorkloadActual  34: 33554432 op, 716342300.00 ns, 21.3487 ns/op
WorkloadActual  35: 33554432 op, 721745100.00 ns, 21.5097 ns/op
WorkloadActual  36: 33554432 op, 719222500.00 ns, 21.4345 ns/op
WorkloadActual  37: 33554432 op, 718510900.00 ns, 21.4133 ns/op
WorkloadActual  38: 33554432 op, 720646900.00 ns, 21.4770 ns/op
WorkloadActual  39: 33554432 op, 722205800.00 ns, 21.5234 ns/op
WorkloadActual  40: 33554432 op, 718807900.00 ns, 21.4221 ns/op
WorkloadActual  41: 33554432 op, 735679700.00 ns, 21.9250 ns/op
WorkloadActual  42: 33554432 op, 732626100.00 ns, 21.8340 ns/op
WorkloadActual  43: 33554432 op, 718297200.00 ns, 21.4069 ns/op
WorkloadActual  44: 33554432 op, 746749200.00 ns, 22.2549 ns/op
WorkloadActual  45: 33554432 op, 742890500.00 ns, 22.1399 ns/op
WorkloadActual  46: 33554432 op, 731822300.00 ns, 21.8100 ns/op
WorkloadActual  47: 33554432 op, 726371500.00 ns, 21.6476 ns/op
WorkloadActual  48: 33554432 op, 725276300.00 ns, 21.6149 ns/op
WorkloadActual  49: 33554432 op, 723571600.00 ns, 21.5641 ns/op
WorkloadActual  50: 33554432 op, 719437500.00 ns, 21.4409 ns/op
WorkloadActual  51: 33554432 op, 718545100.00 ns, 21.4143 ns/op
WorkloadActual  52: 33554432 op, 732514400.00 ns, 21.8306 ns/op

// AfterActualRun
WorkloadResult   1: 33554432 op, 755311400.00 ns, 22.5100 ns/op
WorkloadResult   2: 33554432 op, 714807900.00 ns, 21.3029 ns/op
WorkloadResult   3: 33554432 op, 704741700.00 ns, 21.0029 ns/op
WorkloadResult   4: 33554432 op, 749629000.00 ns, 22.3407 ns/op
WorkloadResult   5: 33554432 op, 719404700.00 ns, 21.4399 ns/op
WorkloadResult   6: 33554432 op, 727151400.00 ns, 21.6708 ns/op
WorkloadResult   7: 33554432 op, 704145800.00 ns, 20.9852 ns/op
WorkloadResult   8: 33554432 op, 715270100.00 ns, 21.3167 ns/op
WorkloadResult   9: 33554432 op, 676129100.00 ns, 20.1502 ns/op
WorkloadResult  10: 33554432 op, 715536700.00 ns, 21.3247 ns/op
WorkloadResult  11: 33554432 op, 669966800.00 ns, 19.9666 ns/op
WorkloadResult  12: 33554432 op, 702533600.00 ns, 20.9371 ns/op
WorkloadResult  13: 33554432 op, 670985700.00 ns, 19.9969 ns/op
WorkloadResult  14: 33554432 op, 688016800.00 ns, 20.5045 ns/op
WorkloadResult  15: 33554432 op, 730568400.00 ns, 21.7726 ns/op
WorkloadResult  16: 33554432 op, 699759200.00 ns, 20.8544 ns/op
WorkloadResult  17: 33554432 op, 675844900.00 ns, 20.1417 ns/op
WorkloadResult  18: 33554432 op, 762622700.00 ns, 22.7279 ns/op
WorkloadResult  19: 33554432 op, 738168600.00 ns, 21.9991 ns/op
WorkloadResult  20: 33554432 op, 704389700.00 ns, 20.9924 ns/op
WorkloadResult  21: 33554432 op, 748106100.00 ns, 22.2953 ns/op
WorkloadResult  22: 33554432 op, 781388400.00 ns, 23.2872 ns/op
WorkloadResult  23: 33554432 op, 680065900.00 ns, 20.2675 ns/op
WorkloadResult  24: 33554432 op, 689126700.00 ns, 20.5376 ns/op
WorkloadResult  25: 33554432 op, 718723100.00 ns, 21.4196 ns/op
WorkloadResult  26: 33554432 op, 716045100.00 ns, 21.3398 ns/op
WorkloadResult  27: 33554432 op, 690085700.00 ns, 20.5662 ns/op
WorkloadResult  28: 33554432 op, 699780000.00 ns, 20.8551 ns/op
WorkloadResult  29: 33554432 op, 677346100.00 ns, 20.1865 ns/op
WorkloadResult  30: 33554432 op, 677597100.00 ns, 20.1940 ns/op
WorkloadResult  31: 33554432 op, 667366400.00 ns, 19.8891 ns/op
WorkloadResult  32: 33554432 op, 663357400.00 ns, 19.7696 ns/op
WorkloadResult  33: 33554432 op, 668760200.00 ns, 19.9306 ns/op
WorkloadResult  34: 33554432 op, 666237600.00 ns, 19.8554 ns/op
WorkloadResult  35: 33554432 op, 665526000.00 ns, 19.8342 ns/op
WorkloadResult  36: 33554432 op, 667662000.00 ns, 19.8979 ns/op
WorkloadResult  37: 33554432 op, 669220900.00 ns, 19.9443 ns/op
WorkloadResult  38: 33554432 op, 665823000.00 ns, 19.8431 ns/op
WorkloadResult  39: 33554432 op, 682694800.00 ns, 20.3459 ns/op
WorkloadResult  40: 33554432 op, 679641200.00 ns, 20.2549 ns/op
WorkloadResult  41: 33554432 op, 665312300.00 ns, 19.8279 ns/op
WorkloadResult  42: 33554432 op, 693764300.00 ns, 20.6758 ns/op
WorkloadResult  43: 33554432 op, 689905600.00 ns, 20.5608 ns/op
WorkloadResult  44: 33554432 op, 678837400.00 ns, 20.2309 ns/op
WorkloadResult  45: 33554432 op, 673386600.00 ns, 20.0685 ns/op
WorkloadResult  46: 33554432 op, 672291400.00 ns, 20.0358 ns/op
WorkloadResult  47: 33554432 op, 670586700.00 ns, 19.9850 ns/op
WorkloadResult  48: 33554432 op, 666452600.00 ns, 19.8618 ns/op
WorkloadResult  49: 33554432 op, 665560200.00 ns, 19.8352 ns/op
WorkloadResult  50: 33554432 op, 679529500.00 ns, 20.2516 ns/op
// GC:  0 0 0 64 33554432
// Threading:  0 0 33554432

// AfterAll
// Benchmark Process 71068 has exited with code 0.

Mean = 20.716 ns, StdErr = 0.125 ns (0.60%), N = 50, StdDev = 0.885 ns
Min = 19.770 ns, Q1 = 19.988 ns, Median = 20.425 ns, Q3 = 21.313 ns, Max = 23.287 ns
IQR = 1.325 ns, LowerFence = 18.000 ns, UpperFence = 23.301 ns
ConfidenceInterval = [20.278 ns; 21.154 ns] (CI 99.9%), Margin = 0.438 ns (2.11% of Mean)
Skewness = 1.02, Kurtosis = 3.18, MValue = 2.64

// ** Remained 2 (33.3%) benchmark(s) to run. Estimated finish 2026-05-14 14:09 (0h 1m from now) **
Setup power plan (GUID: 8c5e7fda-e8bf-4a96-9a85-a6e23a8c635c FriendlyName: High performance)
// **************************
// Benchmark: KernelFanOutBenchmarks.FanOut_Many_8: DefaultJob
// *** Execute ***
// Launch: 1 / 1
// Execute: dotnet 7379ee15-a96a-4f41-8a3b-522e3c3a3296.dll --anonymousPipes 38488 3384 --benchmarkName MMP.Herald.OSS.Benchmarks.KernelFanOutBenchmarks.FanOut_Many_8 --job Default --benchmarkId 4 in E:\dev\Herald.OSS\benchmarking\library\net10\bin\Release\net10.0\7379ee15-a96a-4f41-8a3b-522e3c3a3296\bin\Release\net10.0
// BeforeAnythingElse

// Benchmark Process Environment Information:
// BenchmarkDotNet v0.14.0
// Runtime=.NET 10.0.7 (10.0.726.21808), X64 RyuJIT AVX2
// GC=Concurrent Server
// HardwareIntrinsics=AVX2,AES,BMI1,BMI2,FMA,LZCNT,PCLMUL,POPCNT,AvxVnni,SERIALIZE VectorSize=256
// Job: DefaultJob

OverheadJitting  1: 1 op, 190400.00 ns, 190.4000 us/op
WorkloadJitting  1: 1 op, 1066400.00 ns, 1.0664 ms/op

OverheadJitting  2: 16 op, 361800.00 ns, 22.6125 us/op
WorkloadJitting  2: 16 op, 197400.00 ns, 12.3375 us/op

WorkloadPilot    1: 16 op, 5500.00 ns, 343.7500 ns/op
WorkloadPilot    2: 32 op, 6200.00 ns, 193.7500 ns/op
WorkloadPilot    3: 64 op, 8800.00 ns, 137.5000 ns/op
WorkloadPilot    4: 128 op, 17100.00 ns, 133.5938 ns/op
WorkloadPilot    5: 256 op, 33000.00 ns, 128.9063 ns/op
WorkloadPilot    6: 512 op, 61900.00 ns, 120.8984 ns/op
WorkloadPilot    7: 1024 op, 164400.00 ns, 160.5469 ns/op
WorkloadPilot    8: 2048 op, 299900.00 ns, 146.4355 ns/op
WorkloadPilot    9: 4096 op, 520200.00 ns, 127.0020 ns/op
WorkloadPilot   10: 8192 op, 1043600.00 ns, 127.3926 ns/op
WorkloadPilot   11: 16384 op, 2028100.00 ns, 123.7854 ns/op
WorkloadPilot   12: 32768 op, 4313000.00 ns, 131.6223 ns/op
WorkloadPilot   13: 65536 op, 8364600.00 ns, 127.6337 ns/op
WorkloadPilot   14: 131072 op, 16579000.00 ns, 126.4877 ns/op
WorkloadPilot   15: 262144 op, 39487700.00 ns, 150.6336 ns/op
WorkloadPilot   16: 524288 op, 73985200.00 ns, 141.1156 ns/op
WorkloadPilot   17: 1048576 op, 72879700.00 ns, 69.5035 ns/op
WorkloadPilot   18: 2097152 op, 49589900.00 ns, 23.6463 ns/op
WorkloadPilot   19: 4194304 op, 114144100.00 ns, 27.2141 ns/op
WorkloadPilot   20: 8388608 op, 205644800.00 ns, 24.5148 ns/op
WorkloadPilot   21: 16777216 op, 407429300.00 ns, 24.2847 ns/op
WorkloadPilot   22: 33554432 op, 816531500.00 ns, 24.3345 ns/op

OverheadWarmup   1: 33554432 op, 65054800.00 ns, 1.9388 ns/op
OverheadWarmup   2: 33554432 op, 64670900.00 ns, 1.9273 ns/op
OverheadWarmup   3: 33554432 op, 65640600.00 ns, 1.9562 ns/op
OverheadWarmup   4: 33554432 op, 56494900.00 ns, 1.6837 ns/op
OverheadWarmup   5: 33554432 op, 51175700.00 ns, 1.5252 ns/op
OverheadWarmup   6: 33554432 op, 50540000.00 ns, 1.5062 ns/op
OverheadWarmup   7: 33554432 op, 50485700.00 ns, 1.5046 ns/op
OverheadWarmup   8: 33554432 op, 51635700.00 ns, 1.5389 ns/op
OverheadWarmup   9: 33554432 op, 50905100.00 ns, 1.5171 ns/op

OverheadActual   1: 33554432 op, 51367200.00 ns, 1.5309 ns/op
OverheadActual   2: 33554432 op, 50951300.00 ns, 1.5185 ns/op
OverheadActual   3: 33554432 op, 50603300.00 ns, 1.5081 ns/op
OverheadActual   4: 33554432 op, 50971800.00 ns, 1.5191 ns/op
OverheadActual   5: 33554432 op, 51824800.00 ns, 1.5445 ns/op
OverheadActual   6: 33554432 op, 52215700.00 ns, 1.5561 ns/op
OverheadActual   7: 33554432 op, 52544400.00 ns, 1.5659 ns/op
OverheadActual   8: 33554432 op, 53650700.00 ns, 1.5989 ns/op
OverheadActual   9: 33554432 op, 53539500.00 ns, 1.5956 ns/op
OverheadActual  10: 33554432 op, 53295100.00 ns, 1.5883 ns/op
OverheadActual  11: 33554432 op, 52861700.00 ns, 1.5754 ns/op
OverheadActual  12: 33554432 op, 52703100.00 ns, 1.5707 ns/op
OverheadActual  13: 33554432 op, 54329900.00 ns, 1.6192 ns/op
OverheadActual  14: 33554432 op, 53392200.00 ns, 1.5912 ns/op
OverheadActual  15: 33554432 op, 54086200.00 ns, 1.6119 ns/op

WorkloadWarmup   1: 33554432 op, 822661800.00 ns, 24.5172 ns/op
WorkloadWarmup   2: 33554432 op, 778024300.00 ns, 23.1869 ns/op
WorkloadWarmup   3: 33554432 op, 787746700.00 ns, 23.4767 ns/op
WorkloadWarmup   4: 33554432 op, 795954500.00 ns, 23.7213 ns/op
WorkloadWarmup   5: 33554432 op, 806438500.00 ns, 24.0337 ns/op
WorkloadWarmup   6: 33554432 op, 796014100.00 ns, 23.7231 ns/op
WorkloadWarmup   7: 33554432 op, 834361500.00 ns, 24.8659 ns/op
WorkloadWarmup   8: 33554432 op, 863693700.00 ns, 25.7401 ns/op
WorkloadWarmup   9: 33554432 op, 802478000.00 ns, 23.9157 ns/op

// BeforeActualRun
WorkloadActual   1: 33554432 op, 810104900.00 ns, 24.1430 ns/op
WorkloadActual   2: 33554432 op, 794766600.00 ns, 23.6859 ns/op
WorkloadActual   3: 33554432 op, 810788500.00 ns, 24.1634 ns/op
WorkloadActual   4: 33554432 op, 806877500.00 ns, 24.0468 ns/op
WorkloadActual   5: 33554432 op, 775877100.00 ns, 23.1229 ns/op
WorkloadActual   6: 33554432 op, 762490900.00 ns, 22.7240 ns/op
WorkloadActual   7: 33554432 op, 763209400.00 ns, 22.7454 ns/op
WorkloadActual   8: 33554432 op, 763739800.00 ns, 22.7612 ns/op
WorkloadActual   9: 33554432 op, 762106000.00 ns, 22.7125 ns/op
WorkloadActual  10: 33554432 op, 763582700.00 ns, 22.7565 ns/op
WorkloadActual  11: 33554432 op, 765834800.00 ns, 22.8237 ns/op
WorkloadActual  12: 33554432 op, 764900200.00 ns, 22.7958 ns/op
WorkloadActual  13: 33554432 op, 763985300.00 ns, 22.7685 ns/op
WorkloadActual  14: 33554432 op, 763312500.00 ns, 22.7485 ns/op
WorkloadActual  15: 33554432 op, 767129700.00 ns, 22.8622 ns/op
WorkloadActual  16: 33554432 op, 781883200.00 ns, 23.3019 ns/op
WorkloadActual  17: 33554432 op, 777684400.00 ns, 23.1768 ns/op

// AfterActualRun
WorkloadResult   1: 33554432 op, 742063500.00 ns, 22.1152 ns/op
WorkloadResult   2: 33554432 op, 754174400.00 ns, 22.4761 ns/op
WorkloadResult   3: 33554432 op, 723174000.00 ns, 21.5523 ns/op
WorkloadResult   4: 33554432 op, 709787800.00 ns, 21.1533 ns/op
WorkloadResult   5: 33554432 op, 710506300.00 ns, 21.1747 ns/op
WorkloadResult   6: 33554432 op, 711036700.00 ns, 21.1905 ns/op
WorkloadResult   7: 33554432 op, 709402900.00 ns, 21.1419 ns/op
WorkloadResult   8: 33554432 op, 710879600.00 ns, 21.1859 ns/op
WorkloadResult   9: 33554432 op, 713131700.00 ns, 21.2530 ns/op
WorkloadResult  10: 33554432 op, 712197100.00 ns, 21.2251 ns/op
WorkloadResult  11: 33554432 op, 711282200.00 ns, 21.1979 ns/op
WorkloadResult  12: 33554432 op, 710609400.00 ns, 21.1778 ns/op
WorkloadResult  13: 33554432 op, 714426600.00 ns, 21.2916 ns/op
WorkloadResult  14: 33554432 op, 729180100.00 ns, 21.7313 ns/op
WorkloadResult  15: 33554432 op, 724981300.00 ns, 21.6061 ns/op
// GC:  0 0 0 400 33554432
// Threading:  0 0 33554432

// AfterAll
// Benchmark Process 85652 has exited with code 0.

Mean = 21.432 ns, StdErr = 0.104 ns (0.48%), N = 15, StdDev = 0.401 ns
Min = 21.142 ns, Q1 = 21.182 ns, Median = 21.225 ns, Q3 = 21.579 ns, Max = 22.476 ns
IQR = 0.397 ns, LowerFence = 20.586 ns, UpperFence = 22.175 ns
ConfidenceInterval = [21.003 ns; 21.860 ns] (CI 99.9%), Margin = 0.429 ns (2.00% of Mean)
Skewness = 1.4, Kurtosis = 3.74, MValue = 2

// ** Remained 1 (16.7%) benchmark(s) to run. Estimated finish 2026-05-14 14:09 (0h 0m from now) **
Setup power plan (GUID: 8c5e7fda-e8bf-4a96-9a85-a6e23a8c635c FriendlyName: High performance)
// **************************
// Benchmark: KernelFanOutBenchmarks.FanOut_Many_16: DefaultJob
// *** Execute ***
// Launch: 1 / 1
// Execute: dotnet 7379ee15-a96a-4f41-8a3b-522e3c3a3296.dll --anonymousPipes 34384 34392 --benchmarkName MMP.Herald.OSS.Benchmarks.KernelFanOutBenchmarks.FanOut_Many_16 --job Default --benchmarkId 5 in E:\dev\Herald.OSS\benchmarking\library\net10\bin\Release\net10.0\7379ee15-a96a-4f41-8a3b-522e3c3a3296\bin\Release\net10.0
// BeforeAnythingElse

// Benchmark Process Environment Information:
// BenchmarkDotNet v0.14.0
// Runtime=.NET 10.0.7 (10.0.726.21808), X64 RyuJIT AVX2
// GC=Concurrent Server
// HardwareIntrinsics=AVX2,AES,BMI1,BMI2,FMA,LZCNT,PCLMUL,POPCNT,AvxVnni,SERIALIZE VectorSize=256
// Job: DefaultJob

OverheadJitting  1: 1 op, 185700.00 ns, 185.7000 us/op
WorkloadJitting  1: 1 op, 915300.00 ns, 915.3000 us/op

OverheadJitting  2: 16 op, 146200.00 ns, 9.1375 us/op
WorkloadJitting  2: 16 op, 144300.00 ns, 9.0188 us/op

WorkloadPilot    1: 16 op, 4600.00 ns, 287.5000 ns/op
WorkloadPilot    2: 32 op, 7700.00 ns, 240.6250 ns/op
WorkloadPilot    3: 64 op, 14100.00 ns, 220.3125 ns/op
WorkloadPilot    4: 128 op, 26000.00 ns, 203.1250 ns/op
WorkloadPilot    5: 256 op, 49800.00 ns, 194.5313 ns/op
WorkloadPilot    6: 512 op, 137900.00 ns, 269.3359 ns/op
WorkloadPilot    7: 1024 op, 238200.00 ns, 232.6172 ns/op
WorkloadPilot    8: 2048 op, 432900.00 ns, 211.3770 ns/op
WorkloadPilot    9: 4096 op, 824300.00 ns, 201.2451 ns/op
WorkloadPilot   10: 8192 op, 1694500.00 ns, 206.8481 ns/op
WorkloadPilot   11: 16384 op, 3250700.00 ns, 198.4070 ns/op
WorkloadPilot   12: 32768 op, 6412600.00 ns, 195.6970 ns/op
WorkloadPilot   13: 65536 op, 12657900.00 ns, 193.1442 ns/op
WorkloadPilot   14: 131072 op, 25505100.00 ns, 194.5885 ns/op
WorkloadPilot   15: 262144 op, 51737800.00 ns, 197.3640 ns/op
WorkloadPilot   16: 524288 op, 31202300.00 ns, 59.5137 ns/op
WorkloadPilot   17: 1048576 op, 28552900.00 ns, 27.2302 ns/op
WorkloadPilot   18: 2097152 op, 56913800.00 ns, 27.1386 ns/op
WorkloadPilot   19: 4194304 op, 113839800.00 ns, 27.1415 ns/op
WorkloadPilot   20: 8388608 op, 227421400.00 ns, 27.1107 ns/op
WorkloadPilot   21: 16777216 op, 455334500.00 ns, 27.1401 ns/op
WorkloadPilot   22: 33554432 op, 911346500.00 ns, 27.1602 ns/op

OverheadWarmup   1: 33554432 op, 63645600.00 ns, 1.8968 ns/op
OverheadWarmup   2: 33554432 op, 63614100.00 ns, 1.8958 ns/op
OverheadWarmup   3: 33554432 op, 63627300.00 ns, 1.8962 ns/op
OverheadWarmup   4: 33554432 op, 54274400.00 ns, 1.6175 ns/op
OverheadWarmup   5: 33554432 op, 49821100.00 ns, 1.4848 ns/op
OverheadWarmup   6: 33554432 op, 49862300.00 ns, 1.4860 ns/op
OverheadWarmup   7: 33554432 op, 49861100.00 ns, 1.4860 ns/op

OverheadActual   1: 33554432 op, 49967800.00 ns, 1.4892 ns/op
OverheadActual   2: 33554432 op, 49952500.00 ns, 1.4887 ns/op
OverheadActual   3: 33554432 op, 49905300.00 ns, 1.4873 ns/op
OverheadActual   4: 33554432 op, 49935400.00 ns, 1.4882 ns/op
OverheadActual   5: 33554432 op, 49999500.00 ns, 1.4901 ns/op
OverheadActual   6: 33554432 op, 49958300.00 ns, 1.4889 ns/op
OverheadActual   7: 33554432 op, 49847800.00 ns, 1.4856 ns/op
OverheadActual   8: 33554432 op, 49856100.00 ns, 1.4858 ns/op
OverheadActual   9: 33554432 op, 49894400.00 ns, 1.4870 ns/op
OverheadActual  10: 33554432 op, 49794800.00 ns, 1.4840 ns/op
OverheadActual  11: 33554432 op, 49764000.00 ns, 1.4831 ns/op
OverheadActual  12: 33554432 op, 49742600.00 ns, 1.4824 ns/op
OverheadActual  13: 33554432 op, 49867500.00 ns, 1.4862 ns/op
OverheadActual  14: 33554432 op, 49797700.00 ns, 1.4841 ns/op
OverheadActual  15: 33554432 op, 49916800.00 ns, 1.4876 ns/op

WorkloadWarmup   1: 33554432 op, 913946400.00 ns, 27.2377 ns/op
WorkloadWarmup   2: 33554432 op, 914569400.00 ns, 27.2563 ns/op
WorkloadWarmup   3: 33554432 op, 912108900.00 ns, 27.1830 ns/op
WorkloadWarmup   4: 33554432 op, 911500600.00 ns, 27.1648 ns/op
WorkloadWarmup   5: 33554432 op, 921120300.00 ns, 27.4515 ns/op
WorkloadWarmup   6: 33554432 op, 933715700.00 ns, 27.8269 ns/op
WorkloadWarmup   7: 33554432 op, 913920100.00 ns, 27.2369 ns/op

// BeforeActualRun
WorkloadActual   1: 33554432 op, 911465500.00 ns, 27.1638 ns/op
WorkloadActual   2: 33554432 op, 915882600.00 ns, 27.2954 ns/op
WorkloadActual   3: 33554432 op, 910034000.00 ns, 27.1211 ns/op
WorkloadActual   4: 33554432 op, 914978100.00 ns, 27.2685 ns/op
WorkloadActual   5: 33554432 op, 916311800.00 ns, 27.3082 ns/op
WorkloadActual   6: 33554432 op, 919084000.00 ns, 27.3908 ns/op
WorkloadActual   7: 33554432 op, 912321100.00 ns, 27.1893 ns/op
WorkloadActual   8: 33554432 op, 917274800.00 ns, 27.3369 ns/op
WorkloadActual   9: 33554432 op, 935562700.00 ns, 27.8819 ns/op
WorkloadActual  10: 33554432 op, 945607500.00 ns, 28.1813 ns/op
WorkloadActual  11: 33554432 op, 917110200.00 ns, 27.3320 ns/op
WorkloadActual  12: 33554432 op, 941276300.00 ns, 28.0522 ns/op
WorkloadActual  13: 33554432 op, 910646700.00 ns, 27.1394 ns/op
WorkloadActual  14: 33554432 op, 913851100.00 ns, 27.2349 ns/op
WorkloadActual  15: 33554432 op, 910226900.00 ns, 27.1269 ns/op

// AfterActualRun
WorkloadResult   1: 33554432 op, 861571100.00 ns, 25.6768 ns/op
WorkloadResult   2: 33554432 op, 865988200.00 ns, 25.8085 ns/op
WorkloadResult   3: 33554432 op, 860139600.00 ns, 25.6342 ns/op
WorkloadResult   4: 33554432 op, 865083700.00 ns, 25.7815 ns/op
WorkloadResult   5: 33554432 op, 866417400.00 ns, 25.8213 ns/op
WorkloadResult   6: 33554432 op, 869189600.00 ns, 25.9039 ns/op
WorkloadResult   7: 33554432 op, 862426700.00 ns, 25.7023 ns/op
WorkloadResult   8: 33554432 op, 867380400.00 ns, 25.8500 ns/op
WorkloadResult   9: 33554432 op, 867215800.00 ns, 25.8450 ns/op
WorkloadResult  10: 33554432 op, 860752300.00 ns, 25.6524 ns/op
WorkloadResult  11: 33554432 op, 863956700.00 ns, 25.7479 ns/op
WorkloadResult  12: 33554432 op, 860332500.00 ns, 25.6399 ns/op
// GC:  0 0 0 400 33554432
// Threading:  0 0 33554432

// AfterAll
// Benchmark Process 85756 has exited with code 0.

Mean = 25.755 ns, StdErr = 0.027 ns (0.10%), N = 12, StdDev = 0.093 ns
Min = 25.634 ns, Q1 = 25.671 ns, Median = 25.765 ns, Q3 = 25.827 ns, Max = 25.904 ns
IQR = 0.156 ns, LowerFence = 25.436 ns, UpperFence = 26.062 ns
ConfidenceInterval = [25.637 ns; 25.874 ns] (CI 99.9%), Margin = 0.119 ns (0.46% of Mean)
Skewness = 0.03, Kurtosis = 1.37, MValue = 2

// ** Remained 0 (0.0%) benchmark(s) to run. Estimated finish 2026-05-14 14:09 (0h 0m from now) **
Successfully reverted power plan (GUID: 8c5e7fda-e8bf-4a96-9a85-a6e23a8c635c FriendlyName: High performance)
// ***** BenchmarkRunner: Finish  *****

// * Export *
  benchmarking\library\net10\results\results\MMP.Herald.OSS.Benchmarks.KernelFanOutBenchmarks-report.csv
  benchmarking\library\net10\results\results\MMP.Herald.OSS.Benchmarks.KernelFanOutBenchmarks-report-github.md
  benchmarking\library\net10\results\results\MMP.Herald.OSS.Benchmarks.KernelFanOutBenchmarks-report.html

// * Detailed results *
KernelFanOutBenchmarks.FanOut_Single: DefaultJob
Runtime = .NET 10.0.7 (10.0.726.21808), X64 RyuJIT AVX2; GC = Concurrent Server
Mean = 20.036 ns, StdErr = 0.110 ns (0.55%), N = 28, StdDev = 0.585 ns
Min = 19.028 ns, Q1 = 19.630 ns, Median = 19.950 ns, Q3 = 20.349 ns, Max = 21.362 ns
IQR = 0.719 ns, LowerFence = 18.552 ns, UpperFence = 21.427 ns
ConfidenceInterval = [19.629 ns; 20.444 ns] (CI 99.9%), Margin = 0.408 ns (2.03% of Mean)
Skewness = 0.34, Kurtosis = 2.35, MValue = 2
-------------------- Histogram --------------------
[19.004 ns ; 19.522 ns) | @@@@@
[19.522 ns ; 20.027 ns) | @@@@@@@@@@@@
[20.027 ns ; 20.721 ns) | @@@@@@@
[20.721 ns ; 21.615 ns) | @@@@
---------------------------------------------------

KernelFanOutBenchmarks.FanOut_Pair: DefaultJob
Runtime = .NET 10.0.7 (10.0.726.21808), X64 RyuJIT AVX2; GC = Concurrent Server
Mean = 19.387 ns, StdErr = 0.058 ns (0.30%), N = 15, StdDev = 0.225 ns
Min = 19.102 ns, Q1 = 19.214 ns, Median = 19.333 ns, Q3 = 19.563 ns, Max = 19.778 ns
IQR = 0.348 ns, LowerFence = 18.691 ns, UpperFence = 20.085 ns
ConfidenceInterval = [19.147 ns; 19.627 ns] (CI 99.9%), Margin = 0.240 ns (1.24% of Mean)
Skewness = 0.3, Kurtosis = 1.47, MValue = 2
-------------------- Histogram --------------------
[19.025 ns ; 19.859 ns) | @@@@@@@@@@@@@@@
---------------------------------------------------

KernelFanOutBenchmarks.FanOut_Triple: DefaultJob
Runtime = .NET 10.0.7 (10.0.726.21808), X64 RyuJIT AVX2; GC = Concurrent Server
Mean = 20.423 ns, StdErr = 0.125 ns (0.61%), N = 52, StdDev = 0.902 ns
Min = 19.283 ns, Q1 = 19.733 ns, Median = 20.139 ns, Q3 = 21.037 ns, Max = 22.354 ns
IQR = 1.304 ns, LowerFence = 17.776 ns, UpperFence = 22.993 ns
ConfidenceInterval = [19.986 ns; 20.860 ns] (CI 99.9%), Margin = 0.437 ns (2.14% of Mean)
Skewness = 0.61, Kurtosis = 2.08, MValue = 2
-------------------- Histogram --------------------
[18.966 ns ; 19.949 ns) | @@@@@@@@@@@@@@@@@@@@@@
[19.949 ns ; 20.689 ns) | @@@@@@@@@@@@
[20.689 ns ; 21.405 ns) | @@@@@@@@@
[21.405 ns ; 22.207 ns) | @@@@@@@@
[22.207 ns ; 22.671 ns) | @
---------------------------------------------------

KernelFanOutBenchmarks.FanOut_Many_5: DefaultJob
Runtime = .NET 10.0.7 (10.0.726.21808), X64 RyuJIT AVX2; GC = Concurrent Server
Mean = 20.716 ns, StdErr = 0.125 ns (0.60%), N = 50, StdDev = 0.885 ns
Min = 19.770 ns, Q1 = 19.988 ns, Median = 20.425 ns, Q3 = 21.313 ns, Max = 23.287 ns
IQR = 1.325 ns, LowerFence = 18.000 ns, UpperFence = 23.301 ns
ConfidenceInterval = [20.278 ns; 21.154 ns] (CI 99.9%), Margin = 0.438 ns (2.11% of Mean)
Skewness = 1.02, Kurtosis = 3.18, MValue = 2.64
-------------------- Histogram --------------------
[19.742 ns ; 20.373 ns) | @@@@@@@@@@@@@@@@@@@@@@@@@
[20.373 ns ; 20.832 ns) | @@@@@
[20.832 ns ; 21.462 ns) | @@@@@@@@@@@@
[21.462 ns ; 22.196 ns) | @@@
[22.196 ns ; 22.972 ns) | @@@@
[22.972 ns ; 23.602 ns) | @
---------------------------------------------------

KernelFanOutBenchmarks.FanOut_Many_8: DefaultJob
Runtime = .NET 10.0.7 (10.0.726.21808), X64 RyuJIT AVX2; GC = Concurrent Server
Mean = 21.432 ns, StdErr = 0.104 ns (0.48%), N = 15, StdDev = 0.401 ns
Min = 21.142 ns, Q1 = 21.182 ns, Median = 21.225 ns, Q3 = 21.579 ns, Max = 22.476 ns
IQR = 0.397 ns, LowerFence = 20.586 ns, UpperFence = 22.175 ns
ConfidenceInterval = [21.003 ns; 21.860 ns] (CI 99.9%), Margin = 0.429 ns (2.00% of Mean)
Skewness = 1.4, Kurtosis = 3.74, MValue = 2
-------------------- Histogram --------------------
[21.134 ns ; 21.885 ns) | @@@@@@@@@@@@@
[21.885 ns ; 22.519 ns) | @@
---------------------------------------------------

KernelFanOutBenchmarks.FanOut_Many_16: DefaultJob
Runtime = .NET 10.0.7 (10.0.726.21808), X64 RyuJIT AVX2; GC = Concurrent Server
Mean = 25.755 ns, StdErr = 0.027 ns (0.10%), N = 12, StdDev = 0.093 ns
Min = 25.634 ns, Q1 = 25.671 ns, Median = 25.765 ns, Q3 = 25.827 ns, Max = 25.904 ns
IQR = 0.156 ns, LowerFence = 25.436 ns, UpperFence = 26.062 ns
ConfidenceInterval = [25.637 ns; 25.874 ns] (CI 99.9%), Margin = 0.119 ns (0.46% of Mean)
Skewness = 0.03, Kurtosis = 1.37, MValue = 2
-------------------- Histogram --------------------
[25.581 ns ; 25.957 ns) | @@@@@@@@@@@@
---------------------------------------------------

// * Summary *

BenchmarkDotNet v0.14.0, Windows 11 (10.0.26200.8246)
12th Gen Intel Core i9-12900K, 1 CPU, 24 logical and 16 physical cores
.NET SDK 10.0.203
  [Host]     : .NET 10.0.7 (10.0.726.21808), X64 RyuJIT AVX2
  DefaultJob : .NET 10.0.7 (10.0.726.21808), X64 RyuJIT AVX2


| Method         | Mean     | Error    | StdDev   | Ratio | RatioSD | Allocated | Alloc Ratio |
|--------------- |---------:|---------:|---------:|------:|--------:|----------:|------------:|
| FanOut_Single  | 20.04 ns | 0.408 ns | 0.585 ns |  1.00 |    0.04 |         - |          NA |
| FanOut_Pair    | 19.39 ns | 0.240 ns | 0.225 ns |  0.97 |    0.03 |         - |          NA |
| FanOut_Triple  | 20.42 ns | 0.437 ns | 0.902 ns |  1.02 |    0.05 |         - |          NA |
| FanOut_Many_5  | 20.72 ns | 0.438 ns | 0.885 ns |  1.03 |    0.05 |         - |          NA |
| FanOut_Many_8  | 21.43 ns | 0.429 ns | 0.401 ns |  1.07 |    0.04 |         - |          NA |
| FanOut_Many_16 | 25.76 ns | 0.119 ns | 0.093 ns |  1.29 |    0.04 |         - |          NA |

// * Hints *
Outliers
  KernelFanOutBenchmarks.FanOut_Single: Default  -> 1 outlier  was  removed (23.16 ns)
  KernelFanOutBenchmarks.FanOut_Triple: Default  -> 2 outliers were removed (24.70 ns, 24.80 ns)
  KernelFanOutBenchmarks.FanOut_Many_5: Default  -> 2 outliers were removed (25.26 ns, 25.80 ns)
  KernelFanOutBenchmarks.FanOut_Many_8: Default  -> 2 outliers were removed (24.14 ns, 24.16 ns)
  KernelFanOutBenchmarks.FanOut_Many_16: Default -> 3 outliers were removed (27.88 ns..28.18 ns)

// * Legends *
  Mean        : Arithmetic mean of all measurements
  Error       : Half of 99.9% confidence interval
  StdDev      : Standard deviation of all measurements
  Ratio       : Mean of the ratio distribution ([Current]/[Baseline])
  RatioSD     : Standard deviation of the ratio distribution ([Current]/[Baseline])
  Allocated   : Allocated memory per single operation (managed only, inclusive, 1KB = 1024B)
  Alloc Ratio : Allocated memory ratio distribution ([Current]/[Baseline])
  1 ns        : 1 Nanosecond (0.000000001 sec)

// * Diagnostic Output - MemoryDiagnoser *


// ***** BenchmarkRunner: End *****
Run time: 00:03:18 (198.8 sec), executed benchmarks: 6

Global total time: 00:03:47 (227.59 sec), executed benchmarks: 6
// * Artifacts cleanup *
Artifacts cleanup is finished
