// Validating benchmarks:
// ***** BenchmarkRunner: Start   *****
// ***** Found 3 benchmark(s) in total *****
// ***** Building 1 exe(s) in Parallel: Start   *****
// start dotnet  restore /p:UseSharedCompilation=false /p:BuildInParallel=false /m:1 /p:Deterministic=true /p:Optimize=true /p:IntermediateOutputPath="E:\dev\Herald.OSS\benchmarking\library\net10\bin\Release\net10.0\b033df4d-938c-4995-aa1a-a9740421ddf8\obj\Release\net10.0/" /p:OutDir="E:\dev\Herald.OSS\benchmarking\library\net10\bin\Release\net10.0\b033df4d-938c-4995-aa1a-a9740421ddf8\bin\Release\net10.0/" /p:OutputPath="E:\dev\Herald.OSS\benchmarking\library\net10\bin\Release\net10.0\b033df4d-938c-4995-aa1a-a9740421ddf8\bin\Release\net10.0/" in E:\dev\Herald.OSS\benchmarking\library\net10\bin\Release\net10.0\b033df4d-938c-4995-aa1a-a9740421ddf8
// command took 1.41 sec and exited with 0
// start dotnet  build -c Release --no-restore /p:UseSharedCompilation=false /p:BuildInParallel=false /m:1 /p:Deterministic=true /p:Optimize=true /p:IntermediateOutputPath="E:\dev\Herald.OSS\benchmarking\library\net10\bin\Release\net10.0\b033df4d-938c-4995-aa1a-a9740421ddf8\obj\Release\net10.0/" /p:OutDir="E:\dev\Herald.OSS\benchmarking\library\net10\bin\Release\net10.0\b033df4d-938c-4995-aa1a-a9740421ddf8\bin\Release\net10.0/" /p:OutputPath="E:\dev\Herald.OSS\benchmarking\library\net10\bin\Release\net10.0\b033df4d-938c-4995-aa1a-a9740421ddf8\bin\Release\net10.0/" --output "E:\dev\Herald.OSS\benchmarking\library\net10\bin\Release\net10.0\b033df4d-938c-4995-aa1a-a9740421ddf8\bin\Release\net10.0/" in E:\dev\Herald.OSS\benchmarking\library\net10\bin\Release\net10.0\b033df4d-938c-4995-aa1a-a9740421ddf8
// command took 11.01 sec and exited with 0
// ***** Done, took 00:00:13 (13.95 sec)   *****
// Found 3 benchmarks:
//   AcceptPathBenchmarks.Info_no_properties: DefaultJob
//   AcceptPathBenchmarks.Info_with_one_property: DefaultJob
//   AcceptPathBenchmarks.Info_with_three_properties: DefaultJob

Setup power plan (GUID: 8c5e7fda-e8bf-4a96-9a85-a6e23a8c635c FriendlyName: High performance)
// **************************
// Benchmark: AcceptPathBenchmarks.Info_no_properties: DefaultJob
// *** Execute ***
// Launch: 1 / 1
// Execute: dotnet b033df4d-938c-4995-aa1a-a9740421ddf8.dll --anonymousPipes 23132 30252 --benchmarkName MMP.Herald.OSS.Benchmarks.AcceptPathBenchmarks.Info_no_properties --job Default --benchmarkId 0 in E:\dev\Herald.OSS\benchmarking\library\net10\bin\Release\net10.0\b033df4d-938c-4995-aa1a-a9740421ddf8\bin\Release\net10.0
// BeforeAnythingElse

// Benchmark Process Environment Information:
// BenchmarkDotNet v0.14.0
// Runtime=.NET 10.0.8 (10.0.826.23019), X64 RyuJIT AVX2
// GC=Concurrent Server
// HardwareIntrinsics=AVX2,AES,BMI1,BMI2,FMA,LZCNT,PCLMUL,POPCNT,AvxVnni,SERIALIZE VectorSize=256
// Job: DefaultJob

OverheadJitting  1: 1 op, 234700.00 ns, 234.7000 us/op
WorkloadJitting  1: 1 op, 1656900.00 ns, 1.6569 ms/op

OverheadJitting  2: 16 op, 158500.00 ns, 9.9063 us/op
WorkloadJitting  2: 16 op, 323200.00 ns, 20.2000 us/op

WorkloadPilot    1: 16 op, 3100.00 ns, 193.7500 ns/op
WorkloadPilot    2: 32 op, 5200.00 ns, 162.5000 ns/op
WorkloadPilot    3: 64 op, 7000.00 ns, 109.3750 ns/op
WorkloadPilot    4: 128 op, 10600.00 ns, 82.8125 ns/op
WorkloadPilot    5: 256 op, 20500.00 ns, 80.0781 ns/op
WorkloadPilot    6: 512 op, 37800.00 ns, 73.8281 ns/op
WorkloadPilot    7: 1024 op, 70400.00 ns, 68.7500 ns/op
WorkloadPilot    8: 2048 op, 140900.00 ns, 68.7988 ns/op
WorkloadPilot    9: 4096 op, 276400.00 ns, 67.4805 ns/op
WorkloadPilot   10: 8192 op, 693500.00 ns, 84.6558 ns/op
WorkloadPilot   11: 16384 op, 1207500.00 ns, 73.7000 ns/op
WorkloadPilot   12: 32768 op, 2279000.00 ns, 69.5496 ns/op
WorkloadPilot   13: 65536 op, 4463800.00 ns, 68.1122 ns/op
WorkloadPilot   14: 131072 op, 8994900.00 ns, 68.6256 ns/op
WorkloadPilot   15: 262144 op, 17745300.00 ns, 67.6929 ns/op
WorkloadPilot   16: 524288 op, 35680800.00 ns, 68.0557 ns/op
WorkloadPilot   17: 1048576 op, 71564100.00 ns, 68.2488 ns/op
WorkloadPilot   18: 2097152 op, 76546600.00 ns, 36.5003 ns/op
WorkloadPilot   19: 4194304 op, 111309300.00 ns, 26.5382 ns/op
WorkloadPilot   20: 8388608 op, 223455600.00 ns, 26.6380 ns/op
WorkloadPilot   21: 16777216 op, 438376200.00 ns, 26.1293 ns/op
WorkloadPilot   22: 33554432 op, 879177800.00 ns, 26.2015 ns/op

OverheadWarmup   1: 33554432 op, 71209100.00 ns, 2.1222 ns/op
OverheadWarmup   2: 33554432 op, 72070500.00 ns, 2.1479 ns/op
OverheadWarmup   3: 33554432 op, 70977700.00 ns, 2.1153 ns/op
OverheadWarmup   4: 33554432 op, 51064900.00 ns, 1.5219 ns/op
OverheadWarmup   5: 33554432 op, 50347800.00 ns, 1.5005 ns/op
OverheadWarmup   6: 33554432 op, 50842600.00 ns, 1.5152 ns/op
OverheadWarmup   7: 33554432 op, 50810400.00 ns, 1.5143 ns/op

OverheadActual   1: 33554432 op, 51076800.00 ns, 1.5222 ns/op
OverheadActual   2: 33554432 op, 50919600.00 ns, 1.5175 ns/op
OverheadActual   3: 33554432 op, 50330900.00 ns, 1.5000 ns/op
OverheadActual   4: 33554432 op, 50581900.00 ns, 1.5075 ns/op
OverheadActual   5: 33554432 op, 52127100.00 ns, 1.5535 ns/op
OverheadActual   6: 33554432 op, 51133400.00 ns, 1.5239 ns/op
OverheadActual   7: 33554432 op, 50462700.00 ns, 1.5039 ns/op
OverheadActual   8: 33554432 op, 51075700.00 ns, 1.5222 ns/op
OverheadActual   9: 33554432 op, 54120200.00 ns, 1.6129 ns/op
OverheadActual  10: 33554432 op, 51935100.00 ns, 1.5478 ns/op
OverheadActual  11: 33554432 op, 50867300.00 ns, 1.5160 ns/op
OverheadActual  12: 33554432 op, 50260800.00 ns, 1.4979 ns/op
OverheadActual  13: 33554432 op, 53958300.00 ns, 1.6081 ns/op
OverheadActual  14: 33554432 op, 51327700.00 ns, 1.5297 ns/op
OverheadActual  15: 33554432 op, 52510200.00 ns, 1.5649 ns/op

WorkloadWarmup   1: 33554432 op, 949041400.00 ns, 28.2836 ns/op
WorkloadWarmup   2: 33554432 op, 906244900.00 ns, 27.0082 ns/op
WorkloadWarmup   3: 33554432 op, 897000600.00 ns, 26.7327 ns/op
WorkloadWarmup   4: 33554432 op, 926082400.00 ns, 27.5994 ns/op
WorkloadWarmup   5: 33554432 op, 907844800.00 ns, 27.0559 ns/op
WorkloadWarmup   6: 33554432 op, 890303800.00 ns, 26.5331 ns/op
WorkloadWarmup   7: 33554432 op, 888502800.00 ns, 26.4794 ns/op
WorkloadWarmup   8: 33554432 op, 904110700.00 ns, 26.9446 ns/op
WorkloadWarmup   9: 33554432 op, 895110100.00 ns, 26.6764 ns/op

// BeforeActualRun
WorkloadActual   1: 33554432 op, 885968600.00 ns, 26.4039 ns/op
WorkloadActual   2: 33554432 op, 888838600.00 ns, 26.4895 ns/op
WorkloadActual   3: 33554432 op, 886984400.00 ns, 26.4342 ns/op
WorkloadActual   4: 33554432 op, 888367000.00 ns, 26.4754 ns/op
WorkloadActual   5: 33554432 op, 883289600.00 ns, 26.3241 ns/op
WorkloadActual   6: 33554432 op, 884897300.00 ns, 26.3720 ns/op
WorkloadActual   7: 33554432 op, 884806100.00 ns, 26.3693 ns/op
WorkloadActual   8: 33554432 op, 892017800.00 ns, 26.5842 ns/op
WorkloadActual   9: 33554432 op, 886487800.00 ns, 26.4194 ns/op
WorkloadActual  10: 33554432 op, 883858200.00 ns, 26.3410 ns/op
WorkloadActual  11: 33554432 op, 883205100.00 ns, 26.3216 ns/op
WorkloadActual  12: 33554432 op, 887391300.00 ns, 26.4463 ns/op
WorkloadActual  13: 33554432 op, 888376000.00 ns, 26.4757 ns/op
WorkloadActual  14: 33554432 op, 889704200.00 ns, 26.5153 ns/op
WorkloadActual  15: 33554432 op, 884573500.00 ns, 26.3623 ns/op

// AfterActualRun
WorkloadResult   1: 33554432 op, 834891800.00 ns, 24.8817 ns/op
WorkloadResult   2: 33554432 op, 837761800.00 ns, 24.9672 ns/op
WorkloadResult   3: 33554432 op, 835907600.00 ns, 24.9120 ns/op
WorkloadResult   4: 33554432 op, 837290200.00 ns, 24.9532 ns/op
WorkloadResult   5: 33554432 op, 832212800.00 ns, 24.8019 ns/op
WorkloadResult   6: 33554432 op, 833820500.00 ns, 24.8498 ns/op
WorkloadResult   7: 33554432 op, 833729300.00 ns, 24.8471 ns/op
WorkloadResult   8: 33554432 op, 840941000.00 ns, 25.0620 ns/op
WorkloadResult   9: 33554432 op, 835411000.00 ns, 24.8972 ns/op
WorkloadResult  10: 33554432 op, 832781400.00 ns, 24.8188 ns/op
WorkloadResult  11: 33554432 op, 832128300.00 ns, 24.7994 ns/op
WorkloadResult  12: 33554432 op, 836314500.00 ns, 24.9241 ns/op
WorkloadResult  13: 33554432 op, 837299200.00 ns, 24.9535 ns/op
WorkloadResult  14: 33554432 op, 838627400.00 ns, 24.9930 ns/op
WorkloadResult  15: 33554432 op, 833496700.00 ns, 24.8401 ns/op
// GC:  0 0 0 64 33554432
// Threading:  0 0 33554432

// AfterAll
// Benchmark Process 41800 has exited with code 0.

Mean = 24.900 ns, StdErr = 0.020 ns (0.08%), N = 15, StdDev = 0.076 ns
Min = 24.799 ns, Q1 = 24.844 ns, Median = 24.897 ns, Q3 = 24.953 ns, Max = 25.062 ns
IQR = 0.110 ns, LowerFence = 24.679 ns, UpperFence = 25.118 ns
ConfidenceInterval = [24.819 ns; 24.982 ns] (CI 99.9%), Margin = 0.082 ns (0.33% of Mean)
Skewness = 0.4, Kurtosis = 2.1, MValue = 2

// ** Remained 2 (66.7%) benchmark(s) to run. Estimated finish 2026-05-14 19:19 (0h 0m from now) **
Setup power plan (GUID: 8c5e7fda-e8bf-4a96-9a85-a6e23a8c635c FriendlyName: High performance)
// **************************
// Benchmark: AcceptPathBenchmarks.Info_with_one_property: DefaultJob
// *** Execute ***
// Launch: 1 / 1
// Execute: dotnet b033df4d-938c-4995-aa1a-a9740421ddf8.dll --anonymousPipes 50172 2984 --benchmarkName MMP.Herald.OSS.Benchmarks.AcceptPathBenchmarks.Info_with_one_property --job Default --benchmarkId 1 in E:\dev\Herald.OSS\benchmarking\library\net10\bin\Release\net10.0\b033df4d-938c-4995-aa1a-a9740421ddf8\bin\Release\net10.0
// BeforeAnythingElse

// Benchmark Process Environment Information:
// BenchmarkDotNet v0.14.0
// Runtime=.NET 10.0.8 (10.0.826.23019), X64 RyuJIT AVX2
// GC=Concurrent Server
// HardwareIntrinsics=AVX2,AES,BMI1,BMI2,FMA,LZCNT,PCLMUL,POPCNT,AvxVnni,SERIALIZE VectorSize=256
// Job: DefaultJob

OverheadJitting  1: 1 op, 190900.00 ns, 190.9000 us/op
WorkloadJitting  1: 1 op, 1879200.00 ns, 1.8792 ms/op

OverheadJitting  2: 16 op, 155600.00 ns, 9.7250 us/op
WorkloadJitting  2: 16 op, 164600.00 ns, 10.2875 us/op

WorkloadPilot    1: 16 op, 6700.00 ns, 418.7500 ns/op
WorkloadPilot    2: 32 op, 7000.00 ns, 218.7500 ns/op
WorkloadPilot    3: 64 op, 10100.00 ns, 157.8125 ns/op
WorkloadPilot    4: 128 op, 23000.00 ns, 179.6875 ns/op
WorkloadPilot    5: 256 op, 28400.00 ns, 110.9375 ns/op
WorkloadPilot    6: 512 op, 48800.00 ns, 95.3125 ns/op
WorkloadPilot    7: 1024 op, 127500.00 ns, 124.5117 ns/op
WorkloadPilot    8: 2048 op, 193300.00 ns, 94.3848 ns/op
WorkloadPilot    9: 4096 op, 372200.00 ns, 90.8691 ns/op
WorkloadPilot   10: 8192 op, 801200.00 ns, 97.8027 ns/op
WorkloadPilot   11: 16384 op, 1564800.00 ns, 95.5078 ns/op
WorkloadPilot   12: 32768 op, 2975100.00 ns, 90.7928 ns/op
WorkloadPilot   13: 65536 op, 5786700.00 ns, 88.2980 ns/op
WorkloadPilot   14: 131072 op, 11513300.00 ns, 87.8395 ns/op
WorkloadPilot   15: 262144 op, 22709200.00 ns, 86.6287 ns/op
WorkloadPilot   16: 524288 op, 45177700.00 ns, 86.1696 ns/op
WorkloadPilot   17: 1048576 op, 43679200.00 ns, 41.6557 ns/op
WorkloadPilot   18: 2097152 op, 57757600.00 ns, 27.5410 ns/op
WorkloadPilot   19: 4194304 op, 116006500.00 ns, 27.6581 ns/op
WorkloadPilot   20: 8388608 op, 229956700.00 ns, 27.4130 ns/op
WorkloadPilot   21: 16777216 op, 461568600.00 ns, 27.5116 ns/op
WorkloadPilot   22: 33554432 op, 926085700.00 ns, 27.5995 ns/op

OverheadWarmup   1: 33554432 op, 70441900.00 ns, 2.0993 ns/op
OverheadWarmup   2: 33554432 op, 70620500.00 ns, 2.1047 ns/op
OverheadWarmup   3: 33554432 op, 70953100.00 ns, 2.1146 ns/op
OverheadWarmup   4: 33554432 op, 51972600.00 ns, 1.5489 ns/op
OverheadWarmup   5: 33554432 op, 49825900.00 ns, 1.4849 ns/op
OverheadWarmup   6: 33554432 op, 50046800.00 ns, 1.4915 ns/op
OverheadWarmup   7: 33554432 op, 49920000.00 ns, 1.4877 ns/op

OverheadActual   1: 33554432 op, 50083600.00 ns, 1.4926 ns/op
OverheadActual   2: 33554432 op, 49847800.00 ns, 1.4856 ns/op
OverheadActual   3: 33554432 op, 49907200.00 ns, 1.4874 ns/op
OverheadActual   4: 33554432 op, 49895500.00 ns, 1.4870 ns/op
OverheadActual   5: 33554432 op, 49844000.00 ns, 1.4855 ns/op
OverheadActual   6: 33554432 op, 50046300.00 ns, 1.4915 ns/op
OverheadActual   7: 33554432 op, 49824900.00 ns, 1.4849 ns/op
OverheadActual   8: 33554432 op, 49954100.00 ns, 1.4887 ns/op
OverheadActual   9: 33554432 op, 49875400.00 ns, 1.4864 ns/op
OverheadActual  10: 33554432 op, 49858200.00 ns, 1.4859 ns/op
OverheadActual  11: 33554432 op, 49924300.00 ns, 1.4879 ns/op
OverheadActual  12: 33554432 op, 49941600.00 ns, 1.4884 ns/op
OverheadActual  13: 33554432 op, 50035300.00 ns, 1.4912 ns/op
OverheadActual  14: 33554432 op, 50307000.00 ns, 1.4993 ns/op
OverheadActual  15: 33554432 op, 50909600.00 ns, 1.5172 ns/op

WorkloadWarmup   1: 33554432 op, 921646200.00 ns, 27.4672 ns/op
WorkloadWarmup   2: 33554432 op, 917864300.00 ns, 27.3545 ns/op
WorkloadWarmup   3: 33554432 op, 917415100.00 ns, 27.3411 ns/op
WorkloadWarmup   4: 33554432 op, 916818200.00 ns, 27.3233 ns/op
WorkloadWarmup   5: 33554432 op, 916564100.00 ns, 27.3157 ns/op
WorkloadWarmup   6: 33554432 op, 918599000.00 ns, 27.3764 ns/op
WorkloadWarmup   7: 33554432 op, 914871900.00 ns, 27.2653 ns/op
WorkloadWarmup   8: 33554432 op, 925467800.00 ns, 27.5811 ns/op
WorkloadWarmup   9: 33554432 op, 917141300.00 ns, 27.3329 ns/op

// BeforeActualRun
WorkloadActual   1: 33554432 op, 919835800.00 ns, 27.4132 ns/op
WorkloadActual   2: 33554432 op, 922800300.00 ns, 27.5016 ns/op
WorkloadActual   3: 33554432 op, 923126000.00 ns, 27.5113 ns/op
WorkloadActual   4: 33554432 op, 923927400.00 ns, 27.5352 ns/op
WorkloadActual   5: 33554432 op, 923976000.00 ns, 27.5366 ns/op
WorkloadActual   6: 33554432 op, 917642300.00 ns, 27.3479 ns/op
WorkloadActual   7: 33554432 op, 925663600.00 ns, 27.5869 ns/op
WorkloadActual   8: 33554432 op, 927058900.00 ns, 27.6285 ns/op
WorkloadActual   9: 33554432 op, 920745600.00 ns, 27.4404 ns/op
WorkloadActual  10: 33554432 op, 915103400.00 ns, 27.2722 ns/op
WorkloadActual  11: 33554432 op, 925559000.00 ns, 27.5838 ns/op
WorkloadActual  12: 33554432 op, 928968300.00 ns, 27.6854 ns/op
WorkloadActual  13: 33554432 op, 925686100.00 ns, 27.5876 ns/op
WorkloadActual  14: 33554432 op, 927491700.00 ns, 27.6414 ns/op
WorkloadActual  15: 33554432 op, 927758200.00 ns, 27.6493 ns/op

// AfterActualRun
WorkloadResult   1: 33554432 op, 869911500.00 ns, 25.9254 ns/op
WorkloadResult   2: 33554432 op, 872876000.00 ns, 26.0137 ns/op
WorkloadResult   3: 33554432 op, 873201700.00 ns, 26.0234 ns/op
WorkloadResult   4: 33554432 op, 874003100.00 ns, 26.0473 ns/op
WorkloadResult   5: 33554432 op, 874051700.00 ns, 26.0488 ns/op
WorkloadResult   6: 33554432 op, 867718000.00 ns, 25.8600 ns/op
WorkloadResult   7: 33554432 op, 875739300.00 ns, 26.0991 ns/op
WorkloadResult   8: 33554432 op, 877134600.00 ns, 26.1406 ns/op
WorkloadResult   9: 33554432 op, 870821300.00 ns, 25.9525 ns/op
WorkloadResult  10: 33554432 op, 865179100.00 ns, 25.7843 ns/op
WorkloadResult  11: 33554432 op, 875634700.00 ns, 26.0959 ns/op
WorkloadResult  12: 33554432 op, 879044000.00 ns, 26.1976 ns/op
WorkloadResult  13: 33554432 op, 875761800.00 ns, 26.0997 ns/op
WorkloadResult  14: 33554432 op, 877567400.00 ns, 26.1535 ns/op
WorkloadResult  15: 33554432 op, 877833900.00 ns, 26.1615 ns/op
// GC:  0 0 0 736 33554432
// Threading:  0 0 33554432

// AfterAll
// Benchmark Process 85332 has exited with code 0.

Mean = 26.040 ns, StdErr = 0.030 ns (0.12%), N = 15, StdDev = 0.117 ns
Min = 25.784 ns, Q1 = 25.983 ns, Median = 26.049 ns, Q3 = 26.120 ns, Max = 26.198 ns
IQR = 0.137 ns, LowerFence = 25.777 ns, UpperFence = 26.326 ns
ConfidenceInterval = [25.915 ns; 26.166 ns] (CI 99.9%), Margin = 0.125 ns (0.48% of Mean)
Skewness = -0.67, Kurtosis = 2.37, MValue = 2

// ** Remained 1 (33.3%) benchmark(s) to run. Estimated finish 2026-05-14 19:19 (0h 0m from now) **
Setup power plan (GUID: 8c5e7fda-e8bf-4a96-9a85-a6e23a8c635c FriendlyName: High performance)
// **************************
// Benchmark: AcceptPathBenchmarks.Info_with_three_properties: DefaultJob
// *** Execute ***
// Launch: 1 / 1
// Execute: dotnet b033df4d-938c-4995-aa1a-a9740421ddf8.dll --anonymousPipes 50172 2984 --benchmarkName MMP.Herald.OSS.Benchmarks.AcceptPathBenchmarks.Info_with_three_properties --job Default --benchmarkId 2 in E:\dev\Herald.OSS\benchmarking\library\net10\bin\Release\net10.0\b033df4d-938c-4995-aa1a-a9740421ddf8\bin\Release\net10.0
// BeforeAnythingElse

// Benchmark Process Environment Information:
// BenchmarkDotNet v0.14.0
// Runtime=.NET 10.0.8 (10.0.826.23019), X64 RyuJIT AVX2
// GC=Concurrent Server
// HardwareIntrinsics=AVX2,AES,BMI1,BMI2,FMA,LZCNT,PCLMUL,POPCNT,AvxVnni,SERIALIZE VectorSize=256
// Job: DefaultJob

OverheadJitting  1: 1 op, 182000.00 ns, 182.0000 us/op
WorkloadJitting  1: 1 op, 2126900.00 ns, 2.1269 ms/op

OverheadJitting  2: 16 op, 162200.00 ns, 10.1375 us/op
WorkloadJitting  2: 16 op, 161300.00 ns, 10.0813 us/op

WorkloadPilot    1: 16 op, 4800.00 ns, 300.0000 ns/op
WorkloadPilot    2: 32 op, 12400.00 ns, 387.5000 ns/op
WorkloadPilot    3: 64 op, 11400.00 ns, 178.1250 ns/op
WorkloadPilot    4: 128 op, 18100.00 ns, 141.4063 ns/op
WorkloadPilot    5: 256 op, 32700.00 ns, 127.7344 ns/op
WorkloadPilot    6: 512 op, 60000.00 ns, 117.1875 ns/op
WorkloadPilot    7: 1024 op, 124000.00 ns, 121.0938 ns/op
WorkloadPilot    8: 2048 op, 230100.00 ns, 112.3535 ns/op
WorkloadPilot    9: 4096 op, 453800.00 ns, 110.7910 ns/op
WorkloadPilot   10: 8192 op, 957100.00 ns, 116.8335 ns/op
WorkloadPilot   11: 16384 op, 1832000.00 ns, 111.8164 ns/op
WorkloadPilot   12: 32768 op, 3637400.00 ns, 111.0046 ns/op
WorkloadPilot   13: 65536 op, 7172600.00 ns, 109.4452 ns/op
WorkloadPilot   14: 131072 op, 14067500.00 ns, 107.3265 ns/op
WorkloadPilot   15: 262144 op, 28376500.00 ns, 108.2478 ns/op
WorkloadPilot   16: 524288 op, 57420400.00 ns, 109.5207 ns/op
WorkloadPilot   17: 1048576 op, 33056200.00 ns, 31.5248 ns/op
WorkloadPilot   18: 2097152 op, 58461300.00 ns, 27.8765 ns/op
WorkloadPilot   19: 4194304 op, 116873100.00 ns, 27.8647 ns/op
WorkloadPilot   20: 8388608 op, 235013400.00 ns, 28.0158 ns/op
WorkloadPilot   21: 16777216 op, 473919300.00 ns, 28.2478 ns/op
WorkloadPilot   22: 33554432 op, 943995000.00 ns, 28.1332 ns/op

OverheadWarmup   1: 33554432 op, 72099700.00 ns, 2.1487 ns/op
OverheadWarmup   2: 33554432 op, 71964100.00 ns, 2.1447 ns/op
OverheadWarmup   3: 33554432 op, 71571100.00 ns, 2.1330 ns/op
OverheadWarmup   4: 33554432 op, 50252700.00 ns, 1.4976 ns/op
OverheadWarmup   5: 33554432 op, 50270300.00 ns, 1.4982 ns/op
OverheadWarmup   6: 33554432 op, 51026700.00 ns, 1.5207 ns/op
OverheadWarmup   7: 33554432 op, 50831400.00 ns, 1.5149 ns/op
OverheadWarmup   8: 33554432 op, 51214600.00 ns, 1.5263 ns/op
OverheadWarmup   9: 33554432 op, 50912100.00 ns, 1.5173 ns/op

OverheadActual   1: 33554432 op, 50995600.00 ns, 1.5198 ns/op
OverheadActual   2: 33554432 op, 50263200.00 ns, 1.4980 ns/op
OverheadActual   3: 33554432 op, 50898300.00 ns, 1.5169 ns/op
OverheadActual   4: 33554432 op, 51002000.00 ns, 1.5200 ns/op
OverheadActual   5: 33554432 op, 50995800.00 ns, 1.5198 ns/op
OverheadActual   6: 33554432 op, 51065300.00 ns, 1.5219 ns/op
OverheadActual   7: 33554432 op, 50839200.00 ns, 1.5151 ns/op
OverheadActual   8: 33554432 op, 51487500.00 ns, 1.5344 ns/op
OverheadActual   9: 33554432 op, 50321900.00 ns, 1.4997 ns/op
OverheadActual  10: 33554432 op, 50896800.00 ns, 1.5168 ns/op
OverheadActual  11: 33554432 op, 51100000.00 ns, 1.5229 ns/op
OverheadActual  12: 33554432 op, 50363200.00 ns, 1.5009 ns/op
OverheadActual  13: 33554432 op, 50246400.00 ns, 1.4975 ns/op
OverheadActual  14: 33554432 op, 50485800.00 ns, 1.5046 ns/op
OverheadActual  15: 33554432 op, 50948800.00 ns, 1.5184 ns/op

WorkloadWarmup   1: 33554432 op, 941802300.00 ns, 28.0679 ns/op
WorkloadWarmup   2: 33554432 op, 944006600.00 ns, 28.1336 ns/op
WorkloadWarmup   3: 33554432 op, 940575700.00 ns, 28.0313 ns/op
WorkloadWarmup   4: 33554432 op, 943824500.00 ns, 28.1282 ns/op
WorkloadWarmup   5: 33554432 op, 941977200.00 ns, 28.0731 ns/op
WorkloadWarmup   6: 33554432 op, 938280300.00 ns, 27.9629 ns/op

// BeforeActualRun
WorkloadActual   1: 33554432 op, 941608800.00 ns, 28.0621 ns/op
WorkloadActual   2: 33554432 op, 949238700.00 ns, 28.2895 ns/op
WorkloadActual   3: 33554432 op, 946051600.00 ns, 28.1945 ns/op
WorkloadActual   4: 33554432 op, 954340900.00 ns, 28.4416 ns/op
WorkloadActual   5: 33554432 op, 943658200.00 ns, 28.1232 ns/op
WorkloadActual   6: 33554432 op, 944549500.00 ns, 28.1498 ns/op
WorkloadActual   7: 33554432 op, 947068800.00 ns, 28.2248 ns/op
WorkloadActual   8: 33554432 op, 941872000.00 ns, 28.0700 ns/op
WorkloadActual   9: 33554432 op, 947603800.00 ns, 28.2408 ns/op
WorkloadActual  10: 33554432 op, 939931400.00 ns, 28.0121 ns/op
WorkloadActual  11: 33554432 op, 941667400.00 ns, 28.0639 ns/op
WorkloadActual  12: 33554432 op, 940381300.00 ns, 28.0255 ns/op
WorkloadActual  13: 33554432 op, 960554600.00 ns, 28.6268 ns/op
WorkloadActual  14: 33554432 op, 949429800.00 ns, 28.2952 ns/op
WorkloadActual  15: 33554432 op, 941477400.00 ns, 28.0582 ns/op

// AfterActualRun
WorkloadResult   1: 33554432 op, 890710500.00 ns, 26.5452 ns/op
WorkloadResult   2: 33554432 op, 898340400.00 ns, 26.7726 ns/op
WorkloadResult   3: 33554432 op, 895153300.00 ns, 26.6776 ns/op
WorkloadResult   4: 33554432 op, 903442600.00 ns, 26.9247 ns/op
WorkloadResult   5: 33554432 op, 892759900.00 ns, 26.6063 ns/op
WorkloadResult   6: 33554432 op, 893651200.00 ns, 26.6329 ns/op
WorkloadResult   7: 33554432 op, 896170500.00 ns, 26.7080 ns/op
WorkloadResult   8: 33554432 op, 890973700.00 ns, 26.5531 ns/op
WorkloadResult   9: 33554432 op, 896705500.00 ns, 26.7239 ns/op
WorkloadResult  10: 33554432 op, 889033100.00 ns, 26.4953 ns/op
WorkloadResult  11: 33554432 op, 890769100.00 ns, 26.5470 ns/op
WorkloadResult  12: 33554432 op, 889483000.00 ns, 26.5087 ns/op
WorkloadResult  13: 33554432 op, 898531500.00 ns, 26.7783 ns/op
WorkloadResult  14: 33554432 op, 890579100.00 ns, 26.5413 ns/op
// GC:  0 0 0 64 33554432
// Threading:  0 0 33554432

// AfterAll
// Benchmark Process 75128 has exited with code 0.

Mean = 26.644 ns, StdErr = 0.034 ns (0.13%), N = 14, StdDev = 0.126 ns
Min = 26.495 ns, Q1 = 26.546 ns, Median = 26.620 ns, Q3 = 26.720 ns, Max = 26.925 ns
IQR = 0.174 ns, LowerFence = 26.284 ns, UpperFence = 26.981 ns
ConfidenceInterval = [26.502 ns; 26.786 ns] (CI 99.9%), Margin = 0.142 ns (0.53% of Mean)
Skewness = 0.65, Kurtosis = 2.32, MValue = 2

// ** Remained 0 (0.0%) benchmark(s) to run. Estimated finish 2026-05-14 19:19 (0h 0m from now) **
Successfully reverted power plan (GUID: 8c5e7fda-e8bf-4a96-9a85-a6e23a8c635c FriendlyName: High performance)
// ***** BenchmarkRunner: Finish  *****

// * Export *
  benchmarking\library\net10\results\results\MMP.Herald.OSS.Benchmarks.AcceptPathBenchmarks-report.csv
  benchmarking\library\net10\results\results\MMP.Herald.OSS.Benchmarks.AcceptPathBenchmarks-report-github.md
  benchmarking\library\net10\results\results\MMP.Herald.OSS.Benchmarks.AcceptPathBenchmarks-report.html

// * Detailed results *
AcceptPathBenchmarks.Info_no_properties: DefaultJob
Runtime = .NET 10.0.8 (10.0.826.23019), X64 RyuJIT AVX2; GC = Concurrent Server
Mean = 24.900 ns, StdErr = 0.020 ns (0.08%), N = 15, StdDev = 0.076 ns
Min = 24.799 ns, Q1 = 24.844 ns, Median = 24.897 ns, Q3 = 24.953 ns, Max = 25.062 ns
IQR = 0.110 ns, LowerFence = 24.679 ns, UpperFence = 25.118 ns
ConfidenceInterval = [24.819 ns; 24.982 ns] (CI 99.9%), Margin = 0.082 ns (0.33% of Mean)
Skewness = 0.4, Kurtosis = 2.1, MValue = 2
-------------------- Histogram --------------------
[24.759 ns ; 25.103 ns) | @@@@@@@@@@@@@@@
---------------------------------------------------

AcceptPathBenchmarks.Info_with_one_property: DefaultJob
Runtime = .NET 10.0.8 (10.0.826.23019), X64 RyuJIT AVX2; GC = Concurrent Server
Mean = 26.040 ns, StdErr = 0.030 ns (0.12%), N = 15, StdDev = 0.117 ns
Min = 25.784 ns, Q1 = 25.983 ns, Median = 26.049 ns, Q3 = 26.120 ns, Max = 26.198 ns
IQR = 0.137 ns, LowerFence = 25.777 ns, UpperFence = 26.326 ns
ConfidenceInterval = [25.915 ns; 26.166 ns] (CI 99.9%), Margin = 0.125 ns (0.48% of Mean)
Skewness = -0.67, Kurtosis = 2.37, MValue = 2
-------------------- Histogram --------------------
[25.722 ns ; 26.260 ns) | @@@@@@@@@@@@@@@
---------------------------------------------------

AcceptPathBenchmarks.Info_with_three_properties: DefaultJob
Runtime = .NET 10.0.8 (10.0.826.23019), X64 RyuJIT AVX2; GC = Concurrent Server
Mean = 26.644 ns, StdErr = 0.034 ns (0.13%), N = 14, StdDev = 0.126 ns
Min = 26.495 ns, Q1 = 26.546 ns, Median = 26.620 ns, Q3 = 26.720 ns, Max = 26.925 ns
IQR = 0.174 ns, LowerFence = 26.284 ns, UpperFence = 26.981 ns
ConfidenceInterval = [26.502 ns; 26.786 ns] (CI 99.9%), Margin = 0.142 ns (0.53% of Mean)
Skewness = 0.65, Kurtosis = 2.32, MValue = 2
-------------------- Histogram --------------------
[26.427 ns ; 26.993 ns) | @@@@@@@@@@@@@@
---------------------------------------------------

// * Summary *

BenchmarkDotNet v0.14.0, Windows 11 (10.0.26200.8246)
12th Gen Intel Core i9-12900K, 1 CPU, 24 logical and 16 physical cores
.NET SDK 10.0.204
  [Host]     : .NET 10.0.8 (10.0.826.23019), X64 RyuJIT AVX2
  DefaultJob : .NET 10.0.8 (10.0.826.23019), X64 RyuJIT AVX2


| Method                     | Mean     | Error    | StdDev   | Allocated |
|--------------------------- |---------:|---------:|---------:|----------:|
| Info_no_properties         | 24.90 ns | 0.082 ns | 0.076 ns |         - |
| Info_with_one_property     | 26.04 ns | 0.125 ns | 0.117 ns |         - |
| Info_with_three_properties | 26.64 ns | 0.142 ns | 0.126 ns |         - |

// * Hints *
Outliers
  AcceptPathBenchmarks.Info_with_three_properties: Default -> 1 outlier  was  removed (28.63 ns)

// * Legends *
  Mean      : Arithmetic mean of all measurements
  Error     : Half of 99.9% confidence interval
  StdDev    : Standard deviation of all measurements
  Allocated : Allocated memory per single operation (managed only, inclusive, 1KB = 1024B)
  1 ns      : 1 Nanosecond (0.000000001 sec)

// * Diagnostic Output - MemoryDiagnoser *


// ***** BenchmarkRunner: End *****
Run time: 00:01:17 (77.35 sec), executed benchmarks: 3

Global total time: 00:01:31 (91.53 sec), executed benchmarks: 3
// * Artifacts cleanup *
Artifacts cleanup is finished
