// Validating benchmarks:
// ***** BenchmarkRunner: Start   *****
// ***** Found 3 benchmark(s) in total *****
// ***** Building 1 exe(s) in Parallel: Start   *****
// start dotnet  restore /p:UseSharedCompilation=false /p:BuildInParallel=false /m:1 /p:Deterministic=true /p:Optimize=true /p:IntermediateOutputPath="E:\dev\Herald.OSS\benchmarking\comparisons\net10\log4net\bin\Release\net10.0\99cb4bae-28d0-4b29-8bcb-c349bc88b557\obj\Release\net10.0/" /p:OutDir="E:\dev\Herald.OSS\benchmarking\comparisons\net10\log4net\bin\Release\net10.0\99cb4bae-28d0-4b29-8bcb-c349bc88b557\bin\Release\net10.0/" /p:OutputPath="E:\dev\Herald.OSS\benchmarking\comparisons\net10\log4net\bin\Release\net10.0\99cb4bae-28d0-4b29-8bcb-c349bc88b557\bin\Release\net10.0/" in E:\dev\Herald.OSS\benchmarking\comparisons\net10\log4net\bin\Release\net10.0\99cb4bae-28d0-4b29-8bcb-c349bc88b557
// command took 2.7 sec and exited with 0
// start dotnet  build -c Release --no-restore /p:UseSharedCompilation=false /p:BuildInParallel=false /m:1 /p:Deterministic=true /p:Optimize=true /p:IntermediateOutputPath="E:\dev\Herald.OSS\benchmarking\comparisons\net10\log4net\bin\Release\net10.0\99cb4bae-28d0-4b29-8bcb-c349bc88b557\obj\Release\net10.0/" /p:OutDir="E:\dev\Herald.OSS\benchmarking\comparisons\net10\log4net\bin\Release\net10.0\99cb4bae-28d0-4b29-8bcb-c349bc88b557\bin\Release\net10.0/" /p:OutputPath="E:\dev\Herald.OSS\benchmarking\comparisons\net10\log4net\bin\Release\net10.0\99cb4bae-28d0-4b29-8bcb-c349bc88b557\bin\Release\net10.0/" --output "E:\dev\Herald.OSS\benchmarking\comparisons\net10\log4net\bin\Release\net10.0\99cb4bae-28d0-4b29-8bcb-c349bc88b557\bin\Release\net10.0/" in E:\dev\Herald.OSS\benchmarking\comparisons\net10\log4net\bin\Release\net10.0\99cb4bae-28d0-4b29-8bcb-c349bc88b557
// command took 5.18 sec and exited with 0
// ***** Done, took 00:00:09 (9.63 sec)   *****
// Found 3 benchmarks:
//   AcceptCallBenchmarks.Log4Net_ZeroProps: DefaultJob
//   AcceptCallBenchmarks.Log4Net_OneProp: DefaultJob
//   AcceptCallBenchmarks.Log4Net_FourProps: DefaultJob

Setup power plan (GUID: 8c5e7fda-e8bf-4a96-9a85-a6e23a8c635c FriendlyName: High performance)
// **************************
// Benchmark: AcceptCallBenchmarks.Log4Net_ZeroProps: DefaultJob
// *** Execute ***
// Launch: 1 / 1
// Execute: dotnet 99cb4bae-28d0-4b29-8bcb-c349bc88b557.dll --anonymousPipes 21580 10608 --benchmarkName MMP.Herald.OSS.Benchmarks.Comparisons.Log4NetRow.AcceptCallBenchmarks.Log4Net_ZeroProps --job Default --benchmarkId 0 in E:\dev\Herald.OSS\benchmarking\comparisons\net10\log4net\bin\Release\net10.0\99cb4bae-28d0-4b29-8bcb-c349bc88b557\bin\Release\net10.0
// BeforeAnythingElse

// Benchmark Process Environment Information:
// BenchmarkDotNet v0.14.0
// Runtime=.NET 10.0.7 (10.0.726.21808), X64 RyuJIT AVX2
// GC=Concurrent Server
// HardwareIntrinsics=AVX2,AES,BMI1,BMI2,FMA,LZCNT,PCLMUL,POPCNT,AvxVnni,SERIALIZE VectorSize=256
// Job: DefaultJob

OverheadJitting  1: 1 op, 226400.00 ns, 226.4000 us/op
WorkloadJitting  1: 1 op, 2434600.00 ns, 2.4346 ms/op

OverheadJitting  2: 16 op, 379200.00 ns, 23.7000 us/op
WorkloadJitting  2: 16 op, 493500.00 ns, 30.8438 us/op

WorkloadPilot    1: 16 op, 29200.00 ns, 1.8250 us/op
WorkloadPilot    2: 32 op, 30000.00 ns, 937.5000 ns/op
WorkloadPilot    3: 64 op, 37100.00 ns, 579.6875 ns/op
WorkloadPilot    4: 128 op, 60200.00 ns, 470.3125 ns/op
WorkloadPilot    5: 256 op, 112400.00 ns, 439.0625 ns/op
WorkloadPilot    6: 512 op, 193000.00 ns, 376.9531 ns/op
WorkloadPilot    7: 1024 op, 402100.00 ns, 392.6758 ns/op
WorkloadPilot    8: 2048 op, 751400.00 ns, 366.8945 ns/op
WorkloadPilot    9: 4096 op, 1396600.00 ns, 340.9668 ns/op
WorkloadPilot   10: 8192 op, 3733700.00 ns, 455.7739 ns/op
WorkloadPilot   11: 16384 op, 5929000.00 ns, 361.8774 ns/op
WorkloadPilot   12: 32768 op, 28225300.00 ns, 861.3678 ns/op
WorkloadPilot   13: 65536 op, 17525900.00 ns, 267.4240 ns/op
WorkloadPilot   14: 131072 op, 32295600.00 ns, 246.3959 ns/op
WorkloadPilot   15: 262144 op, 63066900.00 ns, 240.5811 ns/op
WorkloadPilot   16: 524288 op, 116612200.00 ns, 222.4201 ns/op
WorkloadPilot   17: 1048576 op, 263225300.00 ns, 251.0312 ns/op
WorkloadPilot   18: 2097152 op, 343594800.00 ns, 163.8388 ns/op
WorkloadPilot   19: 4194304 op, 707171000.00 ns, 168.6027 ns/op

OverheadWarmup   1: 4194304 op, 8090800.00 ns, 1.9290 ns/op
OverheadWarmup   2: 4194304 op, 8098200.00 ns, 1.9308 ns/op
OverheadWarmup   3: 4194304 op, 8072300.00 ns, 1.9246 ns/op
OverheadWarmup   4: 4194304 op, 8227900.00 ns, 1.9617 ns/op
OverheadWarmup   5: 4194304 op, 8118100.00 ns, 1.9355 ns/op

OverheadActual   1: 4194304 op, 8285000.00 ns, 1.9753 ns/op
OverheadActual   2: 4194304 op, 8096500.00 ns, 1.9304 ns/op
OverheadActual   3: 4194304 op, 8650600.00 ns, 2.0625 ns/op
OverheadActual   4: 4194304 op, 8383200.00 ns, 1.9987 ns/op
OverheadActual   5: 4194304 op, 8070200.00 ns, 1.9241 ns/op
OverheadActual   6: 4194304 op, 8816500.00 ns, 2.1020 ns/op
OverheadActual   7: 4194304 op, 8107700.00 ns, 1.9330 ns/op
OverheadActual   8: 4194304 op, 8113100.00 ns, 1.9343 ns/op
OverheadActual   9: 4194304 op, 8086100.00 ns, 1.9279 ns/op
OverheadActual  10: 4194304 op, 8132900.00 ns, 1.9390 ns/op
OverheadActual  11: 4194304 op, 8036700.00 ns, 1.9161 ns/op
OverheadActual  12: 4194304 op, 8200900.00 ns, 1.9552 ns/op
OverheadActual  13: 4194304 op, 8186500.00 ns, 1.9518 ns/op
OverheadActual  14: 4194304 op, 8201900.00 ns, 1.9555 ns/op
OverheadActual  15: 4194304 op, 8110100.00 ns, 1.9336 ns/op

WorkloadWarmup   1: 4194304 op, 706452600.00 ns, 168.4314 ns/op
WorkloadWarmup   2: 4194304 op, 703653600.00 ns, 167.7641 ns/op
WorkloadWarmup   3: 4194304 op, 717778700.00 ns, 171.1318 ns/op
WorkloadWarmup   4: 4194304 op, 708933200.00 ns, 169.0228 ns/op
WorkloadWarmup   5: 4194304 op, 716180200.00 ns, 170.7507 ns/op
WorkloadWarmup   6: 4194304 op, 700176300.00 ns, 166.9350 ns/op

// BeforeActualRun
WorkloadActual   1: 4194304 op, 687265900.00 ns, 163.8570 ns/op
WorkloadActual   2: 4194304 op, 703916400.00 ns, 167.8267 ns/op
WorkloadActual   3: 4194304 op, 714044100.00 ns, 170.2414 ns/op
WorkloadActual   4: 4194304 op, 706544500.00 ns, 168.4533 ns/op
WorkloadActual   5: 4194304 op, 704261100.00 ns, 167.9089 ns/op
WorkloadActual   6: 4194304 op, 705500500.00 ns, 168.2044 ns/op
WorkloadActual   7: 4194304 op, 696392600.00 ns, 166.0329 ns/op
WorkloadActual   8: 4194304 op, 721290500.00 ns, 171.9691 ns/op
WorkloadActual   9: 4194304 op, 712940100.00 ns, 169.9782 ns/op
WorkloadActual  10: 4194304 op, 698835100.00 ns, 166.6153 ns/op
WorkloadActual  11: 4194304 op, 684907100.00 ns, 163.2946 ns/op
WorkloadActual  12: 4194304 op, 703870100.00 ns, 167.8157 ns/op
WorkloadActual  13: 4194304 op, 683511100.00 ns, 162.9617 ns/op
WorkloadActual  14: 4194304 op, 689078500.00 ns, 164.2891 ns/op
WorkloadActual  15: 4194304 op, 692256000.00 ns, 165.0467 ns/op

// AfterActualRun
WorkloadResult   1: 4194304 op, 679133000.00 ns, 161.9179 ns/op
WorkloadResult   2: 4194304 op, 695783500.00 ns, 165.8877 ns/op
WorkloadResult   3: 4194304 op, 705911200.00 ns, 168.3023 ns/op
WorkloadResult   4: 4194304 op, 698411600.00 ns, 166.5143 ns/op
WorkloadResult   5: 4194304 op, 696128200.00 ns, 165.9699 ns/op
WorkloadResult   6: 4194304 op, 697367600.00 ns, 166.2654 ns/op
WorkloadResult   7: 4194304 op, 688259700.00 ns, 164.0939 ns/op
WorkloadResult   8: 4194304 op, 713157600.00 ns, 170.0300 ns/op
WorkloadResult   9: 4194304 op, 704807200.00 ns, 168.0391 ns/op
WorkloadResult  10: 4194304 op, 690702200.00 ns, 164.6762 ns/op
WorkloadResult  11: 4194304 op, 676774200.00 ns, 161.3555 ns/op
WorkloadResult  12: 4194304 op, 695737200.00 ns, 165.8767 ns/op
WorkloadResult  13: 4194304 op, 675378200.00 ns, 161.0227 ns/op
WorkloadResult  14: 4194304 op, 680945600.00 ns, 162.3501 ns/op
WorkloadResult  15: 4194304 op, 684123100.00 ns, 163.1077 ns/op
// GC:  16 0 0 704643136 4194304
// Threading:  0 0 4194304

// AfterAll
// Benchmark Process 84064 has exited with code 0.

Mean = 165.027 ns, StdErr = 0.697 ns (0.42%), N = 15, StdDev = 2.699 ns
Min = 161.023 ns, Q1 = 162.729 ns, Median = 165.877 ns, Q3 = 166.390 ns, Max = 170.030 ns
IQR = 3.661 ns, LowerFence = 157.237 ns, UpperFence = 171.881 ns
ConfidenceInterval = [162.142 ns; 167.912 ns] (CI 99.9%), Margin = 2.885 ns (1.75% of Mean)
Skewness = 0.08, Kurtosis = 1.8, MValue = 2

// ** Remained 2 (66.7%) benchmark(s) to run. Estimated finish 2026-05-14 13:08 (0h 0m from now) **
Setup power plan (GUID: 8c5e7fda-e8bf-4a96-9a85-a6e23a8c635c FriendlyName: High performance)
// **************************
// Benchmark: AcceptCallBenchmarks.Log4Net_OneProp: DefaultJob
// *** Execute ***
// Launch: 1 / 1
// Execute: dotnet 99cb4bae-28d0-4b29-8bcb-c349bc88b557.dll --anonymousPipes 52176 45528 --benchmarkName MMP.Herald.OSS.Benchmarks.Comparisons.Log4NetRow.AcceptCallBenchmarks.Log4Net_OneProp --job Default --benchmarkId 1 in E:\dev\Herald.OSS\benchmarking\comparisons\net10\log4net\bin\Release\net10.0\99cb4bae-28d0-4b29-8bcb-c349bc88b557\bin\Release\net10.0
// BeforeAnythingElse

// Benchmark Process Environment Information:
// BenchmarkDotNet v0.14.0
// Runtime=.NET 10.0.7 (10.0.726.21808), X64 RyuJIT AVX2
// GC=Concurrent Server
// HardwareIntrinsics=AVX2,AES,BMI1,BMI2,FMA,LZCNT,PCLMUL,POPCNT,AvxVnni,SERIALIZE VectorSize=256
// Job: DefaultJob

OverheadJitting  1: 1 op, 204800.00 ns, 204.8000 us/op
WorkloadJitting  1: 1 op, 2010800.00 ns, 2.0108 ms/op

OverheadJitting  2: 16 op, 178100.00 ns, 11.1313 us/op
WorkloadJitting  2: 16 op, 176400.00 ns, 11.0250 us/op

WorkloadPilot    1: 16 op, 14900.00 ns, 931.2500 ns/op
WorkloadPilot    2: 32 op, 20900.00 ns, 653.1250 ns/op
WorkloadPilot    3: 64 op, 26100.00 ns, 407.8125 ns/op
WorkloadPilot    4: 128 op, 49400.00 ns, 385.9375 ns/op
WorkloadPilot    5: 256 op, 87800.00 ns, 342.9688 ns/op
WorkloadPilot    6: 512 op, 182500.00 ns, 356.4453 ns/op
WorkloadPilot    7: 1024 op, 290200.00 ns, 283.3984 ns/op
WorkloadPilot    8: 2048 op, 592000.00 ns, 289.0625 ns/op
WorkloadPilot    9: 4096 op, 1290500.00 ns, 315.0635 ns/op
WorkloadPilot   10: 8192 op, 2981300.00 ns, 363.9282 ns/op
WorkloadPilot   11: 16384 op, 5395200.00 ns, 329.2969 ns/op
WorkloadPilot   12: 32768 op, 29439900.00 ns, 898.4344 ns/op
WorkloadPilot   13: 65536 op, 20598200.00 ns, 314.3036 ns/op
WorkloadPilot   14: 131072 op, 39524200.00 ns, 301.5457 ns/op
WorkloadPilot   15: 262144 op, 70149800.00 ns, 267.6003 ns/op
WorkloadPilot   16: 524288 op, 150873300.00 ns, 287.7680 ns/op
WorkloadPilot   17: 1048576 op, 281638800.00 ns, 268.5917 ns/op
WorkloadPilot   18: 2097152 op, 383051300.00 ns, 182.6531 ns/op
WorkloadPilot   19: 4194304 op, 759800800.00 ns, 181.1506 ns/op

OverheadWarmup   1: 4194304 op, 8231800.00 ns, 1.9626 ns/op
OverheadWarmup   2: 4194304 op, 8107600.00 ns, 1.9330 ns/op
OverheadWarmup   3: 4194304 op, 8229900.00 ns, 1.9622 ns/op
OverheadWarmup   4: 4194304 op, 8256600.00 ns, 1.9685 ns/op
OverheadWarmup   5: 4194304 op, 8138700.00 ns, 1.9404 ns/op
OverheadWarmup   6: 4194304 op, 8109800.00 ns, 1.9335 ns/op
OverheadWarmup   7: 4194304 op, 8094600.00 ns, 1.9299 ns/op
OverheadWarmup   8: 4194304 op, 8203500.00 ns, 1.9559 ns/op
OverheadWarmup   9: 4194304 op, 8143200.00 ns, 1.9415 ns/op

OverheadActual   1: 4194304 op, 8181100.00 ns, 1.9505 ns/op
OverheadActual   2: 4194304 op, 8166900.00 ns, 1.9471 ns/op
OverheadActual   3: 4194304 op, 8095900.00 ns, 1.9302 ns/op
OverheadActual   4: 4194304 op, 8356500.00 ns, 1.9923 ns/op
OverheadActual   5: 4194304 op, 8243400.00 ns, 1.9654 ns/op
OverheadActual   6: 4194304 op, 8177700.00 ns, 1.9497 ns/op
OverheadActual   7: 4194304 op, 8966000.00 ns, 2.1377 ns/op
OverheadActual   8: 4194304 op, 8097700.00 ns, 1.9306 ns/op
OverheadActual   9: 4194304 op, 9328800.00 ns, 2.2242 ns/op
OverheadActual  10: 4194304 op, 8236600.00 ns, 1.9638 ns/op
OverheadActual  11: 4194304 op, 8104500.00 ns, 1.9323 ns/op
OverheadActual  12: 4194304 op, 8088700.00 ns, 1.9285 ns/op
OverheadActual  13: 4194304 op, 8134400.00 ns, 1.9394 ns/op
OverheadActual  14: 4194304 op, 8085000.00 ns, 1.9276 ns/op
OverheadActual  15: 4194304 op, 7639800.00 ns, 1.8215 ns/op

WorkloadWarmup   1: 4194304 op, 794043100.00 ns, 189.3146 ns/op
WorkloadWarmup   2: 4194304 op, 787748600.00 ns, 187.8139 ns/op
WorkloadWarmup   3: 4194304 op, 780700100.00 ns, 186.1334 ns/op
WorkloadWarmup   4: 4194304 op, 775334500.00 ns, 184.8541 ns/op
WorkloadWarmup   5: 4194304 op, 757769200.00 ns, 180.6663 ns/op
WorkloadWarmup   6: 4194304 op, 767979300.00 ns, 183.1005 ns/op
WorkloadWarmup   7: 4194304 op, 754870600.00 ns, 179.9752 ns/op
WorkloadWarmup   8: 4194304 op, 755249900.00 ns, 180.0656 ns/op
WorkloadWarmup   9: 4194304 op, 752570700.00 ns, 179.4268 ns/op

// BeforeActualRun
WorkloadActual   1: 4194304 op, 767348800.00 ns, 182.9502 ns/op
WorkloadActual   2: 4194304 op, 757521600.00 ns, 180.6072 ns/op
WorkloadActual   3: 4194304 op, 758574600.00 ns, 180.8583 ns/op
WorkloadActual   4: 4194304 op, 766018200.00 ns, 182.6330 ns/op
WorkloadActual   5: 4194304 op, 759795600.00 ns, 181.1494 ns/op
WorkloadActual   6: 4194304 op, 775633300.00 ns, 184.9254 ns/op
WorkloadActual   7: 4194304 op, 785867700.00 ns, 187.3655 ns/op
WorkloadActual   8: 4194304 op, 773578800.00 ns, 184.4356 ns/op
WorkloadActual   9: 4194304 op, 762191100.00 ns, 181.7205 ns/op
WorkloadActual  10: 4194304 op, 760122200.00 ns, 181.2273 ns/op
WorkloadActual  11: 4194304 op, 758282200.00 ns, 180.7886 ns/op
WorkloadActual  12: 4194304 op, 752333700.00 ns, 179.3703 ns/op
WorkloadActual  13: 4194304 op, 758733300.00 ns, 180.8961 ns/op
WorkloadActual  14: 4194304 op, 758672300.00 ns, 180.8816 ns/op
WorkloadActual  15: 4194304 op, 757710700.00 ns, 180.6523 ns/op

// AfterActualRun
WorkloadResult   1: 4194304 op, 759181900.00 ns, 181.0031 ns/op
WorkloadResult   2: 4194304 op, 749354700.00 ns, 178.6601 ns/op
WorkloadResult   3: 4194304 op, 750407700.00 ns, 178.9111 ns/op
WorkloadResult   4: 4194304 op, 757851300.00 ns, 180.6858 ns/op
WorkloadResult   5: 4194304 op, 751628700.00 ns, 179.2022 ns/op
WorkloadResult   6: 4194304 op, 767466400.00 ns, 182.9782 ns/op
WorkloadResult   7: 4194304 op, 765411900.00 ns, 182.4884 ns/op
WorkloadResult   8: 4194304 op, 754024200.00 ns, 179.7734 ns/op
WorkloadResult   9: 4194304 op, 751955300.00 ns, 179.2801 ns/op
WorkloadResult  10: 4194304 op, 750115300.00 ns, 178.8414 ns/op
WorkloadResult  11: 4194304 op, 744166800.00 ns, 177.4232 ns/op
WorkloadResult  12: 4194304 op, 750566400.00 ns, 178.9490 ns/op
WorkloadResult  13: 4194304 op, 750505400.00 ns, 178.9344 ns/op
WorkloadResult  14: 4194304 op, 749543800.00 ns, 178.7052 ns/op
// GC:  19 0 0 1107296320 4194304
// Threading:  0 0 4194304

// AfterAll
// Benchmark Process 83696 has exited with code 0.

Mean = 179.703 ns, StdErr = 0.415 ns (0.23%), N = 14, StdDev = 1.554 ns
Min = 177.423 ns, Q1 = 178.859 ns, Median = 179.076 ns, Q3 = 180.458 ns, Max = 182.978 ns
IQR = 1.599 ns, LowerFence = 176.461 ns, UpperFence = 182.856 ns
ConfidenceInterval = [177.950 ns; 181.455 ns] (CI 99.9%), Margin = 1.753 ns (0.98% of Mean)
Skewness = 0.83, Kurtosis = 2.57, MValue = 2

// ** Remained 1 (33.3%) benchmark(s) to run. Estimated finish 2026-05-14 13:08 (0h 0m from now) **
Setup power plan (GUID: 8c5e7fda-e8bf-4a96-9a85-a6e23a8c635c FriendlyName: High performance)
// **************************
// Benchmark: AcceptCallBenchmarks.Log4Net_FourProps: DefaultJob
// *** Execute ***
// Launch: 1 / 1
// Execute: dotnet 99cb4bae-28d0-4b29-8bcb-c349bc88b557.dll --anonymousPipes 1540 12036 --benchmarkName MMP.Herald.OSS.Benchmarks.Comparisons.Log4NetRow.AcceptCallBenchmarks.Log4Net_FourProps --job Default --benchmarkId 2 in E:\dev\Herald.OSS\benchmarking\comparisons\net10\log4net\bin\Release\net10.0\99cb4bae-28d0-4b29-8bcb-c349bc88b557\bin\Release\net10.0
// BeforeAnythingElse

// Benchmark Process Environment Information:
// BenchmarkDotNet v0.14.0
// Runtime=.NET 10.0.7 (10.0.726.21808), X64 RyuJIT AVX2
// GC=Concurrent Server
// HardwareIntrinsics=AVX2,AES,BMI1,BMI2,FMA,LZCNT,PCLMUL,POPCNT,AvxVnni,SERIALIZE VectorSize=256
// Job: DefaultJob

OverheadJitting  1: 1 op, 205100.00 ns, 205.1000 us/op
WorkloadJitting  1: 1 op, 2176700.00 ns, 2.1767 ms/op

OverheadJitting  2: 16 op, 156200.00 ns, 9.7625 us/op
WorkloadJitting  2: 16 op, 164900.00 ns, 10.3063 us/op

WorkloadPilot    1: 16 op, 23700.00 ns, 1.4813 us/op
WorkloadPilot    2: 32 op, 23700.00 ns, 740.6250 ns/op
WorkloadPilot    3: 64 op, 28500.00 ns, 445.3125 ns/op
WorkloadPilot    4: 128 op, 54900.00 ns, 428.9063 ns/op
WorkloadPilot    5: 256 op, 100600.00 ns, 392.9688 ns/op
WorkloadPilot    6: 512 op, 198700.00 ns, 388.0859 ns/op
WorkloadPilot    7: 1024 op, 336200.00 ns, 328.3203 ns/op
WorkloadPilot    8: 2048 op, 703600.00 ns, 343.5547 ns/op
WorkloadPilot    9: 4096 op, 1378800.00 ns, 336.6211 ns/op
WorkloadPilot   10: 8192 op, 3124900.00 ns, 381.4575 ns/op
WorkloadPilot   11: 16384 op, 6242400.00 ns, 381.0059 ns/op
WorkloadPilot   12: 32768 op, 12449400.00 ns, 379.9255 ns/op
WorkloadPilot   13: 65536 op, 19773900.00 ns, 301.7258 ns/op
WorkloadPilot   14: 131072 op, 36230400.00 ns, 276.4160 ns/op
WorkloadPilot   15: 262144 op, 73357500.00 ns, 279.8367 ns/op
WorkloadPilot   16: 524288 op, 177427200.00 ns, 338.4155 ns/op
WorkloadPilot   17: 1048576 op, 203454600.00 ns, 194.0294 ns/op
WorkloadPilot   18: 2097152 op, 398658800.00 ns, 190.0953 ns/op
WorkloadPilot   19: 4194304 op, 811129800.00 ns, 193.3884 ns/op

OverheadWarmup   1: 4194304 op, 8194700.00 ns, 1.9538 ns/op
OverheadWarmup   2: 4194304 op, 8272100.00 ns, 1.9722 ns/op
OverheadWarmup   3: 4194304 op, 8038900.00 ns, 1.9166 ns/op
OverheadWarmup   4: 4194304 op, 8055500.00 ns, 1.9206 ns/op
OverheadWarmup   5: 4194304 op, 8036300.00 ns, 1.9160 ns/op

OverheadActual   1: 4194304 op, 8017400.00 ns, 1.9115 ns/op
OverheadActual   2: 4194304 op, 8047600.00 ns, 1.9187 ns/op
OverheadActual   3: 4194304 op, 8116800.00 ns, 1.9352 ns/op
OverheadActual   4: 4194304 op, 8052200.00 ns, 1.9198 ns/op
OverheadActual   5: 4194304 op, 8034500.00 ns, 1.9156 ns/op
OverheadActual   6: 4194304 op, 8090900.00 ns, 1.9290 ns/op
OverheadActual   7: 4194304 op, 8039600.00 ns, 1.9168 ns/op
OverheadActual   8: 4194304 op, 8045900.00 ns, 1.9183 ns/op
OverheadActual   9: 4194304 op, 8022400.00 ns, 1.9127 ns/op
OverheadActual  10: 4194304 op, 8532300.00 ns, 2.0343 ns/op
OverheadActual  11: 4194304 op, 8761700.00 ns, 2.0890 ns/op
OverheadActual  12: 4194304 op, 8423900.00 ns, 2.0084 ns/op
OverheadActual  13: 4194304 op, 8164800.00 ns, 1.9466 ns/op
OverheadActual  14: 4194304 op, 8138900.00 ns, 1.9405 ns/op
OverheadActual  15: 4194304 op, 8058600.00 ns, 1.9213 ns/op

WorkloadWarmup   1: 4194304 op, 840098000.00 ns, 200.2950 ns/op
WorkloadWarmup   2: 4194304 op, 804628200.00 ns, 191.8383 ns/op
WorkloadWarmup   3: 4194304 op, 800254200.00 ns, 190.7955 ns/op
WorkloadWarmup   4: 4194304 op, 835599400.00 ns, 199.2224 ns/op
WorkloadWarmup   5: 4194304 op, 799776800.00 ns, 190.6816 ns/op
WorkloadWarmup   6: 4194304 op, 813052300.00 ns, 193.8468 ns/op
WorkloadWarmup   7: 4194304 op, 795389600.00 ns, 189.6357 ns/op

// BeforeActualRun
WorkloadActual   1: 4194304 op, 813865000.00 ns, 194.0405 ns/op
WorkloadActual   2: 4194304 op, 820721500.00 ns, 195.6753 ns/op
WorkloadActual   3: 4194304 op, 813513500.00 ns, 193.9567 ns/op
WorkloadActual   4: 4194304 op, 813843700.00 ns, 194.0355 ns/op
WorkloadActual   5: 4194304 op, 814303700.00 ns, 194.1451 ns/op
WorkloadActual   6: 4194304 op, 819314700.00 ns, 195.3398 ns/op
WorkloadActual   7: 4194304 op, 827996100.00 ns, 197.4097 ns/op
WorkloadActual   8: 4194304 op, 818647400.00 ns, 195.1807 ns/op
WorkloadActual   9: 4194304 op, 813393900.00 ns, 193.9282 ns/op
WorkloadActual  10: 4194304 op, 796694600.00 ns, 189.9468 ns/op
WorkloadActual  11: 4194304 op, 811419600.00 ns, 193.4575 ns/op
WorkloadActual  12: 4194304 op, 789560700.00 ns, 188.2459 ns/op
WorkloadActual  13: 4194304 op, 817314400.00 ns, 194.8629 ns/op
WorkloadActual  14: 4194304 op, 803629200.00 ns, 191.6001 ns/op
WorkloadActual  15: 4194304 op, 791570200.00 ns, 188.7250 ns/op

// AfterActualRun
WorkloadResult   1: 4194304 op, 805806400.00 ns, 192.1192 ns/op
WorkloadResult   2: 4194304 op, 812662900.00 ns, 193.7539 ns/op
WorkloadResult   3: 4194304 op, 805454900.00 ns, 192.0354 ns/op
WorkloadResult   4: 4194304 op, 805785100.00 ns, 192.1141 ns/op
WorkloadResult   5: 4194304 op, 806245100.00 ns, 192.2238 ns/op
WorkloadResult   6: 4194304 op, 811256100.00 ns, 193.4185 ns/op
WorkloadResult   7: 4194304 op, 819937500.00 ns, 195.4883 ns/op
WorkloadResult   8: 4194304 op, 810588800.00 ns, 193.2594 ns/op
WorkloadResult   9: 4194304 op, 805335300.00 ns, 192.0069 ns/op
WorkloadResult  10: 4194304 op, 788636000.00 ns, 188.0255 ns/op
WorkloadResult  11: 4194304 op, 803361000.00 ns, 191.5362 ns/op
WorkloadResult  12: 4194304 op, 781502100.00 ns, 186.3246 ns/op
WorkloadResult  13: 4194304 op, 809255800.00 ns, 192.9416 ns/op
WorkloadResult  14: 4194304 op, 795570600.00 ns, 189.6788 ns/op
WorkloadResult  15: 4194304 op, 783511600.00 ns, 186.8037 ns/op
// GC:  24 0 0 1409286208 4194304
// Threading:  0 0 4194304

// AfterAll
// Benchmark Process 77776 has exited with code 0.

Mean = 191.449 ns, StdErr = 0.676 ns (0.35%), N = 15, StdDev = 2.617 ns
Min = 186.325 ns, Q1 = 190.608 ns, Median = 192.114 ns, Q3 = 193.101 ns, Max = 195.488 ns
IQR = 2.493 ns, LowerFence = 186.868 ns, UpperFence = 196.840 ns
ConfidenceInterval = [188.651 ns; 194.246 ns] (CI 99.9%), Margin = 2.797 ns (1.46% of Mean)
Skewness = -0.68, Kurtosis = 2.32, MValue = 2

// ** Remained 0 (0.0%) benchmark(s) to run. Estimated finish 2026-05-14 13:08 (0h 0m from now) **
Successfully reverted power plan (GUID: 8c5e7fda-e8bf-4a96-9a85-a6e23a8c635c FriendlyName: High performance)
// ***** BenchmarkRunner: Finish  *****

// * Export *
  benchmarking\comparisons\net10\log4net\results\results\MMP.Herald.OSS.Benchmarks.Comparisons.Log4NetRow.AcceptCallBenchmarks-report.csv
  benchmarking\comparisons\net10\log4net\results\results\MMP.Herald.OSS.Benchmarks.Comparisons.Log4NetRow.AcceptCallBenchmarks-report-github.md
  benchmarking\comparisons\net10\log4net\results\results\MMP.Herald.OSS.Benchmarks.Comparisons.Log4NetRow.AcceptCallBenchmarks-report.html

// * Detailed results *
AcceptCallBenchmarks.Log4Net_ZeroProps: DefaultJob
Runtime = .NET 10.0.7 (10.0.726.21808), X64 RyuJIT AVX2; GC = Concurrent Server
Mean = 165.027 ns, StdErr = 0.697 ns (0.42%), N = 15, StdDev = 2.699 ns
Min = 161.023 ns, Q1 = 162.729 ns, Median = 165.877 ns, Q3 = 166.390 ns, Max = 170.030 ns
IQR = 3.661 ns, LowerFence = 157.237 ns, UpperFence = 171.881 ns
ConfidenceInterval = [162.142 ns; 167.912 ns] (CI 99.9%), Margin = 2.885 ns (1.75% of Mean)
Skewness = 0.08, Kurtosis = 1.8, MValue = 2
-------------------- Histogram --------------------
[160.445 ns ; 166.957 ns) | @@@@@@@@@@@@
[166.957 ns ; 170.725 ns) | @@@
---------------------------------------------------

AcceptCallBenchmarks.Log4Net_OneProp: DefaultJob
Runtime = .NET 10.0.7 (10.0.726.21808), X64 RyuJIT AVX2; GC = Concurrent Server
Mean = 179.703 ns, StdErr = 0.415 ns (0.23%), N = 14, StdDev = 1.554 ns
Min = 177.423 ns, Q1 = 178.859 ns, Median = 179.076 ns, Q3 = 180.458 ns, Max = 182.978 ns
IQR = 1.599 ns, LowerFence = 176.461 ns, UpperFence = 182.856 ns
ConfidenceInterval = [177.950 ns; 181.455 ns] (CI 99.9%), Margin = 1.753 ns (0.98% of Mean)
Skewness = 0.83, Kurtosis = 2.57, MValue = 2
-------------------- Histogram --------------------
[176.577 ns ; 183.825 ns) | @@@@@@@@@@@@@@
---------------------------------------------------

AcceptCallBenchmarks.Log4Net_FourProps: DefaultJob
Runtime = .NET 10.0.7 (10.0.726.21808), X64 RyuJIT AVX2; GC = Concurrent Server
Mean = 191.449 ns, StdErr = 0.676 ns (0.35%), N = 15, StdDev = 2.617 ns
Min = 186.325 ns, Q1 = 190.608 ns, Median = 192.114 ns, Q3 = 193.101 ns, Max = 195.488 ns
IQR = 2.493 ns, LowerFence = 186.868 ns, UpperFence = 196.840 ns
ConfidenceInterval = [188.651 ns; 194.246 ns] (CI 99.9%), Margin = 2.797 ns (1.46% of Mean)
Skewness = -0.68, Kurtosis = 2.32, MValue = 2
-------------------- Histogram --------------------
[185.303 ns ; 190.719 ns) | @@@@
[190.719 ns ; 196.881 ns) | @@@@@@@@@@@
---------------------------------------------------

// * Summary *

BenchmarkDotNet v0.14.0, Windows 11 (10.0.26200.8246)
12th Gen Intel Core i9-12900K, 1 CPU, 24 logical and 16 physical cores
.NET SDK 10.0.203
  [Host]     : .NET 10.0.7 (10.0.726.21808), X64 RyuJIT AVX2
  DefaultJob : .NET 10.0.7 (10.0.726.21808), X64 RyuJIT AVX2


| Method            | Mean     | Error   | StdDev  | Gen0   | Allocated |
|------------------ |---------:|--------:|--------:|-------:|----------:|
| Log4Net_ZeroProps | 165.0 ns | 2.88 ns | 2.70 ns | 0.0038 |     168 B |
| Log4Net_OneProp   | 179.7 ns | 1.75 ns | 1.55 ns | 0.0045 |     264 B |
| Log4Net_FourProps | 191.4 ns | 2.80 ns | 2.62 ns | 0.0057 |     336 B |

// * Hints *
Outliers
  AcceptCallBenchmarks.Log4Net_OneProp: Default   -> 1 outlier  was  removed (187.37 ns)
  AcceptCallBenchmarks.Log4Net_FourProps: Default -> 2 outliers were detected (188.25 ns, 188.73 ns)

// * Legends *
  Mean      : Arithmetic mean of all measurements
  Error     : Half of 99.9% confidence interval
  StdDev    : Standard deviation of all measurements
  Gen0      : GC Generation 0 collects per 1000 operations
  Allocated : Allocated memory per single operation (managed only, inclusive, 1KB = 1024B)
  1 ns      : 1 Nanosecond (0.000000001 sec)

// * Diagnostic Output - MemoryDiagnoser *


// ***** BenchmarkRunner: End *****
Run time: 00:01:00 (60.87 sec), executed benchmarks: 3

Global total time: 00:01:10 (70.74 sec), executed benchmarks: 3
// * Artifacts cleanup *
Artifacts cleanup is finished
