// Validating benchmarks:
// ***** BenchmarkRunner: Start   *****
// ***** Found 3 benchmark(s) in total *****
// ***** Building 1 exe(s) in Parallel: Start   *****
// ***** Done, took 00:00:18 (18.65 sec)   *****
// Found 3 benchmarks:
//   AcceptCallBenchmarks.NLog_EightProps: Job-IRRCJL(MaxIterationCount=20, MaxWarmupIterationCount=8)
//   AcceptCallBenchmarks.NLog_TwelveProps: Job-IRRCJL(MaxIterationCount=20, MaxWarmupIterationCount=8)
//   AcceptCallBenchmarks.NLog_SixteenProps: Job-IRRCJL(MaxIterationCount=20, MaxWarmupIterationCount=8)

Setup power plan (GUID: 8c5e7fda-e8bf-4a96-9a85-a6e23a8c635c FriendlyName: High performance)
// Generate Exception: System.NotSupportedException: Found more than one matching project file for HeraldOSS.Bench.NLog in E:\dev and its subfolders: 'E:\dev\Herald.OSS\benchmarking\comparisons\net10\nlog\HeraldOSS.Bench.NLog.csproj','E:\dev\Herald.OSS-laneA\benchmarking\comparisons\net10\nlog\HeraldOSS.Bench.NLog.csproj'. Benchmark project names needs to be unique.
   at BenchmarkDotNet.Toolchains.CsProj.CsProjGenerator.GetProjectFilePath(Type benchmarkTarget, ILogger logger)
   at BenchmarkDotNet.Toolchains.CsProj.CsProjGenerator.GenerateProject(BuildPartition buildPartition, ArtifactsPaths artifactsPaths, ILogger logger)
   at BenchmarkDotNet.Toolchains.GeneratorBase.GenerateProject(BuildPartition buildPartition, ILogger logger, String rootArtifactsFolderPath)

// BenchmarkDotNet has failed to build the auto-generated boilerplate code.
// It can be found in E:\dev\Herald.OSS\benchmarking\comparisons\net10\nlog\bin\Release\net10.0\4a635352-ce48-4051-ac1e-8a1a35ddde39
// Please follow the troubleshooting guide: https://benchmarkdotnet.org/articles/guides/troubleshooting.html

// ** Remained 0 (0.0%) benchmark(s) to run. Estimated finish 2026-06-02 19:41 (0h 0m from now) **
Successfully reverted power plan (GUID: 8c5e7fda-e8bf-4a96-9a85-a6e23a8c635c FriendlyName: High performance)
// ***** BenchmarkRunner: Finish  *****

// * Export *
  docs\benchmarks\runs\run-2026-06-03T00-38Z\net10-nlog\results\MMP.Herald.OSS.Benchmarks.Comparisons.NLogRow.AcceptCallBenchmarks-report.csv
  docs\benchmarks\runs\run-2026-06-03T00-38Z\net10-nlog\results\MMP.Herald.OSS.Benchmarks.Comparisons.NLogRow.AcceptCallBenchmarks-report-github.md
  docs\benchmarks\runs\run-2026-06-03T00-38Z\net10-nlog\results\MMP.Herald.OSS.Benchmarks.Comparisons.NLogRow.AcceptCallBenchmarks-report.html

// * Detailed results *
AcceptCallBenchmarks.NLog_EightProps: Job-IRRCJL(MaxIterationCount=20, MaxWarmupIterationCount=8)
Runtime = ; GC = 
There are not any results runs

// * Summary *

BenchmarkDotNet v0.14.0, Windows 11 (10.0.26200.8457)
12th Gen Intel Core i9-12900K, 1 CPU, 24 logical and 16 physical cores
.NET SDK 10.0.204
  [Host] : .NET 10.0.8 (10.0.826.23019), X64 RyuJIT AVX2

MaxIterationCount=20  MaxWarmupIterationCount=8  

| Method          | Mean | Error |
|---------------- |-----:|------:|
| NLog_EightProps |   NA |    NA |

Benchmarks with issues:
  AcceptCallBenchmarks.NLog_EightProps: Job-IRRCJL(MaxIterationCount=20, MaxWarmupIterationCount=8)

// * Legends *
  Mean  : Arithmetic mean of all measurements
  Error : Half of 99.9% confidence interval
  1 ns  : 1 Nanosecond (0.000000001 sec)

// * Diagnostic Output - MemoryDiagnoser *


// ***** BenchmarkRunner: End *****
Run time: 00:00:08 (8.96 sec), executed benchmarks: 0

Global total time: 00:00:39 (39.54 sec), executed benchmarks: 0
// * Artifacts cleanup *
Artifacts cleanup is finished
