// Validating benchmarks:
// ***** BenchmarkRunner: Start   *****
// ***** Found 7 benchmark(s) in total *****
// ***** Building 1 exe(s) in Parallel: Start   *****
// start dotnet  restore /p:UseSharedCompilation=false /p:BuildInParallel=false /m:1 /p:Deterministic=true /p:Optimize=true /p:IntermediateOutputPath="E:\dev\Herald.OSS\benchmarking\comparisons\net10\nlog\bin\Release\net10.0\0fece5b0-e932-4ada-80c4-dd1a7df4698d\obj\Release\net10.0/" /p:OutDir="E:\dev\Herald.OSS\benchmarking\comparisons\net10\nlog\bin\Release\net10.0\0fece5b0-e932-4ada-80c4-dd1a7df4698d\bin\Release\net10.0/" /p:OutputPath="E:\dev\Herald.OSS\benchmarking\comparisons\net10\nlog\bin\Release\net10.0\0fece5b0-e932-4ada-80c4-dd1a7df4698d\bin\Release\net10.0/" in E:\dev\Herald.OSS\benchmarking\comparisons\net10\nlog\bin\Release\net10.0\0fece5b0-e932-4ada-80c4-dd1a7df4698d
// command took 3.84 sec and exited with 0
// start dotnet  build -c Release --no-restore /p:UseSharedCompilation=false /p:BuildInParallel=false /m:1 /p:Deterministic=true /p:Optimize=true /p:IntermediateOutputPath="E:\dev\Herald.OSS\benchmarking\comparisons\net10\nlog\bin\Release\net10.0\0fece5b0-e932-4ada-80c4-dd1a7df4698d\obj\Release\net10.0/" /p:OutDir="E:\dev\Herald.OSS\benchmarking\comparisons\net10\nlog\bin\Release\net10.0\0fece5b0-e932-4ada-80c4-dd1a7df4698d\bin\Release\net10.0/" /p:OutputPath="E:\dev\Herald.OSS\benchmarking\comparisons\net10\nlog\bin\Release\net10.0\0fece5b0-e932-4ada-80c4-dd1a7df4698d\bin\Release\net10.0/" --output "E:\dev\Herald.OSS\benchmarking\comparisons\net10\nlog\bin\Release\net10.0\0fece5b0-e932-4ada-80c4-dd1a7df4698d\bin\Release\net10.0/" in E:\dev\Herald.OSS\benchmarking\comparisons\net10\nlog\bin\Release\net10.0\0fece5b0-e932-4ada-80c4-dd1a7df4698d
// command took 13.15 sec and exited with 0
// ***** Done, took 00:00:26 (26.97 sec)   *****
// Found 7 benchmarks:
//   AcceptCallBenchmarks.NLog_ZeroProps: Job-FVBYXC(MaxIterationCount=16, MaxWarmupIterationCount=8)
//   AcceptCallBenchmarks.NLog_OneProp: Job-FVBYXC(MaxIterationCount=16, MaxWarmupIterationCount=8)
//   AcceptCallBenchmarks.NLog_TwoProps: Job-FVBYXC(MaxIterationCount=16, MaxWarmupIterationCount=8)
//   AcceptCallBenchmarks.NLog_FourProps: Job-FVBYXC(MaxIterationCount=16, MaxWarmupIterationCount=8)
//   AcceptCallBenchmarks.NLog_EightProps: Job-FVBYXC(MaxIterationCount=16, MaxWarmupIterationCount=8)
//   AcceptCallBenchmarks.NLog_TwelveProps: Job-FVBYXC(MaxIterationCount=16, MaxWarmupIterationCount=8)
//   AcceptCallBenchmarks.NLog_SixteenProps: Job-FVBYXC(MaxIterationCount=16, MaxWarmupIterationCount=8)

Setup power plan (GUID: 8c5e7fda-e8bf-4a96-9a85-a6e23a8c635c FriendlyName: High performance)
// **************************
// Benchmark: AcceptCallBenchmarks.NLog_ZeroProps: Job-FVBYXC(MaxIterationCount=16, MaxWarmupIterationCount=8)
// *** Execute ***
// Launch: 1 / 1
// Execute: dotnet 0fece5b0-e932-4ada-80c4-dd1a7df4698d.dll --anonymousPipes 42976 10004 --benchmarkName MMP.Herald.OSS.Benchmarks.Comparisons.NLogRow.AcceptCallBenchmarks.NLog_ZeroProps --job "MaxIterationCount=16, MaxWarmupIterationCount=8" --benchmarkId 0 in E:\dev\Herald.OSS\benchmarking\comparisons\net10\nlog\bin\Release\net10.0\0fece5b0-e932-4ada-80c4-dd1a7df4698d\bin\Release\net10.0
// BeforeAnythingElse

// Benchmark Process Environment Information:
// BenchmarkDotNet v0.14.0
// Runtime=.NET 10.0.8 (10.0.826.23019), X64 RyuJIT AVX2
// GC=Concurrent Server
// HardwareIntrinsics=AVX2,AES,BMI1,BMI2,FMA,LZCNT,PCLMUL,POPCNT,AvxVnni,SERIALIZE VectorSize=256
// Job: Job-EJRYMW(MaxIterationCount=16, MaxWarmupIterationCount=8)

OverheadJitting  1: 1 op, 324100.00 ns, 324.1000 us/op
WorkloadJitting  1: 1 op, 10364400.00 ns, 10.3644 ms/op

OverheadJitting  2: 16 op, 231000.00 ns, 14.4375 us/op
WorkloadJitting  2: 16 op, 343300.00 ns, 21.4563 us/op

WorkloadPilot    1: 16 op, 31900.00 ns, 1.9938 us/op
WorkloadPilot    2: 32 op, 22900.00 ns, 715.6250 ns/op
WorkloadPilot    3: 64 op, 28700.00 ns, 448.4375 ns/op
WorkloadPilot    4: 128 op, 50000.00 ns, 390.6250 ns/op
WorkloadPilot    5: 256 op, 90800.00 ns, 354.6875 ns/op
WorkloadPilot    6: 512 op, 131500.00 ns, 256.8359 ns/op
WorkloadPilot    7: 1024 op, 218800.00 ns, 213.6719 ns/op
WorkloadPilot    8: 2048 op, 430300.00 ns, 210.1074 ns/op
WorkloadPilot    9: 4096 op, 782600.00 ns, 191.0645 ns/op
WorkloadPilot   10: 8192 op, 1835900.00 ns, 224.1089 ns/op
WorkloadPilot   11: 16384 op, 3542000.00 ns, 216.1865 ns/op
WorkloadPilot   12: 32768 op, 6921800.00 ns, 211.2366 ns/op
WorkloadPilot   13: 65536 op, 12792100.00 ns, 195.1920 ns/op
WorkloadPilot   14: 131072 op, 26432200.00 ns, 201.6617 ns/op
WorkloadPilot   15: 262144 op, 43181700.00 ns, 164.7251 ns/op
WorkloadPilot   16: 524288 op, 56226800.00 ns, 107.2441 ns/op
WorkloadPilot   17: 1048576 op, 51136500.00 ns, 48.7676 ns/op
WorkloadPilot   18: 2097152 op, 276622900.00 ns, 131.9041 ns/op
WorkloadPilot   19: 4194304 op, 196306700.00 ns, 46.8032 ns/op
WorkloadPilot   20: 8388608 op, 417231600.00 ns, 49.7379 ns/op
WorkloadPilot   21: 16777216 op, 849077900.00 ns, 50.6090 ns/op

OverheadWarmup   1: 16777216 op, 41254700.00 ns, 2.4590 ns/op
OverheadWarmup   2: 16777216 op, 40554900.00 ns, 2.4173 ns/op
OverheadWarmup   3: 16777216 op, 40407300.00 ns, 2.4085 ns/op
OverheadWarmup   4: 16777216 op, 39730400.00 ns, 2.3681 ns/op
OverheadWarmup   5: 16777216 op, 39599100.00 ns, 2.3603 ns/op
OverheadWarmup   6: 16777216 op, 40108800.00 ns, 2.3907 ns/op
OverheadWarmup   7: 16777216 op, 39499600.00 ns, 2.3544 ns/op
OverheadWarmup   8: 16777216 op, 27914500.00 ns, 1.6638 ns/op
OverheadWarmup   9: 16777216 op, 27770500.00 ns, 1.6553 ns/op
OverheadWarmup  10: 16777216 op, 27912600.00 ns, 1.6637 ns/op

OverheadActual   1: 16777216 op, 27840500.00 ns, 1.6594 ns/op
OverheadActual   2: 16777216 op, 27768500.00 ns, 1.6551 ns/op
OverheadActual   3: 16777216 op, 27707500.00 ns, 1.6515 ns/op
OverheadActual   4: 16777216 op, 27895700.00 ns, 1.6627 ns/op
OverheadActual   5: 16777216 op, 27933700.00 ns, 1.6650 ns/op
OverheadActual   6: 16777216 op, 28133200.00 ns, 1.6769 ns/op
OverheadActual   7: 16777216 op, 27947000.00 ns, 1.6658 ns/op
OverheadActual   8: 16777216 op, 27369700.00 ns, 1.6314 ns/op
OverheadActual   9: 16777216 op, 27879300.00 ns, 1.6617 ns/op
OverheadActual  10: 16777216 op, 28354000.00 ns, 1.6900 ns/op
OverheadActual  11: 16777216 op, 27443700.00 ns, 1.6358 ns/op
OverheadActual  12: 16777216 op, 27439600.00 ns, 1.6355 ns/op
OverheadActual  13: 16777216 op, 27614000.00 ns, 1.6459 ns/op
OverheadActual  14: 16777216 op, 27815800.00 ns, 1.6580 ns/op
OverheadActual  15: 16777216 op, 27688800.00 ns, 1.6504 ns/op

WorkloadWarmup   1: 16777216 op, 762934100.00 ns, 45.4744 ns/op
WorkloadWarmup   2: 16777216 op, 806367000.00 ns, 48.0632 ns/op
WorkloadWarmup   3: 16777216 op, 779257600.00 ns, 46.4474 ns/op
WorkloadWarmup   4: 16777216 op, 792325400.00 ns, 47.2263 ns/op
WorkloadWarmup   5: 16777216 op, 744715100.00 ns, 44.3885 ns/op
WorkloadWarmup   6: 16777216 op, 768335100.00 ns, 45.7963 ns/op

// BeforeActualRun
WorkloadActual   1: 16777216 op, 763806500.00 ns, 45.5264 ns/op
WorkloadActual   2: 16777216 op, 776892600.00 ns, 46.3064 ns/op
WorkloadActual   3: 16777216 op, 787124200.00 ns, 46.9163 ns/op
WorkloadActual   4: 16777216 op, 723210100.00 ns, 43.1067 ns/op
WorkloadActual   5: 16777216 op, 764305600.00 ns, 45.5562 ns/op
WorkloadActual   6: 16777216 op, 778288900.00 ns, 46.3896 ns/op
WorkloadActual   7: 16777216 op, 803661600.00 ns, 47.9020 ns/op
WorkloadActual   8: 16777216 op, 757209500.00 ns, 45.1332 ns/op
WorkloadActual   9: 16777216 op, 791816900.00 ns, 47.1960 ns/op
WorkloadActual  10: 16777216 op, 757293700.00 ns, 45.1382 ns/op
WorkloadActual  11: 16777216 op, 788502600.00 ns, 46.9984 ns/op
WorkloadActual  12: 16777216 op, 810445500.00 ns, 48.3063 ns/op
WorkloadActual  13: 16777216 op, 797250300.00 ns, 47.5198 ns/op
WorkloadActual  14: 16777216 op, 847919800.00 ns, 50.5400 ns/op
WorkloadActual  15: 16777216 op, 773503600.00 ns, 46.1044 ns/op
WorkloadActual  16: 16777216 op, 789788500.00 ns, 47.0751 ns/op

// AfterActualRun
WorkloadResult   1: 16777216 op, 735990700.00 ns, 43.8685 ns/op
WorkloadResult   2: 16777216 op, 749076800.00 ns, 44.6485 ns/op
WorkloadResult   3: 16777216 op, 759308400.00 ns, 45.2583 ns/op
WorkloadResult   4: 16777216 op, 695394300.00 ns, 41.4487 ns/op
WorkloadResult   5: 16777216 op, 736489800.00 ns, 43.8982 ns/op
WorkloadResult   6: 16777216 op, 750473100.00 ns, 44.7317 ns/op
WorkloadResult   7: 16777216 op, 775845800.00 ns, 46.2440 ns/op
WorkloadResult   8: 16777216 op, 729393700.00 ns, 43.4753 ns/op
WorkloadResult   9: 16777216 op, 764001100.00 ns, 45.5380 ns/op
WorkloadResult  10: 16777216 op, 729477900.00 ns, 43.4803 ns/op
WorkloadResult  11: 16777216 op, 760686800.00 ns, 45.3405 ns/op
WorkloadResult  12: 16777216 op, 782629700.00 ns, 46.6484 ns/op
WorkloadResult  13: 16777216 op, 769434500.00 ns, 45.8619 ns/op
WorkloadResult  14: 16777216 op, 745687800.00 ns, 44.4465 ns/op
WorkloadResult  15: 16777216 op, 761972700.00 ns, 45.4171 ns/op
// GC:  35 0 0 2013265984 16777216
// Threading:  0 0 16777216

// AfterAll
// Benchmark Process 79596 has exited with code 0.

Mean = 44.687 ns, StdErr = 0.341 ns (0.76%), N = 15, StdDev = 1.321 ns
Min = 41.449 ns, Q1 = 43.883 ns, Median = 44.732 ns, Q3 = 45.478 ns, Max = 46.648 ns
IQR = 1.594 ns, LowerFence = 41.492 ns, UpperFence = 47.869 ns
ConfidenceInterval = [43.275 ns; 46.099 ns] (CI 99.9%), Margin = 1.412 ns (3.16% of Mean)
Skewness = -0.7, Kurtosis = 3.04, MValue = 2

// ** Remained 6 (85.7%) benchmark(s) to run. Estimated finish 2026-06-02 19:53 (0h 2m from now) **
Setup power plan (GUID: 8c5e7fda-e8bf-4a96-9a85-a6e23a8c635c FriendlyName: High performance)
// **************************
// Benchmark: AcceptCallBenchmarks.NLog_OneProp: Job-FVBYXC(MaxIterationCount=16, MaxWarmupIterationCount=8)
// *** Execute ***
// Launch: 1 / 1
// Execute: dotnet 0fece5b0-e932-4ada-80c4-dd1a7df4698d.dll --anonymousPipes 36440 43076 --benchmarkName MMP.Herald.OSS.Benchmarks.Comparisons.NLogRow.AcceptCallBenchmarks.NLog_OneProp --job "MaxIterationCount=16, MaxWarmupIterationCount=8" --benchmarkId 1 in E:\dev\Herald.OSS\benchmarking\comparisons\net10\nlog\bin\Release\net10.0\0fece5b0-e932-4ada-80c4-dd1a7df4698d\bin\Release\net10.0
// BeforeAnythingElse

// Benchmark Process Environment Information:
// BenchmarkDotNet v0.14.0
// Runtime=.NET 10.0.8 (10.0.826.23019), X64 RyuJIT AVX2
// GC=Concurrent Server
// HardwareIntrinsics=AVX2,AES,BMI1,BMI2,FMA,LZCNT,PCLMUL,POPCNT,AvxVnni,SERIALIZE VectorSize=256
// Job: Job-SWWVCC(MaxIterationCount=16, MaxWarmupIterationCount=8)

OverheadJitting  1: 1 op, 343300.00 ns, 343.3000 us/op
WorkloadJitting  1: 1 op, 8100000.00 ns, 8.1000 ms/op

OverheadJitting  2: 16 op, 283800.00 ns, 17.7375 us/op
WorkloadJitting  2: 16 op, 336700.00 ns, 21.0438 us/op

WorkloadPilot    1: 16 op, 21500.00 ns, 1.3438 us/op
WorkloadPilot    2: 32 op, 43600.00 ns, 1.3625 us/op
WorkloadPilot    3: 64 op, 31100.00 ns, 485.9375 ns/op
WorkloadPilot    4: 128 op, 52600.00 ns, 410.9375 ns/op
WorkloadPilot    5: 256 op, 93600.00 ns, 365.6250 ns/op
WorkloadPilot    6: 512 op, 143500.00 ns, 280.2734 ns/op
WorkloadPilot    7: 1024 op, 309400.00 ns, 302.1484 ns/op
WorkloadPilot    8: 2048 op, 518000.00 ns, 252.9297 ns/op
WorkloadPilot    9: 4096 op, 924700.00 ns, 225.7568 ns/op
WorkloadPilot   10: 8192 op, 2285400.00 ns, 278.9795 ns/op
WorkloadPilot   11: 16384 op, 4087700.00 ns, 249.4934 ns/op
WorkloadPilot   12: 32768 op, 8268800.00 ns, 252.3438 ns/op
WorkloadPilot   13: 65536 op, 16050700.00 ns, 244.9142 ns/op
WorkloadPilot   14: 131072 op, 29585200.00 ns, 225.7172 ns/op
WorkloadPilot   15: 262144 op, 144063800.00 ns, 549.5598 ns/op
WorkloadPilot   16: 524288 op, 33375500.00 ns, 63.6587 ns/op
WorkloadPilot   17: 1048576 op, 60508600.00 ns, 57.7055 ns/op
WorkloadPilot   18: 2097152 op, 144863900.00 ns, 69.0765 ns/op
WorkloadPilot   19: 4194304 op, 242552400.00 ns, 57.8290 ns/op
WorkloadPilot   20: 8388608 op, 488924000.00 ns, 58.2843 ns/op
WorkloadPilot   21: 16777216 op, 1072923100.00 ns, 63.9512 ns/op

OverheadWarmup   1: 16777216 op, 40718400.00 ns, 2.4270 ns/op
OverheadWarmup   2: 16777216 op, 38187100.00 ns, 2.2761 ns/op
OverheadWarmup   3: 16777216 op, 38461700.00 ns, 2.2925 ns/op
OverheadWarmup   4: 16777216 op, 38191400.00 ns, 2.2764 ns/op
OverheadWarmup   5: 16777216 op, 38097100.00 ns, 2.2708 ns/op
OverheadWarmup   6: 16777216 op, 38050700.00 ns, 2.2680 ns/op
OverheadWarmup   7: 16777216 op, 38739200.00 ns, 2.3090 ns/op
OverheadWarmup   8: 16777216 op, 26897400.00 ns, 1.6032 ns/op

OverheadActual   1: 16777216 op, 26667000.00 ns, 1.5895 ns/op
OverheadActual   2: 16777216 op, 26560700.00 ns, 1.5831 ns/op
OverheadActual   3: 16777216 op, 26666000.00 ns, 1.5894 ns/op
OverheadActual   4: 16777216 op, 27984400.00 ns, 1.6680 ns/op
OverheadActual   5: 16777216 op, 28736600.00 ns, 1.7128 ns/op
OverheadActual   6: 16777216 op, 26743500.00 ns, 1.5940 ns/op
OverheadActual   7: 16777216 op, 26999700.00 ns, 1.6093 ns/op
OverheadActual   8: 16777216 op, 28414500.00 ns, 1.6936 ns/op
OverheadActual   9: 16777216 op, 26810100.00 ns, 1.5980 ns/op
OverheadActual  10: 16777216 op, 26562700.00 ns, 1.5833 ns/op
OverheadActual  11: 16777216 op, 26663800.00 ns, 1.5893 ns/op
OverheadActual  12: 16777216 op, 26539700.00 ns, 1.5819 ns/op
OverheadActual  13: 16777216 op, 29551700.00 ns, 1.7614 ns/op
OverheadActual  14: 16777216 op, 26710600.00 ns, 1.5921 ns/op
OverheadActual  15: 16777216 op, 27211700.00 ns, 1.6219 ns/op

WorkloadWarmup   1: 16777216 op, 948154700.00 ns, 56.5144 ns/op
WorkloadWarmup   2: 16777216 op, 969564300.00 ns, 57.7905 ns/op
WorkloadWarmup   3: 16777216 op, 983198200.00 ns, 58.6032 ns/op
WorkloadWarmup   4: 16777216 op, 1038622700.00 ns, 61.9067 ns/op
WorkloadWarmup   5: 16777216 op, 972170600.00 ns, 57.9459 ns/op
WorkloadWarmup   6: 16777216 op, 1000293600.00 ns, 59.6221 ns/op
WorkloadWarmup   7: 16777216 op, 1039170600.00 ns, 61.9394 ns/op
WorkloadWarmup   8: 16777216 op, 1048589200.00 ns, 62.5008 ns/op

// BeforeActualRun
WorkloadActual   1: 16777216 op, 989622700.00 ns, 58.9861 ns/op
WorkloadActual   2: 16777216 op, 975435300.00 ns, 58.1405 ns/op
WorkloadActual   3: 16777216 op, 988301600.00 ns, 58.9074 ns/op
WorkloadActual   4: 16777216 op, 967651300.00 ns, 57.6765 ns/op
WorkloadActual   5: 16777216 op, 1028615500.00 ns, 61.3103 ns/op
WorkloadActual   6: 16777216 op, 1054753700.00 ns, 62.8682 ns/op
WorkloadActual   7: 16777216 op, 1087667400.00 ns, 64.8300 ns/op
WorkloadActual   8: 16777216 op, 1084887700.00 ns, 64.6643 ns/op
WorkloadActual   9: 16777216 op, 1008489600.00 ns, 60.1107 ns/op
WorkloadActual  10: 16777216 op, 1053623500.00 ns, 62.8009 ns/op
WorkloadActual  11: 16777216 op, 1059077400.00 ns, 63.1259 ns/op
WorkloadActual  12: 16777216 op, 1082193700.00 ns, 64.5038 ns/op
WorkloadActual  13: 16777216 op, 1037784800.00 ns, 61.8568 ns/op
WorkloadActual  14: 16777216 op, 1062870300.00 ns, 63.3520 ns/op
WorkloadActual  15: 16777216 op, 1067626100.00 ns, 63.6355 ns/op
WorkloadActual  16: 16777216 op, 1078327800.00 ns, 64.2733 ns/op

// AfterActualRun
WorkloadResult   1: 16777216 op, 962879200.00 ns, 57.3921 ns/op
WorkloadResult   2: 16777216 op, 948691800.00 ns, 56.5464 ns/op
WorkloadResult   3: 16777216 op, 961558100.00 ns, 57.3133 ns/op
WorkloadResult   4: 16777216 op, 940907800.00 ns, 56.0825 ns/op
WorkloadResult   5: 16777216 op, 1001872000.00 ns, 59.7162 ns/op
WorkloadResult   6: 16777216 op, 1028010200.00 ns, 61.2742 ns/op
WorkloadResult   7: 16777216 op, 1060923900.00 ns, 63.2360 ns/op
WorkloadResult   8: 16777216 op, 1058144200.00 ns, 63.0703 ns/op
WorkloadResult   9: 16777216 op, 981746100.00 ns, 58.5166 ns/op
WorkloadResult  10: 16777216 op, 1026880000.00 ns, 61.2068 ns/op
WorkloadResult  11: 16777216 op, 1032333900.00 ns, 61.5319 ns/op
WorkloadResult  12: 16777216 op, 1055450200.00 ns, 62.9097 ns/op
WorkloadResult  13: 16777216 op, 1011041300.00 ns, 60.2628 ns/op
WorkloadResult  14: 16777216 op, 1036126800.00 ns, 61.7580 ns/op
WorkloadResult  15: 16777216 op, 1040882600.00 ns, 62.0414 ns/op
WorkloadResult  16: 16777216 op, 1051584300.00 ns, 62.6793 ns/op
// GC:  67 0 0 2952790080 16777216
// Threading:  0 0 16777216

// AfterAll
// Benchmark Process 67848 has exited with code 0.

Mean = 60.346 ns, StdErr = 0.612 ns (1.01%), N = 16, StdDev = 2.449 ns
Min = 56.082 ns, Q1 = 58.235 ns, Median = 61.241 ns, Q3 = 62.201 ns, Max = 63.236 ns
IQR = 3.965 ns, LowerFence = 52.287 ns, UpperFence = 68.149 ns
ConfidenceInterval = [57.853 ns; 62.840 ns] (CI 99.9%), Margin = 2.493 ns (4.13% of Mean)
Skewness = -0.46, Kurtosis = 1.61, MValue = 2.67

// ** Remained 5 (71.4%) benchmark(s) to run. Estimated finish 2026-06-02 19:53 (0h 2m from now) **
Setup power plan (GUID: 8c5e7fda-e8bf-4a96-9a85-a6e23a8c635c FriendlyName: High performance)
// **************************
// Benchmark: AcceptCallBenchmarks.NLog_TwoProps: Job-FVBYXC(MaxIterationCount=16, MaxWarmupIterationCount=8)
// *** Execute ***
// Launch: 1 / 1
// Execute: dotnet 0fece5b0-e932-4ada-80c4-dd1a7df4698d.dll --anonymousPipes 40984 23640 --benchmarkName MMP.Herald.OSS.Benchmarks.Comparisons.NLogRow.AcceptCallBenchmarks.NLog_TwoProps --job "MaxIterationCount=16, MaxWarmupIterationCount=8" --benchmarkId 2 in E:\dev\Herald.OSS\benchmarking\comparisons\net10\nlog\bin\Release\net10.0\0fece5b0-e932-4ada-80c4-dd1a7df4698d\bin\Release\net10.0
// BeforeAnythingElse

// Benchmark Process Environment Information:
// BenchmarkDotNet v0.14.0
// Runtime=.NET 10.0.8 (10.0.826.23019), X64 RyuJIT AVX2
// GC=Concurrent Server
// HardwareIntrinsics=AVX2,AES,BMI1,BMI2,FMA,LZCNT,PCLMUL,POPCNT,AvxVnni,SERIALIZE VectorSize=256
// Job: Job-KWBGRD(MaxIterationCount=16, MaxWarmupIterationCount=8)

OverheadJitting  1: 1 op, 327400.00 ns, 327.4000 us/op
WorkloadJitting  1: 1 op, 8276600.00 ns, 8.2766 ms/op

OverheadJitting  2: 16 op, 293500.00 ns, 18.3438 us/op
WorkloadJitting  2: 16 op, 386400.00 ns, 24.1500 us/op

WorkloadPilot    1: 16 op, 16400.00 ns, 1.0250 us/op
WorkloadPilot    2: 32 op, 27400.00 ns, 856.2500 ns/op
WorkloadPilot    3: 64 op, 32000.00 ns, 500.0000 ns/op
WorkloadPilot    4: 128 op, 69400.00 ns, 542.1875 ns/op
WorkloadPilot    5: 256 op, 89400.00 ns, 349.2188 ns/op
WorkloadPilot    6: 512 op, 185500.00 ns, 362.3047 ns/op
WorkloadPilot    7: 1024 op, 294300.00 ns, 287.4023 ns/op
WorkloadPilot    8: 2048 op, 542600.00 ns, 264.9414 ns/op
WorkloadPilot    9: 4096 op, 1321600.00 ns, 322.6563 ns/op
WorkloadPilot   10: 8192 op, 2477600.00 ns, 302.4414 ns/op
WorkloadPilot   11: 16384 op, 4480600.00 ns, 273.4741 ns/op
WorkloadPilot   12: 32768 op, 8751100.00 ns, 267.0624 ns/op
WorkloadPilot   13: 65536 op, 16968400.00 ns, 258.9172 ns/op
WorkloadPilot   14: 131072 op, 29419100.00 ns, 224.4499 ns/op
WorkloadPilot   15: 262144 op, 203335700.00 ns, 775.6641 ns/op
WorkloadPilot   16: 524288 op, 34996000.00 ns, 66.7496 ns/op
WorkloadPilot   17: 1048576 op, 66306100.00 ns, 63.2344 ns/op
WorkloadPilot   18: 2097152 op, 142447900.00 ns, 67.9245 ns/op
WorkloadPilot   19: 4194304 op, 278626600.00 ns, 66.4298 ns/op
WorkloadPilot   20: 8388608 op, 518956100.00 ns, 61.8644 ns/op

OverheadWarmup   1: 8388608 op, 19057200.00 ns, 2.2718 ns/op
OverheadWarmup   2: 8388608 op, 20549700.00 ns, 2.4497 ns/op
OverheadWarmup   3: 8388608 op, 19375000.00 ns, 2.3097 ns/op
OverheadWarmup   4: 8388608 op, 19370600.00 ns, 2.3092 ns/op
OverheadWarmup   5: 8388608 op, 19656700.00 ns, 2.3433 ns/op
OverheadWarmup   6: 8388608 op, 21500200.00 ns, 2.5630 ns/op
OverheadWarmup   7: 8388608 op, 19738900.00 ns, 2.3531 ns/op

OverheadActual   1: 8388608 op, 19258200.00 ns, 2.2958 ns/op
OverheadActual   2: 8388608 op, 19057600.00 ns, 2.2718 ns/op
OverheadActual   3: 8388608 op, 19213800.00 ns, 2.2905 ns/op
OverheadActual   4: 8388608 op, 19133500.00 ns, 2.2809 ns/op
OverheadActual   5: 8388608 op, 19839400.00 ns, 2.3650 ns/op
OverheadActual   6: 8388608 op, 19129500.00 ns, 2.2804 ns/op
OverheadActual   7: 8388608 op, 19369900.00 ns, 2.3091 ns/op
OverheadActual   8: 8388608 op, 21406400.00 ns, 2.5518 ns/op
OverheadActual   9: 8388608 op, 19182700.00 ns, 2.2868 ns/op
OverheadActual  10: 8388608 op, 17928800.00 ns, 2.1373 ns/op
OverheadActual  11: 8388608 op, 13372300.00 ns, 1.5941 ns/op
OverheadActual  12: 8388608 op, 13449800.00 ns, 1.6033 ns/op
OverheadActual  13: 8388608 op, 13338400.00 ns, 1.5901 ns/op
OverheadActual  14: 8388608 op, 13360400.00 ns, 1.5927 ns/op
OverheadActual  15: 8388608 op, 13383000.00 ns, 1.5954 ns/op
OverheadActual  16: 8388608 op, 13542400.00 ns, 1.6144 ns/op

WorkloadWarmup   1: 8388608 op, 593631700.00 ns, 70.7664 ns/op
WorkloadWarmup   2: 8388608 op, 545277500.00 ns, 65.0021 ns/op
WorkloadWarmup   3: 8388608 op, 515502400.00 ns, 61.4527 ns/op
WorkloadWarmup   4: 8388608 op, 595850000.00 ns, 71.0309 ns/op
WorkloadWarmup   5: 8388608 op, 597584100.00 ns, 71.2376 ns/op
WorkloadWarmup   6: 8388608 op, 590510500.00 ns, 70.3943 ns/op
WorkloadWarmup   7: 8388608 op, 560416100.00 ns, 66.8068 ns/op
WorkloadWarmup   8: 8388608 op, 553763200.00 ns, 66.0137 ns/op

// BeforeActualRun
WorkloadActual   1: 8388608 op, 550646200.00 ns, 65.6421 ns/op
WorkloadActual   2: 8388608 op, 555061000.00 ns, 66.1684 ns/op
WorkloadActual   3: 8388608 op, 553951200.00 ns, 66.0361 ns/op
WorkloadActual   4: 8388608 op, 552084300.00 ns, 65.8136 ns/op
WorkloadActual   5: 8388608 op, 553571600.00 ns, 65.9909 ns/op
WorkloadActual   6: 8388608 op, 544328000.00 ns, 64.8890 ns/op
WorkloadActual   7: 8388608 op, 542206200.00 ns, 64.6360 ns/op
WorkloadActual   8: 8388608 op, 606051300.00 ns, 72.2469 ns/op
WorkloadActual   9: 8388608 op, 527450400.00 ns, 62.8770 ns/op
WorkloadActual  10: 8388608 op, 528537500.00 ns, 63.0066 ns/op
WorkloadActual  11: 8388608 op, 558554700.00 ns, 66.5849 ns/op
WorkloadActual  12: 8388608 op, 535783700.00 ns, 63.8704 ns/op
WorkloadActual  13: 8388608 op, 541349900.00 ns, 64.5339 ns/op
WorkloadActual  14: 8388608 op, 568981600.00 ns, 67.8279 ns/op
WorkloadActual  15: 8388608 op, 553007900.00 ns, 65.9237 ns/op
WorkloadActual  16: 8388608 op, 518402600.00 ns, 61.7984 ns/op

// AfterActualRun
WorkloadResult   1: 8388608 op, 531552650.00 ns, 63.3660 ns/op
WorkloadResult   2: 8388608 op, 535967450.00 ns, 63.8923 ns/op
WorkloadResult   3: 8388608 op, 534857650.00 ns, 63.7600 ns/op
WorkloadResult   4: 8388608 op, 532990750.00 ns, 63.5374 ns/op
WorkloadResult   5: 8388608 op, 534478050.00 ns, 63.7147 ns/op
WorkloadResult   6: 8388608 op, 525234450.00 ns, 62.6128 ns/op
WorkloadResult   7: 8388608 op, 523112650.00 ns, 62.3599 ns/op
WorkloadResult   8: 8388608 op, 508356850.00 ns, 60.6009 ns/op
WorkloadResult   9: 8388608 op, 509443950.00 ns, 60.7305 ns/op
WorkloadResult  10: 8388608 op, 539461150.00 ns, 64.3088 ns/op
WorkloadResult  11: 8388608 op, 516690150.00 ns, 61.5943 ns/op
WorkloadResult  12: 8388608 op, 522256350.00 ns, 62.2578 ns/op
WorkloadResult  13: 8388608 op, 549888050.00 ns, 65.5518 ns/op
WorkloadResult  14: 8388608 op, 533914350.00 ns, 63.6476 ns/op
WorkloadResult  15: 8388608 op, 499309050.00 ns, 59.5223 ns/op
// GC:  27 0 0 0 8388608
// Threading:  0 0 8388608

// AfterAll
// Benchmark Process 71240 has exited with code 0.

Mean = 62.764 ns, StdErr = 0.415 ns (0.66%), N = 15, StdDev = 1.608 ns
Min = 59.522 ns, Q1 = 61.926 ns, Median = 63.366 ns, Q3 = 63.737 ns, Max = 65.552 ns
IQR = 1.811 ns, LowerFence = 59.209 ns, UpperFence = 66.454 ns
ConfidenceInterval = [61.045 ns; 64.483 ns] (CI 99.9%), Margin = 1.719 ns (2.74% of Mean)
Skewness = -0.39, Kurtosis = 2.21, MValue = 2

// ** Remained 4 (57.1%) benchmark(s) to run. Estimated finish 2026-06-02 19:53 (0h 1m from now) **
Setup power plan (GUID: 8c5e7fda-e8bf-4a96-9a85-a6e23a8c635c FriendlyName: High performance)
// **************************
// Benchmark: AcceptCallBenchmarks.NLog_FourProps: Job-FVBYXC(MaxIterationCount=16, MaxWarmupIterationCount=8)
// *** Execute ***
// Launch: 1 / 1
// Execute: dotnet 0fece5b0-e932-4ada-80c4-dd1a7df4698d.dll --anonymousPipes 22240 58868 --benchmarkName MMP.Herald.OSS.Benchmarks.Comparisons.NLogRow.AcceptCallBenchmarks.NLog_FourProps --job "MaxIterationCount=16, MaxWarmupIterationCount=8" --benchmarkId 3 in E:\dev\Herald.OSS\benchmarking\comparisons\net10\nlog\bin\Release\net10.0\0fece5b0-e932-4ada-80c4-dd1a7df4698d\bin\Release\net10.0
// BeforeAnythingElse

// Benchmark Process Environment Information:
// BenchmarkDotNet v0.14.0
// Runtime=.NET 10.0.8 (10.0.826.23019), X64 RyuJIT AVX2
// GC=Concurrent Server
// HardwareIntrinsics=AVX2,AES,BMI1,BMI2,FMA,LZCNT,PCLMUL,POPCNT,AvxVnni,SERIALIZE VectorSize=256
// Job: Job-BHSUEJ(MaxIterationCount=16, MaxWarmupIterationCount=8)

OverheadJitting  1: 1 op, 361900.00 ns, 361.9000 us/op
WorkloadJitting  1: 1 op, 8608200.00 ns, 8.6082 ms/op

OverheadJitting  2: 16 op, 317800.00 ns, 19.8625 us/op
WorkloadJitting  2: 16 op, 377400.00 ns, 23.5875 us/op

WorkloadPilot    1: 16 op, 21800.00 ns, 1.3625 us/op
WorkloadPilot    2: 32 op, 44900.00 ns, 1.4031 us/op
WorkloadPilot    3: 64 op, 53600.00 ns, 837.5000 ns/op
WorkloadPilot    4: 128 op, 43700.00 ns, 341.4063 ns/op
WorkloadPilot    5: 256 op, 103900.00 ns, 405.8594 ns/op
WorkloadPilot    6: 512 op, 207200.00 ns, 404.6875 ns/op
WorkloadPilot    7: 1024 op, 311200.00 ns, 303.9063 ns/op
WorkloadPilot    8: 2048 op, 715300.00 ns, 349.2676 ns/op
WorkloadPilot    9: 4096 op, 1345700.00 ns, 328.5400 ns/op
WorkloadPilot   10: 8192 op, 2703800.00 ns, 330.0537 ns/op
WorkloadPilot   11: 16384 op, 5171300.00 ns, 315.6311 ns/op
WorkloadPilot   12: 32768 op, 10480700.00 ns, 319.8456 ns/op
WorkloadPilot   13: 65536 op, 19667500.00 ns, 300.1022 ns/op
WorkloadPilot   14: 131072 op, 33808100.00 ns, 257.9353 ns/op
WorkloadPilot   15: 262144 op, 92522500.00 ns, 352.9453 ns/op
WorkloadPilot   16: 524288 op, 136168300.00 ns, 259.7204 ns/op
WorkloadPilot   17: 1048576 op, 105325700.00 ns, 100.4464 ns/op
WorkloadPilot   18: 2097152 op, 194294100.00 ns, 92.6466 ns/op
WorkloadPilot   19: 4194304 op, 369204800.00 ns, 88.0253 ns/op
WorkloadPilot   20: 8388608 op, 755535700.00 ns, 90.0669 ns/op

OverheadWarmup   1: 8388608 op, 19064500.00 ns, 2.2727 ns/op
OverheadWarmup   2: 8388608 op, 19424600.00 ns, 2.3156 ns/op
OverheadWarmup   3: 8388608 op, 19203300.00 ns, 2.2892 ns/op
OverheadWarmup   4: 8388608 op, 19524200.00 ns, 2.3275 ns/op
OverheadWarmup   5: 8388608 op, 19069500.00 ns, 2.2733 ns/op

OverheadActual   1: 8388608 op, 19095900.00 ns, 2.2764 ns/op
OverheadActual   2: 8388608 op, 19237600.00 ns, 2.2933 ns/op
OverheadActual   3: 8388608 op, 19331800.00 ns, 2.3045 ns/op
OverheadActual   4: 8388608 op, 19371700.00 ns, 2.3093 ns/op
OverheadActual   5: 8388608 op, 19282800.00 ns, 2.2987 ns/op
OverheadActual   6: 8388608 op, 19280100.00 ns, 2.2984 ns/op
OverheadActual   7: 8388608 op, 20421200.00 ns, 2.4344 ns/op
OverheadActual   8: 8388608 op, 20563000.00 ns, 2.4513 ns/op
OverheadActual   9: 8388608 op, 19146300.00 ns, 2.2824 ns/op
OverheadActual  10: 8388608 op, 13689000.00 ns, 1.6319 ns/op
OverheadActual  11: 8388608 op, 13360000.00 ns, 1.5926 ns/op
OverheadActual  12: 8388608 op, 13139000.00 ns, 1.5663 ns/op
OverheadActual  13: 8388608 op, 13443200.00 ns, 1.6026 ns/op
OverheadActual  14: 8388608 op, 13495700.00 ns, 1.6088 ns/op
OverheadActual  15: 8388608 op, 13369400.00 ns, 1.5938 ns/op
OverheadActual  16: 8388608 op, 13347700.00 ns, 1.5912 ns/op

WorkloadWarmup   1: 8388608 op, 734730300.00 ns, 87.5867 ns/op
WorkloadWarmup   2: 8388608 op, 824900600.00 ns, 98.3358 ns/op
WorkloadWarmup   3: 8388608 op, 755905400.00 ns, 90.1109 ns/op
WorkloadWarmup   4: 8388608 op, 740547000.00 ns, 88.2801 ns/op
WorkloadWarmup   5: 8388608 op, 741895800.00 ns, 88.4409 ns/op
WorkloadWarmup   6: 8388608 op, 715529700.00 ns, 85.2978 ns/op

// BeforeActualRun
WorkloadActual   1: 8388608 op, 724637500.00 ns, 86.3835 ns/op
WorkloadActual   2: 8388608 op, 736348300.00 ns, 87.7796 ns/op
WorkloadActual   3: 8388608 op, 739886200.00 ns, 88.2013 ns/op
WorkloadActual   4: 8388608 op, 773080900.00 ns, 92.1584 ns/op
WorkloadActual   5: 8388608 op, 777869400.00 ns, 92.7293 ns/op
WorkloadActual   6: 8388608 op, 748607600.00 ns, 89.2410 ns/op
WorkloadActual   7: 8388608 op, 793195600.00 ns, 94.5563 ns/op
WorkloadActual   8: 8388608 op, 735564000.00 ns, 87.6861 ns/op
WorkloadActual   9: 8388608 op, 800314500.00 ns, 95.4049 ns/op
WorkloadActual  10: 8388608 op, 754751000.00 ns, 89.9733 ns/op
WorkloadActual  11: 8388608 op, 768198400.00 ns, 91.5764 ns/op
WorkloadActual  12: 8388608 op, 765770400.00 ns, 91.2869 ns/op
WorkloadActual  13: 8388608 op, 718434200.00 ns, 85.6440 ns/op
WorkloadActual  14: 8388608 op, 770114200.00 ns, 91.8048 ns/op
WorkloadActual  15: 8388608 op, 740709600.00 ns, 88.2995 ns/op
WorkloadActual  16: 8388608 op, 769774700.00 ns, 91.7643 ns/op

// AfterActualRun
WorkloadResult   1: 8388608 op, 705516400.00 ns, 84.1041 ns/op
WorkloadResult   2: 8388608 op, 717227200.00 ns, 85.5001 ns/op
WorkloadResult   3: 8388608 op, 720765100.00 ns, 85.9219 ns/op
WorkloadResult   4: 8388608 op, 753959800.00 ns, 89.8790 ns/op
WorkloadResult   5: 8388608 op, 758748300.00 ns, 90.4498 ns/op
WorkloadResult   6: 8388608 op, 729486500.00 ns, 86.9616 ns/op
WorkloadResult   7: 8388608 op, 774074500.00 ns, 92.2769 ns/op
WorkloadResult   8: 8388608 op, 716442900.00 ns, 85.4066 ns/op
WorkloadResult   9: 8388608 op, 781193400.00 ns, 93.1255 ns/op
WorkloadResult  10: 8388608 op, 735629900.00 ns, 87.6939 ns/op
WorkloadResult  11: 8388608 op, 749077300.00 ns, 89.2970 ns/op
WorkloadResult  12: 8388608 op, 746649300.00 ns, 89.0075 ns/op
WorkloadResult  13: 8388608 op, 699313100.00 ns, 83.3646 ns/op
WorkloadResult  14: 8388608 op, 750993100.00 ns, 89.5254 ns/op
WorkloadResult  15: 8388608 op, 721588500.00 ns, 86.0201 ns/op
WorkloadResult  16: 8388608 op, 750653600.00 ns, 89.4849 ns/op
// GC:  54 1 1 0 8388608
// Threading:  0 0 8388608

// AfterAll
// Benchmark Process 87504 has exited with code 0.

Mean = 88.001 ns, StdErr = 0.708 ns (0.80%), N = 16, StdDev = 2.833 ns
Min = 83.365 ns, Q1 = 85.816 ns, Median = 88.351 ns, Q3 = 89.614 ns, Max = 93.126 ns
IQR = 3.797 ns, LowerFence = 80.120 ns, UpperFence = 95.310 ns
ConfidenceInterval = [85.117 ns; 90.886 ns] (CI 99.9%), Margin = 2.884 ns (3.28% of Mean)
Skewness = 0.09, Kurtosis = 1.84, MValue = 2

// ** Remained 3 (42.9%) benchmark(s) to run. Estimated finish 2026-06-02 19:53 (0h 1m from now) **
Setup power plan (GUID: 8c5e7fda-e8bf-4a96-9a85-a6e23a8c635c FriendlyName: High performance)
// **************************
// Benchmark: AcceptCallBenchmarks.NLog_EightProps: Job-FVBYXC(MaxIterationCount=16, MaxWarmupIterationCount=8)
// *** Execute ***
// Launch: 1 / 1
// Execute: dotnet 0fece5b0-e932-4ada-80c4-dd1a7df4698d.dll --anonymousPipes 42688 19568 --benchmarkName MMP.Herald.OSS.Benchmarks.Comparisons.NLogRow.AcceptCallBenchmarks.NLog_EightProps --job "MaxIterationCount=16, MaxWarmupIterationCount=8" --benchmarkId 4 in E:\dev\Herald.OSS\benchmarking\comparisons\net10\nlog\bin\Release\net10.0\0fece5b0-e932-4ada-80c4-dd1a7df4698d\bin\Release\net10.0
// BeforeAnythingElse

// Benchmark Process Environment Information:
// BenchmarkDotNet v0.14.0
// Runtime=.NET 10.0.8 (10.0.826.23019), X64 RyuJIT AVX2
// GC=Concurrent Server
// HardwareIntrinsics=AVX2,AES,BMI1,BMI2,FMA,LZCNT,PCLMUL,POPCNT,AvxVnni,SERIALIZE VectorSize=256
// Job: Job-LDHEEB(MaxIterationCount=16, MaxWarmupIterationCount=8)

OverheadJitting  1: 1 op, 347900.00 ns, 347.9000 us/op
WorkloadJitting  1: 1 op, 15160200.00 ns, 15.1602 ms/op

OverheadJitting  2: 16 op, 299800.00 ns, 18.7375 us/op
WorkloadJitting  2: 16 op, 535700.00 ns, 33.4813 us/op

WorkloadPilot    1: 16 op, 142500.00 ns, 8.9063 us/op
WorkloadPilot    2: 32 op, 223300.00 ns, 6.9781 us/op
WorkloadPilot    3: 64 op, 391800.00 ns, 6.1219 us/op
WorkloadPilot    4: 128 op, 759100.00 ns, 5.9305 us/op
WorkloadPilot    5: 256 op, 1523800.00 ns, 5.9523 us/op
WorkloadPilot    6: 512 op, 2949400.00 ns, 5.7605 us/op
WorkloadPilot    7: 1024 op, 5910600.00 ns, 5.7721 us/op
WorkloadPilot    8: 2048 op, 12341500.00 ns, 6.0261 us/op
WorkloadPilot    9: 4096 op, 22413600.00 ns, 5.4721 us/op
WorkloadPilot   10: 8192 op, 44158000.00 ns, 5.3904 us/op
WorkloadPilot   11: 16384 op, 90264300.00 ns, 5.5093 us/op
WorkloadPilot   12: 32768 op, 216212900.00 ns, 6.5983 us/op
WorkloadPilot   13: 65536 op, 197735300.00 ns, 3.0172 us/op
WorkloadPilot   14: 131072 op, 134159500.00 ns, 1.0236 us/op
WorkloadPilot   15: 262144 op, 233871200.00 ns, 892.1478 ns/op
WorkloadPilot   16: 524288 op, 469808700.00 ns, 896.0890 ns/op
WorkloadPilot   17: 1048576 op, 959710000.00 ns, 915.2508 ns/op

OverheadWarmup   1: 1048576 op, 2532400.00 ns, 2.4151 ns/op
OverheadWarmup   2: 1048576 op, 2562200.00 ns, 2.4435 ns/op
OverheadWarmup   3: 1048576 op, 2446800.00 ns, 2.3335 ns/op
OverheadWarmup   4: 1048576 op, 2537100.00 ns, 2.4196 ns/op
OverheadWarmup   5: 1048576 op, 2520100.00 ns, 2.4034 ns/op

OverheadActual   1: 1048576 op, 2431200.00 ns, 2.3186 ns/op
OverheadActual   2: 1048576 op, 2544800.00 ns, 2.4269 ns/op
OverheadActual   3: 1048576 op, 2488700.00 ns, 2.3734 ns/op
OverheadActual   4: 1048576 op, 2509800.00 ns, 2.3935 ns/op
OverheadActual   5: 1048576 op, 2503300.00 ns, 2.3873 ns/op
OverheadActual   6: 1048576 op, 2548800.00 ns, 2.4307 ns/op
OverheadActual   7: 1048576 op, 2547700.00 ns, 2.4297 ns/op
OverheadActual   8: 1048576 op, 2521700.00 ns, 2.4049 ns/op
OverheadActual   9: 1048576 op, 2515500.00 ns, 2.3990 ns/op
OverheadActual  10: 1048576 op, 2512100.00 ns, 2.3957 ns/op
OverheadActual  11: 1048576 op, 2537500.00 ns, 2.4199 ns/op
OverheadActual  12: 1048576 op, 2572100.00 ns, 2.4529 ns/op
OverheadActual  13: 1048576 op, 2475900.00 ns, 2.3612 ns/op
OverheadActual  14: 1048576 op, 2501100.00 ns, 2.3852 ns/op
OverheadActual  15: 1048576 op, 2570000.00 ns, 2.4509 ns/op

WorkloadWarmup   1: 1048576 op, 920339500.00 ns, 877.7041 ns/op
WorkloadWarmup   2: 1048576 op, 947404200.00 ns, 903.5151 ns/op
WorkloadWarmup   3: 1048576 op, 953064000.00 ns, 908.9127 ns/op
WorkloadWarmup   4: 1048576 op, 933116900.00 ns, 889.8896 ns/op
WorkloadWarmup   5: 1048576 op, 918958500.00 ns, 876.3871 ns/op
WorkloadWarmup   6: 1048576 op, 923285000.00 ns, 880.5132 ns/op
WorkloadWarmup   7: 1048576 op, 942477800.00 ns, 898.8169 ns/op
WorkloadWarmup   8: 1048576 op, 926211300.00 ns, 883.3039 ns/op

// BeforeActualRun
WorkloadActual   1: 1048576 op, 921569300.00 ns, 878.8770 ns/op
WorkloadActual   2: 1048576 op, 928449700.00 ns, 885.4386 ns/op
WorkloadActual   3: 1048576 op, 953519200.00 ns, 909.3468 ns/op
WorkloadActual   4: 1048576 op, 943260400.00 ns, 899.5632 ns/op
WorkloadActual   5: 1048576 op, 927691300.00 ns, 884.7154 ns/op
WorkloadActual   6: 1048576 op, 929265900.00 ns, 886.2170 ns/op
WorkloadActual   7: 1048576 op, 923917500.00 ns, 881.1164 ns/op
WorkloadActual   8: 1048576 op, 955334600.00 ns, 911.0781 ns/op
WorkloadActual   9: 1048576 op, 921541600.00 ns, 878.8506 ns/op
WorkloadActual  10: 1048576 op, 975048700.00 ns, 929.8789 ns/op
WorkloadActual  11: 1048576 op, 962325700.00 ns, 917.7453 ns/op
WorkloadActual  12: 1048576 op, 937971300.00 ns, 894.5191 ns/op
WorkloadActual  13: 1048576 op, 946269400.00 ns, 902.4328 ns/op
WorkloadActual  14: 1048576 op, 970318100.00 ns, 925.3675 ns/op
WorkloadActual  15: 1048576 op, 937630200.00 ns, 894.1938 ns/op
WorkloadActual  16: 1048576 op, 939439600.00 ns, 895.9194 ns/op

// AfterActualRun
WorkloadResult   1: 1048576 op, 919053800.00 ns, 876.4780 ns/op
WorkloadResult   2: 1048576 op, 925934200.00 ns, 883.0397 ns/op
WorkloadResult   3: 1048576 op, 951003700.00 ns, 906.9478 ns/op
WorkloadResult   4: 1048576 op, 940744900.00 ns, 897.1642 ns/op
WorkloadResult   5: 1048576 op, 925175800.00 ns, 882.3164 ns/op
WorkloadResult   6: 1048576 op, 926750400.00 ns, 883.8181 ns/op
WorkloadResult   7: 1048576 op, 921402000.00 ns, 878.7174 ns/op
WorkloadResult   8: 1048576 op, 952819100.00 ns, 908.6791 ns/op
WorkloadResult   9: 1048576 op, 919026100.00 ns, 876.4516 ns/op
WorkloadResult  10: 1048576 op, 972533200.00 ns, 927.4799 ns/op
WorkloadResult  11: 1048576 op, 959810200.00 ns, 915.3463 ns/op
WorkloadResult  12: 1048576 op, 935455800.00 ns, 892.1202 ns/op
WorkloadResult  13: 1048576 op, 943753900.00 ns, 900.0339 ns/op
WorkloadResult  14: 1048576 op, 967802600.00 ns, 922.9685 ns/op
WorkloadResult  15: 1048576 op, 935114700.00 ns, 891.7949 ns/op
WorkloadResult  16: 1048576 op, 936924100.00 ns, 893.5205 ns/op
// GC:  18 0 0 1031798848 1048576
// Threading:  0 0 1048576

// AfterAll
// Benchmark Process 33500 has exited with code 0.

Mean = 896.055 ns, StdErr = 4.080 ns (0.46%), N = 16, StdDev = 16.320 ns
Min = 876.452 ns, Q1 = 882.859 ns, Median = 892.820 ns, Q3 = 907.381 ns, Max = 927.480 ns
IQR = 24.522 ns, LowerFence = 846.076 ns, UpperFence = 944.163 ns
ConfidenceInterval = [879.438 ns; 912.672 ns] (CI 99.9%), Margin = 16.617 ns (1.85% of Mean)
Skewness = 0.49, Kurtosis = 1.89, MValue = 2

// ** Remained 2 (28.6%) benchmark(s) to run. Estimated finish 2026-06-02 19:53 (0h 0m from now) **
Setup power plan (GUID: 8c5e7fda-e8bf-4a96-9a85-a6e23a8c635c FriendlyName: High performance)
// **************************
// Benchmark: AcceptCallBenchmarks.NLog_TwelveProps: Job-FVBYXC(MaxIterationCount=16, MaxWarmupIterationCount=8)
// *** Execute ***
// Launch: 1 / 1
// Execute: dotnet 0fece5b0-e932-4ada-80c4-dd1a7df4698d.dll --anonymousPipes 15920 71204 --benchmarkName MMP.Herald.OSS.Benchmarks.Comparisons.NLogRow.AcceptCallBenchmarks.NLog_TwelveProps --job "MaxIterationCount=16, MaxWarmupIterationCount=8" --benchmarkId 5 in E:\dev\Herald.OSS\benchmarking\comparisons\net10\nlog\bin\Release\net10.0\0fece5b0-e932-4ada-80c4-dd1a7df4698d\bin\Release\net10.0
// BeforeAnythingElse

// Benchmark Process Environment Information:
// BenchmarkDotNet v0.14.0
// Runtime=.NET 10.0.8 (10.0.826.23019), X64 RyuJIT AVX2
// GC=Concurrent Server
// HardwareIntrinsics=AVX2,AES,BMI1,BMI2,FMA,LZCNT,PCLMUL,POPCNT,AvxVnni,SERIALIZE VectorSize=256
// Job: Job-LFLDPL(MaxIterationCount=16, MaxWarmupIterationCount=8)

OverheadJitting  1: 1 op, 346800.00 ns, 346.8000 us/op
WorkloadJitting  1: 1 op, 16716400.00 ns, 16.7164 ms/op

OverheadJitting  2: 16 op, 310300.00 ns, 19.3938 us/op
WorkloadJitting  2: 16 op, 745300.00 ns, 46.5813 us/op

WorkloadPilot    1: 16 op, 620400.00 ns, 38.7750 us/op
WorkloadPilot    2: 32 op, 323600.00 ns, 10.1125 us/op
WorkloadPilot    3: 64 op, 665800.00 ns, 10.4031 us/op
WorkloadPilot    4: 128 op, 1147600.00 ns, 8.9656 us/op
WorkloadPilot    5: 256 op, 2271600.00 ns, 8.8734 us/op
WorkloadPilot    6: 512 op, 5026300.00 ns, 9.8170 us/op
WorkloadPilot    7: 1024 op, 8835300.00 ns, 8.6282 us/op
WorkloadPilot    8: 2048 op, 18279600.00 ns, 8.9256 us/op
WorkloadPilot    9: 4096 op, 38926900.00 ns, 9.5036 us/op
WorkloadPilot   10: 8192 op, 69268000.00 ns, 8.4556 us/op
WorkloadPilot   11: 16384 op, 145233800.00 ns, 8.8644 us/op
WorkloadPilot   12: 32768 op, 264855000.00 ns, 8.0827 us/op
WorkloadPilot   13: 65536 op, 144895200.00 ns, 2.2109 us/op
WorkloadPilot   14: 131072 op, 181345200.00 ns, 1.3836 us/op
WorkloadPilot   15: 262144 op, 335459000.00 ns, 1.2797 us/op
WorkloadPilot   16: 524288 op, 697032400.00 ns, 1.3295 us/op

OverheadWarmup   1: 524288 op, 1466900.00 ns, 2.7979 ns/op
OverheadWarmup   2: 524288 op, 1726100.00 ns, 3.2923 ns/op
OverheadWarmup   3: 524288 op, 1760300.00 ns, 3.3575 ns/op
OverheadWarmup   4: 524288 op, 1756600.00 ns, 3.3504 ns/op
OverheadWarmup   5: 524288 op, 1428400.00 ns, 2.7245 ns/op
OverheadWarmup   6: 524288 op, 1743700.00 ns, 3.3258 ns/op
OverheadWarmup   7: 524288 op, 1504300.00 ns, 2.8692 ns/op

OverheadActual   1: 524288 op, 1732000.00 ns, 3.3035 ns/op
OverheadActual   2: 524288 op, 2066900.00 ns, 3.9423 ns/op
OverheadActual   3: 524288 op, 1792900.00 ns, 3.4197 ns/op
OverheadActual   4: 524288 op, 1717700.00 ns, 3.2763 ns/op
OverheadActual   5: 524288 op, 1449000.00 ns, 2.7637 ns/op
OverheadActual   6: 524288 op, 1682100.00 ns, 3.2084 ns/op
OverheadActual   7: 524288 op, 2392100.00 ns, 4.5626 ns/op
OverheadActual   8: 524288 op, 3303800.00 ns, 6.3015 ns/op
OverheadActual   9: 524288 op, 1769600.00 ns, 3.3752 ns/op
OverheadActual  10: 524288 op, 2046300.00 ns, 3.9030 ns/op
OverheadActual  11: 524288 op, 2077900.00 ns, 3.9633 ns/op
OverheadActual  12: 524288 op, 1531400.00 ns, 2.9209 ns/op
OverheadActual  13: 524288 op, 1683600.00 ns, 3.2112 ns/op
OverheadActual  14: 524288 op, 2096100.00 ns, 3.9980 ns/op
OverheadActual  15: 524288 op, 1579800.00 ns, 3.0132 ns/op
OverheadActual  16: 524288 op, 2042800.00 ns, 3.8963 ns/op

WorkloadWarmup   1: 524288 op, 755821700.00 ns, 1.4416 us/op
WorkloadWarmup   2: 524288 op, 724272900.00 ns, 1.3814 us/op
WorkloadWarmup   3: 524288 op, 699089400.00 ns, 1.3334 us/op
WorkloadWarmup   4: 524288 op, 717644800.00 ns, 1.3688 us/op
WorkloadWarmup   5: 524288 op, 707867300.00 ns, 1.3501 us/op
WorkloadWarmup   6: 524288 op, 706587200.00 ns, 1.3477 us/op
WorkloadWarmup   7: 524288 op, 712165000.00 ns, 1.3583 us/op
WorkloadWarmup   8: 524288 op, 706221200.00 ns, 1.3470 us/op

// BeforeActualRun
WorkloadActual   1: 524288 op, 699490300.00 ns, 1.3342 us/op
WorkloadActual   2: 524288 op, 732272600.00 ns, 1.3967 us/op
WorkloadActual   3: 524288 op, 728161000.00 ns, 1.3889 us/op
WorkloadActual   4: 524288 op, 710915100.00 ns, 1.3560 us/op
WorkloadActual   5: 524288 op, 725049600.00 ns, 1.3829 us/op
WorkloadActual   6: 524288 op, 747429400.00 ns, 1.4256 us/op
WorkloadActual   7: 524288 op, 687005500.00 ns, 1.3104 us/op
WorkloadActual   8: 524288 op, 705505900.00 ns, 1.3456 us/op
WorkloadActual   9: 524288 op, 698516900.00 ns, 1.3323 us/op
WorkloadActual  10: 524288 op, 720153500.00 ns, 1.3736 us/op
WorkloadActual  11: 524288 op, 707869600.00 ns, 1.3502 us/op
WorkloadActual  12: 524288 op, 700834900.00 ns, 1.3367 us/op
WorkloadActual  13: 524288 op, 696401500.00 ns, 1.3283 us/op
WorkloadActual  14: 524288 op, 716568400.00 ns, 1.3667 us/op
WorkloadActual  15: 524288 op, 711522500.00 ns, 1.3571 us/op
WorkloadActual  16: 524288 op, 692956100.00 ns, 1.3217 us/op

// AfterActualRun
WorkloadResult   1: 524288 op, 697709050.00 ns, 1.3308 us/op
WorkloadResult   2: 524288 op, 730491350.00 ns, 1.3933 us/op
WorkloadResult   3: 524288 op, 726379750.00 ns, 1.3855 us/op
WorkloadResult   4: 524288 op, 709133850.00 ns, 1.3526 us/op
WorkloadResult   5: 524288 op, 723268350.00 ns, 1.3795 us/op
WorkloadResult   6: 524288 op, 745648150.00 ns, 1.4222 us/op
WorkloadResult   7: 524288 op, 685224250.00 ns, 1.3070 us/op
WorkloadResult   8: 524288 op, 703724650.00 ns, 1.3422 us/op
WorkloadResult   9: 524288 op, 696735650.00 ns, 1.3289 us/op
WorkloadResult  10: 524288 op, 718372250.00 ns, 1.3702 us/op
WorkloadResult  11: 524288 op, 706088350.00 ns, 1.3468 us/op
WorkloadResult  12: 524288 op, 699053650.00 ns, 1.3333 us/op
WorkloadResult  13: 524288 op, 694620250.00 ns, 1.3249 us/op
WorkloadResult  14: 524288 op, 714787150.00 ns, 1.3633 us/op
WorkloadResult  15: 524288 op, 709741250.00 ns, 1.3537 us/op
WorkloadResult  16: 524288 op, 691174850.00 ns, 1.3183 us/op
// GC:  33 1 1 0 524288
// Threading:  0 0 524288

// AfterAll
// Benchmark Process 20356 has exited with code 0.

Mean = 1.353 μs, StdErr = 0.008 μs (0.57%), N = 16, StdDev = 0.031 μs
Min = 1.307 μs, Q1 = 1.330 μs, Median = 1.350 μs, Q3 = 1.373 μs, Max = 1.422 μs
IQR = 0.042 μs, LowerFence = 1.267 μs, UpperFence = 1.436 μs
ConfidenceInterval = [1.322 μs; 1.385 μs] (CI 99.9%), Margin = 0.031 μs (2.32% of Mean)
Skewness = 0.53, Kurtosis = 2.36, MValue = 2

// ** Remained 1 (14.3%) benchmark(s) to run. Estimated finish 2026-06-02 19:53 (0h 0m from now) **
Setup power plan (GUID: 8c5e7fda-e8bf-4a96-9a85-a6e23a8c635c FriendlyName: High performance)
// **************************
// Benchmark: AcceptCallBenchmarks.NLog_SixteenProps: Job-FVBYXC(MaxIterationCount=16, MaxWarmupIterationCount=8)
// *** Execute ***
// Launch: 1 / 1
// Execute: dotnet 0fece5b0-e932-4ada-80c4-dd1a7df4698d.dll --anonymousPipes 71204 15920 --benchmarkName MMP.Herald.OSS.Benchmarks.Comparisons.NLogRow.AcceptCallBenchmarks.NLog_SixteenProps --job "MaxIterationCount=16, MaxWarmupIterationCount=8" --benchmarkId 6 in E:\dev\Herald.OSS\benchmarking\comparisons\net10\nlog\bin\Release\net10.0\0fece5b0-e932-4ada-80c4-dd1a7df4698d\bin\Release\net10.0
// BeforeAnythingElse

// Benchmark Process Environment Information:
// BenchmarkDotNet v0.14.0
// Runtime=.NET 10.0.8 (10.0.826.23019), X64 RyuJIT AVX2
// GC=Concurrent Server
// HardwareIntrinsics=AVX2,AES,BMI1,BMI2,FMA,LZCNT,PCLMUL,POPCNT,AvxVnni,SERIALIZE VectorSize=256
// Job: Job-CGMAJP(MaxIterationCount=16, MaxWarmupIterationCount=8)

OverheadJitting  1: 1 op, 328500.00 ns, 328.5000 us/op
WorkloadJitting  1: 1 op, 18882000.00 ns, 18.8820 ms/op

OverheadJitting  2: 16 op, 334900.00 ns, 20.9313 us/op
WorkloadJitting  2: 16 op, 776600.00 ns, 48.5375 us/op

WorkloadPilot    1: 16 op, 428600.00 ns, 26.7875 us/op
WorkloadPilot    2: 32 op, 420500.00 ns, 13.1406 us/op
WorkloadPilot    3: 64 op, 779000.00 ns, 12.1719 us/op
WorkloadPilot    4: 128 op, 1540400.00 ns, 12.0344 us/op
WorkloadPilot    5: 256 op, 2881200.00 ns, 11.2547 us/op
WorkloadPilot    6: 512 op, 6630900.00 ns, 12.9510 us/op
WorkloadPilot    7: 1024 op, 13705200.00 ns, 13.3840 us/op
WorkloadPilot    8: 2048 op, 25196600.00 ns, 12.3030 us/op
WorkloadPilot    9: 4096 op, 48550600.00 ns, 11.8532 us/op
WorkloadPilot   10: 8192 op, 91057900.00 ns, 11.1155 us/op
WorkloadPilot   11: 16384 op, 173344900.00 ns, 10.5801 us/op
WorkloadPilot   12: 32768 op, 404989700.00 ns, 12.3593 us/op
WorkloadPilot   13: 65536 op, 174677500.00 ns, 2.6654 us/op
WorkloadPilot   14: 131072 op, 238039500.00 ns, 1.8161 us/op
WorkloadPilot   15: 262144 op, 473717200.00 ns, 1.8071 us/op
WorkloadPilot   16: 524288 op, 902923900.00 ns, 1.7222 us/op

OverheadWarmup   1: 524288 op, 1259400.00 ns, 2.4021 ns/op
OverheadWarmup   2: 524288 op, 1260400.00 ns, 2.4040 ns/op
OverheadWarmup   3: 524288 op, 1289400.00 ns, 2.4593 ns/op
OverheadWarmup   4: 524288 op, 1248000.00 ns, 2.3804 ns/op
OverheadWarmup   5: 524288 op, 1281500.00 ns, 2.4443 ns/op
OverheadWarmup   6: 524288 op, 1219200.00 ns, 2.3254 ns/op

OverheadActual   1: 524288 op, 1297100.00 ns, 2.4740 ns/op
OverheadActual   2: 524288 op, 1273500.00 ns, 2.4290 ns/op
OverheadActual   3: 524288 op, 1231900.00 ns, 2.3497 ns/op
OverheadActual   4: 524288 op, 1271500.00 ns, 2.4252 ns/op
OverheadActual   5: 524288 op, 1265100.00 ns, 2.4130 ns/op
OverheadActual   6: 524288 op, 1283800.00 ns, 2.4487 ns/op
OverheadActual   7: 524288 op, 1286100.00 ns, 2.4530 ns/op
OverheadActual   8: 524288 op, 1248600.00 ns, 2.3815 ns/op
OverheadActual   9: 524288 op, 1292800.00 ns, 2.4658 ns/op
OverheadActual  10: 524288 op, 1274300.00 ns, 2.4305 ns/op
OverheadActual  11: 524288 op, 1305300.00 ns, 2.4897 ns/op
OverheadActual  12: 524288 op, 1283100.00 ns, 2.4473 ns/op
OverheadActual  13: 524288 op, 1268900.00 ns, 2.4202 ns/op
OverheadActual  14: 524288 op, 1277700.00 ns, 2.4370 ns/op
OverheadActual  15: 524288 op, 1271900.00 ns, 2.4260 ns/op

WorkloadWarmup   1: 524288 op, 928695500.00 ns, 1.7713 us/op
WorkloadWarmup   2: 524288 op, 888539900.00 ns, 1.6948 us/op
WorkloadWarmup   3: 524288 op, 917777000.00 ns, 1.7505 us/op
WorkloadWarmup   4: 524288 op, 892552900.00 ns, 1.7024 us/op
WorkloadWarmup   5: 524288 op, 898797100.00 ns, 1.7143 us/op
WorkloadWarmup   6: 524288 op, 902436900.00 ns, 1.7213 us/op
WorkloadWarmup   7: 524288 op, 904099200.00 ns, 1.7244 us/op
WorkloadWarmup   8: 524288 op, 910325500.00 ns, 1.7363 us/op

// BeforeActualRun
WorkloadActual   1: 524288 op, 912771800.00 ns, 1.7410 us/op
WorkloadActual   2: 524288 op, 909717700.00 ns, 1.7351 us/op
WorkloadActual   3: 524288 op, 894426000.00 ns, 1.7060 us/op
WorkloadActual   4: 524288 op, 908983200.00 ns, 1.7337 us/op
WorkloadActual   5: 524288 op, 891206800.00 ns, 1.6998 us/op
WorkloadActual   6: 524288 op, 920458600.00 ns, 1.7556 us/op
WorkloadActual   7: 524288 op, 911074600.00 ns, 1.7377 us/op
WorkloadActual   8: 524288 op, 903513800.00 ns, 1.7233 us/op
WorkloadActual   9: 524288 op, 907308800.00 ns, 1.7306 us/op
WorkloadActual  10: 524288 op, 913190500.00 ns, 1.7418 us/op
WorkloadActual  11: 524288 op, 919961900.00 ns, 1.7547 us/op
WorkloadActual  12: 524288 op, 904434500.00 ns, 1.7251 us/op
WorkloadActual  13: 524288 op, 889601500.00 ns, 1.6968 us/op
WorkloadActual  14: 524288 op, 902857700.00 ns, 1.7221 us/op
WorkloadActual  15: 524288 op, 908546800.00 ns, 1.7329 us/op

// AfterActualRun
WorkloadResult   1: 524288 op, 911497500.00 ns, 1.7385 us/op
WorkloadResult   2: 524288 op, 908443400.00 ns, 1.7327 us/op
WorkloadResult   3: 524288 op, 893151700.00 ns, 1.7036 us/op
WorkloadResult   4: 524288 op, 907708900.00 ns, 1.7313 us/op
WorkloadResult   5: 524288 op, 889932500.00 ns, 1.6974 us/op
WorkloadResult   6: 524288 op, 919184300.00 ns, 1.7532 us/op
WorkloadResult   7: 524288 op, 909800300.00 ns, 1.7353 us/op
WorkloadResult   8: 524288 op, 902239500.00 ns, 1.7209 us/op
WorkloadResult   9: 524288 op, 906034500.00 ns, 1.7281 us/op
WorkloadResult  10: 524288 op, 911916200.00 ns, 1.7393 us/op
WorkloadResult  11: 524288 op, 918687600.00 ns, 1.7523 us/op
WorkloadResult  12: 524288 op, 903160200.00 ns, 1.7226 us/op
WorkloadResult  13: 524288 op, 888327200.00 ns, 1.6943 us/op
WorkloadResult  14: 524288 op, 901583400.00 ns, 1.7196 us/op
WorkloadResult  15: 524288 op, 907272500.00 ns, 1.7305 us/op
// GC:  22 0 0 1300234304 524288
// Threading:  0 0 524288

// AfterAll
// Benchmark Process 87328 has exited with code 0.

Mean = 1.727 μs, StdErr = 0.005 μs (0.26%), N = 15, StdDev = 0.018 μs
Min = 1.694 μs, Q1 = 1.720 μs, Median = 1.730 μs, Q3 = 1.737 μs, Max = 1.753 μs
IQR = 0.017 μs, LowerFence = 1.695 μs, UpperFence = 1.762 μs
ConfidenceInterval = [1.708 μs; 1.745 μs] (CI 99.9%), Margin = 0.019 μs (1.09% of Mean)
Skewness = -0.38, Kurtosis = 2.14, MValue = 2

// ** Remained 0 (0.0%) benchmark(s) to run. Estimated finish 2026-06-02 19:53 (0h 0m from now) **
Successfully reverted power plan (GUID: 8c5e7fda-e8bf-4a96-9a85-a6e23a8c635c FriendlyName: High performance)
// ***** BenchmarkRunner: Finish  *****

// * Export *
  docs\benchmarks\runs\run-2026-06-03T00-38Z\net10-nlog\results\MMP.Herald.OSS.Benchmarks.Comparisons.NLogRow.AcceptCallBenchmarks-report.csv
  docs\benchmarks\runs\run-2026-06-03T00-38Z\net10-nlog\results\MMP.Herald.OSS.Benchmarks.Comparisons.NLogRow.AcceptCallBenchmarks-report-github.md
  docs\benchmarks\runs\run-2026-06-03T00-38Z\net10-nlog\results\MMP.Herald.OSS.Benchmarks.Comparisons.NLogRow.AcceptCallBenchmarks-report.html

// * Detailed results *
AcceptCallBenchmarks.NLog_ZeroProps: Job-FVBYXC(MaxIterationCount=16, MaxWarmupIterationCount=8)
Runtime = .NET 10.0.8 (10.0.826.23019), X64 RyuJIT AVX2; GC = Concurrent Server
Mean = 44.687 ns, StdErr = 0.341 ns (0.76%), N = 15, StdDev = 1.321 ns
Min = 41.449 ns, Q1 = 43.883 ns, Median = 44.732 ns, Q3 = 45.478 ns, Max = 46.648 ns
IQR = 1.594 ns, LowerFence = 41.492 ns, UpperFence = 47.869 ns
ConfidenceInterval = [43.275 ns; 46.099 ns] (CI 99.9%), Margin = 1.412 ns (3.16% of Mean)
Skewness = -0.7, Kurtosis = 3.04, MValue = 2
-------------------- Histogram --------------------
[40.746 ns ; 42.152 ns) | @
[42.152 ns ; 42.984 ns) | 
[42.984 ns ; 44.289 ns) | @@@@
[44.289 ns ; 45.695 ns) | @@@@@@@
[45.695 ns ; 47.351 ns) | @@@
---------------------------------------------------

AcceptCallBenchmarks.NLog_OneProp: Job-FVBYXC(MaxIterationCount=16, MaxWarmupIterationCount=8)
Runtime = .NET 10.0.8 (10.0.826.23019), X64 RyuJIT AVX2; GC = Concurrent Server
Mean = 60.346 ns, StdErr = 0.612 ns (1.01%), N = 16, StdDev = 2.449 ns
Min = 56.082 ns, Q1 = 58.235 ns, Median = 61.241 ns, Q3 = 62.201 ns, Max = 63.236 ns
IQR = 3.965 ns, LowerFence = 52.287 ns, UpperFence = 68.149 ns
ConfidenceInterval = [57.853 ns; 62.840 ns] (CI 99.9%), Margin = 2.493 ns (4.13% of Mean)
Skewness = -0.46, Kurtosis = 1.61, MValue = 2.67
-------------------- Histogram --------------------
[56.024 ns ; 58.575 ns) | @@@@@
[58.575 ns ; 60.946 ns) | @@
[60.946 ns ; 63.497 ns) | @@@@@@@@@
---------------------------------------------------

AcceptCallBenchmarks.NLog_TwoProps: Job-FVBYXC(MaxIterationCount=16, MaxWarmupIterationCount=8)
Runtime = .NET 10.0.8 (10.0.826.23019), X64 RyuJIT AVX2; GC = Concurrent Server
Mean = 62.764 ns, StdErr = 0.415 ns (0.66%), N = 15, StdDev = 1.608 ns
Min = 59.522 ns, Q1 = 61.926 ns, Median = 63.366 ns, Q3 = 63.737 ns, Max = 65.552 ns
IQR = 1.811 ns, LowerFence = 59.209 ns, UpperFence = 66.454 ns
ConfidenceInterval = [61.045 ns; 64.483 ns] (CI 99.9%), Margin = 1.719 ns (2.74% of Mean)
Skewness = -0.39, Kurtosis = 2.21, MValue = 2
-------------------- Histogram --------------------
[58.666 ns ; 60.242 ns) | @
[60.242 ns ; 62.219 ns) | @@@
[62.219 ns ; 63.931 ns) | @@@@@@@@@
[63.931 ns ; 65.786 ns) | @@
---------------------------------------------------

AcceptCallBenchmarks.NLog_FourProps: Job-FVBYXC(MaxIterationCount=16, MaxWarmupIterationCount=8)
Runtime = .NET 10.0.8 (10.0.826.23019), X64 RyuJIT AVX2; GC = Concurrent Server
Mean = 88.001 ns, StdErr = 0.708 ns (0.80%), N = 16, StdDev = 2.833 ns
Min = 83.365 ns, Q1 = 85.816 ns, Median = 88.351 ns, Q3 = 89.614 ns, Max = 93.126 ns
IQR = 3.797 ns, LowerFence = 80.120 ns, UpperFence = 95.310 ns
ConfidenceInterval = [85.117 ns; 90.886 ns] (CI 99.9%), Margin = 2.884 ns (3.28% of Mean)
Skewness = 0.09, Kurtosis = 1.84, MValue = 2
-------------------- Histogram --------------------
[83.217 ns ; 87.596 ns) | @@@@@@@
[87.596 ns ; 91.226 ns) | @@@@@@@
[91.226 ns ; 94.601 ns) | @@
---------------------------------------------------

AcceptCallBenchmarks.NLog_EightProps: Job-FVBYXC(MaxIterationCount=16, MaxWarmupIterationCount=8)
Runtime = .NET 10.0.8 (10.0.826.23019), X64 RyuJIT AVX2; GC = Concurrent Server
Mean = 896.055 ns, StdErr = 4.080 ns (0.46%), N = 16, StdDev = 16.320 ns
Min = 876.452 ns, Q1 = 882.859 ns, Median = 892.820 ns, Q3 = 907.381 ns, Max = 927.480 ns
IQR = 24.522 ns, LowerFence = 846.076 ns, UpperFence = 944.163 ns
ConfidenceInterval = [879.438 ns; 912.672 ns] (CI 99.9%), Margin = 16.617 ns (1.85% of Mean)
Skewness = 0.49, Kurtosis = 1.89, MValue = 2
-------------------- Histogram --------------------
[875.443 ns ; 910.111 ns) | @@@@@@@@@@@@@
[910.111 ns ; 930.627 ns) | @@@
---------------------------------------------------

AcceptCallBenchmarks.NLog_TwelveProps: Job-FVBYXC(MaxIterationCount=16, MaxWarmupIterationCount=8)
Runtime = .NET 10.0.8 (10.0.826.23019), X64 RyuJIT AVX2; GC = Concurrent Server
Mean = 1.353 μs, StdErr = 0.008 μs (0.57%), N = 16, StdDev = 0.031 μs
Min = 1.307 μs, Q1 = 1.330 μs, Median = 1.350 μs, Q3 = 1.373 μs, Max = 1.422 μs
IQR = 0.042 μs, LowerFence = 1.267 μs, UpperFence = 1.436 μs
ConfidenceInterval = [1.322 μs; 1.385 μs] (CI 99.9%), Margin = 0.031 μs (2.32% of Mean)
Skewness = 0.53, Kurtosis = 2.36, MValue = 2
-------------------- Histogram --------------------
[1.291 μs ; 1.323 μs) | @@
[1.323 μs ; 1.355 μs) | @@@@@@@@
[1.355 μs ; 1.394 μs) | @@@@@
[1.394 μs ; 1.438 μs) | @
---------------------------------------------------

AcceptCallBenchmarks.NLog_SixteenProps: Job-FVBYXC(MaxIterationCount=16, MaxWarmupIterationCount=8)
Runtime = .NET 10.0.8 (10.0.826.23019), X64 RyuJIT AVX2; GC = Concurrent Server
Mean = 1.727 μs, StdErr = 0.005 μs (0.26%), N = 15, StdDev = 0.018 μs
Min = 1.694 μs, Q1 = 1.720 μs, Median = 1.730 μs, Q3 = 1.737 μs, Max = 1.753 μs
IQR = 0.017 μs, LowerFence = 1.695 μs, UpperFence = 1.762 μs
ConfidenceInterval = [1.708 μs; 1.745 μs] (CI 99.9%), Margin = 0.019 μs (1.09% of Mean)
Skewness = -0.38, Kurtosis = 2.14, MValue = 2
-------------------- Histogram --------------------
[1.685 μs ; 1.763 μs) | @@@@@@@@@@@@@@@
---------------------------------------------------

// * Summary *

BenchmarkDotNet v0.14.0, Windows 11 (10.0.26200.8457)
12th Gen Intel Core i9-12900K, 1 CPU, 24 logical and 16 physical cores
.NET SDK 10.0.204
  [Host]     : .NET 10.0.8 (10.0.826.23019), X64 RyuJIT AVX2
  Job-FVBYXC : .NET 10.0.8 (10.0.826.23019), X64 RyuJIT AVX2

MaxIterationCount=16  MaxWarmupIterationCount=8  

| Method            | Mean        | Error     | StdDev    | Gen0   | Gen1   | Gen2   | Allocated |
|------------------ |------------:|----------:|----------:|-------:|-------:|-------:|----------:|
| NLog_ZeroProps    |    44.69 ns |  1.412 ns |  1.321 ns | 0.0021 |      - |      - |     120 B |
| NLog_OneProp      |    60.35 ns |  2.493 ns |  2.449 ns | 0.0040 |      - |      - |     176 B |
| NLog_TwoProps     |    62.76 ns |  1.719 ns |  1.608 ns | 0.0032 |      - |      - |         - |
| NLog_FourProps    |    88.00 ns |  2.884 ns |  2.833 ns | 0.0064 | 0.0001 | 0.0001 |         - |
| NLog_EightProps   |   896.05 ns | 16.617 ns | 16.320 ns | 0.0172 |      - |      - |     984 B |
| NLog_TwelveProps  | 1,353.28 ns | 31.440 ns | 30.878 ns | 0.0629 | 0.0019 | 0.0019 |         - |
| NLog_SixteenProps | 1,726.65 ns | 18.832 ns | 17.615 ns | 0.0420 |      - |      - |    2480 B |

// * Hints *
Outliers
  AcceptCallBenchmarks.NLog_ZeroProps: MaxIterationCount=16, MaxWarmupIterationCount=8    -> 1 outlier  was  removed (50.54 ns)
  AcceptCallBenchmarks.NLog_TwoProps: MaxIterationCount=16, MaxWarmupIterationCount=8     -> 1 outlier  was  removed, 2 outliers were detected (61.80 ns, 72.25 ns)
  AcceptCallBenchmarks.NLog_SixteenProps: MaxIterationCount=16, MaxWarmupIterationCount=8 -> 1 outlier  was  detected (1.70 μs)

// * Legends *
  Mean      : Arithmetic mean of all measurements
  Error     : Half of 99.9% confidence interval
  StdDev    : Standard deviation of all measurements
  Gen0      : GC Generation 0 collects per 1000 operations
  Gen1      : GC Generation 1 collects per 1000 operations
  Gen2      : GC Generation 2 collects per 1000 operations
  Allocated : Allocated memory per single operation (managed only, inclusive, 1KB = 1024B)
  1 ns      : 1 Nanosecond (0.000000001 sec)

// * Diagnostic Output - MemoryDiagnoser *


// ***** BenchmarkRunner: End *****
Run time: 00:02:44 (164.26 sec), executed benchmarks: 7

Global total time: 00:03:12 (192.29 sec), executed benchmarks: 7
// * Artifacts cleanup *
Artifacts cleanup is finished
